138:## 8. 代码可读性门禁
139-
140-本节是每个开发切片的工程质量退出条件，不把原有TST-F/A/I/P产品验收误记为已通过。
141-
142-| 门禁 | 必须提供的证据 | 失败处理 |
143-|---|---|---|
144:| QG-01 自动格式 | `python3 tools/check_cpp_format.py`通过；手写C++文件使用同一`.clang-format`，且`git diff --check`通过 | 格式差异、缺少指定版本工具或空白错误均阻止完成 |
145:| QG-02 可理解的代码 | 审查记录说明本切片的入口→业务状态→外部适配路径、主要不变量、错误处理和测试；审查者能定位权威状态与副作用 | 命名含糊、职责混杂、重复规则、压缩表达或无依据的复杂性作为阻塞项修复；记录具体文件与结论 |
146:| QG-03 行为保持 | 对格式/整理前后的同一相关测试集留存结果；编译警告、生成契约/能力摘要与核心/IPC回归均按受影响范围检查 | 回归失败时不能仅称为“格式改动”，需修复或回退；未执行的环境验证仍列为未完成 |
147-
148-自动格式不衡量架构质量，也不要求将每个逻辑模块拆成独立库。人工审查不以固定行数替代职责判断；有争议时给出具体调用链和维护成本。未来新增代码与现有代码适用同一格式规则，不设置存量豁免。
149-
150-## M2/M3阶段证据边界
151-
152-[M2/M3实现记录](../implementation/m2-m3.md)覆盖持久工作库、差量历史、工程保存/另存/明确恢复与放弃、宿主幂等、路径/inode锁、类型条件查询、选择句柄及真实Qt/VTK工作区。旧M0/M1回归继续执行。具体故障、协议和桌面测试以验证记录为准。
153-
154-TST-F06、TST-A04—06、TST-I04—05/I09已有确定性的核心/存储/真实引擎证据，但这些证据不包含真实AI会话。TST-F01/F03、TST-A07/A12已有受控小模型GUI与接口证据；完整事件订阅、布局恢复、批量数据通道、无界面遮挡选择和分档性能仍未完成，因此不把M3或完整P0的全部退出条件标为通过。该阶段尚无后台任务；后续C2已增加持久线网格任务，仍不能将其关闭/恢复证据扩展解释为在途外部求解进程的恢复。
155-
156-## 工程化骨架重构验收
157-
158-用户已同意平台骨架与Archer架构对齐方案。重构阶段采用[SK-01—14检查点](skeleton-acceptance.md)作为完成合同；原P0产品标准继续有效，不能用骨架验收代替真实求解、AI或全部产品验收。C1/C2已有阶段证据，完整SK检查点尚未逐项验收通过。
159-
160-## C1/C2当前证据边界
161-
162-[C2验证记录](../engineering/c2-validation.md)登记记录事务与历史、6份旧夹具迁移、真实SQLite工作库中的CLI/脚本流程6/6、网格任务成功/取消/过期30/30，以及完整Release回归36/36、纯核心25/25和公共头消费者42/42。这些为已归档的阶段运行结果；本次文档同步没有重新执行产品测试。
163-
164-新增几何/网格工具尚无GUI入口；生产实体查询仍有旧投影分支，操作版本/Profile与静态贡献装配仍需补强，见[扩展审查](../engineering/extensibility-audit-c2.md)。后续按[接续计划](development-plan.md#c2之后的接续计划)推进，不据此将SK-04、SK-13或任何完整P0项自动标为通过。
165-
166-## C3首个显示交互切片证据边界
167-
168-[C3切片记录](../engineering/c3-display-validation.md)补充GeometryLine显示/稳定ID拾取、建线预览/提交和网格任务桌面入口，以及真实引擎的共享历史、保存重开同步证据。NEXT-01—03已修复上节列出的查询与契约/装配缺口；上节为C2历史状态。本次只覆盖TST-F01/F03/F06、TST-A07/A12及SK-04/10/12的相关子集；分块资源、事件重同步、增量显示、容量性能及完整SK/P0仍待验收。
169-
170-## C3资源、同步与局部显示续片证据边界
