{
  "first_disk_byte_entries": [
    {
      "name": "core-regenerate-final",
      "disk_utf8_bytes": 1769,
      "delivered_utf8_bytes": 1769,
      "delivery_range": "complete"
    },
    {
      "name": "freeze-test-setup",
      "disk_utf8_bytes": 5614,
      "delivered_utf8_bytes": 5614,
      "delivery_range": "complete"
    },
    {
      "name": "freeze-test-tail",
      "disk_utf8_bytes": 2195,
      "delivered_utf8_bytes": 2195,
      "delivery_range": "complete"
    },
    {
      "name": "core-final-tests",
      "disk_utf8_bytes": 4718,
      "delivered_utf8_bytes": 4718,
      "delivery_range": "complete"
    },
    {
      "name": "ext01-production-ipc",
      "disk_utf8_bytes": 134,
      "delivered_utf8_bytes": 134,
      "delivery_range": "complete"
    },
    {
      "name": "freeze-contract-diagnostic",
      "disk_utf8_bytes": 3148,
      "delivered_utf8_bytes": 3148,
      "delivery_range": "complete"
    }
  ],
  "legacy_count": 65
}
