[0/2] Re-checking globbed directories...
[1/33] Generating ../../generated/qcae/operations.hpp
[2/33] Generating ../../generated/qcae/operation_inputs.hpp
[3/33] Building CXX object modules/document/CMakeFiles/qcae_document.dir/src/model.cpp.o
[4/33] Building CXX object modules/document/CMakeFiles/qcae_document.dir/src/model_delta.cpp.o
[5/33] Building CXX object modules/document/CMakeFiles/qcae_document.dir/src/state_codec.cpp.o
[6/33] Building CXX object modules/document/CMakeFiles/qcae_document.dir/src/record_registry.cpp.o
[7/33] Building CXX object modules/document/CMakeFiles/qcae_document.dir/src/edit_session.cpp.o
[8/33] Building CXX object modules/document/CMakeFiles/qcae_document.dir/src/document_view.cpp.o
[9/33] Building CXX object modules/document/CMakeFiles/qcae_document.dir/src/record_model_bridge.cpp.o
[10/33] Building CXX object modules/document/CMakeFiles/qcae_document.dir/src/records_rules.cpp.o
[11/33] Linking CXX static library modules/document/libqcae_document.a
[12/33] Building CXX object modules/application/CMakeFiles/qcae_application.dir/src/core.cpp.o
[13/33] Building CXX object modules/parameters/CMakeFiles/qcae_parameters.dir/src/quantities.cpp.o
[14/33] Building CXX object modules/application/CMakeFiles/qcae_application.dir/src/application_state.cpp.o
[15/33] Building CXX object modules/operations/CMakeFiles/qcae_operations.dir/src/canonical_value.cpp.o
[16/33] Building CXX object modules/operations/CMakeFiles/qcae_operations.dir/src/change_receipt_value.cpp.o
[17/33] Building CXX object modules/operations/CMakeFiles/qcae_operations.dir/src/operation_registry.cpp.o
[18/33] Linking CXX static library modules/application/libqcae_application.a
[19/33] Building CXX object features/legacy_api/CMakeFiles/qcae_legacy_api.dir/src/legacy_state.cpp.o
[20/33] Building CXX object features/legacy_api/CMakeFiles/qcae_legacy_api.dir/src/core.cpp.o
[21/33] Linking CXX static library modules/parameters/libqcae_parameters.a
[22/33] Linking CXX static library modules/operations/libqcae_operations.a
[23/33] Building CXX object features/legacy_api/CMakeFiles/qcae_legacy_api.dir/src/legacy_migration.cpp.o
[24/33] Building CXX object features/materials/CMakeFiles/qcae_material_features.dir/src/material_operations.cpp.o
[25/33] Building CXX object features/mesh_editing/CMakeFiles/qcae_mesh_editing.dir/src/mesh_editing_operations.cpp.o
[26/33] Building CXX object CMakeFiles/qcae_model_operation_tests.dir/tests/model_operation_tests.cpp.o
[27/33] Linking CXX static library features/legacy_api/libqcae_legacy_api.a
[28/33] Linking CXX static library features/materials/libqcae_material_features.a
[29/33] Linking CXX static library features/mesh_editing/libqcae_mesh_editing.a
[30/33] Linking CXX executable qcae_model_operation_tests
[31/33] Building CXX object modules/document/CMakeFiles/qcae_record_document_tests.dir/__/__/tests/record_document_tests.cpp.o
[32/33] Linking CXX executable qcae_record_document_tests
