[
  {
    "name": "manifest-selected",
    "kind": "subsequent",
    "disk_utf8_bytes": null,
    "delivered_utf8_bytes": 125760,
    "delivered_complete_output": true,
    "exit_code": 0
  },
  {
    "name": "manifest-env",
    "kind": "subsequent",
    "disk_utf8_bytes": null,
    "delivered_utf8_bytes": 52923,
    "delivered_complete_output": true,
    "exit_code": 0
  },
  {
    "name": "entity-generator-read",
    "kind": "search",
    "disk_utf8_bytes": null,
    "delivered_utf8_bytes": 15240,
    "delivered_complete_output": true,
    "exit_code": 0
  },
  {
    "name": "local-build",
    "kind": "build",
    "disk_utf8_bytes": null,
    "delivered_utf8_bytes": 21279,
    "delivered_complete_output": true,
    "exit_code": 0
  },
  {
    "name": "consumers-build",
    "kind": "build",
    "disk_utf8_bytes": null,
    "delivered_utf8_bytes": 17425,
    "delivered_complete_output": true,
    "exit_code": 0
  },
  {
    "name": "delivery-schema-tests-review",
    "kind": "read",
    "disk_utf8_bytes": 16560,
    "delivered_utf8_bytes": 16079,
    "delivered_complete_output": false,
    "exit_code": 0
  },
  {
    "name": "delivery-acceptance-review",
    "kind": "read",
    "disk_utf8_bytes": 16538,
    "delivered_utf8_bytes": 16078,
    "delivered_complete_output": false,
    "exit_code": 0
  }
]
