[0/2] Re-checking globbed directories...
[1/20] Generating ../../generated/qcae/operation_inputs.hpp
[2/20] Building CXX object features/analysis/CMakeFiles/qcae_analysis_features.dir/src/analysis_checks.cpp.o
[3/20] Building CXX object features/analysis/CMakeFiles/qcae_analysis_features.dir/src/analysis_operations.cpp.o
[4/20] Building CXX object features/analysis/CMakeFiles/qcae_analysis_features.dir/src/cantilever_checks.cpp.o
[5/20] Building CXX object features/analysis/CMakeFiles/qcae_analysis_features.dir/src/check_report.cpp.o
[6/20] Building CXX object features/materials/CMakeFiles/qcae_material_features.dir/src/material_operations.cpp.o
[7/20] Linking CXX static library features/analysis/libqcae_analysis_features.a
[8/20] Building CXX object features/mesh_editing/CMakeFiles/qcae_mesh_editing.dir/src/mesh_editing_operations.cpp.o
[9/20] Building CXX object CMakeFiles/qcae_operation_registry_tests.dir/tests/operation_registry_tests.cpp.o
[10/20] Linking CXX static library features/materials/libqcae_material_features.a
[11/20] Linking CXX static library features/mesh_editing/libqcae_mesh_editing.a
[12/20] Building CXX object CMakeFiles/qcae_model_operation_tests.dir/tests/model_operation_tests.cpp.o
[13/20] Building CXX object features/analysis/CMakeFiles/qcae_analysis_check_tests.dir/__/__/tests/analysis_check_tests.cpp.o
[14/20] Linking CXX executable qcae_operation_registry_tests
[15/20] Linking CXX executable qcae_model_operation_tests
[16/20] Linking CXX executable qcae_analysis_check_tests
[17/20] Linking CXX executable qcae_static_validation_tests
[18/20] Building CXX object features/results/CMakeFiles/qcae_result_fixture_tests.dir/__/__/tests/result_fixture_tests.cpp.o
[19/20] Linking CXX executable qcae_result_fixture_tests
