[0/2] Re-checking globbed directories...
[1/53] Building CXX object features/materials/CMakeFiles/qcae_material_features.dir/src/material_operations.cpp.o
[2/53] Building CXX object CMakeFiles/qcae_model_operation_tests.dir/tests/model_operation_tests.cpp.o
[3/53] Building CXX object CMakeFiles/qcae_geometry_mesh_sqlite_tests.dir/tests/geometry_mesh_tests.cpp.o
[4/53] Building CXX object CMakeFiles/qcae_record_query_tests.dir/tests/record_query_tests.cpp.o
[5/53] Building CXX object CMakeFiles/qcae_nastran_package_tests.dir/tests/nastran_package_tests.cpp.o
[6/53] Building CXX object CMakeFiles/qcae_skeleton_fault_tests.dir/tests/skeleton_fault_tests.cpp.o
[7/53] Building CXX object CMakeFiles/qcae_skeleton_representative_tests.dir/tests/skeleton_representative_tests.cpp.o
[8/53] Building CXX object CMakeFiles/qcae_change_event_tests.dir/tests/change_event_tests.cpp.o
[9/53] Building CXX object CMakeFiles/qcae_render_projector_tests.dir/tests/render_projector_tests.cpp.o
[10/53] Linking CXX static library features/legacy_api/libqcae_legacy_api.a
[11/53] Building CXX object modules/runtime/CMakeFiles/qcae_runtime_tests.dir/__/__/tests/runtime_tests.cpp.o
[12/53] Linking CXX static library features/geometry/libqcae_geometry_features.a
[13/53] Linking CXX static library features/mesh_generation/libqcae_mesh_generation.a
[14/53] Building CXX object modules/document/CMakeFiles/qcae_record_document_tests.dir/__/__/tests/record_document_tests.cpp.o
[15/53] Building CXX object features/mesh_generation/CMakeFiles/qcae_geometry_mesh_tests.dir/__/__/tests/geometry_mesh_tests.cpp.o
[16/53] Linking CXX static library features/materials/libqcae_material_features.a
[17/53] Linking CXX static library features/mesh_editing/libqcae_mesh_editing.a
[18/53] Building CXX object features/mesh_generation/CMakeFiles/qcae_line_mesh_regeneration_tests.dir/__/__/tests/line_mesh_regeneration_tests.cpp.o
[19/53] Linking CXX static library features/results/libqcae_result_features.a
[20/53] Building CXX object features/analysis/CMakeFiles/qcae_analysis_check_tests.dir/__/__/tests/analysis_check_tests.cpp.o
[21/53] Building CXX object features/results/CMakeFiles/qcae_result_fixture_tests.dir/__/__/tests/result_fixture_tests.cpp.o
[22/53] Linking CXX static library modules/query/libqcae_query.a
[23/53] Linking CXX static library profiles/nastran/libqcae_nastran.a
[24/53] Linking CXX executable qcae_record_application_tests
[25/53] Linking CXX executable qcae_model_operation_tests
[26/53] Linking CXX executable qcae_quantity_entry_consistency_tests
[27/53] Linking CXX executable qcae_record_query_tests
[28/53] Linking CXX executable qcae_model_tests
[29/53] Linking CXX executable qcae_nastran_tests
[30/53] Linking CXX executable qcae_delta_tests
[31/53] Linking CXX executable qcae_persistence_tests
[32/53] Linking CXX executable qcae_query_tests
[33/53] Linking CXX executable qcae_core_tests
[34/53] Linking CXX executable qcae_contract_tests
[35/53] Linking CXX executable qcae_allocation_tests
[36/53] Linking CXX executable qcae_geometry_mesh_sqlite_tests
[37/53] Linking CXX executable qcae_nastran_package_tests
[38/53] Linking CXX executable qcae_skeleton_fault_tests
[39/53] Linking CXX executable qcae_skeleton_representative_tests
[40/53] Linking CXX executable qcae_change_event_tests
[41/53] Linking CXX executable qcae_render_projector_tests
[42/53] Linking CXX executable qcae_record_document_tests
[43/53] Linking CXX executable qcae_runtime_tests
[44/53] Linking CXX executable qcae_geometry_mesh_tests
[45/53] Linking CXX executable qcae_line_mesh_regeneration_tests
[46/53] Linking CXX executable qcae_analysis_check_tests
[47/53] Linking CXX executable qcae_result_fixture_tests
[48/53] Linking CXX executable qcae_nastran_static_result_tests
[49/53] Linking CXX executable qcae_artifacts_local_tests
[50/53] Linking CXX executable qcae_solver_local_tests
[51/53] Building CXX object features/results/CMakeFiles/qcae_static_validation_tests.dir/__/__/tests/static_validation_tests.cpp.o
[52/53] Linking CXX executable qcae_static_validation_tests
