[0/2] Re-checking globbed directories...
[1/112] Building CXX object modules/document/CMakeFiles/qcae_document.dir/src/record_model_bridge.cpp.o
[2/112] Generating ../../generated/qcae/operation_inputs.hpp
[3/112] Building CXX object modules/document/CMakeFiles/qcae_document.dir/src/records_rules.cpp.o
[4/112] Linking CXX static library modules/document/libqcae_document.a
[5/112] Building CXX object modules/runtime/CMakeFiles/qcae_runtime.dir/src/task_record.cpp.o
[6/112] Building CXX object modules/runtime/CMakeFiles/qcae_task_application.dir/record_application/src/task_application.cpp.o
[7/112] Building CXX object modules/runtime/CMakeFiles/qcae_runtime.dir/src/task_service.cpp.o
[8/112] Linking CXX static library modules/runtime/libqcae_runtime.a
[9/112] Building CXX object features/analysis/CMakeFiles/qcae_analysis_features.dir/src/analysis_checks.cpp.o
[10/112] Building CXX object features/analysis/CMakeFiles/qcae_analysis_features.dir/src/analysis_operations.cpp.o
[11/112] Building CXX object features/analysis/CMakeFiles/qcae_analysis_features.dir/src/cantilever_checks.cpp.o
[12/112] Building CXX object features/analysis/CMakeFiles/qcae_analysis_features.dir/src/check_report.cpp.o
[13/112] Building CXX object features/analysis/CMakeFiles/qcae_analysis_features.dir/src/analysis_input.cpp.o
[14/112] Generating generated/qcae/nastran_digest.hpp
[15/112] Building CXX object features/analysis/CMakeFiles/qcae_analysis_features.dir/src/analysis_input_codec.cpp.o
[16/112] Building CXX object adapters/artifacts_local/CMakeFiles/qcae_artifacts_local.dir/src/artifacts_local.cpp.o
[17/112] Linking CXX static library modules/runtime/libqcae_task_application.a
[18/112] Building CXX object features/geometry/CMakeFiles/qcae_geometry_features.dir/src/geometry_features.cpp.o
[19/112] Building CXX object features/legacy_api/CMakeFiles/qcae_legacy_api.dir/src/core.cpp.o
[20/112] Building CXX object features/mesh_generation/CMakeFiles/qcae_mesh_generation.dir/src/line_mesh_task.cpp.o
[21/112] Building CXX object features/materials/CMakeFiles/qcae_material_features.dir/src/material_operations.cpp.o
[22/112] Linking CXX static library features/analysis/libqcae_analysis_features.a
[23/112] Building CXX object features/mesh_editing/CMakeFiles/qcae_mesh_editing.dir/src/mesh_editing_operations.cpp.o
[24/112] Building CXX object features/results/CMakeFiles/qcae_result_features.dir/src/result_fixture.cpp.o
[25/112] Building CXX object features/results/CMakeFiles/qcae_result_features.dir/src/result_codec.cpp.o
[26/112] Building CXX object features/results/CMakeFiles/qcae_result_features.dir/src/result_service.cpp.o
[27/112] Building CXX object features/results/CMakeFiles/qcae_result_features.dir/src/static_validation.cpp.o
[28/112] Building CXX object modules/query/CMakeFiles/qcae_query.dir/src/query_legacy.cpp.o
[29/112] Building CXX object modules/query/CMakeFiles/qcae_query.dir/src/query.cpp.o
[30/112] Building CXX object modules/query/CMakeFiles/qcae_query.dir/src/entity_queries.cpp.o
[31/112] Building CXX object modules/query/CMakeFiles/qcae_query.dir/src/render_projector.cpp.o
[32/112] Building CXX object profiles/nastran/CMakeFiles/qcae_nastran.dir/src/nastran_package.cpp.o
[33/112] Building CXX object profiles/nastran/CMakeFiles/qcae_nastran.dir/src/nastran_codec.cpp.o
[34/112] Linking CXX static library adapters/artifacts_local/libqcae_artifacts_local.a
[35/112] Building CXX object profiles/nastran/CMakeFiles/qcae_nastran.dir/src/nastran_static_result.cpp.o
[36/112] Building CXX object adapters/solver_local/CMakeFiles/qcae_solver_local.dir/src/solver_local.cpp.o
[37/112] Building CXX object adapters/storage_sqlite/CMakeFiles/qcae_sqlite.dir/src/sqlite_store.cpp.o
[38/112] Building CXX object CMakeFiles/qcae_record_application_tests.dir/tests/record_application_tests.cpp.o
[39/112] Building CXX object CMakeFiles/qcae_operation_registry_tests.dir/tests/operation_registry_tests.cpp.o
[40/112] Building CXX object CMakeFiles/qcae_parameter_tests.dir/tests/parameter_tests.cpp.o
[41/112] Building CXX object CMakeFiles/qcae_quantity_entry_consistency_tests.dir/tests/quantity_entry_consistency_tests.cpp.o
[42/112] Building CXX object CMakeFiles/qcae_model_operation_tests.dir/tests/model_operation_tests.cpp.o
[43/112] Building CXX object CMakeFiles/qcae_model_tests.dir/tests/model_tests.cpp.o
[44/112] Building CXX object CMakeFiles/qcae_record_query_tests.dir/tests/record_query_tests.cpp.o
[45/112] Building CXX object CMakeFiles/qcae_delta_tests.dir/tests/delta_tests.cpp.o
[46/112] Building CXX object CMakeFiles/qcae_nastran_tests.dir/tests/nastran_tests.cpp.o
[47/112] Building CXX object CMakeFiles/qcae_persistence_tests.dir/tests/persistence_tests.cpp.o
[48/112] Building CXX object CMakeFiles/qcae_query_tests.dir/tests/query_tests.cpp.o
[49/112] Building CXX object CMakeFiles/qcae_contract_tests.dir/tests/contract_tests.cpp.o
[50/112] Building CXX object CMakeFiles/qcae_core_tests.dir/tests/core_tests.cpp.o
[51/112] Building CXX object CMakeFiles/qcae_allocation_tests.dir/tests/allocation_tests.cpp.o
[52/112] Building CXX object CMakeFiles/qcae_sqlite_tests.dir/tests/sqlite_tests.cpp.o
[53/112] Building CXX object CMakeFiles/qcae_record_store_tests.dir/tests/record_store_tests.cpp.o
[54/112] Building CXX object CMakeFiles/qcae_geometry_mesh_sqlite_tests.dir/tests/geometry_mesh_tests.cpp.o
[55/112] Building CXX object CMakeFiles/qcae_nastran_package_tests.dir/tests/nastran_package_tests.cpp.o
[56/112] Building CXX object CMakeFiles/qcae_skeleton_fault_tests.dir/tests/skeleton_fault_tests.cpp.o
[57/112] Building CXX object CMakeFiles/qcae_skeleton_representative_tests.dir/tests/skeleton_representative_tests.cpp.o
[58/112] Building CXX object CMakeFiles/qcae_change_event_tests.dir/tests/change_event_tests.cpp.o
[59/112] Building CXX object CMakeFiles/qcae_render_projector_tests.dir/tests/render_projector_tests.cpp.o
[60/112] Linking CXX static library features/legacy_api/libqcae_legacy_api.a
[61/112] Building CXX object modules/runtime/CMakeFiles/qcae_runtime_tests.dir/__/__/tests/runtime_tests.cpp.o
[62/112] Linking CXX static library features/geometry/libqcae_geometry_features.a
[63/112] Linking CXX static library features/mesh_generation/libqcae_mesh_generation.a
[64/112] Building CXX object modules/document/CMakeFiles/qcae_record_document_tests.dir/__/__/tests/record_document_tests.cpp.o
[65/112] Building CXX object features/mesh_generation/CMakeFiles/qcae_geometry_mesh_tests.dir/__/__/tests/geometry_mesh_tests.cpp.o
[66/112] Linking CXX static library features/materials/libqcae_material_features.a
[67/112] Linking CXX static library features/mesh_editing/libqcae_mesh_editing.a
[68/112] Building CXX object features/mesh_generation/CMakeFiles/qcae_line_mesh_regeneration_tests.dir/__/__/tests/line_mesh_regeneration_tests.cpp.o
[69/112] Linking CXX static library features/results/libqcae_result_features.a
[70/112] Building CXX object features/results/CMakeFiles/qcae_result_fixture_tests.dir/__/__/tests/result_fixture_tests.cpp.o
[71/112] Building CXX object features/analysis/CMakeFiles/qcae_analysis_check_tests.dir/__/__/tests/analysis_check_tests.cpp.o
[72/112] Linking CXX static library modules/query/libqcae_query.a
[73/112] Linking CXX static library profiles/nastran/libqcae_nastran.a
[74/112] Building CXX object features/results/CMakeFiles/qcae_static_validation_tests.dir/__/__/tests/static_validation_tests.cpp.o
[75/112] Building CXX object profiles/nastran/CMakeFiles/qcae_nastran_static_result_tests.dir/__/__/tests/nastran_static_result_tests.cpp.o
[76/112] Linking CXX static library adapters/solver_local/libqcae_solver_local.a
[77/112] Building CXX object adapters/artifacts_local/CMakeFiles/qcae_artifacts_local_tests.dir/__/__/tests/artifacts_local_tests.cpp.o
[78/112] Linking CXX static library adapters/storage_sqlite/libqcae_sqlite.a
[79/112] Linking CXX executable qcae_record_application_tests
[80/112] Linking CXX executable qcae_operation_registry_tests
[81/112] Linking CXX executable qcae_parameter_tests
[82/112] Linking CXX executable qcae_model_operation_tests
[83/112] Linking CXX executable qcae_quantity_entry_consistency_tests
[84/112] Linking CXX executable qcae_record_query_tests
[85/112] Linking CXX executable qcae_model_tests
[86/112] Linking CXX executable qcae_nastran_tests
[87/112] Linking CXX executable qcae_delta_tests
[88/112] Linking CXX executable qcae_persistence_tests
[89/112] Linking CXX executable qcae_query_tests
[90/112] Linking CXX executable qcae_core_tests
[91/112] Linking CXX executable qcae_contract_tests
[92/112] Linking CXX executable qcae_allocation_tests
[93/112] Linking CXX executable qcae_sqlite_tests
[94/112] Building CXX object adapters/solver_local/CMakeFiles/qcae_solver_local_tests.dir/__/__/tests/solver_local_tests.cpp.o
[95/112] Linking CXX executable qcae_record_store_tests
[96/112] Linking CXX executable qcae_geometry_mesh_sqlite_tests
[97/112] Linking CXX executable qcae_nastran_package_tests
[98/112] Linking CXX executable qcae_skeleton_fault_tests
[99/112] Linking CXX executable qcae_skeleton_representative_tests
[100/112] Linking CXX executable qcae_change_event_tests
[101/112] Linking CXX executable qcae_render_projector_tests
[102/112] Linking CXX executable qcae_record_document_tests
[103/112] Linking CXX executable qcae_runtime_tests
[104/112] Linking CXX executable qcae_geometry_mesh_tests
[105/112] Linking CXX executable qcae_line_mesh_regeneration_tests
[106/112] Linking CXX executable qcae_analysis_check_tests
[107/112] Linking CXX executable qcae_result_fixture_tests
[108/112] Linking CXX executable qcae_static_validation_tests
[109/112] Linking CXX executable qcae_nastran_static_result_tests
[110/112] Linking CXX executable qcae_artifacts_local_tests
[111/112] Linking CXX executable qcae_solver_local_tests
