files:
acceptance-gate.log
app-history-api.log
baseline-configure.log
baseline-document-build.log
baseline-fixture-compile.log
baseline-fixture-digest.log
baseline-fixture-freeze.log
baseline-relevant-tests.log
bridge-material.log
build-contract.log
change-batch-definition.log
cmake-desktop-flags.log
commands.jsonl
consumers-build.log
consumers-configure.log
consumers-final-build.log
context.jsonl
core-build.log
core-final-build.log
core-final-tests.log
core-rebuild-repair3.log
core-rebuild.log
core-regenerate-final.log
core-relevant-retest.log
core-repair3-retest.log
core-tests.log
cpp-format-check.log
design-check.log
design-final.log
diff-check.log
diff-final.log
diff-function-definition.log
entity-generation-repair.log
entity-generation.log
entity-generator-read.log
ext01-production-ipc.log
field-value-lookup.log
fields-dispatch.log
fields-projection.log
final-product-diff.log
fixture-baseline-check.log
fixture-paths.log
fixture-provenance.json
format-final-core-test.log
format-final.log
format-product.log
format-query.log
format-repair2.log
format-repair3.log
format-test-repair.log
format-tests.log
freeze-contract-diagnostic.log
freeze-contract-native-retest.log
freeze-material-v1.cpp
freeze-test-setup.log
freeze-test-tail.log
frozen-consumers-configure.log
frozen-core-build.log
frozen-core-configure.log
frozen-core-tests.log
frozen-local-configure.log
initial-context.txt
ipc-engine.log
ipc-field-null.log
ipc-fields-body.log
ipc-transcript.json
local-affected-tests.log
local-build.log
local-configure.log
local-final-build.log
local-rebuild.log
local-reconfigure-test.log
local-test-list.log
lookup-editing2.log
manifest-contract.log
manifest-env.log
manifest-selected.log
material-codepath.log
module-paths.log
native-desktop-tests.log
native-process-status.log
native-progress.log
native-test-config.log
native-test-flags.log
protected-generator-verify.log
protection.json
query-field-implementation.log
query-repair-context.log
query-test-repair-context.log
query-tests-shapes.log
registered-ext01-ipc-test.log
repair-query-schema.log
run.py
save-recovery-ipc-shapes.log
schema-query-dispatch.log
sqlite-test-setup.log
storage-tests-paths.log
test-context-ipc.log
tests-and-build-locations.log
tests-apis.log
wire-names.log
context entries:
{"delivered_complete_file": true, "delivered_utf8_bytes": 4138, "path": "AGENTS.md", "phase": "initial", "sha256": "674fb4f1000279629979d95120d2fd0c9ecaa3365b56f83caf9198b68b4621b2", "utf8_bytes": 4101}
{"delivered_complete_file": true, "delivered_utf8_bytes": 6794, "path": "docs/engineering/c4-executor-task.md", "phase": "initial", "sha256": "4a10cf3480f9b6089b07c5a07b04a29b74b0d92daf4a6375bcecb5618399d9e3", "utf8_bytes": 6730}
{"delivered_complete_file": true, "delivered_utf8_bytes": 11786, "path": "schemas/entities/entities.json", "phase": "initial", "sha256": "46199749319ca49ae72397d13e1df951ec48d62e9e1c11bd725227cd905c9400", "utf8_bytes": 11727}
{"delivered_complete_file": true, "delivered_utf8_bytes": 7592, "path": "schemas/operations/basic.json", "phase": "initial", "sha256": "ebce3dd2858bfebcd3929b3a4552578a3af434f1089ea4e64daaaaadeb320a12", "utf8_bytes": 7535}
{"delivered_complete_file": true, "delivered_utf8_bytes": 5556, "path": "features/mesh_editing/src/mesh_editing_operations.cpp", "phase": "initial", "sha256": "0a75646d53ce8aedcf1f511bff2ef82792e8b8e2422c25be4879f32934bf26b2", "utf8_bytes": 5475}
{"delivered_complete_file": true, "delivered_utf8_bytes": 1676, "path": "modules/document/include/qcae/edit_session.hpp", "phase": "initial", "sha256": "c36db4aa0ad2373b19972a22400372bb064809cdcc4f4e4d0a8398e0db1ecafd", "utf8_bytes": 1602}
{"delivered_complete_file": true, "delivered_utf8_bytes": 2363, "path": "modules/contracts/include/qcae/render_packet.hpp", "phase": "initial", "sha256": "03830948c5a2e117b6fbf016f0ca65e5e53a47161f20b275e66df7c95cf11137", "utf8_bytes": 2287}
{"delivered_complete_file": true, "delivered_utf8_bytes": 2696, "path": "modules/query/include/qcae/render_projector.hpp", "phase": "initial", "sha256": "04b7a2f9fedb063be23850e5e1ccf05a79413dbecabebac671682849b18b76ad", "utf8_bytes": 2621}
{"delivered_complete_file": true, "delivered_utf8_bytes": 4138, "path": "AGENTS.md", "phase": "initial", "sha256": "674fb4f1000279629979d95120d2fd0c9ecaa3365b56f83caf9198b68b4621b2", "utf8_bytes": 4101}
{"delivered_complete_file": true, "delivered_utf8_bytes": 6794, "path": "docs/engineering/c4-executor-task.md", "phase": "initial", "sha256": "4a10cf3480f9b6089b07c5a07b04a29b74b0d92daf4a6375bcecb5618399d9e3", "utf8_bytes": 6730}
{"delivered_complete_file": true, "delivered_utf8_bytes": 11786, "path": "schemas/entities/entities.json", "phase": "initial", "sha256": "46199749319ca49ae72397d13e1df951ec48d62e9e1c11bd725227cd905c9400", "utf8_bytes": 11727}
{"delivered_complete_file": true, "delivered_utf8_bytes": 7592, "path": "schemas/operations/basic.json", "phase": "initial", "sha256": "ebce3dd2858bfebcd3929b3a4552578a3af434f1089ea4e64daaaaadeb320a12", "utf8_bytes": 7535}
{"delivered_complete_file": true, "delivered_utf8_bytes": 5556, "path": "features/mesh_editing/src/mesh_editing_operations.cpp", "phase": "initial", "sha256": "0a75646d53ce8aedcf1f511bff2ef82792e8b8e2422c25be4879f32934bf26b2", "utf8_bytes": 5475}
{"delivered_complete_file": true, "delivered_utf8_bytes": 1676, "path": "modules/document/include/qcae/edit_session.hpp", "phase": "initial", "sha256": "c36db4aa0ad2373b19972a22400372bb064809cdcc4f4e4d0a8398e0db1ecafd", "utf8_bytes": 1602}
{"delivered_complete_file": true, "delivered_utf8_bytes": 2363, "path": "modules/contracts/include/qcae/render_packet.hpp", "phase": "initial", "sha256": "03830948c5a2e117b6fbf016f0ca65e5e53a47161f20b275e66df7c95cf11137", "utf8_bytes": 2287}
{"delivered_complete_file": true, "delivered_utf8_bytes": 2696, "path": "modules/query/include/qcae/render_projector.hpp", "phase": "initial", "sha256": "04b7a2f9fedb063be23850e5e1ccf05a79413dbecabebac671682849b18b76ad", "utf8_bytes": 2621}
{"delivered_complete_file": true, "delivered_utf8_bytes": 10127, "path": "docs/architecture/README.md", "phase": "subsequent", "sha256": "86e6dd184474e4c5418782c208531f5688f939bed7d9340a18d1d06dd80c6341", "utf8_bytes": 10071}
{"delivered_complete_file": true, "delivered_utf8_bytes": 16145, "path": "docs/architecture/modules.md", "phase": "subsequent", "sha256": "f41850a2641a54760d342dd418cff8bfc3672a4884a3e11e1c2ea472b17e645b", "utf8_bytes": 16088}
{"delivered_complete_file": true, "delivered_utf8_bytes": 7088, "path": "docs/architecture/module-dependencies.json", "phase": "subsequent", "sha256": "3c86ec0dd866c0eb3acbf4cdeb0641cdb477b456c953418eb635d90eb0030645", "utf8_bytes": 7018}
{"delivered_complete_file": true, "delivered_utf8_bytes": 6313, "path": "docs/implementation/m0.md", "phase": "subsequent", "sha256": "5de31eff646158e9159acd15702aba6334f1503064981e6d2de794ecf7366300", "utf8_bytes": 6260}
{"delivered_complete_file": true, "delivered_utf8_bytes": 14161, "path": "features/materials/src/material_operations.cpp", "phase": "subsequent", "sha256": "08ee01299150ef8676151f4d1368d3911cbfd5448042b480576b9806028ac217", "utf8_bytes": 14086}
{"delivered_complete_file": true, "delivered_utf8_bytes": 741, "path": "features/materials/include/qcae/material_operations.hpp", "phase": "subsequent", "sha256": "bb6fdc8175c620bd7a33b1a40e89c0ab9d6a9dc012f5550a1c6b7caa2175bd76", "utf8_bytes": 659}
{"delivered_complete_file": true, "delivered_utf8_bytes": 13772, "path": "tools/generate_operation_contracts.py", "phase": "subsequent", "sha256": "7220e3bc61dfd9ad56de5346501f8d0cd159d868745913d926885001f0c5e228", "utf8_bytes": 13706}
{"delivered_complete_file": true, "delivered_utf8_bytes": 470, "path": "features/materials/CMakeLists.txt", "phase": "subsequent", "sha256": "674d77262f77656e0759869c045d27ee21cee528b5c15a6d0b3779e890f05d40", "utf8_bytes": 410}
{"delivered_complete_file": true, "delivered_utf8_bytes": 21217, "path": "tests/record_document_tests.cpp", "phase": "subsequent", "sha256": "557c0033c2f8b9a41d7c4f53bc186da4aa68f53d5b44bedf4361db3eb6dba1b3", "utf8_bytes": 21157}
{"delivered_complete_file": true, "delivered_utf8_bytes": 1315, "path": "modules/document/CMakeLists.txt", "phase": "subsequent", "sha256": "5ea4cbe9d3a74648c8451d8284833deb94e751a43d500db0145ca155e7bb5aa1", "utf8_bytes": 1256}
{"delivered_complete_file": true, "delivered_utf8_bytes": 3420, "path": "tests/public_api_consumers/CMakeLists.txt", "phase": "subsequent", "sha256": "a4ba2b5e22588cd4fab8b3d3e382556dd7eb727553b1ee33930f2832b7d2aff9", "utf8_bytes": 3351}
{"delivered_complete_file": true, "delivered_utf8_bytes": 1269, "path": "tests/public_api_consumers/README.md", "phase": "subsequent", "sha256": "09c2170f44fed14b0aee78a47da2732d955e49805940dd6a3263cd8e17d778d7", "utf8_bytes": 1205}
{"delivered_complete_file": true, "delivered_utf8_bytes": 30305, "path": "tests/model_operation_tests.cpp", "phase": "subsequent", "sha256": "4b72a054ff5e7d69f4288e194ca4c02a3428116089c831b3b5b94588c305e26c", "utf8_bytes": 30245}

protection:
{
  "baseline_commit": "b740b374c934f3b4624a21247b9a5deeb2ca6bf4",
  "protected_file_count": 39,
  "protected_touch_count": 0,
  "generators": [
    {
      "path": "tools/generate_entities.py",
      "sha256": "a933e43099d3f192668afa744bb5417f6f6c1c5d9cf0289c247b0e7e87953831",
      "unchanged": true
    },
    {
      "path": "tools/generate_operation_contracts.py",
      "sha256": "7220e3bc61dfd9ad56de5346501f8d0cd159d868745913d926885001f0c5e228",
      "unchanged": true
    },
    {
      "path": "tools/generate_operations.py",
      "sha256": "792a7040f32d15221d8ccf5c2accc51a75be193cd088d4543c646413fc5081ae",
      "unchanged": true
    },
    {
      "path": "tools/generate_profile.py",
      "sha256": "9acd657fd0f21ec3de9e76910e62d2a3074e2774ad5b7df373410ab6f5aa1619",
      "unchanged": true
    }
  ],
  "changed_paths": [
    "adapters/engine_api/src/ipc_model.cpp",
    "features/materials/include/qcae/material_operations.hpp",
    "features/materials/src/material_operations.cpp",
    "modules/document/include/qcae/records.hpp",
    "schemas/entities/entities.json",
    "schemas/operations/basic.json",
    "tests/model_operation_tests.cpp",
    "tests/record_document_tests.cpp"
  ]
}

fixture provenance:
{
  "baseline_commit": "b740b374c934f3b4624a21247b9a5deeb2ca6bf4",
  "fixture_path": "tests/fixtures/ext01-material-v1.record",
  "bytes": 109,
  "sha256": "ae21094749106dfe32cdce3ce20e0a0a728c14de2894524c820f01cb341422ed",
  "producer": "docs/engineering/c4-ext01-evidence/freeze-material-v1.cpp",
  "producer_was_compiled_before_schema_edit": true,
  "baseline_binary_sha256": "b12e3f8e138261464f8e33462440a322af59630b052d1c34b051e0623ece5263"
}

