features/geometry/src/geometry_features.cpp
features/geometry/README.md
tests/fixtures/nastran-real-benchmark-v1/cantilever.bdf
tests/fixtures/nastran-real-benchmark-v1/nodes.bdf
tests/fixtures/nastran-real-benchmark-v1/beams.bdf
tests/fixtures/nastran-real-benchmark-v1/reference.json
tests/fixtures/nastran-real-benchmark-v1/properties.bdf
features/geometry/include/qcae/geometry_features.hpp
features/geometry/CMakeLists.txt
tests/fixtures/nastran/cantilever.bdf
tests/fixtures/nastran/properties.bdf
tests/fixtures/nastran/mesh/nodes.bdf
tests/fixtures/nastran/mesh/beams.bdf
tests/fixtures/vtk-pick-matrix-v1.json
features/mesh_editing/src/mesh_editing_operations.cpp
tests/fixtures/results/R-displacement-v1.json
tests/fixtures/nastran-real-benchmark-v2/cantilever.bdf
tests/fixtures/nastran-real-benchmark-v2/nodes.bdf
tests/fixtures/nastran-real-benchmark-v2/beams.bdf
tests/fixtures/nastran-real-benchmark-v2/reference.json
tests/fixtures/nastran-real-benchmark-v2/properties.bdf
features/mesh_editing/include/qcae/mesh_editing_operations.hpp
features/mesh_editing/CMakeLists.txt
features/legacy_api/src/legacy_migration.cpp
features/legacy_api/src/legacy_state.cpp
features/legacy_api/src/legacy_state.hpp
features/legacy_api/src/core.cpp
features/legacy_api/README.md
tests/fixtures/legacy/inputs/cantilever.bdf
tests/fixtures/legacy/inputs/properties.bdf
features/legacy_api/include/qcae/core.hpp
features/legacy_api/include/qcae/legacy_migration.hpp
features/legacy_api/CMakeLists.txt
tests/fixtures/legacy/inputs/mesh/nodes.bdf
tests/fixtures/legacy/inputs/mesh/beams.bdf
tests/fixtures/legacy/saved-organization.ipc.json
tests/fixtures/legacy/saved-beam.ipc.json
tests/fixtures/legacy/verification.json
tests/fixtures/legacy/manifest.json
tests/fixtures/legacy/all-supported-entities.ipc.json
tests/fixtures/legacy/saved-empty.qcae
tests/fixtures/legacy/unsaved-workspace.sqlite
tests/fixtures/legacy/all-supported-entities.expected.json
tests/fixtures/legacy/redo-workspace.sqlite
tests/fixtures/legacy/redo-workspace.expected.json
tests/fixtures/legacy/saved-beam.qcae
tests/fixtures/legacy/redo-workspace.ipc.json
tests/fixtures/legacy/unsaved-workspace.expected.json
tests/fixtures/legacy/saved-beam.expected.json
tests/fixtures/legacy/saved-organization.qcae
tests/fixtures/legacy/all-supported-entities.qcae
tests/fixtures/legacy/saved-empty.expected.json
tests/fixtures/legacy/saved-empty.ipc.json
tests/fixtures/legacy/unsaved-workspace.ipc.json
tests/fixtures/legacy/saved-organization.expected.json
features/results/src/result_service.cpp
features/results/src/static_validation.cpp
features/results/src/result_codec.cpp
features/results/src/result_fixture.cpp
tests/fixtures/nastran-real-benchmark-v3/cantilever.bdf
tests/fixtures/nastran-real-benchmark-v3/nodes.bdf
tests/fixtures/nastran-real-benchmark-v3/beams.bdf
tests/fixtures/nastran-real-benchmark-v3/reference.json
tests/fixtures/nastran-real-benchmark-v3/properties.bdf
tests/fixtures/c3-tool-lifecycle-v1.json
features/results/include/qcae/result_fixture.hpp
features/results/include/qcae/static_validation.hpp
features/results/include/qcae/result_service.hpp
features/results/CMakeLists.txt
features/mesh_generation/src/line_mesh_task.cpp
features/mesh_generation/README.md
features/mesh_generation/include/qcae/line_mesh_task.hpp
features/mesh_generation/CMakeLists.txt
features/analysis/src/analysis_input.cpp
features/analysis/src/analysis_input_codec.cpp
features/analysis/src/cantilever_checks.cpp
features/analysis/src/check_report.cpp
features/analysis/src/analysis_checks.cpp
features/analysis/src/cantilever_checks.hpp
features/analysis/src/analysis_operations.cpp
features/materials/src/material_operations.cpp
features/analysis/include/qcae/analysis_features.hpp
features/analysis/include/qcae/analysis_input.hpp
features/analysis/CMakeLists.txt
features/materials/CMakeLists.txt
features/materials/include/qcae/material_operations.hpp
