[0/2] Re-checking globbed directories...
[1/30] Generating ../../generated/qcae/operations.hpp
[2/30] Generating ../../generated/qcae/operation_inputs.hpp
[3/30] Generating generated/qcae/nastran_digest.hpp
[4/30] Building CXX object features/analysis/CMakeFiles/qcae_analysis_features.dir/src/analysis_checks.cpp.o
[5/30] Building CXX object features/analysis/CMakeFiles/qcae_analysis_features.dir/src/analysis_operations.cpp.o
[6/30] Building CXX object features/analysis/CMakeFiles/qcae_analysis_features.dir/src/cantilever_checks.cpp.o
[7/30] Building CXX object features/analysis/CMakeFiles/qcae_analysis_features.dir/src/check_report.cpp.o
[8/30] Building CXX object features/materials/CMakeFiles/qcae_material_features.dir/src/material_operations.cpp.o
[9/30] Linking CXX static library features/analysis/libqcae_analysis_features.a
[10/30] Building CXX object features/mesh_editing/CMakeFiles/qcae_mesh_editing.dir/src/mesh_editing_operations.cpp.o
[11/30] Building CXX object profiles/nastran/CMakeFiles/qcae_nastran.dir/src/nastran_codec.cpp.o
[12/30] Building CXX object CMakeFiles/qcae_operation_registry_tests.dir/tests/operation_registry_tests.cpp.o
[13/30] Building CXX object CMakeFiles/qcae_contract_tests.dir/tests/contract_tests.cpp.o
[14/30] Linking CXX static library features/materials/libqcae_material_features.a
[15/30] Linking CXX static library features/mesh_editing/libqcae_mesh_editing.a
[16/30] Building CXX object CMakeFiles/qcae_model_operation_tests.dir/tests/model_operation_tests.cpp.o
[17/30] Building CXX object features/analysis/CMakeFiles/qcae_analysis_check_tests.dir/__/__/tests/analysis_check_tests.cpp.o
[18/30] Linking CXX static library profiles/nastran/libqcae_nastran.a
[19/30] Linking CXX executable qcae_operation_registry_tests
[20/30] Building CXX object features/results/CMakeFiles/qcae_result_fixture_tests.dir/__/__/tests/result_fixture_tests.cpp.o
[21/30] Linking CXX executable qcae_model_operation_tests
[22/30] Linking CXX executable qcae_nastran_tests
[23/30] Linking CXX executable qcae_contract_tests
[24/30] Linking CXX executable qcae_nastran_package_tests
[25/30] Linking CXX executable qcae_skeleton_representative_tests
[26/30] Linking CXX executable qcae_analysis_check_tests
[27/30] Linking CXX executable qcae_result_fixture_tests
[28/30] Linking CXX executable qcae_static_validation_tests
[29/30] Linking CXX executable qcae_nastran_static_result_tests
