[0/2] Re-checking globbed directories...
[1/111] Generating ../../generated/qcae/operations.hpp
[2/111] Generating ../../generated/qcae/operation_inputs.hpp
[3/111] Generating generated/qcae/nastran_digest.hpp
[4/111] Building CXX object qcae/features/analysis/CMakeFiles/qcae_analysis_features.dir/src/analysis_checks.cpp.o
[5/111] Building CXX object qcae/features/analysis/CMakeFiles/qcae_analysis_features.dir/src/analysis_operations.cpp.o
[6/111] Building CXX object qcae/features/analysis/CMakeFiles/qcae_analysis_features.dir/src/cantilever_checks.cpp.o
[7/111] Building CXX object qcae/features/analysis/CMakeFiles/qcae_analysis_features.dir/src/check_report.cpp.o
[8/111] Building CXX object qcae/features/materials/CMakeFiles/qcae_material_features.dir/src/material_operations.cpp.o
[9/111] Linking CXX static library qcae/features/analysis/libqcae_analysis_features.a
[10/111] Building CXX object qcae/features/mesh_editing/CMakeFiles/qcae_mesh_editing.dir/src/mesh_editing_operations.cpp.o
[11/111] Building CXX object CMakeFiles/consumer_qcae_foundation_qcae_types_hpp.dir/consumer_qcae_foundation_qcae_types_hpp.cpp.o
[12/111] Building CXX object CMakeFiles/consumer_qcae_foundation_qcae_operation_ledger_hpp.dir/consumer_qcae_foundation_qcae_operation_ledger_hpp.cpp.o
[13/111] Building CXX object CMakeFiles/consumer_qcae_contracts_qcae_application_types_hpp.dir/consumer_qcae_contracts_qcae_application_types_hpp.cpp.o
[14/111] Building CXX object CMakeFiles/consumer_qcae_contracts_qcae_document_info_hpp.dir/consumer_qcae_contracts_qcae_document_info_hpp.cpp.o
[15/111] Building CXX object qcae/profiles/nastran/CMakeFiles/qcae_nastran.dir/src/nastran_codec.cpp.o
[16/111] Building CXX object CMakeFiles/consumer_qcae_contracts_qcae_profile_provider_hpp.dir/consumer_qcae_contracts_qcae_profile_provider_hpp.cpp.o
[17/111] Building CXX object CMakeFiles/consumer_qcae_contracts_qcae_render_packet_hpp.dir/consumer_qcae_contracts_qcae_render_packet_hpp.cpp.o
[18/111] Building CXX object CMakeFiles/consumer_qcae_contracts_qcae_workspace_store_hpp.dir/consumer_qcae_contracts_qcae_workspace_store_hpp.cpp.o
[19/111] Building CXX object CMakeFiles/consumer_qcae_contracts_qcae_record_store_hpp.dir/consumer_qcae_contracts_qcae_record_store_hpp.cpp.o
[20/111] Building CXX object CMakeFiles/consumer_qcae_contracts_qcae_view_session_hpp.dir/consumer_qcae_contracts_qcae_view_session_hpp.cpp.o
[21/111] Building CXX object CMakeFiles/consumer_qcae_contracts_qcae_resource_hpp.dir/consumer_qcae_contracts_qcae_resource_hpp.cpp.o
[22/111] Building CXX object CMakeFiles/consumer_qcae_contracts_qcae_solver_runner_hpp.dir/consumer_qcae_contracts_qcae_solver_runner_hpp.cpp.o
[23/111] Building CXX object CMakeFiles/consumer_qcae_document_qcae_model_hpp.dir/consumer_qcae_document_qcae_model_hpp.cpp.o
[24/111] Building CXX object CMakeFiles/consumer_qcae_document_qcae_model_codec_hpp.dir/consumer_qcae_document_qcae_model_codec_hpp.cpp.o
[25/111] Building CXX object CMakeFiles/consumer_qcae_document_qcae_model_delta_hpp.dir/consumer_qcae_document_qcae_model_delta_hpp.cpp.o
[26/111] Building CXX object CMakeFiles/consumer_qcae_document_qcae_state_codec_hpp.dir/consumer_qcae_document_qcae_state_codec_hpp.cpp.o
[27/111] Building CXX object CMakeFiles/consumer_qcae_document_qcae_read_view_hpp.dir/consumer_qcae_document_qcae_read_view_hpp.cpp.o
[28/111] Building CXX object CMakeFiles/consumer_qcae_document_qcae_record_registry_hpp.dir/consumer_qcae_document_qcae_record_registry_hpp.cpp.o
[29/111] Building CXX object CMakeFiles/consumer_qcae_document_qcae_document_view_hpp.dir/consumer_qcae_document_qcae_document_view_hpp.cpp.o
[30/111] Building CXX object CMakeFiles/consumer_qcae_document_qcae_edit_session_hpp.dir/consumer_qcae_document_qcae_edit_session_hpp.cpp.o
[31/111] Building CXX object CMakeFiles/consumer_qcae_document_qcae_records_model_bridge_hpp.dir/consumer_qcae_document_qcae_records_model_bridge_hpp.cpp.o
[32/111] Building CXX object CMakeFiles/consumer_qcae_document_qcae_records_hpp.dir/consumer_qcae_document_qcae_records_hpp.cpp.o
[33/111] Building CXX object CMakeFiles/consumer_qcae_application_qcae_immutable_fact_map_hpp.dir/consumer_qcae_application_qcae_immutable_fact_map_hpp.cpp.o
[34/111] Building CXX object CMakeFiles/consumer_qcae_application_qcae_record_application_hpp.dir/consumer_qcae_application_qcae_record_application_hpp.cpp.o
[35/111] Building CXX object CMakeFiles/consumer_qcae_query_qcae_render_projector_hpp.dir/consumer_qcae_query_qcae_render_projector_hpp.cpp.o
[36/111] Building CXX object CMakeFiles/consumer_qcae_query_qcae_query_hpp.dir/consumer_qcae_query_qcae_query_hpp.cpp.o
[37/111] Building CXX object CMakeFiles/consumer_qcae_nastran_qcae_nastran_codec_hpp.dir/consumer_qcae_nastran_qcae_nastran_codec_hpp.cpp.o
[38/111] Building CXX object CMakeFiles/consumer_qcae_nastran_qcae_nastran_package_hpp.dir/consumer_qcae_nastran_qcae_nastran_package_hpp.cpp.o
[39/111] Building CXX object CMakeFiles/consumer_qcae_nastran_qcae_nastran_static_result_hpp.dir/consumer_qcae_nastran_qcae_nastran_static_result_hpp.cpp.o
[40/111] Building CXX object CMakeFiles/consumer_qcae_sqlite_qcae_sqlite_store_hpp.dir/consumer_qcae_sqlite_qcae_sqlite_store_hpp.cpp.o
[41/111] Building CXX object CMakeFiles/consumer_qcae_legacy_api_qcae_core_hpp.dir/consumer_qcae_legacy_api_qcae_core_hpp.cpp.o
[42/111] Building CXX object CMakeFiles/consumer_qcae_legacy_api_qcae_legacy_migration_hpp.dir/consumer_qcae_legacy_api_qcae_legacy_migration_hpp.cpp.o
[43/111] Building CXX object CMakeFiles/consumer_qcae_parameters_qcae_quantities_hpp.dir/consumer_qcae_parameters_qcae_quantities_hpp.cpp.o
[44/111] Building CXX object CMakeFiles/consumer_qcae_operations_qcae_operation_registry_hpp.dir/consumer_qcae_operations_qcae_operation_registry_hpp.cpp.o
[45/111] Building CXX object CMakeFiles/consumer_qcae_runtime_qcae_task_service_hpp.dir/consumer_qcae_runtime_qcae_task_service_hpp.cpp.o
[46/111] Building CXX object CMakeFiles/consumer_qcae_task_application_qcae_task_application_hpp.dir/consumer_qcae_task_application_qcae_task_application_hpp.cpp.o
[47/111] Building CXX object CMakeFiles/consumer_qcae_geometry_features_qcae_geometry_features_hpp.dir/consumer_qcae_geometry_features_qcae_geometry_features_hpp.cpp.o
[48/111] Building CXX object CMakeFiles/consumer_qcae_mesh_generation_qcae_line_mesh_task_hpp.dir/consumer_qcae_mesh_generation_qcae_line_mesh_task_hpp.cpp.o
[49/111] Building CXX object CMakeFiles/consumer_qcae_material_features_qcae_material_operations_hpp.dir/consumer_qcae_material_features_qcae_material_operations_hpp.cpp.o
[50/111] Building CXX object CMakeFiles/consumer_qcae_mesh_editing_qcae_mesh_editing_operations_hpp.dir/consumer_qcae_mesh_editing_qcae_mesh_editing_operations_hpp.cpp.o
[51/111] Building CXX object CMakeFiles/consumer_qcae_analysis_features_qcae_analysis_input_hpp.dir/consumer_qcae_analysis_features_qcae_analysis_input_hpp.cpp.o
[52/111] Building CXX object CMakeFiles/consumer_qcae_analysis_features_qcae_analysis_features_hpp.dir/consumer_qcae_analysis_features_qcae_analysis_features_hpp.cpp.o
[53/111] Building CXX object CMakeFiles/consumer_qcae_artifacts_local_qcae_artifacts_local_hpp.dir/consumer_qcae_artifacts_local_qcae_artifacts_local_hpp.cpp.o
[54/111] Building CXX object CMakeFiles/consumer_qcae_result_features_qcae_result_fixture_hpp.dir/consumer_qcae_result_features_qcae_result_fixture_hpp.cpp.o
[55/111] Building CXX object CMakeFiles/consumer_qcae_result_features_qcae_result_service_hpp.dir/consumer_qcae_result_features_qcae_result_service_hpp.cpp.o
[56/111] Building CXX object CMakeFiles/consumer_qcae_result_features_qcae_static_validation_hpp.dir/consumer_qcae_result_features_qcae_static_validation_hpp.cpp.o
[57/111] Building CXX object CMakeFiles/consumer_generated_operations.dir/consumer_generated_operations.cpp.o
[58/111] Building CXX object CMakeFiles/consumer_qcae_solver_local_qcae_solver_local_hpp.dir/consumer_qcae_solver_local_qcae_solver_local_hpp.cpp.o
[59/111] Linking CXX static library qcae/features/materials/libqcae_material_features.a
[60/111] Linking CXX static library qcae/features/mesh_editing/libqcae_mesh_editing.a
[61/111] Linking CXX static library qcae/profiles/nastran/libqcae_nastran.a
[62/111] Linking CXX executable consumer_qcae_foundation_qcae_types_hpp
[63/111] Linking CXX executable consumer_qcae_foundation_qcae_operation_ledger_hpp
[64/111] Linking CXX executable consumer_qcae_contracts_qcae_application_types_hpp
[65/111] Linking CXX executable consumer_qcae_contracts_qcae_document_info_hpp
[66/111] Linking CXX executable consumer_qcae_contracts_qcae_profile_provider_hpp
[67/111] Linking CXX executable consumer_qcae_contracts_qcae_render_packet_hpp
[68/111] Building CXX object CMakeFiles/consumer_operation_contracts.dir/consumer_operation_contracts.cpp.o
[69/111] Linking CXX executable consumer_qcae_contracts_qcae_workspace_store_hpp
[70/111] Linking CXX executable consumer_qcae_contracts_qcae_record_store_hpp
[71/111] Linking CXX executable consumer_qcae_contracts_qcae_view_session_hpp
[72/111] Linking CXX executable consumer_qcae_contracts_qcae_resource_hpp
[73/111] Linking CXX executable consumer_qcae_contracts_qcae_solver_runner_hpp
[74/111] Linking CXX executable consumer_qcae_document_qcae_model_hpp
[75/111] Linking CXX executable consumer_qcae_document_qcae_model_codec_hpp
[76/111] Linking CXX executable consumer_qcae_document_qcae_model_delta_hpp
[77/111] Linking CXX executable consumer_qcae_document_qcae_state_codec_hpp
[78/111] Linking CXX executable consumer_qcae_document_qcae_read_view_hpp
[79/111] Linking CXX executable consumer_qcae_document_qcae_record_registry_hpp
[80/111] Linking CXX executable consumer_qcae_document_qcae_document_view_hpp
[81/111] Linking CXX executable consumer_qcae_document_qcae_edit_session_hpp
[82/111] Linking CXX executable consumer_qcae_document_qcae_records_hpp
[83/111] Linking CXX executable consumer_qcae_document_qcae_records_model_bridge_hpp
[84/111] Linking CXX executable consumer_qcae_application_qcae_record_application_hpp
[85/111] Linking CXX executable consumer_qcae_application_qcae_immutable_fact_map_hpp
[86/111] Linking CXX executable consumer_qcae_query_qcae_query_hpp
[87/111] Linking CXX executable consumer_qcae_query_qcae_render_projector_hpp
[88/111] Linking CXX executable consumer_qcae_nastran_qcae_nastran_codec_hpp
[89/111] Linking CXX executable consumer_qcae_nastran_qcae_nastran_package_hpp
[90/111] Linking CXX executable consumer_qcae_nastran_qcae_nastran_static_result_hpp
[91/111] Linking CXX executable consumer_qcae_sqlite_qcae_sqlite_store_hpp
[92/111] Linking CXX executable consumer_qcae_legacy_api_qcae_core_hpp
[93/111] Linking CXX executable consumer_qcae_legacy_api_qcae_legacy_migration_hpp
[94/111] Linking CXX executable consumer_qcae_parameters_qcae_quantities_hpp
[95/111] Linking CXX executable consumer_qcae_operations_qcae_operation_registry_hpp
[96/111] Linking CXX executable consumer_qcae_runtime_qcae_task_service_hpp
[97/111] Linking CXX executable consumer_qcae_task_application_qcae_task_application_hpp
[98/111] Linking CXX executable consumer_qcae_geometry_features_qcae_geometry_features_hpp
[99/111] Linking CXX executable consumer_qcae_mesh_generation_qcae_line_mesh_task_hpp
[100/111] Linking CXX executable consumer_qcae_material_features_qcae_material_operations_hpp
[101/111] Linking CXX executable consumer_qcae_mesh_editing_qcae_mesh_editing_operations_hpp
[102/111] Linking CXX executable consumer_qcae_analysis_features_qcae_analysis_features_hpp
[103/111] Linking CXX executable consumer_qcae_analysis_features_qcae_analysis_input_hpp
[104/111] Linking CXX executable consumer_qcae_artifacts_local_qcae_artifacts_local_hpp
[105/111] Linking CXX executable consumer_qcae_result_features_qcae_result_fixture_hpp
[106/111] Linking CXX executable consumer_qcae_result_features_qcae_result_service_hpp
[107/111] Linking CXX executable consumer_qcae_result_features_qcae_static_validation_hpp
[108/111] Linking CXX executable consumer_qcae_solver_local_qcae_solver_local_hpp
[109/111] Linking CXX executable consumer_generated_operations
[110/111] Linking CXX executable consumer_operation_contracts
