[0/2] Re-checking globbed directories...
[1/110] Building CXX object modules/document/CMakeFiles/qcae_document.dir/src/record_model_bridge.cpp.o
[2/110] Generating ../../generated/qcae/operation_inputs.hpp
[3/110] Building CXX object modules/document/CMakeFiles/qcae_document.dir/src/records_rules.cpp.o
[4/110] Linking CXX static library modules/document/libqcae_document.a
[5/110] Building CXX object features/analysis/CMakeFiles/qcae_analysis_features.dir/src/analysis_checks.cpp.o
[6/110] Building CXX object features/analysis/CMakeFiles/qcae_analysis_features.dir/src/analysis_operations.cpp.o
[7/110] Building CXX object features/analysis/CMakeFiles/qcae_analysis_features.dir/src/cantilever_checks.cpp.o
[8/110] Building CXX object features/analysis/CMakeFiles/qcae_analysis_features.dir/src/check_report.cpp.o
[9/110] Building CXX object features/analysis/CMakeFiles/qcae_analysis_features.dir/src/analysis_input.cpp.o
[10/110] Building CXX object features/analysis/CMakeFiles/qcae_analysis_features.dir/src/analysis_input_codec.cpp.o
[11/110] Building CXX object features/geometry/CMakeFiles/qcae_geometry_features.dir/src/geometry_features.cpp.o
[12/110] Building CXX object features/legacy_api/CMakeFiles/qcae_legacy_api.dir/src/core.cpp.o
[13/110] Building CXX object features/mesh_generation/CMakeFiles/qcae_mesh_generation.dir/src/line_mesh_task.cpp.o
[14/110] Building CXX object features/materials/CMakeFiles/qcae_material_features.dir/src/material_operations.cpp.o
[15/110] Linking CXX static library features/analysis/libqcae_analysis_features.a
[16/110] Building CXX object features/mesh_editing/CMakeFiles/qcae_mesh_editing.dir/src/mesh_editing_operations.cpp.o
[17/110] Building CXX object features/results/CMakeFiles/qcae_result_features.dir/src/result_codec.cpp.o
[18/110] Building CXX object features/results/CMakeFiles/qcae_result_features.dir/src/result_service.cpp.o
[19/110] Building CXX object features/results/CMakeFiles/qcae_result_features.dir/src/static_validation.cpp.o
[20/110] Building CXX object modules/query/CMakeFiles/qcae_query.dir/src/entity_queries.cpp.o
[21/110] Building CXX object modules/query/CMakeFiles/qcae_query.dir/src/query.cpp.o
[22/110] Building CXX object modules/query/CMakeFiles/qcae_query.dir/src/render_projector.cpp.o
[23/110] Linking CXX static library features/legacy_api/libqcae_legacy_api.a
[24/110] Linking CXX static library features/geometry/libqcae_geometry_features.a
[25/110] Linking CXX static library features/mesh_generation/libqcae_mesh_generation.a
[26/110] Linking CXX static library features/materials/libqcae_material_features.a
[27/110] Linking CXX static library features/mesh_editing/libqcae_mesh_editing.a
[28/110] Linking CXX static library features/results/libqcae_result_features.a
[29/110] Linking CXX static library modules/query/libqcae_query.a
[30/110] Building CXX object profiles/nastran/CMakeFiles/qcae_nastran.dir/src/nastran_package.cpp.o
[31/110] Linking CXX static library profiles/nastran/libqcae_nastran.a
[32/110] Building CXX object adapters/engine_api/CMakeFiles/qcae_engine_api.dir/src/ipc_api.cpp.o
[33/110] Building CXX object adapters/engine_api/CMakeFiles/qcae_engine_api.dir/src/ipc_model.cpp.o
[34/110] Building CXX object adapters/engine_api/CMakeFiles/qcae_engine_api.dir/src/result_api.cpp.o
[35/110] Building CXX object adapters/engine_api/CMakeFiles/qcae_engine_api.dir/src/engine_contributions.cpp.o
[36/110] Building CXX object adapters/engine_api/CMakeFiles/qcae_engine_api.dir/src/nastran_contribution.cpp.o
[37/110] Building CXX object apps/engine/CMakeFiles/qcae_engine_host.dir/engine_host.cpp.o
[38/110] Building CXX object adapters/engine_api/CMakeFiles/qcae_engine_api.dir/src/solver_contribution.cpp.o
[39/110] Linking CXX static library adapters/engine_api/libqcae_engine_api.a
[40/110] Building CXX object CMakeFiles/qcae_record_application_tests.dir/tests/record_application_tests.cpp.o
[41/110] Building CXX object CMakeFiles/qcae_operation_registry_tests.dir/tests/operation_registry_tests.cpp.o
[42/110] Building CXX object CMakeFiles/qcae_model_operation_tests.dir/tests/model_operation_tests.cpp.o
[43/110] Building CXX object CMakeFiles/qcae_record_query_tests.dir/tests/record_query_tests.cpp.o
[44/110] Building CXX object CMakeFiles/qcae_geometry_mesh_sqlite_tests.dir/tests/geometry_mesh_tests.cpp.o
[45/110] Building CXX object CMakeFiles/qcae_nastran_package_tests.dir/tests/nastran_package_tests.cpp.o
[46/110] Building CXX object CMakeFiles/qcae_skeleton_fault_tests.dir/tests/skeleton_fault_tests.cpp.o
[47/110] Building CXX object CMakeFiles/qcae_skeleton_representative_tests.dir/tests/skeleton_representative_tests.cpp.o
[48/110] Building CXX object CMakeFiles/qcae_render_service_tests.dir/tests/render_service_tests.cpp.o
[49/110] Building CXX object CMakeFiles/qcae_legacy_migration_tests.dir/tests/legacy_migration_tests.cpp.o
[50/110] Building CXX object CMakeFiles/qcae_engine_assembly_tests.dir/tests/engine_assembly_tests.cpp.o
[51/110] Building CXX object CMakeFiles/qcae_contributed_engine.dir/tests/contributed_engine_main.cpp.o
[52/110] Building CXX object CMakeFiles/qcae_change_event_tests.dir/tests/change_event_tests.cpp.o
[53/110] Building CXX object CMakeFiles/qcae_render_projector_tests.dir/tests/render_projector_tests.cpp.o
[54/110] Building CXX object CMakeFiles/qcae_event_stream_tests.dir/tests/event_stream_tests.cpp.o
[55/110] Building CXX object CMakeFiles/qcae_c3_locality_bench.dir/tests/c3_locality_bench.cpp.o
[56/110] Building CXX object CMakeFiles/qcae_c3_ledger_engine.dir/tests/c3_ledger_engine_main.cpp.o
[57/110] Building CXX object modules/document/CMakeFiles/qcae_record_document_tests.dir/__/__/tests/record_document_tests.cpp.o
[58/110] Building CXX object modules/runtime/CMakeFiles/qcae_runtime_tests.dir/__/__/tests/runtime_tests.cpp.o
[59/110] Building CXX object features/mesh_generation/CMakeFiles/qcae_geometry_mesh_tests.dir/__/__/tests/geometry_mesh_tests.cpp.o
[60/110] Building CXX object features/mesh_generation/CMakeFiles/qcae_line_mesh_regeneration_tests.dir/__/__/tests/line_mesh_regeneration_tests.cpp.o
[61/110] Building CXX object features/results/CMakeFiles/qcae_result_fixture_tests.dir/__/__/tests/result_fixture_tests.cpp.o
[62/110] Building CXX object features/analysis/CMakeFiles/qcae_analysis_check_tests.dir/__/__/tests/analysis_check_tests.cpp.o
[63/110] Building CXX object features/results/CMakeFiles/qcae_static_validation_tests.dir/__/__/tests/static_validation_tests.cpp.o
[64/110] Building CXX object adapters/engine_api/CMakeFiles/qcae_typed_host_tests.dir/__/__/tests/typed_host_tests.cpp.o
[65/110] Building CXX object adapters/engine_api/CMakeFiles/qcae_solver_result_store_tests.dir/__/__/tests/solver_result_store_tests.cpp.o
[66/110] Linking CXX static library apps/engine/libqcae_engine_host.a
[67/110] Linking CXX executable qcae_record_application_tests
[68/110] Linking CXX executable qcae_operation_registry_tests
[69/110] Linking CXX executable qcae_model_operation_tests
[70/110] Linking CXX executable qcae_quantity_entry_consistency_tests
[71/110] Linking CXX executable qcae_record_query_tests
[72/110] Linking CXX executable qcae_model_tests
[73/110] Linking CXX executable qcae_nastran_tests
[74/110] Linking CXX executable qcae_delta_tests
[75/110] Linking CXX executable qcae_persistence_tests
[76/110] Linking CXX executable qcae_query_tests
[77/110] Linking CXX executable qcae_core_tests
[78/110] Linking CXX executable qcae_contract_tests
[79/110] Linking CXX executable qcae_allocation_tests
[80/110] Linking CXX executable qcae_geometry_mesh_sqlite_tests
[81/110] Linking CXX executable qcae_nastran_package_tests
[82/110] Linking CXX executable qcae_skeleton_fault_tests
[83/110] Linking CXX executable qcae_skeleton_representative_tests
[84/110] Linking CXX executable qcae_legacy_migration_tests
[85/110] Linking CXX executable qcae_render_service_tests
[86/110] Linking CXX executable qcae_engine_assembly_tests
[87/110] Linking CXX executable qcae_contributed_engine
[88/110] Linking CXX executable qcae_change_event_tests
[89/110] Linking CXX executable qcae_render_projector_tests
[90/110] Linking CXX executable qcae_event_stream_tests
[91/110] Linking CXX executable qcae_c3_locality_bench
[92/110] Linking CXX executable qcae_c3_ledger_engine
[93/110] Linking CXX executable qcae_record_document_tests
[94/110] Linking CXX executable qcae_runtime_tests
[95/110] Linking CXX executable qcae_geometry_mesh_tests
[96/110] Linking CXX executable qcae_line_mesh_regeneration_tests
[97/110] Linking CXX executable qcae_analysis_check_tests
[98/110] Linking CXX executable qcae_result_fixture_tests
[99/110] Linking CXX executable qcae_static_validation_tests
[100/110] Linking CXX executable qcae_nastran_static_result_tests
[101/110] Linking CXX executable qcae_artifacts_local_tests
[102/110] Linking CXX executable qcae_solver_local_tests
[103/110] Linking CXX executable qcae_typed_host_tests
[104/110] Linking CXX executable qcae_resource_tests
[105/110] Linking CXX executable qcae_solver_version_probe_tests
[106/110] Linking CXX executable qcae_solver_result_store_tests
[107/110] Linking CXX executable qcae-engine
[108/110] Building CXX object adapters/engine_api/CMakeFiles/qcae_solver_numerical_validation_tests.dir/__/__/tests/solver_numerical_validation_tests.cpp.o
[109/110] Linking CXX executable qcae_solver_numerical_validation_tests
