-- The CXX compiler identification is AppleClang 21.0.0.21000101
-- Detecting CXX compiler ABI info
-- Detecting CXX compiler ABI info - done
-- Check for working CXX compiler: /usr/bin/c++ - skipped
-- Detecting CXX compile features
-- Detecting CXX compile features - done
-- Found Python3: /opt/homebrew/Frameworks/Python.framework/Versions/3.14/bin/python3.14 (found suitable version "3.14.7", minimum required is "3.10") found components: Interpreter
-- Performing Test CMAKE_HAVE_LIBC_PTHREAD
-- Performing Test CMAKE_HAVE_LIBC_PTHREAD - Success
-- Found Threads: TRUE
-- Found SQLite3: /opt/homebrew/Cellar/sqlite/3.53.4/lib/libsqlite3.dylib (found version "3.53.4")
-- Performing Test HAVE_STDATOMIC
-- Performing Test HAVE_STDATOMIC - Success
-- Found WrapAtomic: TRUE
-- Found OpenGL: /Library/Developer/CommandLineTools/SDKs/MacOSX.sdk/System/Library/Frameworks/OpenGL.framework
-- Found WrapOpenGL: TRUE
-- Could NOT find WrapVulkanHeaders (missing: Vulkan_INCLUDE_DIR) 
-- Could NOT find WrapVulkanHeaders (missing: Vulkan_INCLUDE_DIR) 
CMake Warning at /opt/homebrew/lib/cmake/Qt6/QtPublicDependencyHelpers.cmake:339 (message):
  This project is using headers of the GuiPrivate module and will therefore
  be tied to this specific Qt module build version.  Running this project
  against other versions of the Qt modules may crash at any arbitrary point.
  This is not a bug, but a result of using Qt internals.  You have been
  warned!

  You can disable this warning by setting QT_NO_PRIVATE_MODULE_WARNING to ON.
Call Stack (most recent call first):
  /opt/homebrew/opt/qt/lib/cmake/Qt6GuiPrivate/Qt6GuiPrivateConfig.cmake:48 (_qt_internal_show_private_module_warning)
  /opt/homebrew/opt/qt/lib/cmake/Qt6/Qt6Config.cmake:253 (find_package)
  CMakeLists.txt:341 (find_package)


-- Configuring done (1.4s)
-- Generating done (0.1s)
-- Build files have been written to: /private/tmp/qcae-c4-ext01-41/build-ext01-local
