{
  "protected_sample": [
    {
      "path": "adapters/engine_api/include/qcae/typed_host.hpp",
      "git_blob_oid": "c13aaf3dc8fdbd380072e0164d65c977097c271f",
      "mode": "100644",
      "bytes": 1508,
      "sha256": "ab68bdb6efeb173412461442a838035bed6a31f96d905cc443ddcc5666184ddc"
    }
  ],
  "generator_files": null,
  "generators": [
    {
      "path": "tools/generate_entities.py",
      "git_blob_oid": "0f665906765da4932552da9f5e44291ae77e0cb4",
      "mode": "100644",
      "bytes": 20283,
      "sha256": "a933e43099d3f192668afa744bb5417f6f6c1c5d9cf0289c247b0e7e87953831"
    },
    {
      "path": "tools/generate_operation_contracts.py",
      "git_blob_oid": "fe5a3dd120587b32001a7ab4bab3e89d63136c18",
      "mode": "100644",
      "bytes": 13706,
      "sha256": "7220e3bc61dfd9ad56de5346501f8d0cd159d868745913d926885001f0c5e228"
    },
    {
      "path": "tools/generate_operations.py",
      "git_blob_oid": "90fa73622f2f3c21e5fe6fb90113c2889e26fd8a",
      "mode": "100644",
      "bytes": 2800,
      "sha256": "792a7040f32d15221d8ccf5c2accc51a75be193cd088d4543c646413fc5081ae"
    },
    {
      "path": "tools/generate_profile.py",
      "git_blob_oid": "a9ae67751e5b3c525ef4cfc68ce5c23d1d5e2e3d",
      "mode": "100644",
      "bytes": 5795,
      "sha256": "9acd657fd0f21ec3de9e76910e62d2a3074e2774ad5b7df373410ab6f5aa1619"
    }
  ],
  "initial_context": {
    "files": [
      {
        "path": "AGENTS.md",
        "git_blob_oid": "254203af8a98e47ec9a38e468a146bf16e72bbd1",
        "mode": "100644",
        "bytes": 4101,
        "sha256": "674fb4f1000279629979d95120d2fd0c9ecaa3365b56f83caf9198b68b4621b2",
        "utf8_bytes": 4101,
        "delivered_utf8_bytes": 4138,
        "delivery_reads": 0,
        "source": "specified_commit_blob"
      },
      {
        "path": "docs/engineering/c4-executor-task.md",
        "git_blob_oid": "1045af0db388a7f01d8d33898e484e9deb854e8b",
        "mode": "100644",
        "bytes": 6730,
        "sha256": "4a10cf3480f9b6089b07c5a07b04a29b74b0d92daf4a6375bcecb5618399d9e3",
        "utf8_bytes": 6730,
        "delivered_utf8_bytes": 6794,
        "delivery_reads": 0,
        "source": "specified_commit_blob"
      },
      {
        "path": "schemas/entities/entities.json",
        "git_blob_oid": "90a3e0f97dd393b0b05d15c891624a6663ecef92",
        "mode": "100644",
        "bytes": 11727,
        "sha256": "46199749319ca49ae72397d13e1df951ec48d62e9e1c11bd725227cd905c9400",
        "utf8_bytes": 11727,
        "delivered_utf8_bytes": 11786,
        "delivery_reads": 0,
        "source": "specified_commit_blob"
      },
      {
        "path": "schemas/operations/basic.json",
        "git_blob_oid": "8f715dcb1b2add93931d4192250f2292d7cd736f",
        "mode": "100644",
        "bytes": 7535,
        "sha256": "ebce3dd2858bfebcd3929b3a4552578a3af434f1089ea4e64daaaaadeb320a12",
        "utf8_bytes": 7535,
        "delivered_utf8_bytes": 7592,
        "delivery_reads": 0,
        "source": "specified_commit_blob"
      },
      {
        "path": "features/mesh_editing/src/mesh_editing_operations.cpp",
        "git_blob_oid": "3e1ea2466face4559dd828aca67c7e0495ab4678",
        "mode": "100644",
        "bytes": 5475,
        "sha256": "0a75646d53ce8aedcf1f511bff2ef82792e8b8e2422c25be4879f32934bf26b2",
        "utf8_bytes": 5475,
        "delivered_utf8_bytes": 5556,
        "delivery_reads": 0,
        "source": "specified_commit_blob"
      },
      {
        "path": "modules/document/include/qcae/edit_session.hpp",
        "git_blob_oid": "3c62376ee56057d7e55ccc57443e81333fc1e1a0",
        "mode": "100644",
        "bytes": 1602,
        "sha256": "c36db4aa0ad2373b19972a22400372bb064809cdcc4f4e4d0a8398e0db1ecafd",
        "utf8_bytes": 1602,
        "delivered_utf8_bytes": 1676,
        "delivery_reads": 0,
        "source": "specified_commit_blob"
      },
      {
        "path": "modules/contracts/include/qcae/render_packet.hpp",
        "git_blob_oid": "f333eb10111cb3b55cd2aa9171218e42509af205",
        "mode": "100644",
        "bytes": 2287,
        "sha256": "03830948c5a2e117b6fbf016f0ca65e5e53a47161f20b275e66df7c95cf11137",
        "utf8_bytes": 2287,
        "delivered_utf8_bytes": 2363,
        "delivery_reads": 0,
        "source": "specified_commit_blob"
      },
      {
        "path": "modules/query/include/qcae/render_projector.hpp",
        "git_blob_oid": "e206699fadac53790b5332e38c4e91cdc9c60c99",
        "mode": "100644",
        "bytes": 2621,
        "sha256": "04b7a2f9fedb063be23850e5e1ccf05a79413dbecabebac671682849b18b76ad",
        "utf8_bytes": 2621,
        "delivered_utf8_bytes": 2696,
        "delivery_reads": 0,
        "source": "specified_commit_blob"
      }
    ],
    "file_count": 8,
    "content_utf8_bytes": 42078,
    "delivered_utf8_bytes": 42601,
    "delivery_encoding": "c4_context_read.py heading + exact UTF8 blob + optional trailing newline",
    "delivery_state": "planned bytes verified; no executor context has been delivered by this tool",
    "subsequent_read_bytes": null,
    "tokens": null
  }
}
