['schema', 'mechanism_frozen', 'baseline_commit', 'baseline_git_tree_oid', 'source_tree_sha256', 'source_tree_hash_algorithm', 'source_tree_roots', 'committed_source_files', 'manifest_relationship', 'initial_context', 'protected_definition', 'protected_files', 'protected_file_count', 'generators', 'generator_count', 'generator_rule', 'immutable_fixtures', 'unchanged_copy_targets', 'environment_manifest', 'execution_spec_sha256', 'quality_gates', 'build_matrix', 'verified_evidence_artifacts', 'working_tree', 'complete_sk12_passed', 'complete_c3_passed', 'whole_pipeline_owned_copy_coverage', 'sk13_passed', 'extensions_executed_by_tool', 'p0_passed', 'validation_scope']
{
  "baseline_commit": "b740b374c934f3b4624a21247b9a5deeb2ca6bf4",
  "mechanism_frozen": true,
  "generator_files": null,
  "generators": [
    {
      "path": "tools/generate_entities.py",
      "git_blob_oid": "0f665906765da4932552da9f5e44291ae77e0cb4",
      "mode": "100644",
      "bytes": 20283,
      "sha256": "a933e43099d3f192668afa744bb5417f6f6c1c5d9cf0289c247b0e7e87953831"
    },
    {
      "path": "tools/generate_operation_contracts.py",
      "git_blob_oid": "fe5a3dd120587b32001a7ab4bab3e89d63136c18",
      "mode": "100644",
      "bytes": 13706,
      "sha256": "7220e3bc61dfd9ad56de5346501f8d0cd159d868745913d926885001f0c5e228"
    },
    {
      "path": "tools/generate_operations.py",
      "git_blob_oid": "90fa73622f2f3c21e5fe6fb90113c2889e26fd8a",
      "mode": "100644",
      "bytes": 2800,
      "sha256": "792a7040f32d15221d8ccf5c2accc51a75be193cd088d4543c646413fc5081ae"
    },
    {
      "path": "tools/generate_profile.py",
      "git_blob_oid": "a9ae67751e5b3c525ef4cfc68ce5c23d1d5e2e3d",
      "mode": "100644",
      "bytes": 5795,
      "sha256": "9acd657fd0f21ec3de9e76910e62d2a3074e2774ad5b7df373410ab6f5aa1619"
    }
  ],
  "environment": null,
  "build_commands": null,
  "commands": null
}
protected: ['adapters/engine_api/include/qcae/typed_host.hpp', 'adapters/engine_api/src/typed_host.cpp', 'adapters/engine_api/src/typed_json.hpp', 'adapters/storage_sqlite/include/qcae/sqlite_store.hpp', 'adapters/storage_sqlite/src/ledger_vfs.hpp', 'adapters/storage_sqlite/src/sqlite_store.cpp', 'adapters/transport_local/include/qcae/json_ledger.hpp', 'adapters/transport_local/include/qcae/local_endpoint.hpp', 'adapters/transport_local/include/qcae/render_wire.hpp', 'apps/engine/engine_host.cpp', 'apps/engine/include/qcae/engine_host.hpp', 'modules/application/include/qcae/immutable_fact_map.hpp', 'modules/application/include/qcae/record_application.hpp', 'modules/application/src/application_state.cpp', 'modules/application/src/application_state.hpp', 'modules/application/src/core.cpp', 'modules/clients/include/qcae/desktop_client.hpp', 'modules/clients/include/qcae/resource_client.hpp', 'modules/clients/src/desktop_client.cpp', 'modules/clients/src/resource_client.cpp', 'modules/document/include/qcae/document_view.hpp', 'modules/document/include/qcae/edit_session.hpp', 'modules/document/include/qcae/record_registry.hpp', 'modules/document/src/document_view.cpp', 'modules/document/src/edit_session.cpp', 'modules/document/src/record_registry.cpp', 'modules/operations/include/qcae/operation_registry.hpp', 'modules/operations/src/canonical_value.cpp', 'modules/operations/src/change_receipt_value.cpp', 'modules/operations/src/operation_registry.cpp', 'modules/runtime/include/qcae/task_service.hpp', 'modules/runtime/record_application/include/qcae/task_application.hpp', 'modules/runtime/record_application/src/task_application.cpp', 'modules/runtime/src/task_record.cpp', 'modules/runtime/src/task_service.cpp', 'tools/generate_entities.py', 'tools/generate_operation_contracts.py', 'tools/generate_operations.py', 'tools/generate_profile.py']
