modules/query/src/query_legacy.cpp
modules/query/src/render_projector.cpp
modules/query/src/entity_queries.cpp
modules/query/src/query.cpp
modules/query/README.md
tests/line_mesh_regeneration_tests.cpp
tests/persistence_tests.cpp
tests/record_document_tests.cpp
tests/harfbuzz_source_copy_probe.py
tests/analysis_check_tests.cpp
tests/prepare_c3_qt_freetype_hash_tranche.py
tests/qt_widget_copy_probe.cpp
tests/typed_host_tests.cpp
tests/render_service_tests.cpp
tests/c3_locality_bench.cpp
tests/skeleton_representative_ipc_tests.py
tests/operation_registry_tests.cpp
tests/c3_ledger_contribution.hpp
tests/sqlite_tests.cpp
tests/real_ai_mcp_physics_scenarios.py
tests/geometry_mesh_tests.cpp
tests/quantity_entry_consistency_tests.cpp
tests/c3_host_frame_ledger_tests.py
tests/real_ai_mcp_clarification.py
tests/modeling_tools_tests.cpp
tests/test_operation_generation.py
tests/core_tests.cpp
tests/c3_end_to_end_bench.cpp
tests/entity_query_ipc_tests.py
tests/contributed_engine_main.cpp
tests/desktop_smoke.py
tests/thin_script_write.py
modules/query/include/qcae/query.hpp
modules/query/include/qcae/render_projector.hpp
modules/query/CMakeLists.txt
tests/fixtures/nastran-real-benchmark-v1/cantilever.bdf
tests/fixtures/nastran-real-benchmark-v1/nodes.bdf
tests/fixtures/nastran-real-benchmark-v1/beams.bdf
tests/fixtures/nastran-real-benchmark-v1/reference.json
tests/fixtures/nastran-real-benchmark-v1/properties.bdf
tests/parameter_tests.cpp
tests/fixtures/nastran/cantilever.bdf
tests/c3_sqlite_copy_bridge_tests.cpp
tests/solver_local_tests.cpp
tests/model_operation_tests.cpp
tests/qt_freetype_store_probe.cpp
tests/mac_package_smoke.py
tests/prepare_c3_harfbuzz_sdk_ledger.py
tests/skeleton_fault_tests.cpp
tests/test_entity_generation.py
tests/real_ai_mcp_units_workflow.py
tests/prepare_c3_qt_text_tranche.py
tests/contract_tests.cpp
tests/fixtures/nastran/properties.bdf
tests/c3_sync_ipc_tests.py
tests/event_client_tests.cpp
tests/c3_ledger_engine_main.cpp
tests/static_validation_tests.cpp
tests/query_tests.cpp
tests/test_macos_package.py
tests/qt_font_backend_behavior_probe.cpp
tests/prepare_c3_qt_freetype_store_tranche.py
tests/prepare_c3_sqlite_ledger.py
tests/result_fixture_tests.cpp
tests/mcp_protocol_tests.py
tests/vtk_shift_scale_copy_tests.cpp
tests/real_ai_mcp_session.py
tests/render_projector_tests.cpp
tests/solver_version_probe_tests.cpp
tests/qt_freetype_glyph_causal_probe.cpp
tests/solver_run_ipc_tests.py
tests/test_acceptance_checker.py
tests/event_stream_tests.cpp
tests/analysis_check_ipc_tests.py
tests/c3_qt_source_bridge_tests.cpp
tests/c3_graphics_bench.cpp
tests/runtime_test_support.hpp
tests/resource_tests.cpp
tests/engine_assembly_tests.cpp
tests/m1_ipc_tests.py
tests/prepare_c3_harfbuzz_alias_tranche.py
tests/c3_desktop_workflow_tests.cpp
tests/engine_test_contribution.hpp
tests/nastran_artifact_ipc_tests.py
tests/prepare_c3_qt_freetype_metrics_tranche.py
tests/skeleton_fault_ipc_tests.py
tests/qt_text_ledger_probe.cpp
tests/c3_task_ack_bench.py
tests/artifacts_local_tests.cpp
tests/delta_tests.cpp
tests/c2_workflow_tests.py
tests/render_wire_tests.cpp
tests/nastran_package_tests.cpp
tests/change_event_tests.cpp
tests/fixtures/nastran/mesh/nodes.bdf
tests/solver_numerical_validation_tests.cpp
tests/fixtures/nastran/mesh/beams.bdf
tests/solver_result_store_tests.cpp
tests/prepare_c3_qt_glyph_tranche.py
tests/skeleton_fault_report.py
tests/fixtures/vtk-pick-matrix-v1.json
tests/mcp_bridge_tests.py
tests/c3_tool_lifecycle_tests.cpp
tests/c3_sqlite_copy_bridge.h
tests/m23_ipc_tests.py
tests/skeleton_representative_tests.cpp
tests/skeleton_fault_client_tests.cpp
tests/nastran_tests.cpp
tests/prepare_c3_vtk_qt_sdk.py
tests/result_fixture_ipc_tests.py
tests/nastran_disabled_ipc_tests.py
tests/allocation_tests.cpp
tests/record_application_tests.cpp
tests/prepare_c3_harfbuzz_typed_tranche.py
tests/test_c4_freeze.py
tests/skeleton_workflow_ipc_tests.py
tests/desktop_selection_tests.cpp
tests/prepare_c3_qt_sdk_ledger.py
tests/test_architecture_gate.py
tests/c3_sqlite_copy_bridge.cpp
tests/c3_qt_source_bridge.hpp
tests/qt_freetype_hash_probe.cpp
tests/ipc_tests.py
tests/force_vector_ipc_tests.py
tests/legacy_migration_tests.cpp
tests/runtime_tests.cpp
tests/json_ledger_tests.cpp
tests/record_store_tests.cpp
tests/engine_contributions_ipc_tests.py
tests/c3_display_ipc_tests.py
tests/model_tests.cpp
tests/record_query_tests.cpp
tests/skeleton_workflow_compare.py
tests/nastran_static_result_tests.cpp
tests/desktop_tests.cpp
tests/vtk_coordinate_range_tests.cpp
tests/fixtures/c3-tool-lifecycle-v1.json
tests/qt_source_copy_probe.cpp
tests/test_profile_identity.py
tests/public_api_consumers/README.md
tests/public_api_consumers/CMakeLists.txt
tests/fixtures/results/R-displacement-v1.json
tests/fixtures/nastran-real-benchmark-v3/cantilever.bdf
tests/fixtures/nastran-real-benchmark-v3/nodes.bdf
tests/fixtures/nastran-real-benchmark-v3/beams.bdf
tests/fixtures/nastran-real-benchmark-v3/reference.json
tests/fixtures/nastran-real-benchmark-v3/properties.bdf
modules/application/src/application_state.cpp
modules/application/src/core.cpp
modules/application/src/application_state.hpp
modules/application/README.md
tests/fixtures/nastran-real-benchmark-v2/cantilever.bdf
tests/fixtures/nastran-real-benchmark-v2/nodes.bdf
tests/fixtures/nastran-real-benchmark-v2/beams.bdf
tests/fixtures/nastran-real-benchmark-v2/reference.json
tests/fixtures/nastran-real-benchmark-v2/properties.bdf
modules/application/CMakeLists.txt
modules/contracts/README.md
modules/application/include/qcae/immutable_fact_map.hpp
modules/application/include/qcae/record_application.hpp
modules/targets.json
modules/contracts/CMakeLists.txt
modules/document/CMakeLists.txt
modules/parameters/src/quantities.cpp
modules/parameters/README.md
modules/foundation/README.md
modules/contracts/include/qcae/resource.hpp
modules/contracts/include/qcae/record_store.hpp
modules/contracts/include/qcae/render_packet.hpp
modules/contracts/include/qcae/document_info.hpp
modules/contracts/include/qcae/solver_runner.hpp
modules/contracts/include/qcae/application_types.hpp
modules/contracts/include/qcae/workspace_store.hpp
modules/contracts/include/qcae/profile_provider.hpp
modules/contracts/include/qcae/view_session.hpp
modules/document/src/document_view.cpp
modules/document/src/model.cpp
modules/document/src/record_registry.cpp
modules/document/src/edit_session.cpp
modules/document/src/model_delta.cpp
modules/document/src/state_codec.cpp
modules/document/src/records_rules.cpp
modules/document/src/record_model_bridge.cpp
modules/document/README.md
modules/parameters/include/qcae/quantities.hpp
modules/parameters/CMakeLists.txt
modules/source-migration.json
modules/operations/src/canonical_value.cpp
modules/operations/src/change_receipt_value.cpp
modules/operations/src/operation_registry.cpp
modules/operations/README.md
tests/fixtures/legacy/saved-beam.qcae
tests/fixtures/legacy/redo-workspace.ipc.json
tests/fixtures/legacy/unsaved-workspace.expected.json
tests/fixtures/legacy/saved-beam.expected.json
tests/fixtures/legacy/saved-organization.qcae
tests/fixtures/legacy/all-supported-entities.qcae
tests/fixtures/legacy/saved-empty.expected.json
tests/fixtures/legacy/saved-empty.ipc.json
tests/fixtures/legacy/unsaved-workspace.ipc.json
tests/fixtures/legacy/saved-organization.expected.json
tests/fixtures/legacy/saved-empty.qcae
tests/fixtures/legacy/unsaved-workspace.sqlite
tests/fixtures/legacy/all-supported-entities.expected.json
tests/fixtures/legacy/redo-workspace.sqlite
tests/fixtures/legacy/redo-workspace.expected.json
tests/fixtures/legacy/verification.json
tests/fixtures/legacy/manifest.json
tests/fixtures/legacy/all-supported-entities.ipc.json
tests/fixtures/legacy/saved-beam.ipc.json
tests/fixtures/legacy/saved-organization.ipc.json
modules/clients/CMakeLists.txt
modules/clients/README.md
modules/clients/src/desktop_client.cpp
modules/clients/src/resource_client.cpp
modules/foundation/include/qcae/operation_ledger.hpp
modules/foundation/include/qcae/types.hpp
modules/foundation/CMakeLists.txt
modules/operations/CMakeLists.txt
tests/fixtures/legacy/inputs/cantilever.bdf
tests/fixtures/legacy/inputs/properties.bdf
tests/fixtures/legacy/inputs/mesh/nodes.bdf
tests/fixtures/legacy/inputs/mesh/beams.bdf
modules/operations/include/qcae/operation_registry.hpp
modules/clients/include/qcae/resource_client.hpp
modules/clients/include/qcae/desktop_client.hpp
modules/document/include/qcae/document_view.hpp
modules/document/include/qcae/records.hpp
modules/document/include/qcae/model_codec.hpp
modules/document/include/qcae/state_codec.hpp
modules/document/include/qcae/model.hpp
modules/document/include/qcae/model_delta.hpp
modules/document/include/qcae/edit_session.hpp
modules/document/include/qcae/records_model_bridge.hpp
modules/document/include/qcae/read_view.hpp
modules/document/include/qcae/record_registry.hpp
modules/runtime/src/task_service.cpp
modules/runtime/src/task_record.cpp
modules/runtime/record_application/src/task_application.cpp
modules/runtime/include/qcae/task_service.hpp
modules/runtime/CMakeLists.txt
modules/runtime/README.md
modules/runtime/record_application/include/qcae/task_application.hpp
