{
  "baseline_commit": "b740b374c934f3b4624a21247b9a5deeb2ca6bf4",
  "protected_file_count": 39,
  "protected_touch_count": 0,
  "generators": [
    {
      "path": "tools/generate_entities.py",
      "sha256": "a933e43099d3f192668afa744bb5417f6f6c1c5d9cf0289c247b0e7e87953831",
      "unchanged": true
    },
    {
      "path": "tools/generate_operation_contracts.py",
      "sha256": "7220e3bc61dfd9ad56de5346501f8d0cd159d868745913d926885001f0c5e228",
      "unchanged": true
    },
    {
      "path": "tools/generate_operations.py",
      "sha256": "792a7040f32d15221d8ccf5c2accc51a75be193cd088d4543c646413fc5081ae",
      "unchanged": true
    },
    {
      "path": "tools/generate_profile.py",
      "sha256": "9acd657fd0f21ec3de9e76910e62d2a3074e2774ad5b7df373410ab6f5aa1619",
      "unchanged": true
    }
  ],
  "changed_paths": [
    "adapters/engine_api/src/ipc_model.cpp",
    "features/materials/include/qcae/material_operations.hpp",
    "features/materials/src/material_operations.cpp",
    "modules/document/include/qcae/records.hpp",
    "schemas/entities/entities.json",
    "schemas/operations/basic.json",
    "tests/model_operation_tests.cpp",
    "tests/record_document_tests.cpp"
  ]
}
