                            before_edit, "move")
                assert client.fields(node_ids[5])["position"] == [500, 1, 0]
                client.call("history.undo", context=client.current(), key="undo")
                assert client.fields(node_ids[5])["position"] == [500, 0, 0]
                client.call("history.redo", context=client.current(), key="redo")
                assert client.fields(node_ids[5])["position"] == [500, 1, 0]
                assert int(client.current()["revision"]) == int(before_edit["revision"]) + 3
                client.call("node.move", {"entity_id": node_ids[5], "position_mm": [500, 2, 0]},
                            before_edit, "stale-move", expected="conflict")
                identities = {line["entity_id"]: "geometry", material["entity_id"]: "material",
                              section["entity_id"]: "section"}
                identities.update({identity: f"node-{index}" for index, identity in enumerate(node_ids)})
                mesh_entities = client.entities("mesh")
                assert len(mesh_entities) == 1
                identities[mesh_entities[0]["entity_id"]] = "mesh"
                beam_fields = {b["entity_id"]: client.fields(b["entity_id"]) for b in beams}
                beam_ids = sorted(beam_fields, key=lambda identity: node_ids.index(beam_fields[identity]["nodes"][0]))
                identities.update({identity: f"beam-{index}" for index, identity in enumerate(beam_ids)})
                for index, identity in enumerate(beam_ids):
                    assert beam_fields[identity]["nodes"] == node_ids[index:index + 2]
                    assert beam_fields[identity]["section"] == section["entity_id"]
                def model():
                    return {name: canonical(client.fields(identity), identities)
                            for identity, name in sorted(identities.items(), key=lambda item: item[1])}
                baseline = model()
                project = str(root / "line.qcae")
                saved = client.call("project.save", {"path": project}, client.current(), "save")
                assert not saved["dirty"]
                client.call("material.set_young_modulus",
                            {"entity_id": material["entity_id"], "young_modulus": {"value": 200, "unit": "GPa"}},
                            client.current(), "unsaved-E")
                before_crash = client.current()
                changed = model()
                process.kill()
                process.wait(timeout=10)
                assert start()["recovery_available"]
                recovered = client.call("project.open", {"mode": "recover"}, key="recover")
                assert recovered["document_id"] == before_crash["document_id"]
                assert recovered["document_epoch"] != before_crash["document_epoch"]
                assert recovered["revision"] == before_crash["revision"] and recovered["dirty"]
                assert model() == changed
                restored_task = client.call("task.status", {"task_id": task["task_id"]}, recovered)
                assert restored_task["state"] == "succeeded" and restored_task["receipt"] == task["receipt"]
                fact = client.call("operations.get", {"lookup_scope": "document",
                                   "original_operation": "material.create", "idempotency_key": "material"}, recovered)
                assert fact["entity_id"] == material["entity_id"]
                assert fact["transaction_id"] == material["transaction_id"]
                client.call("history.undo", context=before_crash, key="old-epoch", expected="conflict")
                client.call("history.undo", context=client.current(), key="undo-unsaved")
                assert model() == baseline and not client.current()["dirty"]
                client.call("project.close", {"policy": "discard"}, client.current(), "close")
                opened = client.call("project.open", {"mode": "normal", "path": project}, key="normal-open")
                assert opened["document_id"] != recovered["document_id"] and opened["revision"] == "0"
                assert model() == baseline
                summary = client.call("model.summary", context=opened)
                assert summary["geometry_count"] == 1 and summary["mesh_count"] == 1
                digest = hashlib.sha256(json.dumps(baseline, sort_keys=True).encode()).hexdigest()
                result = {"mode": mode, "run": number, "passed": True, "semantic_sha256": digest,
                          "nodes": 11, "beams": 10, "task_state": restored_task["state"],
                          "recovery_verified": True, "normal_open_verified": True,
                          "requests": len(client.transcript)}
                print(json.dumps(result), flush=True)
                return result, baseline
            finally:
                if process and process.poll() is None:
                    process.terminate()
                    process.wait(timeout=10)
                if evidence:
                    evidence.mkdir(parents=True, exist_ok=True)
                    (evidence / f"{mode}-{number}-transcript.json").write_text(json.dumps(client.transcript, indent=2) + "\n")
                    log.flush()
                    log.seek(0)
                    (evidence / f"{mode}-{number}-engine.log").write_text(log.read())


def main():
    parser = argparse.ArgumentParser(description=__doc__)
    parser.add_argument("--engine", required=True)
    parser.add_argument("--cli", required=True)
    parser.add_argument("--evidence-dir", type=Path)
    args = parser.parse_args()
    results, golden = [], None
    for mode in ("cli", "script"):
        for run in range(1, 4):
            result, model = run_once(str(Path(args.engine).resolve()), str(Path(args.cli).resolve()),
                                     mode, run, args.evidence_dir)
            if golden is None:
                golden = model
            assert model == golden, (mode, run, "cross-entry engineering semantics differ")
            results.append(result)
    report = {"checkpoint": "C2", "passed": len(results), "total": 6,
              "semantic_differences": 0, "runs": results}
    if args.evidence_dir:
        (args.evidence_dir / "workflow-report.json").write_text(json.dumps(report, indent=2) + "\n")
    print("PASS: C2 CLI/script SQLite workflows 6/6; semantic differences 0")


if __name__ == "__main__":
