********* Start testing of Workflow *********
Config: Using QtTest library 6.11.1, Qt 6.11.1 (arm64-little_endian-lp64 shared (dynamic) release build; by Apple LLVM 21.0.0 (clang-2100.0.123.102)), macos 26.6.2
PASS   : Workflow::initTestCase()
2026-10-01 09:03:40.732 workflow-new-ui[16386:41802093] error messaging the mach port for IMKCFRunLoopWakeUpReliable
PASS   : Workflow::propertyRepliesWaitForAuthoritativeRefresh(row-revision)
PASS   : Workflow::propertyRepliesWaitForAuthoritativeRefresh(row-missing-summary)
PASS   : Workflow::propertyRepliesWaitForAuthoritativeRefresh(row-document)
PASS   : Workflow::propertyRepliesWaitForAuthoritativeRefresh(row-epoch)
PASS   : Workflow::propertyRepliesWaitForAuthoritativeRefresh(row-gap)
PASS   : Workflow::propertyRepliesWaitForAuthoritativeRefresh(manual-revision)
PASS   : Workflow::propertyRepliesWaitForAuthoritativeRefresh(manual-missing-summary)
PASS   : Workflow::propertyRepliesWaitForAuthoritativeRefresh(manual-document)
PASS   : Workflow::propertyRepliesWaitForAuthoritativeRefresh(manual-epoch)
PASS   : Workflow::propertyRepliesWaitForAuthoritativeRefresh(manual-gap)
PASS   : Workflow::propertyRepliesWaitForAuthoritativeRefresh(automatic-revision)
PASS   : Workflow::propertyRepliesWaitForAuthoritativeRefresh(automatic-missing-summary)
PASS   : Workflow::propertyRepliesWaitForAuthoritativeRefresh(automatic-document)
PASS   : Workflow::propertyRepliesWaitForAuthoritativeRefresh(automatic-epoch)
PASS   : Workflow::propertyRepliesWaitForAuthoritativeRefresh(automatic-gap)
PASS   : Workflow::propertyRepliesWaitForAuthoritativeRefresh(ready-revision)
PASS   : Workflow::propertyRepliesWaitForAuthoritativeRefresh(ready-missing-summary)
PASS   : Workflow::propertyRepliesWaitForAuthoritativeRefresh(ready-document)
PASS   : Workflow::propertyRepliesWaitForAuthoritativeRefresh(ready-epoch)
PASS   : Workflow::propertyRepliesWaitForAuthoritativeRefresh(ready-gap)
PASS   : Workflow::propertyReplyVersionsMatchRequestedContext(row-data-new)
PASS   : Workflow::propertyReplyVersionsMatchRequestedContext(row-envelope-new)
PASS   : Workflow::propertyReplyVersionsMatchRequestedContext(row-missing)
PASS   : Workflow::propertyReplyVersionsMatchRequestedContext(row-fraction)
PASS   : Workflow::propertyReplyVersionsMatchRequestedContext(row-negative)
PASS   : Workflow::propertyReplyVersionsMatchRequestedContext(row-document)
PASS   : Workflow::propertyReplyVersionsMatchRequestedContext(row-epoch)
PASS   : Workflow::propertyReplyVersionsMatchRequestedContext(manual-data-new)
PASS   : Workflow::propertyReplyVersionsMatchRequestedContext(manual-envelope-new)
PASS   : Workflow::propertyReplyVersionsMatchRequestedContext(manual-missing)
PASS   : Workflow::propertyReplyVersionsMatchRequestedContext(manual-fraction)
PASS   : Workflow::propertyReplyVersionsMatchRequestedContext(manual-negative)
PASS   : Workflow::propertyReplyVersionsMatchRequestedContext(manual-document)
PASS   : Workflow::propertyReplyVersionsMatchRequestedContext(manual-epoch)
PASS   : Workflow::propertyReplyVersionsMatchRequestedContext(automatic-data-new)
PASS   : Workflow::propertyReplyVersionsMatchRequestedContext(automatic-envelope-new)
PASS   : Workflow::propertyReplyVersionsMatchRequestedContext(automatic-missing)
PASS   : Workflow::propertyReplyVersionsMatchRequestedContext(automatic-fraction)
PASS   : Workflow::propertyReplyVersionsMatchRequestedContext(automatic-negative)
PASS   : Workflow::propertyReplyVersionsMatchRequestedContext(automatic-document)
PASS   : Workflow::propertyReplyVersionsMatchRequestedContext(automatic-epoch)
PASS   : Workflow::propertyReplyVersionsMatchRequestedContext(row-legacy-numeric)
PASS   : Workflow::propertyReplyVersionsMatchRequestedContext(manual-legacy-numeric)
PASS   : Workflow::cleanupTestCase()
Totals: 45 passed, 0 failed, 0 skipped, 0 blacklisted, 150889ms
********* Finished testing of Workflow *********
