[0/2] Re-checking globbed directories...
[1/160] Generating ../../generated/qcae/operations.hpp
[2/160] Generating ../../generated/qcae/operation_inputs.hpp
[3/160] Building CXX object qcae/modules/document/CMakeFiles/qcae_document.dir/src/model.cpp.o
[4/160] Building CXX object qcae/modules/document/CMakeFiles/qcae_document.dir/src/model_delta.cpp.o
[5/160] Building CXX object qcae/modules/document/CMakeFiles/qcae_document.dir/src/state_codec.cpp.o
[6/160] Building CXX object qcae/modules/document/CMakeFiles/qcae_document.dir/src/record_registry.cpp.o
[7/160] Building CXX object qcae/modules/document/CMakeFiles/qcae_document.dir/src/edit_session.cpp.o
[8/160] Building CXX object qcae/modules/document/CMakeFiles/qcae_document.dir/src/document_view.cpp.o
[9/160] Building CXX object qcae/modules/document/CMakeFiles/qcae_document.dir/src/record_model_bridge.cpp.o
[10/160] Building CXX object qcae/modules/document/CMakeFiles/qcae_document.dir/src/records_rules.cpp.o
[11/160] Linking CXX static library qcae/modules/document/libqcae_document.a
[12/160] Building CXX object qcae/modules/application/CMakeFiles/qcae_application.dir/src/core.cpp.o
[13/160] Building CXX object qcae/modules/application/CMakeFiles/qcae_application.dir/src/application_state.cpp.o
[14/160] Building CXX object qcae/modules/parameters/CMakeFiles/qcae_parameters.dir/src/quantities.cpp.o
[15/160] Building CXX object qcae/modules/operations/CMakeFiles/qcae_operations.dir/src/canonical_value.cpp.o
[16/160] Building CXX object qcae/modules/operations/CMakeFiles/qcae_operations.dir/src/change_receipt_value.cpp.o
[17/160] Building CXX object qcae/modules/operations/CMakeFiles/qcae_operations.dir/src/operation_registry.cpp.o
[18/160] Building CXX object qcae/modules/runtime/CMakeFiles/qcae_runtime.dir/src/task_record.cpp.o
[19/160] Linking CXX static library qcae/modules/application/libqcae_application.a
[20/160] Linking CXX static library qcae/modules/parameters/libqcae_parameters.a
[21/160] Linking CXX static library qcae/modules/operations/libqcae_operations.a
[22/160] Building CXX object qcae/modules/runtime/CMakeFiles/qcae_runtime.dir/src/task_service.cpp.o
[23/160] Linking CXX static library qcae/modules/runtime/libqcae_runtime.a
[24/160] Building CXX object qcae/modules/runtime/CMakeFiles/qcae_task_application.dir/record_application/src/task_application.cpp.o
[25/160] Building CXX object qcae/features/analysis/CMakeFiles/qcae_analysis_features.dir/src/analysis_checks.cpp.o
[26/160] Building CXX object qcae/features/analysis/CMakeFiles/qcae_analysis_features.dir/src/analysis_operations.cpp.o
[27/160] Building CXX object qcae/features/analysis/CMakeFiles/qcae_analysis_features.dir/src/cantilever_checks.cpp.o
[28/160] Building CXX object qcae/features/analysis/CMakeFiles/qcae_analysis_features.dir/src/check_report.cpp.o
[29/160] Building CXX object qcae/features/analysis/CMakeFiles/qcae_analysis_features.dir/src/analysis_input.cpp.o
[30/160] Generating generated/qcae/nastran_digest.hpp
[31/160] Building CXX object qcae/features/analysis/CMakeFiles/qcae_analysis_features.dir/src/analysis_input_codec.cpp.o
[32/160] Building CXX object qcae/adapters/artifacts_local/CMakeFiles/qcae_artifacts_local.dir/src/artifacts_local.cpp.o
[33/160] Building CXX object qcae/features/legacy_api/CMakeFiles/qcae_legacy_api.dir/src/legacy_state.cpp.o
[34/160] Building CXX object qcae/features/legacy_api/CMakeFiles/qcae_legacy_api.dir/src/core.cpp.o
[35/160] Linking CXX static library qcae/modules/runtime/libqcae_task_application.a
[36/160] Building CXX object qcae/features/geometry/CMakeFiles/qcae_geometry_features.dir/src/geometry_features.cpp.o
[37/160] Building CXX object qcae/features/legacy_api/CMakeFiles/qcae_legacy_api.dir/src/legacy_migration.cpp.o
[38/160] Building CXX object qcae/features/mesh_generation/CMakeFiles/qcae_mesh_generation.dir/src/line_mesh_task.cpp.o
[39/160] Building CXX object qcae/features/materials/CMakeFiles/qcae_material_features.dir/src/material_operations.cpp.o
[40/160] Linking CXX static library qcae/features/analysis/libqcae_analysis_features.a
[41/160] Building CXX object qcae/features/results/CMakeFiles/qcae_result_features.dir/src/result_fixture.cpp.o
[42/160] Building CXX object qcae/features/mesh_editing/CMakeFiles/qcae_mesh_editing.dir/src/mesh_editing_operations.cpp.o
[43/160] Building CXX object qcae/features/results/CMakeFiles/qcae_result_features.dir/src/result_codec.cpp.o
[44/160] Building CXX object qcae/features/results/CMakeFiles/qcae_result_features.dir/src/result_service.cpp.o
[45/160] Building CXX object qcae/features/results/CMakeFiles/qcae_result_features.dir/src/static_validation.cpp.o
[46/160] Building CXX object qcae/modules/query/CMakeFiles/qcae_query.dir/src/query_legacy.cpp.o
[47/160] Building CXX object qcae/modules/query/CMakeFiles/qcae_query.dir/src/query.cpp.o
[48/160] Building CXX object qcae/modules/query/CMakeFiles/qcae_query.dir/src/entity_queries.cpp.o
[49/160] Building CXX object qcae/modules/query/CMakeFiles/qcae_query.dir/src/render_projector.cpp.o
[50/160] Building CXX object qcae/profiles/nastran/CMakeFiles/qcae_nastran.dir/src/nastran_codec.cpp.o
[51/160] Building CXX object qcae/profiles/nastran/CMakeFiles/qcae_nastran.dir/src/nastran_package.cpp.o
[52/160] Linking CXX static library qcae/adapters/artifacts_local/libqcae_artifacts_local.a
[53/160] Building CXX object qcae/profiles/nastran/CMakeFiles/qcae_nastran.dir/src/nastran_static_result.cpp.o
[54/160] Building CXX object CMakeFiles/consumer_qcae_foundation_qcae_types_hpp.dir/consumer_qcae_foundation_qcae_types_hpp.cpp.o
[55/160] Building CXX object CMakeFiles/consumer_qcae_foundation_qcae_operation_ledger_hpp.dir/consumer_qcae_foundation_qcae_operation_ledger_hpp.cpp.o
[56/160] Building CXX object CMakeFiles/consumer_qcae_contracts_qcae_application_types_hpp.dir/consumer_qcae_contracts_qcae_application_types_hpp.cpp.o
[57/160] Building CXX object qcae/adapters/solver_local/CMakeFiles/qcae_solver_local.dir/src/solver_local.cpp.o
[58/160] Building CXX object CMakeFiles/consumer_qcae_contracts_qcae_document_info_hpp.dir/consumer_qcae_contracts_qcae_document_info_hpp.cpp.o
[59/160] Building CXX object CMakeFiles/consumer_qcae_contracts_qcae_profile_provider_hpp.dir/consumer_qcae_contracts_qcae_profile_provider_hpp.cpp.o
[60/160] Building CXX object CMakeFiles/consumer_qcae_contracts_qcae_render_packet_hpp.dir/consumer_qcae_contracts_qcae_render_packet_hpp.cpp.o
[61/160] Building CXX object CMakeFiles/consumer_qcae_contracts_qcae_workspace_store_hpp.dir/consumer_qcae_contracts_qcae_workspace_store_hpp.cpp.o
[62/160] Building CXX object CMakeFiles/consumer_qcae_contracts_qcae_record_store_hpp.dir/consumer_qcae_contracts_qcae_record_store_hpp.cpp.o
[63/160] Building CXX object CMakeFiles/consumer_qcae_contracts_qcae_view_session_hpp.dir/consumer_qcae_contracts_qcae_view_session_hpp.cpp.o
[64/160] Building CXX object CMakeFiles/consumer_qcae_contracts_qcae_resource_hpp.dir/consumer_qcae_contracts_qcae_resource_hpp.cpp.o
[65/160] Building CXX object CMakeFiles/consumer_qcae_contracts_qcae_solver_runner_hpp.dir/consumer_qcae_contracts_qcae_solver_runner_hpp.cpp.o
[66/160] Building CXX object CMakeFiles/consumer_qcae_document_qcae_model_hpp.dir/consumer_qcae_document_qcae_model_hpp.cpp.o
[67/160] Building CXX object CMakeFiles/consumer_qcae_document_qcae_model_codec_hpp.dir/consumer_qcae_document_qcae_model_codec_hpp.cpp.o
[68/160] Building CXX object CMakeFiles/consumer_qcae_document_qcae_model_delta_hpp.dir/consumer_qcae_document_qcae_model_delta_hpp.cpp.o
[69/160] Building CXX object CMakeFiles/consumer_qcae_document_qcae_state_codec_hpp.dir/consumer_qcae_document_qcae_state_codec_hpp.cpp.o
[70/160] Building CXX object CMakeFiles/consumer_qcae_document_qcae_read_view_hpp.dir/consumer_qcae_document_qcae_read_view_hpp.cpp.o
[71/160] Building CXX object CMakeFiles/consumer_qcae_document_qcae_record_registry_hpp.dir/consumer_qcae_document_qcae_record_registry_hpp.cpp.o
[72/160] Building CXX object CMakeFiles/consumer_qcae_document_qcae_document_view_hpp.dir/consumer_qcae_document_qcae_document_view_hpp.cpp.o
[73/160] Building CXX object CMakeFiles/consumer_qcae_document_qcae_edit_session_hpp.dir/consumer_qcae_document_qcae_edit_session_hpp.cpp.o
[74/160] Building CXX object CMakeFiles/consumer_qcae_document_qcae_records_hpp.dir/consumer_qcae_document_qcae_records_hpp.cpp.o
[75/160] Building CXX object CMakeFiles/consumer_qcae_document_qcae_records_model_bridge_hpp.dir/consumer_qcae_document_qcae_records_model_bridge_hpp.cpp.o
[76/160] Building CXX object CMakeFiles/consumer_qcae_application_qcae_record_application_hpp.dir/consumer_qcae_application_qcae_record_application_hpp.cpp.o
[77/160] Building CXX object CMakeFiles/consumer_qcae_application_qcae_immutable_fact_map_hpp.dir/consumer_qcae_application_qcae_immutable_fact_map_hpp.cpp.o
[78/160] Building CXX object CMakeFiles/consumer_qcae_query_qcae_query_hpp.dir/consumer_qcae_query_qcae_query_hpp.cpp.o
[79/160] Building CXX object CMakeFiles/consumer_qcae_query_qcae_render_projector_hpp.dir/consumer_qcae_query_qcae_render_projector_hpp.cpp.o
[80/160] Building CXX object CMakeFiles/consumer_qcae_nastran_qcae_nastran_codec_hpp.dir/consumer_qcae_nastran_qcae_nastran_codec_hpp.cpp.o
[81/160] Building CXX object CMakeFiles/consumer_qcae_nastran_qcae_nastran_package_hpp.dir/consumer_qcae_nastran_qcae_nastran_package_hpp.cpp.o
[82/160] Building CXX object CMakeFiles/consumer_qcae_nastran_qcae_nastran_static_result_hpp.dir/consumer_qcae_nastran_qcae_nastran_static_result_hpp.cpp.o
[83/160] Building CXX object CMakeFiles/consumer_qcae_legacy_api_qcae_core_hpp.dir/consumer_qcae_legacy_api_qcae_core_hpp.cpp.o
[84/160] Building CXX object CMakeFiles/consumer_qcae_legacy_api_qcae_legacy_migration_hpp.dir/consumer_qcae_legacy_api_qcae_legacy_migration_hpp.cpp.o
[85/160] Building CXX object CMakeFiles/consumer_qcae_parameters_qcae_quantities_hpp.dir/consumer_qcae_parameters_qcae_quantities_hpp.cpp.o
[86/160] Building CXX object CMakeFiles/consumer_qcae_runtime_qcae_task_service_hpp.dir/consumer_qcae_runtime_qcae_task_service_hpp.cpp.o
[87/160] Building CXX object CMakeFiles/consumer_qcae_operations_qcae_operation_registry_hpp.dir/consumer_qcae_operations_qcae_operation_registry_hpp.cpp.o
[88/160] Building CXX object CMakeFiles/consumer_qcae_task_application_qcae_task_application_hpp.dir/consumer_qcae_task_application_qcae_task_application_hpp.cpp.o
[89/160] Building CXX object CMakeFiles/consumer_qcae_geometry_features_qcae_geometry_features_hpp.dir/consumer_qcae_geometry_features_qcae_geometry_features_hpp.cpp.o
[90/160] Building CXX object CMakeFiles/consumer_qcae_mesh_generation_qcae_line_mesh_task_hpp.dir/consumer_qcae_mesh_generation_qcae_line_mesh_task_hpp.cpp.o
[91/160] Building CXX object CMakeFiles/consumer_qcae_material_features_qcae_material_operations_hpp.dir/consumer_qcae_material_features_qcae_material_operations_hpp.cpp.o
[92/160] Building CXX object CMakeFiles/consumer_qcae_mesh_editing_qcae_mesh_editing_operations_hpp.dir/consumer_qcae_mesh_editing_qcae_mesh_editing_operations_hpp.cpp.o
[93/160] Building CXX object CMakeFiles/consumer_qcae_analysis_features_qcae_analysis_features_hpp.dir/consumer_qcae_analysis_features_qcae_analysis_features_hpp.cpp.o
[94/160] Building CXX object CMakeFiles/consumer_qcae_analysis_features_qcae_analysis_input_hpp.dir/consumer_qcae_analysis_features_qcae_analysis_input_hpp.cpp.o
[95/160] Building CXX object CMakeFiles/consumer_qcae_result_features_qcae_result_fixture_hpp.dir/consumer_qcae_result_features_qcae_result_fixture_hpp.cpp.o
[96/160] Building CXX object CMakeFiles/consumer_qcae_artifacts_local_qcae_artifacts_local_hpp.dir/consumer_qcae_artifacts_local_qcae_artifacts_local_hpp.cpp.o
[97/160] Building CXX object CMakeFiles/consumer_qcae_result_features_qcae_result_service_hpp.dir/consumer_qcae_result_features_qcae_result_service_hpp.cpp.o
[98/160] Building CXX object CMakeFiles/consumer_qcae_result_features_qcae_static_validation_hpp.dir/consumer_qcae_result_features_qcae_static_validation_hpp.cpp.o
[99/160] Building CXX object CMakeFiles/consumer_generated_operations.dir/consumer_generated_operations.cpp.o
[100/160] Building CXX object CMakeFiles/consumer_qcae_solver_local_qcae_solver_local_hpp.dir/consumer_qcae_solver_local_qcae_solver_local_hpp.cpp.o
[101/160] Building CXX object CMakeFiles/consumer_operation_contracts.dir/consumer_operation_contracts.cpp.o
[102/160] Linking CXX static library qcae/features/legacy_api/libqcae_legacy_api.a
[103/160] Linking CXX static library qcae/features/geometry/libqcae_geometry_features.a
[104/160] Linking CXX static library qcae/features/mesh_generation/libqcae_mesh_generation.a
[105/160] Linking CXX static library qcae/features/materials/libqcae_material_features.a
[106/160] Linking CXX static library qcae/features/mesh_editing/libqcae_mesh_editing.a
[107/160] Linking CXX static library qcae/features/results/libqcae_result_features.a
[108/160] Linking CXX static library qcae/modules/query/libqcae_query.a
[109/160] Linking CXX static library qcae/profiles/nastran/libqcae_nastran.a
[110/160] Linking CXX static library qcae/adapters/solver_local/libqcae_solver_local.a
[111/160] Linking CXX executable consumer_qcae_foundation_qcae_types_hpp
[112/160] Linking CXX executable consumer_qcae_foundation_qcae_operation_ledger_hpp
[113/160] Building CXX object CMakeFiles/consumer_batch_translation.dir/batch_translation.cpp.o
[114/160] Linking CXX executable consumer_qcae_contracts_qcae_application_types_hpp
[115/160] Linking CXX executable consumer_qcae_contracts_qcae_document_info_hpp
[116/160] Linking CXX executable consumer_qcae_contracts_qcae_profile_provider_hpp
[117/160] Linking CXX executable consumer_qcae_contracts_qcae_render_packet_hpp
[118/160] Linking CXX executable consumer_qcae_contracts_qcae_workspace_store_hpp
[119/160] Linking CXX executable consumer_qcae_contracts_qcae_record_store_hpp
[120/160] Linking CXX executable consumer_qcae_contracts_qcae_view_session_hpp
[121/160] Linking CXX executable consumer_qcae_contracts_qcae_resource_hpp
[122/160] Linking CXX executable consumer_qcae_contracts_qcae_solver_runner_hpp
[123/160] Linking CXX executable consumer_qcae_document_qcae_model_hpp
[124/160] Linking CXX executable consumer_qcae_document_qcae_model_codec_hpp
[125/160] Linking CXX executable consumer_qcae_document_qcae_model_delta_hpp
[126/160] Linking CXX executable consumer_qcae_document_qcae_state_codec_hpp
[127/160] Linking CXX executable consumer_qcae_document_qcae_read_view_hpp
[128/160] Linking CXX executable consumer_qcae_document_qcae_record_registry_hpp
[129/160] Linking CXX executable consumer_qcae_document_qcae_document_view_hpp
[130/160] Linking CXX executable consumer_qcae_document_qcae_edit_session_hpp
[131/160] Linking CXX executable consumer_qcae_document_qcae_records_hpp
[132/160] Linking CXX executable consumer_qcae_document_qcae_records_model_bridge_hpp
[133/160] Linking CXX executable consumer_qcae_application_qcae_record_application_hpp
[134/160] Linking CXX executable consumer_qcae_application_qcae_immutable_fact_map_hpp
[135/160] Linking CXX executable consumer_qcae_query_qcae_query_hpp
[136/160] Linking CXX executable consumer_qcae_query_qcae_render_projector_hpp
[137/160] Linking CXX executable consumer_qcae_nastran_qcae_nastran_codec_hpp
[138/160] Linking CXX executable consumer_qcae_nastran_qcae_nastran_package_hpp
[139/160] Linking CXX executable consumer_qcae_nastran_qcae_nastran_static_result_hpp
[140/160] Linking CXX executable consumer_qcae_legacy_api_qcae_core_hpp
[141/160] Linking CXX executable consumer_qcae_legacy_api_qcae_legacy_migration_hpp
[142/160] Linking CXX executable consumer_qcae_parameters_qcae_quantities_hpp
[143/160] Linking CXX executable consumer_qcae_operations_qcae_operation_registry_hpp
[144/160] Linking CXX executable consumer_qcae_runtime_qcae_task_service_hpp
[145/160] Linking CXX executable consumer_qcae_task_application_qcae_task_application_hpp
[146/160] Linking CXX executable consumer_qcae_geometry_features_qcae_geometry_features_hpp
[147/160] Linking CXX executable consumer_qcae_mesh_generation_qcae_line_mesh_task_hpp
[148/160] Linking CXX executable consumer_qcae_material_features_qcae_material_operations_hpp
[149/160] Linking CXX executable consumer_qcae_mesh_editing_qcae_mesh_editing_operations_hpp
[150/160] Linking CXX executable consumer_qcae_analysis_features_qcae_analysis_features_hpp
[151/160] Linking CXX executable consumer_qcae_analysis_features_qcae_analysis_input_hpp
[152/160] Linking CXX executable consumer_qcae_artifacts_local_qcae_artifacts_local_hpp
[153/160] Linking CXX executable consumer_qcae_result_features_qcae_result_fixture_hpp
[154/160] Linking CXX executable consumer_qcae_result_features_qcae_result_service_hpp
[155/160] Linking CXX executable consumer_qcae_result_features_qcae_static_validation_hpp
[156/160] Linking CXX executable consumer_qcae_solver_local_qcae_solver_local_hpp
[157/160] Linking CXX executable consumer_generated_operations
[158/160] Linking CXX executable consumer_operation_contracts
[159/160] Linking CXX executable consumer_batch_translation
