[0/2] Re-checking globbed directories...
[1/2] Re-running CMake...
-- Public API gate: 48 independently compiled header consumers
-- Configuring done (0.1s)
-- Generating done (0.0s)
-- Build files have been written to: /private/tmp/qcae-c4-ext02-41/build-ext02-consumers
[0/4] Re-checking globbed directories...
[1/97] Building CXX object CMakeFiles/consumer_qcae_foundation_qcae_types_hpp.dir/consumer_qcae_foundation_qcae_types_hpp.cpp.o
[2/97] Building CXX object CMakeFiles/consumer_qcae_foundation_qcae_operation_ledger_hpp.dir/consumer_qcae_foundation_qcae_operation_ledger_hpp.cpp.o
[3/97] Building CXX object CMakeFiles/consumer_qcae_contracts_qcae_application_types_hpp.dir/consumer_qcae_contracts_qcae_application_types_hpp.cpp.o
[4/97] Building CXX object CMakeFiles/consumer_qcae_contracts_qcae_document_info_hpp.dir/consumer_qcae_contracts_qcae_document_info_hpp.cpp.o
[5/97] Building CXX object CMakeFiles/consumer_qcae_contracts_qcae_profile_provider_hpp.dir/consumer_qcae_contracts_qcae_profile_provider_hpp.cpp.o
[6/97] Building CXX object CMakeFiles/consumer_qcae_contracts_qcae_render_packet_hpp.dir/consumer_qcae_contracts_qcae_render_packet_hpp.cpp.o
[7/97] Building CXX object CMakeFiles/consumer_qcae_contracts_qcae_workspace_store_hpp.dir/consumer_qcae_contracts_qcae_workspace_store_hpp.cpp.o
[8/97] Building CXX object CMakeFiles/consumer_qcae_contracts_qcae_record_store_hpp.dir/consumer_qcae_contracts_qcae_record_store_hpp.cpp.o
[9/97] Building CXX object CMakeFiles/consumer_qcae_contracts_qcae_view_session_hpp.dir/consumer_qcae_contracts_qcae_view_session_hpp.cpp.o
[10/97] Building CXX object CMakeFiles/consumer_qcae_contracts_qcae_resource_hpp.dir/consumer_qcae_contracts_qcae_resource_hpp.cpp.o
[11/97] Building CXX object CMakeFiles/consumer_qcae_contracts_qcae_solver_runner_hpp.dir/consumer_qcae_contracts_qcae_solver_runner_hpp.cpp.o
[12/97] Building CXX object CMakeFiles/consumer_qcae_document_qcae_model_hpp.dir/consumer_qcae_document_qcae_model_hpp.cpp.o
[13/97] Building CXX object CMakeFiles/consumer_qcae_document_qcae_model_codec_hpp.dir/consumer_qcae_document_qcae_model_codec_hpp.cpp.o
[14/97] Building CXX object CMakeFiles/consumer_qcae_document_qcae_model_delta_hpp.dir/consumer_qcae_document_qcae_model_delta_hpp.cpp.o
[15/97] Building CXX object CMakeFiles/consumer_qcae_document_qcae_state_codec_hpp.dir/consumer_qcae_document_qcae_state_codec_hpp.cpp.o
[16/97] Building CXX object CMakeFiles/consumer_qcae_document_qcae_read_view_hpp.dir/consumer_qcae_document_qcae_read_view_hpp.cpp.o
[17/97] Building CXX object CMakeFiles/consumer_qcae_document_qcae_record_registry_hpp.dir/consumer_qcae_document_qcae_record_registry_hpp.cpp.o
[18/97] Building CXX object CMakeFiles/consumer_qcae_document_qcae_document_view_hpp.dir/consumer_qcae_document_qcae_document_view_hpp.cpp.o
[19/97] Building CXX object CMakeFiles/consumer_qcae_document_qcae_edit_session_hpp.dir/consumer_qcae_document_qcae_edit_session_hpp.cpp.o
[20/97] Building CXX object CMakeFiles/consumer_qcae_document_qcae_records_hpp.dir/consumer_qcae_document_qcae_records_hpp.cpp.o
[21/97] Building CXX object CMakeFiles/consumer_qcae_document_qcae_records_model_bridge_hpp.dir/consumer_qcae_document_qcae_records_model_bridge_hpp.cpp.o
[22/97] Building CXX object CMakeFiles/consumer_qcae_application_qcae_immutable_fact_map_hpp.dir/consumer_qcae_application_qcae_immutable_fact_map_hpp.cpp.o
[23/97] Building CXX object CMakeFiles/consumer_qcae_application_qcae_record_application_hpp.dir/consumer_qcae_application_qcae_record_application_hpp.cpp.o
[24/97] Building CXX object CMakeFiles/consumer_qcae_query_qcae_render_projector_hpp.dir/consumer_qcae_query_qcae_render_projector_hpp.cpp.o
[25/97] Building CXX object CMakeFiles/consumer_qcae_query_qcae_query_hpp.dir/consumer_qcae_query_qcae_query_hpp.cpp.o
[26/97] Building CXX object CMakeFiles/consumer_qcae_nastran_qcae_nastran_codec_hpp.dir/consumer_qcae_nastran_qcae_nastran_codec_hpp.cpp.o
[27/97] Building CXX object CMakeFiles/consumer_qcae_nastran_qcae_nastran_package_hpp.dir/consumer_qcae_nastran_qcae_nastran_package_hpp.cpp.o
[28/97] Building CXX object CMakeFiles/consumer_qcae_nastran_qcae_nastran_static_result_hpp.dir/consumer_qcae_nastran_qcae_nastran_static_result_hpp.cpp.o
[29/97] Building CXX object CMakeFiles/consumer_qcae_legacy_api_qcae_core_hpp.dir/consumer_qcae_legacy_api_qcae_core_hpp.cpp.o
[30/97] Building CXX object CMakeFiles/consumer_qcae_legacy_api_qcae_legacy_migration_hpp.dir/consumer_qcae_legacy_api_qcae_legacy_migration_hpp.cpp.o
[31/97] Building CXX object CMakeFiles/consumer_qcae_parameters_qcae_quantities_hpp.dir/consumer_qcae_parameters_qcae_quantities_hpp.cpp.o
[32/97] Building CXX object CMakeFiles/consumer_qcae_runtime_qcae_task_service_hpp.dir/consumer_qcae_runtime_qcae_task_service_hpp.cpp.o
[33/97] Building CXX object CMakeFiles/consumer_qcae_operations_qcae_operation_registry_hpp.dir/consumer_qcae_operations_qcae_operation_registry_hpp.cpp.o
[34/97] Building CXX object CMakeFiles/consumer_qcae_task_application_qcae_task_application_hpp.dir/consumer_qcae_task_application_qcae_task_application_hpp.cpp.o
[35/97] Building CXX object CMakeFiles/consumer_qcae_geometry_features_qcae_geometry_features_hpp.dir/consumer_qcae_geometry_features_qcae_geometry_features_hpp.cpp.o
[36/97] Building CXX object CMakeFiles/consumer_qcae_mesh_generation_qcae_line_mesh_task_hpp.dir/consumer_qcae_mesh_generation_qcae_line_mesh_task_hpp.cpp.o
[37/97] Building CXX object CMakeFiles/consumer_qcae_material_features_qcae_material_operations_hpp.dir/consumer_qcae_material_features_qcae_material_operations_hpp.cpp.o
[38/97] Building CXX object CMakeFiles/consumer_qcae_mesh_editing_qcae_mesh_editing_operations_hpp.dir/consumer_qcae_mesh_editing_qcae_mesh_editing_operations_hpp.cpp.o
[39/97] Building CXX object CMakeFiles/consumer_qcae_analysis_features_qcae_analysis_features_hpp.dir/consumer_qcae_analysis_features_qcae_analysis_features_hpp.cpp.o
[40/97] Building CXX object CMakeFiles/consumer_qcae_analysis_features_qcae_analysis_input_hpp.dir/consumer_qcae_analysis_features_qcae_analysis_input_hpp.cpp.o
[41/97] Building CXX object CMakeFiles/consumer_qcae_result_features_qcae_result_fixture_hpp.dir/consumer_qcae_result_features_qcae_result_fixture_hpp.cpp.o
[42/97] Building CXX object CMakeFiles/consumer_qcae_artifacts_local_qcae_artifacts_local_hpp.dir/consumer_qcae_artifacts_local_qcae_artifacts_local_hpp.cpp.o
[43/97] Building CXX object CMakeFiles/consumer_qcae_result_features_qcae_result_service_hpp.dir/consumer_qcae_result_features_qcae_result_service_hpp.cpp.o
[44/97] Building CXX object CMakeFiles/consumer_qcae_result_features_qcae_static_validation_hpp.dir/consumer_qcae_result_features_qcae_static_validation_hpp.cpp.o
[45/97] Building CXX object CMakeFiles/consumer_generated_operations.dir/consumer_generated_operations.cpp.o
[46/97] Building CXX object CMakeFiles/consumer_qcae_solver_local_qcae_solver_local_hpp.dir/consumer_qcae_solver_local_qcae_solver_local_hpp.cpp.o
[47/97] Linking CXX executable consumer_qcae_foundation_qcae_types_hpp
[48/97] Linking CXX executable consumer_qcae_foundation_qcae_operation_ledger_hpp
[49/97] Linking CXX executable consumer_qcae_contracts_qcae_application_types_hpp
[50/97] Linking CXX executable consumer_qcae_contracts_qcae_document_info_hpp
[51/97] Linking CXX executable consumer_qcae_contracts_qcae_profile_provider_hpp
[52/97] Linking CXX executable consumer_qcae_contracts_qcae_render_packet_hpp
[53/97] Linking CXX executable consumer_qcae_contracts_qcae_workspace_store_hpp
[54/97] Building CXX object CMakeFiles/consumer_operation_contracts.dir/consumer_operation_contracts.cpp.o
[55/97] Linking CXX executable consumer_qcae_contracts_qcae_record_store_hpp
[56/97] Linking CXX executable consumer_qcae_contracts_qcae_view_session_hpp
[57/97] Linking CXX executable consumer_qcae_contracts_qcae_resource_hpp
[58/97] Linking CXX executable consumer_qcae_contracts_qcae_solver_runner_hpp
[59/97] Linking CXX executable consumer_qcae_document_qcae_model_hpp
[60/97] Linking CXX executable consumer_qcae_document_qcae_model_delta_hpp
[61/97] Linking CXX executable consumer_qcae_document_qcae_model_codec_hpp
[62/97] Linking CXX executable consumer_qcae_document_qcae_state_codec_hpp
[63/97] Linking CXX executable consumer_qcae_document_qcae_read_view_hpp
[64/97] Linking CXX executable consumer_qcae_document_qcae_document_view_hpp
[65/97] Linking CXX executable consumer_qcae_document_qcae_record_registry_hpp
[66/97] Linking CXX executable consumer_qcae_document_qcae_records_hpp
[67/97] Linking CXX executable consumer_qcae_document_qcae_edit_session_hpp
[68/97] Linking CXX executable consumer_qcae_application_qcae_record_application_hpp
[69/97] Linking CXX executable consumer_qcae_document_qcae_records_model_bridge_hpp
[70/97] Linking CXX executable consumer_qcae_application_qcae_immutable_fact_map_hpp
[71/97] Linking CXX executable consumer_qcae_query_qcae_query_hpp
[72/97] Linking CXX executable consumer_qcae_query_qcae_render_projector_hpp
[73/97] Linking CXX executable consumer_qcae_nastran_qcae_nastran_codec_hpp
[74/97] Linking CXX executable consumer_qcae_nastran_qcae_nastran_static_result_hpp
[75/97] Linking CXX executable consumer_qcae_nastran_qcae_nastran_package_hpp
[76/97] Linking CXX executable consumer_qcae_legacy_api_qcae_core_hpp
[77/97] Linking CXX executable consumer_qcae_legacy_api_qcae_legacy_migration_hpp
[78/97] Linking CXX executable consumer_qcae_parameters_qcae_quantities_hpp
[79/97] Linking CXX executable consumer_qcae_operations_qcae_operation_registry_hpp
[80/97] Linking CXX executable consumer_qcae_runtime_qcae_task_service_hpp
[81/97] Linking CXX executable consumer_qcae_task_application_qcae_task_application_hpp
[82/97] Linking CXX executable consumer_qcae_geometry_features_qcae_geometry_features_hpp
[83/97] Linking CXX executable consumer_qcae_mesh_generation_qcae_line_mesh_task_hpp
[84/97] Linking CXX executable consumer_qcae_mesh_editing_qcae_mesh_editing_operations_hpp
[85/97] Linking CXX executable consumer_qcae_material_features_qcae_material_operations_hpp
[86/97] Linking CXX executable consumer_qcae_analysis_features_qcae_analysis_features_hpp
[87/97] Linking CXX executable consumer_qcae_analysis_features_qcae_analysis_input_hpp
[88/97] Linking CXX executable consumer_qcae_artifacts_local_qcae_artifacts_local_hpp
[89/97] Linking CXX executable consumer_qcae_result_features_qcae_result_fixture_hpp
[90/97] Linking CXX executable consumer_qcae_result_features_qcae_result_service_hpp
[91/97] Linking CXX executable consumer_qcae_result_features_qcae_static_validation_hpp
[92/97] Linking CXX executable consumer_qcae_solver_local_qcae_solver_local_hpp
[93/97] Linking CXX executable consumer_generated_operations
[94/97] Linking CXX executable consumer_operation_contracts
