[0/2] Re-checking globbed directories...
[1/58] Building CXX object CMakeFiles/qcae_model_operation_tests.dir/tests/model_operation_tests.cpp.o
[2/58] Building CXX object CMakeFiles/qcae_record_query_tests.dir/tests/record_query_tests.cpp.o
[3/58] Building CXX object CMakeFiles/qcae_model_tests.dir/tests/model_tests.cpp.o
[4/58] Building CXX object CMakeFiles/qcae_nastran_tests.dir/tests/nastran_tests.cpp.o
[5/58] Building CXX object CMakeFiles/qcae_delta_tests.dir/tests/delta_tests.cpp.o
[6/58] Building CXX object CMakeFiles/qcae_persistence_tests.dir/tests/persistence_tests.cpp.o
[7/58] Building CXX object CMakeFiles/qcae_query_tests.dir/tests/query_tests.cpp.o
[8/58] Building CXX object CMakeFiles/qcae_core_tests.dir/tests/core_tests.cpp.o
[9/58] Building CXX object CMakeFiles/qcae_contract_tests.dir/tests/contract_tests.cpp.o
[10/58] Building CXX object CMakeFiles/qcae_allocation_tests.dir/tests/allocation_tests.cpp.o
[11/58] Building CXX object CMakeFiles/qcae_change_event_tests.dir/tests/change_event_tests.cpp.o
[12/58] Building CXX object CMakeFiles/qcae_render_projector_tests.dir/tests/render_projector_tests.cpp.o
[13/58] Linking CXX static library features/legacy_api/libqcae_legacy_api.a
[14/58] Building CXX object modules/runtime/CMakeFiles/qcae_runtime_tests.dir/__/__/tests/runtime_tests.cpp.o
[15/58] Linking CXX static library features/geometry/libqcae_geometry_features.a
[16/58] Linking CXX static library features/mesh_generation/libqcae_mesh_generation.a
[17/58] Building CXX object modules/document/CMakeFiles/qcae_record_document_tests.dir/__/__/tests/record_document_tests.cpp.o
[18/58] Building CXX object features/mesh_generation/CMakeFiles/qcae_geometry_mesh_tests.dir/__/__/tests/geometry_mesh_tests.cpp.o
[19/58] Linking CXX static library features/materials/libqcae_material_features.a
[20/58] Linking CXX static library features/mesh_editing/libqcae_mesh_editing.a
[21/58] Building CXX object features/mesh_generation/CMakeFiles/qcae_line_mesh_regeneration_tests.dir/__/__/tests/line_mesh_regeneration_tests.cpp.o
[22/58] Linking CXX static library features/results/libqcae_result_features.a
[23/58] Building CXX object features/results/CMakeFiles/qcae_result_fixture_tests.dir/__/__/tests/result_fixture_tests.cpp.o
[24/58] Building CXX object features/analysis/CMakeFiles/qcae_analysis_check_tests.dir/__/__/tests/analysis_check_tests.cpp.o
[25/58] Linking CXX static library modules/query/libqcae_query.a
[26/58] Linking CXX static library profiles/nastran/libqcae_nastran.a
[27/58] Building CXX object features/results/CMakeFiles/qcae_static_validation_tests.dir/__/__/tests/static_validation_tests.cpp.o
[28/58] Building CXX object profiles/nastran/CMakeFiles/qcae_nastran_static_result_tests.dir/__/__/tests/nastran_static_result_tests.cpp.o
[29/58] Linking CXX static library adapters/solver_local/libqcae_solver_local.a
[30/58] Building CXX object adapters/artifacts_local/CMakeFiles/qcae_artifacts_local_tests.dir/__/__/tests/artifacts_local_tests.cpp.o
[31/58] Linking CXX executable qcae_record_application_tests
[32/58] Linking CXX executable qcae_operation_registry_tests
[33/58] Linking CXX executable qcae_parameter_tests
[34/58] Linking CXX executable qcae_model_operation_tests
[35/58] Linking CXX executable qcae_quantity_entry_consistency_tests
[36/58] Linking CXX executable qcae_record_query_tests
[37/58] Linking CXX executable qcae_model_tests
[38/58] Linking CXX executable qcae_nastran_tests
[39/58] Linking CXX executable qcae_delta_tests
[40/58] Linking CXX executable qcae_persistence_tests
[41/58] Linking CXX executable qcae_query_tests
[42/58] Linking CXX executable qcae_core_tests
[43/58] Linking CXX executable qcae_contract_tests
[44/58] Linking CXX executable qcae_allocation_tests
[45/58] Linking CXX executable qcae_change_event_tests
[46/58] Linking CXX executable qcae_render_projector_tests
[47/58] Linking CXX executable qcae_record_document_tests
[48/58] Linking CXX executable qcae_runtime_tests
[49/58] Linking CXX executable qcae_geometry_mesh_tests
[50/58] Building CXX object adapters/solver_local/CMakeFiles/qcae_solver_local_tests.dir/__/__/tests/solver_local_tests.cpp.o
[51/58] Linking CXX executable qcae_line_mesh_regeneration_tests
[52/58] Linking CXX executable qcae_analysis_check_tests
[53/58] Linking CXX executable qcae_result_fixture_tests
[54/58] Linking CXX executable qcae_static_validation_tests
[55/58] Linking CXX executable qcae_nastran_static_result_tests
[56/58] Linking CXX executable qcae_artifacts_local_tests
[57/58] Linking CXX executable qcae_solver_local_tests
