Test project /private/tmp/qcae-c4-ext02-41/build-ext02-desktop
      Start 29: geometry_mesh_sqlite
 1/13 Test #29: geometry_mesh_sqlite .............   Passed    0.86 sec
      Start 35: render_service
 2/13 Test #35: render_service ...................   Passed    0.64 sec
      Start 36: engine_assembly
 3/13 Test #36: engine_assembly ..................   Passed    0.62 sec
      Start 37: ipc
 4/13 Test #37: ipc ..............................   Passed    1.36 sec
      Start 38: m1_ipc
 5/13 Test #38: m1_ipc ...........................   Passed    0.98 sec
      Start 50: c3_display_ipc
 6/13 Test #50: c3_display_ipc ...................   Passed    1.56 sec
      Start 51: entity_query_ipc
 7/13 Test #51: entity_query_ipc .................   Passed    6.10 sec
      Start 52: engine_contributions_ipc
 8/13 Test #52: engine_contributions_ipc .........   Passed    2.99 sec
      Start 53: m23_ipc
 9/13 Test #53: m23_ipc ..........................   Passed    1.09 sec
      Start 65: render_projector
10/13 Test #65: render_projector .................   Passed    0.50 sec
      Start 67: render_wire
11/13 Test #67: render_wire ......................   Passed    0.49 sec
      Start 68: c3_sync_ipc
12/13 Test #68: c3_sync_ipc ......................   Passed    0.40 sec
      Start 82: typed_host
13/13 Test #82: typed_host .......................   Passed    0.60 sec

100% tests passed, 0 tests failed out of 13

Total Test time (real) =  18.20 sec
