********* Start testing of Workflow *********
Config: Using QtTest library 6.11.1, Qt 6.11.1 (arm64-little_endian-lp64 shared (dynamic) release build; by Apple LLVM 21.0.0 (clang-2100.0.123.102)), macos 26.6.2
PASS   : Workflow::initTestCase()
2026-09-30 23:23:53.349 qcae_c3_desktop_workflow_tests[25112:40273088] error messaging the mach port for IMKCFRunLoopWakeUpReliable
QINFO  : Workflow::guiCreatesChecksRepairsAndPublishesM(MIX-M-0) GUI M issue navigation completed
QINFO  : Workflow::guiCreatesChecksRepairsAndPublishesM(MIX-M-0) GUI M repaired, undo/redo and clean check completed
QINFO  : Workflow::guiCreatesChecksRepairsAndPublishesM(MIX-M-0) GUI M property preview/cancel/apply/undo/redo completed
QINFO  : Workflow::guiCreatesChecksRepairsAndPublishesM(MIX-M-0) File dialog driver "Save QCAE project" QList("/tmp/qcae-gui-M-PBfWKR/M.qcae") accept button "&Save" enabled true
QINFO  : Workflow::guiCreatesChecksRepairsAndPublishesM(MIX-M-0) GUI M save completed
QINFO  : Workflow::guiCreatesChecksRepairsAndPublishesM(MIX-M-0) File dialog driver "Save QCAE project" QList("/tmp/qcae-gui-M-PBfWKR/M-as.qcae") accept button "&Save" enabled true
QINFO  : Workflow::guiCreatesChecksRepairsAndPublishesM(MIX-M-0) GUI M save-as completed
QINFO  : Workflow::guiCreatesChecksRepairsAndPublishesM(MIX-M-0) GUI M close completed
QINFO  : Workflow::guiCreatesChecksRepairsAndPublishesM(MIX-M-0) File dialog driver "Open QCAE project" QList("/tmp/qcae-gui-M-PBfWKR/M-as.qcae") accept button "&Open" enabled true
QINFO  : Workflow::guiCreatesChecksRepairsAndPublishesM(MIX-M-0) GUI M normal open completed
QINFO  : Workflow::guiCreatesChecksRepairsAndPublishesM(MIX-M-0) GUI M process termination/recovery completed
QINFO  : Workflow::guiCreatesChecksRepairsAndPublishesM(MIX-M-0) GUI M artifact publication completed
QINFO  : Workflow::guiCreatesChecksRepairsAndPublishesM(MIX-M-0) File dialog driver "Read result fixture" QList("/tmp/qcae-gui-M-PBfWKR/R.json") accept button "&Open" enabled true
PASS   : Workflow::guiCreatesChecksRepairsAndPublishesM(MIX-M-0)
PASS   : Workflow::cleanupTestCase()
Totals: 3 passed, 0 failed, 0 skipped, 0 blacklisted, 29613ms
********* Finished testing of Workflow *********
