[1/46] Generating ../../generated/qcae/operations.hpp
[2/46] Building CXX object features/mesh_generation/CMakeFiles/qcae_mesh_generation.dir/src/line_mesh_task.cpp.o
[3/46] Linking CXX static library features/mesh_generation/libqcae_mesh_generation.a
[4/46] Building CXX object adapters/engine_api/CMakeFiles/qcae_engine_api.dir/src/ipc_api.cpp.o
[5/46] Building CXX object adapters/engine_api/CMakeFiles/qcae_engine_api.dir/src/typed_host.cpp.o
[6/46] Building CXX object CMakeFiles/qcae_model_operation_tests.dir/tests/model_operation_tests.cpp.o
[7/46] Building CXX object CMakeFiles/qcae_record_query_tests.dir/tests/record_query_tests.cpp.o
[8/46] Building CXX object CMakeFiles/qcae_model_tests.dir/tests/model_tests.cpp.o
[9/46] Building CXX object CMakeFiles/qcae_nastran_tests.dir/tests/nastran_tests.cpp.o
[10/46] Building CXX object CMakeFiles/qcae_delta_tests.dir/tests/delta_tests.cpp.o
[11/46] Building CXX object CMakeFiles/qcae_persistence_tests.dir/tests/persistence_tests.cpp.o
[12/46] Building CXX object CMakeFiles/qcae_query_tests.dir/tests/query_tests.cpp.o
[13/46] Building CXX object CMakeFiles/qcae_core_tests.dir/tests/core_tests.cpp.o
[14/46] Building CXX object CMakeFiles/qcae_contract_tests.dir/tests/contract_tests.cpp.o
[15/46] Building CXX object CMakeFiles/qcae_sqlite_tests.dir/tests/sqlite_tests.cpp.o
[16/46] Building CXX object CMakeFiles/qcae_allocation_tests.dir/tests/allocation_tests.cpp.o
[17/46] Building CXX object CMakeFiles/qcae_record_store_tests.dir/tests/record_store_tests.cpp.o
[18/46] Building CXX object CMakeFiles/qcae_geometry_mesh_sqlite_tests.dir/tests/geometry_mesh_tests.cpp.o
[19/46] Building CXX object CMakeFiles/qcae_legacy_migration_tests.dir/tests/legacy_migration_tests.cpp.o
[20/46] Building CXX object modules/document/CMakeFiles/qcae_record_document_tests.dir/__/__/tests/record_document_tests.cpp.o
[21/46] Building CXX object modules/runtime/CMakeFiles/qcae_runtime_tests.dir/__/__/tests/runtime_tests.cpp.o
[22/46] Building CXX object features/mesh_generation/CMakeFiles/qcae_geometry_mesh_tests.dir/__/__/tests/geometry_mesh_tests.cpp.o
[23/46] Linking CXX static library adapters/storage_sqlite/libqcae_sqlite.a
[24/46] Linking CXX static library profiles/nastran/libqcae_nastran.a
[25/46] Linking CXX static library adapters/engine_api/libqcae_engine_api.a
[26/46] Linking CXX executable qcae_record_application_tests
[27/46] Linking CXX executable qcae_parameter_tests
[28/46] Linking CXX executable qcae_model_operation_tests
[29/46] Linking CXX executable qcae_record_query_tests
[30/46] Linking CXX executable qcae_model_tests
[31/46] Linking CXX executable qcae_nastran_tests
[32/46] Linking CXX executable qcae_delta_tests
[33/46] Linking CXX executable qcae_persistence_tests
[34/46] Linking CXX executable qcae_query_tests
[35/46] Linking CXX executable qcae_core_tests
[36/46] Linking CXX executable qcae_contract_tests
[37/46] Linking CXX executable qcae_allocation_tests
[38/46] Linking CXX executable qcae_sqlite_tests
[39/46] Linking CXX executable qcae_record_store_tests
[40/46] Linking CXX executable qcae_geometry_mesh_sqlite_tests
[41/46] Linking CXX executable qcae_legacy_migration_tests
[42/46] Linking CXX executable qcae_record_document_tests
[43/46] Building CXX object adapters/engine_api/CMakeFiles/qcae_typed_host_tests.dir/__/__/tests/typed_host_tests.cpp.o
[44/46] Linking CXX executable qcae_runtime_tests
[45/46] Linking CXX executable qcae_geometry_mesh_tests
[46/46] Linking CXX executable qcae_typed_host_tests
