[0/2] Re-checking globbed directories...
[1/127] Building CXX object modules/document/CMakeFiles/qcae_document.dir/src/model.cpp.o
[2/127] Building CXX object modules/document/CMakeFiles/qcae_document.dir/src/model_delta.cpp.o
[3/127] Building CXX object modules/document/CMakeFiles/qcae_document.dir/src/state_codec.cpp.o
[4/127] Building CXX object modules/document/CMakeFiles/qcae_document.dir/src/record_registry.cpp.o
[5/127] Building CXX object modules/document/CMakeFiles/qcae_document.dir/src/edit_session.cpp.o
[6/127] Building CXX object modules/document/CMakeFiles/qcae_document.dir/src/document_view.cpp.o
[7/127] Building CXX object modules/document/CMakeFiles/qcae_document.dir/src/record_model_bridge.cpp.o
[8/127] Building CXX object modules/document/CMakeFiles/qcae_document.dir/src/records_rules.cpp.o
[9/127] Linking CXX static library modules/document/libqcae_document.a
[10/127] Building CXX object modules/application/CMakeFiles/qcae_application.dir/src/core.cpp.o
[11/127] Building CXX object modules/parameters/CMakeFiles/qcae_parameters.dir/src/quantities.cpp.o
[12/127] Building CXX object modules/application/CMakeFiles/qcae_application.dir/src/application_state.cpp.o
[13/127] Building CXX object modules/operations/CMakeFiles/qcae_operations.dir/src/canonical_value.cpp.o
[14/127] Building CXX object modules/operations/CMakeFiles/qcae_operations.dir/src/change_receipt_value.cpp.o
[15/127] Building CXX object modules/operations/CMakeFiles/qcae_operations.dir/src/operation_registry.cpp.o
[16/127] Building CXX object modules/runtime/CMakeFiles/qcae_runtime.dir/src/task_record.cpp.o
[17/127] Linking CXX static library modules/application/libqcae_application.a
[18/127] Linking CXX static library modules/parameters/libqcae_parameters.a
[19/127] Linking CXX static library modules/operations/libqcae_operations.a
[20/127] Building CXX object modules/runtime/CMakeFiles/qcae_runtime.dir/src/task_service.cpp.o
[21/127] Linking CXX static library modules/runtime/libqcae_runtime.a
[22/127] Building CXX object modules/runtime/CMakeFiles/qcae_task_application.dir/record_application/src/task_application.cpp.o
[23/127] Building CXX object features/analysis/CMakeFiles/qcae_analysis_features.dir/src/analysis_checks.cpp.o
[24/127] Building CXX object features/analysis/CMakeFiles/qcae_analysis_features.dir/src/analysis_operations.cpp.o
[25/127] Building CXX object features/analysis/CMakeFiles/qcae_analysis_features.dir/src/cantilever_checks.cpp.o
[26/127] Building CXX object features/analysis/CMakeFiles/qcae_analysis_features.dir/src/check_report.cpp.o
[27/127] Building CXX object features/analysis/CMakeFiles/qcae_analysis_features.dir/src/analysis_input_codec.cpp.o
[28/127] Building CXX object features/analysis/CMakeFiles/qcae_analysis_features.dir/src/analysis_input.cpp.o
[29/127] Building CXX object adapters/artifacts_local/CMakeFiles/qcae_artifacts_local.dir/src/artifacts_local.cpp.o
[30/127] Building CXX object features/legacy_api/CMakeFiles/qcae_legacy_api.dir/src/core.cpp.o
[31/127] Building CXX object features/legacy_api/CMakeFiles/qcae_legacy_api.dir/src/legacy_state.cpp.o
[32/127] Linking CXX static library modules/runtime/libqcae_task_application.a
[33/127] Building CXX object features/legacy_api/CMakeFiles/qcae_legacy_api.dir/src/legacy_migration.cpp.o
[34/127] Building CXX object features/geometry/CMakeFiles/qcae_geometry_features.dir/src/geometry_features.cpp.o
[35/127] Building CXX object features/mesh_generation/CMakeFiles/qcae_mesh_generation.dir/src/line_mesh_task.cpp.o
[36/127] Building CXX object features/materials/CMakeFiles/qcae_material_features.dir/src/material_operations.cpp.o
[37/127] Linking CXX static library features/analysis/libqcae_analysis_features.a
[38/127] Building CXX object features/results/CMakeFiles/qcae_result_features.dir/src/result_fixture.cpp.o
[39/127] Building CXX object features/mesh_editing/CMakeFiles/qcae_mesh_editing.dir/src/mesh_editing_operations.cpp.o
[40/127] Building CXX object features/results/CMakeFiles/qcae_result_features.dir/src/result_codec.cpp.o
[41/127] Building CXX object features/results/CMakeFiles/qcae_result_features.dir/src/result_service.cpp.o
[42/127] Building CXX object features/results/CMakeFiles/qcae_result_features.dir/src/static_validation.cpp.o
[43/127] Building CXX object modules/query/CMakeFiles/qcae_query.dir/src/query_legacy.cpp.o
[44/127] Building CXX object modules/query/CMakeFiles/qcae_query.dir/src/query.cpp.o
[45/127] Building CXX object modules/query/CMakeFiles/qcae_query.dir/src/entity_queries.cpp.o
[46/127] Building CXX object modules/query/CMakeFiles/qcae_query.dir/src/render_projector.cpp.o
[47/127] Building CXX object profiles/nastran/CMakeFiles/qcae_nastran.dir/src/nastran_codec.cpp.o
[48/127] Building CXX object profiles/nastran/CMakeFiles/qcae_nastran.dir/src/nastran_package.cpp.o
[49/127] Linking CXX static library adapters/artifacts_local/libqcae_artifacts_local.a
[50/127] Building CXX object profiles/nastran/CMakeFiles/qcae_nastran.dir/src/nastran_static_result.cpp.o
[51/127] Building CXX object adapters/solver_local/CMakeFiles/qcae_solver_local.dir/src/solver_local.cpp.o
[52/127] Building CXX object adapters/storage_sqlite/CMakeFiles/qcae_sqlite.dir/src/sqlite_store.cpp.o
[53/127] Building CXX object CMakeFiles/qcae_record_application_tests.dir/tests/record_application_tests.cpp.o
[54/127] Building CXX object CMakeFiles/qcae_operation_registry_tests.dir/tests/operation_registry_tests.cpp.o
[55/127] Building CXX object CMakeFiles/qcae_parameter_tests.dir/tests/parameter_tests.cpp.o
[56/127] Building CXX object CMakeFiles/qcae_quantity_entry_consistency_tests.dir/tests/quantity_entry_consistency_tests.cpp.o
[57/127] Building CXX object CMakeFiles/qcae_model_operation_tests.dir/tests/model_operation_tests.cpp.o
[58/127] Building CXX object CMakeFiles/qcae_model_tests.dir/tests/model_tests.cpp.o
[59/127] Building CXX object CMakeFiles/qcae_record_query_tests.dir/tests/record_query_tests.cpp.o
[60/127] Building CXX object CMakeFiles/qcae_nastran_tests.dir/tests/nastran_tests.cpp.o
[61/127] Building CXX object CMakeFiles/qcae_delta_tests.dir/tests/delta_tests.cpp.o
[62/127] Building CXX object CMakeFiles/qcae_persistence_tests.dir/tests/persistence_tests.cpp.o
[63/127] Building CXX object CMakeFiles/qcae_query_tests.dir/tests/query_tests.cpp.o
[64/127] Building CXX object CMakeFiles/qcae_core_tests.dir/tests/core_tests.cpp.o
[65/127] Building CXX object CMakeFiles/qcae_contract_tests.dir/tests/contract_tests.cpp.o
[66/127] Building CXX object CMakeFiles/qcae_sqlite_tests.dir/tests/sqlite_tests.cpp.o
[67/127] Building CXX object CMakeFiles/qcae_allocation_tests.dir/tests/allocation_tests.cpp.o
[68/127] Building CXX object CMakeFiles/qcae_record_store_tests.dir/tests/record_store_tests.cpp.o
[69/127] Building CXX object CMakeFiles/qcae_geometry_mesh_sqlite_tests.dir/tests/geometry_mesh_tests.cpp.o
[70/127] Building CXX object CMakeFiles/qcae_nastran_package_tests.dir/tests/nastran_package_tests.cpp.o
[71/127] Building CXX object CMakeFiles/qcae_skeleton_fault_tests.dir/tests/skeleton_fault_tests.cpp.o
[72/127] Building CXX object CMakeFiles/qcae_skeleton_representative_tests.dir/tests/skeleton_representative_tests.cpp.o
[73/127] Building CXX object CMakeFiles/qcae_change_event_tests.dir/tests/change_event_tests.cpp.o
[74/127] Building CXX object CMakeFiles/qcae_render_projector_tests.dir/tests/render_projector_tests.cpp.o
[75/127] Linking CXX static library features/legacy_api/libqcae_legacy_api.a
[76/127] Building CXX object modules/document/CMakeFiles/qcae_record_document_tests.dir/__/__/tests/record_document_tests.cpp.o
[77/127] Linking CXX static library features/geometry/libqcae_geometry_features.a
[78/127] Linking CXX static library features/mesh_generation/libqcae_mesh_generation.a
[79/127] Building CXX object modules/runtime/CMakeFiles/qcae_runtime_tests.dir/__/__/tests/runtime_tests.cpp.o
[80/127] Building CXX object features/mesh_generation/CMakeFiles/qcae_geometry_mesh_tests.dir/__/__/tests/geometry_mesh_tests.cpp.o
[81/127] Building CXX object features/mesh_generation/CMakeFiles/qcae_line_mesh_regeneration_tests.dir/__/__/tests/line_mesh_regeneration_tests.cpp.o
[82/127] Linking CXX static library features/materials/libqcae_material_features.a
[83/127] Linking CXX static library features/mesh_editing/libqcae_mesh_editing.a
[84/127] Linking CXX static library features/results/libqcae_result_features.a
[85/127] Building CXX object features/results/CMakeFiles/qcae_result_fixture_tests.dir/__/__/tests/result_fixture_tests.cpp.o
[86/127] Building CXX object features/analysis/CMakeFiles/qcae_analysis_check_tests.dir/__/__/tests/analysis_check_tests.cpp.o
[87/127] Linking CXX static library modules/query/libqcae_query.a
[88/127] Linking CXX static library profiles/nastran/libqcae_nastran.a
[89/127] Building CXX object features/results/CMakeFiles/qcae_static_validation_tests.dir/__/__/tests/static_validation_tests.cpp.o
[90/127] Building CXX object profiles/nastran/CMakeFiles/qcae_nastran_static_result_tests.dir/__/__/tests/nastran_static_result_tests.cpp.o
[91/127] Linking CXX static library adapters/solver_local/libqcae_solver_local.a
[92/127] Building CXX object adapters/artifacts_local/CMakeFiles/qcae_artifacts_local_tests.dir/__/__/tests/artifacts_local_tests.cpp.o
[93/127] Linking CXX static library adapters/storage_sqlite/libqcae_sqlite.a
[94/127] Linking CXX executable qcae_record_application_tests
[95/127] Linking CXX executable qcae_operation_registry_tests
[96/127] Linking CXX executable qcae_parameter_tests
[97/127] Linking CXX executable qcae_model_operation_tests
[98/127] Linking CXX executable qcae_quantity_entry_consistency_tests
[99/127] Linking CXX executable qcae_record_query_tests
[100/127] Linking CXX executable qcae_model_tests
[101/127] Building CXX object adapters/solver_local/CMakeFiles/qcae_solver_local_tests.dir/__/__/tests/solver_local_tests.cpp.o
[102/127] Linking CXX executable qcae_nastran_tests
[103/127] Linking CXX executable qcae_delta_tests
[104/127] Linking CXX executable qcae_persistence_tests
[105/127] Linking CXX executable qcae_query_tests
[106/127] Linking CXX executable qcae_core_tests
[107/127] Linking CXX executable qcae_contract_tests
[108/127] Linking CXX executable qcae_sqlite_tests
[109/127] Linking CXX executable qcae_record_store_tests
[110/127] Linking CXX executable qcae_allocation_tests
[111/127] Linking CXX executable qcae_geometry_mesh_sqlite_tests
[112/127] Linking CXX executable qcae_nastran_package_tests
[113/127] Linking CXX executable qcae_skeleton_fault_tests
[114/127] Linking CXX executable qcae_skeleton_representative_tests
[115/127] Linking CXX executable qcae_change_event_tests
[116/127] Linking CXX executable qcae_render_projector_tests
[117/127] Linking CXX executable qcae_record_document_tests
[118/127] Linking CXX executable qcae_runtime_tests
[119/127] Linking CXX executable qcae_geometry_mesh_tests
[120/127] Linking CXX executable qcae_line_mesh_regeneration_tests
[121/127] Linking CXX executable qcae_analysis_check_tests
[122/127] Linking CXX executable qcae_result_fixture_tests
[123/127] Linking CXX executable qcae_nastran_static_result_tests
[124/127] Linking CXX executable qcae_static_validation_tests
[125/127] Linking CXX executable qcae_artifacts_local_tests
[126/127] Linking CXX executable qcae_solver_local_tests
