[0/2] Re-checking globbed directories...
[1/113] Building CXX object modules/document/CMakeFiles/qcae_document.dir/src/model.cpp.o
[2/113] Building CXX object modules/document/CMakeFiles/qcae_document.dir/src/model_delta.cpp.o
[3/113] Building CXX object modules/document/CMakeFiles/qcae_document.dir/src/state_codec.cpp.o
[4/113] Building CXX object modules/document/CMakeFiles/qcae_document.dir/src/record_registry.cpp.o
[5/113] Building CXX object modules/document/CMakeFiles/qcae_document.dir/src/edit_session.cpp.o
[6/113] Building CXX object modules/document/CMakeFiles/qcae_document.dir/src/document_view.cpp.o
[7/113] Building CXX object modules/document/CMakeFiles/qcae_document.dir/src/record_model_bridge.cpp.o
[8/113] Building CXX object modules/document/CMakeFiles/qcae_document.dir/src/records_rules.cpp.o
[9/113] Linking CXX static library modules/document/libqcae_document.a
[10/113] Building CXX object modules/application/CMakeFiles/qcae_application.dir/src/core.cpp.o
[11/113] Building CXX object modules/parameters/CMakeFiles/qcae_parameters.dir/src/quantities.cpp.o
[12/113] Building CXX object modules/application/CMakeFiles/qcae_application.dir/src/application_state.cpp.o
[13/113] Building CXX object modules/operations/CMakeFiles/qcae_operations.dir/src/canonical_value.cpp.o
[14/113] Building CXX object modules/operations/CMakeFiles/qcae_operations.dir/src/operation_registry.cpp.o
[15/113] Building CXX object modules/operations/CMakeFiles/qcae_operations.dir/src/change_receipt_value.cpp.o
[16/113] Building CXX object modules/runtime/CMakeFiles/qcae_runtime.dir/src/task_record.cpp.o
[17/113] Linking CXX static library modules/application/libqcae_application.a
[18/113] Linking CXX static library modules/parameters/libqcae_parameters.a
[19/113] Linking CXX static library modules/operations/libqcae_operations.a
[20/113] Building CXX object modules/runtime/CMakeFiles/qcae_runtime.dir/src/task_service.cpp.o
[21/113] Linking CXX static library modules/runtime/libqcae_runtime.a
[22/113] Building CXX object modules/runtime/CMakeFiles/qcae_task_application.dir/record_application/src/task_application.cpp.o
[23/113] Building CXX object features/analysis/CMakeFiles/qcae_analysis_features.dir/src/analysis_checks.cpp.o
[24/113] Building CXX object features/analysis/CMakeFiles/qcae_analysis_features.dir/src/analysis_operations.cpp.o
[25/113] Building CXX object features/analysis/CMakeFiles/qcae_analysis_features.dir/src/cantilever_checks.cpp.o
[26/113] Building CXX object features/analysis/CMakeFiles/qcae_analysis_features.dir/src/check_report.cpp.o
[27/113] Building CXX object features/analysis/CMakeFiles/qcae_analysis_features.dir/src/analysis_input.cpp.o
[28/113] Building CXX object features/analysis/CMakeFiles/qcae_analysis_features.dir/src/analysis_input_codec.cpp.o
[29/113] Building CXX object adapters/artifacts_local/CMakeFiles/qcae_artifacts_local.dir/src/artifacts_local.cpp.o
[30/113] Building CXX object features/legacy_api/CMakeFiles/qcae_legacy_api.dir/src/core.cpp.o
[31/113] Building CXX object features/legacy_api/CMakeFiles/qcae_legacy_api.dir/src/legacy_state.cpp.o
[32/113] Linking CXX static library modules/runtime/libqcae_task_application.a
[33/113] Building CXX object features/geometry/CMakeFiles/qcae_geometry_features.dir/src/geometry_features.cpp.o
[34/113] Building CXX object features/legacy_api/CMakeFiles/qcae_legacy_api.dir/src/legacy_migration.cpp.o
[35/113] Building CXX object features/mesh_generation/CMakeFiles/qcae_mesh_generation.dir/src/line_mesh_task.cpp.o
[36/113] Building CXX object features/materials/CMakeFiles/qcae_material_features.dir/src/material_operations.cpp.o
[37/113] Linking CXX static library features/analysis/libqcae_analysis_features.a
[38/113] Building CXX object features/results/CMakeFiles/qcae_result_features.dir/src/result_fixture.cpp.o
[39/113] Building CXX object features/mesh_editing/CMakeFiles/qcae_mesh_editing.dir/src/mesh_editing_operations.cpp.o
[40/113] Building CXX object features/results/CMakeFiles/qcae_result_features.dir/src/result_codec.cpp.o
[41/113] Building CXX object features/results/CMakeFiles/qcae_result_features.dir/src/result_service.cpp.o
[42/113] Building CXX object features/results/CMakeFiles/qcae_result_features.dir/src/static_validation.cpp.o
[43/113] Building CXX object modules/query/CMakeFiles/qcae_query.dir/src/query_legacy.cpp.o
[44/113] Building CXX object modules/query/CMakeFiles/qcae_query.dir/src/query.cpp.o
[45/113] Building CXX object modules/query/CMakeFiles/qcae_query.dir/src/entity_queries.cpp.o
[46/113] Building CXX object modules/query/CMakeFiles/qcae_query.dir/src/render_projector.cpp.o
[47/113] Building CXX object profiles/nastran/CMakeFiles/qcae_nastran.dir/src/nastran_codec.cpp.o
[48/113] Building CXX object profiles/nastran/CMakeFiles/qcae_nastran.dir/src/nastran_package.cpp.o
[49/113] Linking CXX static library adapters/artifacts_local/libqcae_artifacts_local.a
[50/113] Building CXX object profiles/nastran/CMakeFiles/qcae_nastran.dir/src/nastran_static_result.cpp.o
[51/113] Building CXX object adapters/solver_local/CMakeFiles/qcae_solver_local.dir/src/solver_local.cpp.o
[52/113] Building CXX object CMakeFiles/qcae_record_application_tests.dir/tests/record_application_tests.cpp.o
[53/113] Building CXX object CMakeFiles/qcae_parameter_tests.dir/tests/parameter_tests.cpp.o
[54/113] Building CXX object CMakeFiles/qcae_operation_registry_tests.dir/tests/operation_registry_tests.cpp.o
[55/113] Building CXX object CMakeFiles/qcae_quantity_entry_consistency_tests.dir/tests/quantity_entry_consistency_tests.cpp.o
[56/113] Building CXX object CMakeFiles/qcae_model_operation_tests.dir/tests/model_operation_tests.cpp.o
[57/113] Building CXX object CMakeFiles/qcae_model_tests.dir/tests/model_tests.cpp.o
[58/113] Building CXX object CMakeFiles/qcae_record_query_tests.dir/tests/record_query_tests.cpp.o
[59/113] Building CXX object CMakeFiles/qcae_delta_tests.dir/tests/delta_tests.cpp.o
[60/113] Building CXX object CMakeFiles/qcae_nastran_tests.dir/tests/nastran_tests.cpp.o
[61/113] Building CXX object CMakeFiles/qcae_persistence_tests.dir/tests/persistence_tests.cpp.o
[62/113] Building CXX object CMakeFiles/qcae_query_tests.dir/tests/query_tests.cpp.o
[63/113] Building CXX object CMakeFiles/qcae_contract_tests.dir/tests/contract_tests.cpp.o
[64/113] Building CXX object CMakeFiles/qcae_core_tests.dir/tests/core_tests.cpp.o
[65/113] Building CXX object CMakeFiles/qcae_allocation_tests.dir/tests/allocation_tests.cpp.o
[66/113] Building CXX object CMakeFiles/qcae_change_event_tests.dir/tests/change_event_tests.cpp.o
[67/113] Building CXX object CMakeFiles/qcae_render_projector_tests.dir/tests/render_projector_tests.cpp.o
[68/113] Linking CXX static library features/legacy_api/libqcae_legacy_api.a
[69/113] Building CXX object modules/runtime/CMakeFiles/qcae_runtime_tests.dir/__/__/tests/runtime_tests.cpp.o
[70/113] Linking CXX static library features/geometry/libqcae_geometry_features.a
[71/113] Linking CXX static library features/mesh_generation/libqcae_mesh_generation.a
[72/113] Building CXX object modules/document/CMakeFiles/qcae_record_document_tests.dir/__/__/tests/record_document_tests.cpp.o
[73/113] Building CXX object features/mesh_generation/CMakeFiles/qcae_geometry_mesh_tests.dir/__/__/tests/geometry_mesh_tests.cpp.o
[74/113] Linking CXX static library features/materials/libqcae_material_features.a
[75/113] Linking CXX static library features/mesh_editing/libqcae_mesh_editing.a
[76/113] Building CXX object features/mesh_generation/CMakeFiles/qcae_line_mesh_regeneration_tests.dir/__/__/tests/line_mesh_regeneration_tests.cpp.o
[77/113] Linking CXX static library features/results/libqcae_result_features.a
[78/113] Building CXX object features/results/CMakeFiles/qcae_result_fixture_tests.dir/__/__/tests/result_fixture_tests.cpp.o
[79/113] Building CXX object features/analysis/CMakeFiles/qcae_analysis_check_tests.dir/__/__/tests/analysis_check_tests.cpp.o
[80/113] Linking CXX static library modules/query/libqcae_query.a
[81/113] Linking CXX static library profiles/nastran/libqcae_nastran.a
[82/113] Building CXX object features/results/CMakeFiles/qcae_static_validation_tests.dir/__/__/tests/static_validation_tests.cpp.o
[83/113] Building CXX object profiles/nastran/CMakeFiles/qcae_nastran_static_result_tests.dir/__/__/tests/nastran_static_result_tests.cpp.o
[84/113] Linking CXX static library adapters/solver_local/libqcae_solver_local.a
[85/113] Building CXX object adapters/artifacts_local/CMakeFiles/qcae_artifacts_local_tests.dir/__/__/tests/artifacts_local_tests.cpp.o
[86/113] Linking CXX executable qcae_record_application_tests
[87/113] Linking CXX executable qcae_operation_registry_tests
[88/113] Linking CXX executable qcae_parameter_tests
[89/113] Linking CXX executable qcae_model_operation_tests
[90/113] Linking CXX executable qcae_quantity_entry_consistency_tests
[91/113] Linking CXX executable qcae_record_query_tests
[92/113] Linking CXX executable qcae_model_tests
[93/113] Linking CXX executable qcae_nastran_tests
[94/113] Linking CXX executable qcae_delta_tests
[95/113] Linking CXX executable qcae_persistence_tests
[96/113] Linking CXX executable qcae_query_tests
[97/113] Linking CXX executable qcae_core_tests
[98/113] Linking CXX executable qcae_contract_tests
[99/113] Linking CXX executable qcae_allocation_tests
[100/113] Linking CXX executable qcae_change_event_tests
[101/113] Linking CXX executable qcae_render_projector_tests
[102/113] Linking CXX executable qcae_record_document_tests
[103/113] Linking CXX executable qcae_runtime_tests
[104/113] Building CXX object adapters/solver_local/CMakeFiles/qcae_solver_local_tests.dir/__/__/tests/solver_local_tests.cpp.o
[105/113] Linking CXX executable qcae_geometry_mesh_tests
[106/113] Linking CXX executable qcae_line_mesh_regeneration_tests
[107/113] Linking CXX executable qcae_analysis_check_tests
[108/113] Linking CXX executable qcae_result_fixture_tests
[109/113] Linking CXX executable qcae_static_validation_tests
[110/113] Linking CXX executable qcae_nastran_static_result_tests
[111/113] Linking CXX executable qcae_artifacts_local_tests
[112/113] Linking CXX executable qcae_solver_local_tests
