********* Start testing of Workflow *********
Config: Using QtTest library 6.11.1, Qt 6.11.1 (arm64-little_endian-lp64 shared (dynamic) release build; by Apple LLVM 21.0.0 (clang-2100.0.123.102)), macos 26.6.2
PASS   : Workflow::initTestCase()
PASS   : Workflow::completedAnalysisReportsRemainReadable(success-current-read)
PASS   : Workflow::completedAnalysisReportsRemainReadable(success-stale-read)
PASS   : Workflow::completedAnalysisReportsRemainReadable(needs_input-current-read)
PASS   : Workflow::completedAnalysisReportsRemainReadable(needs_input-stale-read)
PASS   : Workflow::completedAnalysisReportsRemainReadable(failed-current-read)
PASS   : Workflow::completedAnalysisReportsRemainReadable(failed-stale-read)
PASS   : Workflow::malformedAnalysisReportsAreRejected(rule-zero-run)
PASS   : Workflow::malformedAnalysisReportsAreRejected(rule-zero-read)
PASS   : Workflow::malformedAnalysisReportsAreRejected(rule-number-run)
PASS   : Workflow::malformedAnalysisReportsAreRejected(rule-number-read)
PASS   : Workflow::malformedAnalysisReportsAreRejected(rule-leading-zero-run)
PASS   : Workflow::malformedAnalysisReportsAreRejected(rule-leading-zero-read)
PASS   : Workflow::malformedAnalysisReportsAreRejected(rule-overflow-run)
PASS   : Workflow::malformedAnalysisReportsAreRejected(rule-overflow-read)
PASS   : Workflow::malformedAnalysisReportsAreRejected(unknown-outcome-run)
PASS   : Workflow::malformedAnalysisReportsAreRejected(unknown-outcome-read)
PASS   : Workflow::malformedAnalysisReportsAreRejected(status-run)
PASS   : Workflow::malformedAnalysisReportsAreRejected(status-read)
PASS   : Workflow::malformedAnalysisReportsAreRejected(empty-issues-run)
PASS   : Workflow::malformedAnalysisReportsAreRejected(empty-issues-read)
PASS   : Workflow::malformedAnalysisReportsAreRejected(non-object-issue-run)
PASS   : Workflow::malformedAnalysisReportsAreRejected(non-object-issue-read)
PASS   : Workflow::malformedAnalysisReportsAreRejected(duplicate-rule-run)
PASS   : Workflow::malformedAnalysisReportsAreRejected(duplicate-rule-read)
PASS   : Workflow::malformedAnalysisReportsAreRejected(issue-state-run)
PASS   : Workflow::malformedAnalysisReportsAreRejected(issue-state-read)
PASS   : Workflow::malformedAnalysisReportsAreRejected(issue-version-run)
PASS   : Workflow::malformedAnalysisReportsAreRejected(issue-version-read)
PASS   : Workflow::malformedAnalysisReportsAreRejected(entity-type-run)
PASS   : Workflow::malformedAnalysisReportsAreRejected(entity-type-read)
PASS   : Workflow::malformedAnalysisReportsAreRejected(document-run)
PASS   : Workflow::malformedAnalysisReportsAreRejected(document-read)
PASS   : Workflow::malformedAnalysisReportsAreRejected(current-epoch-run)
PASS   : Workflow::malformedAnalysisReportsAreRejected(current-epoch-read)
PASS   : Workflow::malformedAnalysisReportsAreRejected(revision-run)
PASS   : Workflow::malformedAnalysisReportsAreRejected(revision-read)
PASS   : Workflow::malformedAnalysisReportsAreRejected(current-revision-run)
PASS   : Workflow::malformedAnalysisReportsAreRejected(current-revision-read)
PASS   : Workflow::malformedAnalysisReportsAreRejected(profile-run)
PASS   : Workflow::malformedAnalysisReportsAreRejected(profile-read)
PASS   : Workflow::malformedAnalysisReportsAreRejected(catalog-run)
PASS   : Workflow::malformedAnalysisReportsAreRejected(catalog-read)
PASS   : Workflow::malformedAnalysisReportsAreRejected(check-id-run)
PASS   : Workflow::malformedAnalysisReportsAreRejected(check-id-read)
PASS   : Workflow::lateAnalysisReportsCannotCrossContext(document-run)
PASS   : Workflow::lateAnalysisReportsCannotCrossContext(document-read)
PASS   : Workflow::lateAnalysisReportsCannotCrossContext(epoch-run)
PASS   : Workflow::lateAnalysisReportsCannotCrossContext(epoch-read)
PASS   : Workflow::lateAnalysisReportsCannotCrossContext(suspend-run)
PASS   : Workflow::lateAnalysisReportsCannotCrossContext(suspend-read)
PASS   : Workflow::lateAnalysisReportsCannotCrossContext(destroy-run)
PASS   : Workflow::lateAnalysisReportsCannotCrossContext(destroy-read)
PASS   : Workflow::cleanupTestCase()
Totals: 54 passed, 0 failed, 0 skipped, 0 blacklisted, 13993ms
********* Finished testing of Workflow *********
