[0/2] Re-checking globbed directories...
[1/130] Generating ../../generated/qcae/operations.hpp
[2/130] Generating ../../generated/qcae/operation_inputs.hpp
[3/130] Building CXX object modules/document/CMakeFiles/qcae_document.dir/src/model.cpp.o
[4/130] Building CXX object modules/document/CMakeFiles/qcae_document.dir/src/model_delta.cpp.o
[5/130] Building CXX object modules/document/CMakeFiles/qcae_document.dir/src/state_codec.cpp.o
[6/130] Building CXX object modules/document/CMakeFiles/qcae_document.dir/src/record_registry.cpp.o
[7/130] Building CXX object modules/document/CMakeFiles/qcae_document.dir/src/edit_session.cpp.o
[8/130] Building CXX object modules/document/CMakeFiles/qcae_document.dir/src/document_view.cpp.o
[9/130] Building CXX object modules/document/CMakeFiles/qcae_document.dir/src/record_model_bridge.cpp.o
[10/130] Building CXX object modules/document/CMakeFiles/qcae_document.dir/src/records_rules.cpp.o
[11/130] Linking CXX static library modules/document/libqcae_document.a
[12/130] Building CXX object modules/application/CMakeFiles/qcae_application.dir/src/core.cpp.o
[13/130] Building CXX object modules/parameters/CMakeFiles/qcae_parameters.dir/src/quantities.cpp.o
[14/130] Building CXX object modules/application/CMakeFiles/qcae_application.dir/src/application_state.cpp.o
[15/130] Building CXX object modules/operations/CMakeFiles/qcae_operations.dir/src/canonical_value.cpp.o
[16/130] Building CXX object modules/operations/CMakeFiles/qcae_operations.dir/src/operation_registry.cpp.o
[17/130] Building CXX object modules/operations/CMakeFiles/qcae_operations.dir/src/change_receipt_value.cpp.o
[18/130] Building CXX object modules/runtime/CMakeFiles/qcae_runtime.dir/src/task_record.cpp.o
[19/130] Linking CXX static library modules/application/libqcae_application.a
[20/130] Linking CXX static library modules/parameters/libqcae_parameters.a
[21/130] Linking CXX static library modules/operations/libqcae_operations.a
[22/130] Building CXX object modules/runtime/CMakeFiles/qcae_runtime.dir/src/task_service.cpp.o
[23/130] Linking CXX static library modules/runtime/libqcae_runtime.a
[24/130] Building CXX object modules/runtime/CMakeFiles/qcae_task_application.dir/record_application/src/task_application.cpp.o
[25/130] Building CXX object features/analysis/CMakeFiles/qcae_analysis_features.dir/src/analysis_checks.cpp.o
[26/130] Building CXX object features/analysis/CMakeFiles/qcae_analysis_features.dir/src/analysis_operations.cpp.o
[27/130] Building CXX object features/analysis/CMakeFiles/qcae_analysis_features.dir/src/cantilever_checks.cpp.o
[28/130] Building CXX object features/analysis/CMakeFiles/qcae_analysis_features.dir/src/check_report.cpp.o
[29/130] Building CXX object features/analysis/CMakeFiles/qcae_analysis_features.dir/src/analysis_input_codec.cpp.o
[30/130] Building CXX object features/analysis/CMakeFiles/qcae_analysis_features.dir/src/analysis_input.cpp.o
[31/130] Generating generated/qcae/nastran_digest.hpp
[32/130] Building CXX object adapters/artifacts_local/CMakeFiles/qcae_artifacts_local.dir/src/artifacts_local.cpp.o
[33/130] Building CXX object features/legacy_api/CMakeFiles/qcae_legacy_api.dir/src/core.cpp.o
[34/130] Building CXX object features/legacy_api/CMakeFiles/qcae_legacy_api.dir/src/legacy_state.cpp.o
[35/130] Linking CXX static library modules/runtime/libqcae_task_application.a
[36/130] Building CXX object features/legacy_api/CMakeFiles/qcae_legacy_api.dir/src/legacy_migration.cpp.o
[37/130] Building CXX object features/geometry/CMakeFiles/qcae_geometry_features.dir/src/geometry_features.cpp.o
[38/130] Building CXX object features/mesh_generation/CMakeFiles/qcae_mesh_generation.dir/src/line_mesh_task.cpp.o
[39/130] Building CXX object features/materials/CMakeFiles/qcae_material_features.dir/src/material_operations.cpp.o
[40/130] Linking CXX static library features/analysis/libqcae_analysis_features.a
[41/130] Building CXX object features/results/CMakeFiles/qcae_result_features.dir/src/result_fixture.cpp.o
[42/130] Building CXX object features/mesh_editing/CMakeFiles/qcae_mesh_editing.dir/src/mesh_editing_operations.cpp.o
[43/130] Building CXX object features/results/CMakeFiles/qcae_result_features.dir/src/result_codec.cpp.o
[44/130] Building CXX object features/results/CMakeFiles/qcae_result_features.dir/src/result_service.cpp.o
[45/130] Building CXX object features/results/CMakeFiles/qcae_result_features.dir/src/static_validation.cpp.o
[46/130] Building CXX object modules/query/CMakeFiles/qcae_query.dir/src/query_legacy.cpp.o
[47/130] Building CXX object modules/query/CMakeFiles/qcae_query.dir/src/query.cpp.o
[48/130] Building CXX object modules/query/CMakeFiles/qcae_query.dir/src/entity_queries.cpp.o
[49/130] Building CXX object modules/query/CMakeFiles/qcae_query.dir/src/render_projector.cpp.o
[50/130] Building CXX object profiles/nastran/CMakeFiles/qcae_nastran.dir/src/nastran_codec.cpp.o
[51/130] Building CXX object profiles/nastran/CMakeFiles/qcae_nastran.dir/src/nastran_package.cpp.o
[52/130] Linking CXX static library adapters/artifacts_local/libqcae_artifacts_local.a
[53/130] Building CXX object profiles/nastran/CMakeFiles/qcae_nastran.dir/src/nastran_static_result.cpp.o
[54/130] Building CXX object adapters/solver_local/CMakeFiles/qcae_solver_local.dir/src/solver_local.cpp.o
[55/130] Building CXX object adapters/storage_sqlite/CMakeFiles/qcae_sqlite.dir/src/sqlite_store.cpp.o
[56/130] Building CXX object CMakeFiles/qcae_record_application_tests.dir/tests/record_application_tests.cpp.o
[57/130] Building CXX object CMakeFiles/qcae_operation_registry_tests.dir/tests/operation_registry_tests.cpp.o
[58/130] Building CXX object CMakeFiles/qcae_parameter_tests.dir/tests/parameter_tests.cpp.o
[59/130] Building CXX object CMakeFiles/qcae_quantity_entry_consistency_tests.dir/tests/quantity_entry_consistency_tests.cpp.o
[60/130] Building CXX object CMakeFiles/qcae_model_operation_tests.dir/tests/model_operation_tests.cpp.o
[61/130] Building CXX object CMakeFiles/qcae_model_tests.dir/tests/model_tests.cpp.o
[62/130] Building CXX object CMakeFiles/qcae_record_query_tests.dir/tests/record_query_tests.cpp.o
[63/130] Building CXX object CMakeFiles/qcae_nastran_tests.dir/tests/nastran_tests.cpp.o
[64/130] Building CXX object CMakeFiles/qcae_delta_tests.dir/tests/delta_tests.cpp.o
[65/130] Building CXX object CMakeFiles/qcae_persistence_tests.dir/tests/persistence_tests.cpp.o
[66/130] Building CXX object CMakeFiles/qcae_query_tests.dir/tests/query_tests.cpp.o
[67/130] Building CXX object CMakeFiles/qcae_contract_tests.dir/tests/contract_tests.cpp.o
[68/130] Building CXX object CMakeFiles/qcae_core_tests.dir/tests/core_tests.cpp.o
[69/130] Building CXX object CMakeFiles/qcae_sqlite_tests.dir/tests/sqlite_tests.cpp.o
[70/130] Building CXX object CMakeFiles/qcae_allocation_tests.dir/tests/allocation_tests.cpp.o
[71/130] Building CXX object CMakeFiles/qcae_record_store_tests.dir/tests/record_store_tests.cpp.o
[72/130] Building CXX object CMakeFiles/qcae_geometry_mesh_sqlite_tests.dir/tests/geometry_mesh_tests.cpp.o
[73/130] Building CXX object CMakeFiles/qcae_nastran_package_tests.dir/tests/nastran_package_tests.cpp.o
[74/130] Building CXX object CMakeFiles/qcae_skeleton_fault_tests.dir/tests/skeleton_fault_tests.cpp.o
[75/130] Building CXX object CMakeFiles/qcae_skeleton_representative_tests.dir/tests/skeleton_representative_tests.cpp.o
[76/130] Building CXX object CMakeFiles/qcae_change_event_tests.dir/tests/change_event_tests.cpp.o
[77/130] Building CXX object CMakeFiles/qcae_render_projector_tests.dir/tests/render_projector_tests.cpp.o
[78/130] Linking CXX static library features/legacy_api/libqcae_legacy_api.a
[79/130] Building CXX object modules/document/CMakeFiles/qcae_record_document_tests.dir/__/__/tests/record_document_tests.cpp.o
[80/130] Linking CXX static library features/geometry/libqcae_geometry_features.a
[81/130] Linking CXX static library features/mesh_generation/libqcae_mesh_generation.a
[82/130] Building CXX object modules/runtime/CMakeFiles/qcae_runtime_tests.dir/__/__/tests/runtime_tests.cpp.o
[83/130] Building CXX object features/mesh_generation/CMakeFiles/qcae_geometry_mesh_tests.dir/__/__/tests/geometry_mesh_tests.cpp.o
[84/130] Linking CXX static library features/materials/libqcae_material_features.a
[85/130] Linking CXX static library features/mesh_editing/libqcae_mesh_editing.a
[86/130] Building CXX object features/mesh_generation/CMakeFiles/qcae_line_mesh_regeneration_tests.dir/__/__/tests/line_mesh_regeneration_tests.cpp.o
[87/130] Linking CXX static library features/results/libqcae_result_features.a
[88/130] Building CXX object features/results/CMakeFiles/qcae_result_fixture_tests.dir/__/__/tests/result_fixture_tests.cpp.o
[89/130] Building CXX object features/analysis/CMakeFiles/qcae_analysis_check_tests.dir/__/__/tests/analysis_check_tests.cpp.o
[90/130] Linking CXX static library modules/query/libqcae_query.a
[91/130] Linking CXX static library profiles/nastran/libqcae_nastran.a
[92/130] Building CXX object features/results/CMakeFiles/qcae_static_validation_tests.dir/__/__/tests/static_validation_tests.cpp.o
[93/130] Building CXX object profiles/nastran/CMakeFiles/qcae_nastran_static_result_tests.dir/__/__/tests/nastran_static_result_tests.cpp.o
[94/130] Linking CXX static library adapters/solver_local/libqcae_solver_local.a
[95/130] Building CXX object adapters/artifacts_local/CMakeFiles/qcae_artifacts_local_tests.dir/__/__/tests/artifacts_local_tests.cpp.o
[96/130] Linking CXX static library adapters/storage_sqlite/libqcae_sqlite.a
[97/130] Linking CXX executable qcae_record_application_tests
[98/130] Linking CXX executable qcae_operation_registry_tests
[99/130] Linking CXX executable qcae_parameter_tests
[100/130] Linking CXX executable qcae_model_operation_tests
[101/130] Linking CXX executable qcae_quantity_entry_consistency_tests
[102/130] Linking CXX executable qcae_record_query_tests
[103/130] Building CXX object adapters/solver_local/CMakeFiles/qcae_solver_local_tests.dir/__/__/tests/solver_local_tests.cpp.o
[104/130] Linking CXX executable qcae_nastran_tests
[105/130] Linking CXX executable qcae_model_tests
[106/130] Linking CXX executable qcae_delta_tests
[107/130] Linking CXX executable qcae_persistence_tests
[108/130] Linking CXX executable qcae_query_tests
[109/130] Linking CXX executable qcae_core_tests
[110/130] Linking CXX executable qcae_contract_tests
[111/130] Linking CXX executable qcae_sqlite_tests
[112/130] Linking CXX executable qcae_record_store_tests
[113/130] Linking CXX executable qcae_allocation_tests
[114/130] Linking CXX executable qcae_nastran_package_tests
[115/130] Linking CXX executable qcae_geometry_mesh_sqlite_tests
[116/130] Linking CXX executable qcae_skeleton_fault_tests
[117/130] Linking CXX executable qcae_skeleton_representative_tests
[118/130] Linking CXX executable qcae_change_event_tests
[119/130] Linking CXX executable qcae_render_projector_tests
[120/130] Linking CXX executable qcae_record_document_tests
[121/130] Linking CXX executable qcae_runtime_tests
[122/130] Linking CXX executable qcae_geometry_mesh_tests
[123/130] Linking CXX executable qcae_line_mesh_regeneration_tests
[124/130] Linking CXX executable qcae_result_fixture_tests
[125/130] Linking CXX executable qcae_analysis_check_tests
[126/130] Linking CXX executable qcae_nastran_static_result_tests
[127/130] Linking CXX executable qcae_static_validation_tests
[128/130] Linking CXX executable qcae_artifacts_local_tests
[129/130] Linking CXX executable qcae_solver_local_tests
