[0/2] Re-checking globbed directories...
[1/68] Automatic MOC for target qcae_desktop_ui
[2/67] Generating ../../generated/qcae/operation_inputs.hpp
[3/67] Building CXX object modules/operations/CMakeFiles/qcae_operations.dir/src/operation_registry.cpp.o
[4/67] Linking CXX static library modules/operations/libqcae_operations.a
[5/67] Building CXX object ui/desktop/CMakeFiles/qcae_desktop_ui.dir/src/analysis_tools.cpp.o
[6/67] Building CXX object features/analysis/CMakeFiles/qcae_analysis_features.dir/src/analysis_checks.cpp.o
[7/67] Building CXX object features/analysis/CMakeFiles/qcae_analysis_features.dir/src/analysis_operations.cpp.o
[8/67] Building CXX object features/analysis/CMakeFiles/qcae_analysis_features.dir/src/cantilever_checks.cpp.o
[9/67] Building CXX object features/analysis/CMakeFiles/qcae_analysis_features.dir/src/check_report.cpp.o
[10/67] Building CXX object features/materials/CMakeFiles/qcae_material_features.dir/src/material_operations.cpp.o
[11/67] Linking CXX static library features/analysis/libqcae_analysis_features.a
[12/67] Linking CXX static library features/materials/libqcae_material_features.a
[13/67] Building CXX object features/mesh_editing/CMakeFiles/qcae_mesh_editing.dir/src/mesh_editing_operations.cpp.o
[14/67] Linking CXX static library features/mesh_editing/libqcae_mesh_editing.a
[15/67] Building CXX object adapters/engine_api/CMakeFiles/qcae_engine_api.dir/src/typed_host.cpp.o
[16/67] Building CXX object adapters/engine_api/CMakeFiles/qcae_engine_api.dir/src/result_api.cpp.o
[17/67] Building CXX object adapters/engine_api/CMakeFiles/qcae_engine_api.dir/src/engine_contributions.cpp.o
[18/67] Building CXX object adapters/engine_api/CMakeFiles/qcae_engine_api.dir/src/nastran_contribution.cpp.o
[19/67] Building CXX object adapters/engine_api/CMakeFiles/qcae_engine_api.dir/src/solver_contribution.cpp.o
[20/67] Building CXX object adapters/engine_api/CMakeFiles/qcae_engine_api.dir/src/solver_run_record.cpp.o
[21/67] Linking CXX static library ui/desktop/libqcae_desktop_ui.a
[22/67] Automatic MOC for target qcae_desktop_tests
[23/65] Automatic MOC for target qcae_desktop_selection_tests
[24/64] Automatic MOC for target qcae_c3_desktop_workflow_tests
[25/63] Automatic MOC for target qcae_modeling_tools_tests
[26/62] Automatic MOC for target qcae_event_client_tests
[27/60] Automatic MOC for target qcae_c3_tool_lifecycle_tests
[28/59] Building CXX object adapters/engine_api/CMakeFiles/qcae_engine_api.dir/src/solver_result_store.cpp.o
[29/59] Linking CXX static library adapters/engine_api/libqcae_engine_api.a
[30/59] Building CXX object apps/engine/CMakeFiles/qcae_engine_host.dir/engine_host.cpp.o
[31/59] Building CXX object CMakeFiles/qcae_operation_registry_tests.dir/tests/operation_registry_tests.cpp.o
[32/59] Building CXX object CMakeFiles/qcae_model_operation_tests.dir/tests/model_operation_tests.cpp.o
[33/59] Building CXX object features/analysis/CMakeFiles/qcae_analysis_check_tests.dir/__/__/tests/analysis_check_tests.cpp.o
[34/59] Building CXX object features/results/CMakeFiles/qcae_result_fixture_tests.dir/__/__/tests/result_fixture_tests.cpp.o
[35/59] Building CXX object adapters/engine_api/CMakeFiles/qcae_typed_host_tests.dir/__/__/tests/typed_host_tests.cpp.o
[36/59] Linking CXX static library apps/engine/libqcae_engine_host.a
[37/59] Linking CXX executable qcae_operation_registry_tests
[38/59] Linking CXX executable qcae_model_operation_tests
[39/59] Linking CXX executable qcae_render_service_tests
[40/59] Linking CXX executable qcae_engine_assembly_tests
[41/59] Linking CXX executable qcae_contributed_engine
[42/59] Linking CXX executable qcae_desktop_selection_tests
[43/59] Linking CXX executable qcae_c3_desktop_workflow_tests
[44/59] Linking CXX executable qcae_modeling_tools_tests
[45/59] Building CXX object adapters/engine_api/CMakeFiles/qcae_solver_result_store_tests.dir/__/__/tests/solver_result_store_tests.cpp.o
[46/59] Linking CXX executable qcae_event_stream_tests
[47/59] Linking CXX executable qcae_c3_locality_bench
[48/59] Linking CXX executable qcae_c3_ledger_engine
[49/59] Linking CXX executable qcae_c3_end_to_end_bench
[50/59] Linking CXX executable qcae_c3_tool_lifecycle_tests
[51/59] Linking CXX executable qcae_result_fixture_tests
[52/59] Linking CXX executable qcae_analysis_check_tests
[53/59] Linking CXX executable qcae_resource_tests
[54/59] Linking CXX executable qcae_typed_host_tests
[55/59] Linking CXX executable qcae_solver_version_probe_tests
[56/59] Linking CXX executable qcae_solver_result_store_tests
[57/59] Linking CXX executable qcae-engine
[58/59] Linking CXX executable qcae-desktop
