[0/2] Re-checking globbed directories...
[1/57] Generating ../../generated/qcae/operations.hpp
[2/57] Generating ../../generated/qcae/operation_inputs.hpp
[3/57] Building CXX object modules/runtime/CMakeFiles/qcae_task_application.dir/record_application/src/task_application.cpp.o
[4/57] Building CXX object features/analysis/CMakeFiles/qcae_analysis_features.dir/src/analysis_checks.cpp.o
[5/57] Building CXX object features/analysis/CMakeFiles/qcae_analysis_features.dir/src/analysis_operations.cpp.o
[6/57] Building CXX object features/analysis/CMakeFiles/qcae_analysis_features.dir/src/cantilever_checks.cpp.o
[7/57] Generating generated/qcae/nastran_digest.hpp
[8/57] Building CXX object features/analysis/CMakeFiles/qcae_analysis_features.dir/src/check_report.cpp.o
[9/57] Linking CXX static library modules/runtime/libqcae_task_application.a
[10/57] Building CXX object features/geometry/CMakeFiles/qcae_geometry_features.dir/src/geometry_features.cpp.o
[11/57] Building CXX object features/mesh_generation/CMakeFiles/qcae_mesh_generation.dir/src/line_mesh_task.cpp.o
[12/57] Building CXX object features/materials/CMakeFiles/qcae_material_features.dir/src/material_operations.cpp.o
[13/57] Linking CXX static library features/analysis/libqcae_analysis_features.a
[14/57] Building CXX object features/mesh_editing/CMakeFiles/qcae_mesh_editing.dir/src/mesh_editing_operations.cpp.o
[15/57] Building CXX object features/results/CMakeFiles/qcae_result_features.dir/src/result_service.cpp.o
[16/57] Building CXX object profiles/nastran/CMakeFiles/qcae_nastran.dir/src/nastran_codec.cpp.o
[17/57] Building CXX object CMakeFiles/qcae_operation_registry_tests.dir/tests/operation_registry_tests.cpp.o
[18/57] Building CXX object CMakeFiles/qcae_quantity_entry_consistency_tests.dir/tests/quantity_entry_consistency_tests.cpp.o
[19/57] Building CXX object CMakeFiles/qcae_model_operation_tests.dir/tests/model_operation_tests.cpp.o
[20/57] Building CXX object CMakeFiles/qcae_model_tests.dir/tests/model_tests.cpp.o
[21/57] Building CXX object CMakeFiles/qcae_persistence_tests.dir/tests/persistence_tests.cpp.o
[22/57] Building CXX object CMakeFiles/qcae_core_tests.dir/tests/core_tests.cpp.o
[23/57] Building CXX object CMakeFiles/qcae_query_tests.dir/tests/query_tests.cpp.o
[24/57] Building CXX object CMakeFiles/qcae_contract_tests.dir/tests/contract_tests.cpp.o
[25/57] Building CXX object CMakeFiles/qcae_allocation_tests.dir/tests/allocation_tests.cpp.o
[26/57] Building CXX object CMakeFiles/qcae_change_event_tests.dir/tests/change_event_tests.cpp.o
[27/57] Linking CXX static library features/geometry/libqcae_geometry_features.a
[28/57] Linking CXX static library features/mesh_generation/libqcae_mesh_generation.a
[29/57] Building CXX object modules/runtime/CMakeFiles/qcae_runtime_tests.dir/__/__/tests/runtime_tests.cpp.o
[30/57] Building CXX object features/mesh_generation/CMakeFiles/qcae_geometry_mesh_tests.dir/__/__/tests/geometry_mesh_tests.cpp.o
[31/57] Linking CXX static library features/materials/libqcae_material_features.a
[32/57] Linking CXX static library features/mesh_editing/libqcae_mesh_editing.a
[33/57] Building CXX object features/mesh_generation/CMakeFiles/qcae_line_mesh_regeneration_tests.dir/__/__/tests/line_mesh_regeneration_tests.cpp.o
[34/57] Linking CXX static library features/results/libqcae_result_features.a
[35/57] Building CXX object features/analysis/CMakeFiles/qcae_analysis_check_tests.dir/__/__/tests/analysis_check_tests.cpp.o
[36/57] Linking CXX static library profiles/nastran/libqcae_nastran.a
[37/57] Linking CXX executable qcae_operation_registry_tests
[38/57] Building CXX object features/results/CMakeFiles/qcae_result_fixture_tests.dir/__/__/tests/result_fixture_tests.cpp.o
[39/57] Linking CXX executable qcae_model_operation_tests
[40/57] Linking CXX executable qcae_quantity_entry_consistency_tests
[41/57] Linking CXX executable qcae_model_tests
[42/57] Linking CXX executable qcae_nastran_tests
[43/57] Linking CXX executable qcae_delta_tests
[44/57] Linking CXX executable qcae_persistence_tests
[45/57] Linking CXX executable qcae_query_tests
[46/57] Linking CXX executable qcae_core_tests
[47/57] Linking CXX executable qcae_contract_tests
[48/57] Linking CXX executable qcae_allocation_tests
[49/57] Linking CXX executable qcae_change_event_tests
[50/57] Linking CXX executable qcae_runtime_tests
[51/57] Linking CXX executable qcae_geometry_mesh_tests
[52/57] Linking CXX executable qcae_line_mesh_regeneration_tests
[53/57] Linking CXX executable qcae_result_fixture_tests
[54/57] Linking CXX executable qcae_analysis_check_tests
[55/57] Linking CXX executable qcae_nastran_static_result_tests
[56/57] Linking CXX executable qcae_static_validation_tests
