[0/2] Re-checking globbed directories...
[1/113] Generating ../../generated/qcae/operation_inputs.hpp
[2/113] Building CXX object modules/application/CMakeFiles/qcae_application.dir/src/application_state.cpp.o
[3/113] Building CXX object modules/application/CMakeFiles/qcae_application.dir/src/core.cpp.o
[4/113] Linking CXX static library modules/application/libqcae_application.a
[5/113] Building CXX object modules/runtime/CMakeFiles/qcae_task_application.dir/record_application/src/task_application.cpp.o
[6/113] Building CXX object features/analysis/CMakeFiles/qcae_analysis_features.dir/src/analysis_checks.cpp.o
[7/113] Building CXX object features/analysis/CMakeFiles/qcae_analysis_features.dir/src/analysis_operations.cpp.o
[8/113] Building CXX object features/analysis/CMakeFiles/qcae_analysis_features.dir/src/cantilever_checks.cpp.o
[9/113] Building CXX object features/analysis/CMakeFiles/qcae_analysis_features.dir/src/check_report.cpp.o
[10/113] Building CXX object features/legacy_api/CMakeFiles/qcae_legacy_api.dir/src/legacy_state.cpp.o
[11/113] Building CXX object features/legacy_api/CMakeFiles/qcae_legacy_api.dir/src/core.cpp.o
[12/113] Linking CXX static library modules/runtime/libqcae_task_application.a
[13/113] Building CXX object features/legacy_api/CMakeFiles/qcae_legacy_api.dir/src/legacy_migration.cpp.o
[14/113] Building CXX object features/geometry/CMakeFiles/qcae_geometry_features.dir/src/geometry_features.cpp.o
[15/113] Building CXX object features/mesh_generation/CMakeFiles/qcae_mesh_generation.dir/src/line_mesh_task.cpp.o
[16/113] Building CXX object features/materials/CMakeFiles/qcae_material_features.dir/src/material_operations.cpp.o
[17/113] Linking CXX static library features/analysis/libqcae_analysis_features.a
[18/113] Building CXX object features/mesh_editing/CMakeFiles/qcae_mesh_editing.dir/src/mesh_editing_operations.cpp.o
[19/113] Building CXX object features/results/CMakeFiles/qcae_result_features.dir/src/result_service.cpp.o
[20/113] Linking CXX static library features/legacy_api/libqcae_legacy_api.a
[21/113] Linking CXX static library features/geometry/libqcae_geometry_features.a
[22/113] Linking CXX static library features/materials/libqcae_material_features.a
[23/113] Linking CXX static library features/mesh_generation/libqcae_mesh_generation.a
[24/113] Linking CXX static library features/results/libqcae_result_features.a
[25/113] Linking CXX static library features/mesh_editing/libqcae_mesh_editing.a
[26/113] Building CXX object adapters/engine_api/CMakeFiles/qcae_engine_api.dir/src/ipc_api.cpp.o
[27/113] Building CXX object adapters/engine_api/CMakeFiles/qcae_engine_api.dir/src/ipc_model.cpp.o
[28/113] Building CXX object adapters/engine_api/CMakeFiles/qcae_engine_api.dir/src/ipc_selection.cpp.o
[29/113] Building CXX object adapters/engine_api/CMakeFiles/qcae_engine_api.dir/src/typed_host.cpp.o
[30/113] Building CXX object adapters/engine_api/CMakeFiles/qcae_engine_api.dir/src/event_stream.cpp.o
[31/113] Building CXX object adapters/engine_api/CMakeFiles/qcae_engine_api.dir/src/engine_contributions.cpp.o
[32/113] Building CXX object adapters/engine_api/CMakeFiles/qcae_engine_api.dir/src/render_service.cpp.o
[33/113] Building CXX object adapters/engine_api/CMakeFiles/qcae_engine_api.dir/src/result_api.cpp.o
[34/113] Building CXX object adapters/engine_api/CMakeFiles/qcae_engine_api.dir/src/nastran_contribution.cpp.o
[35/113] Building CXX object adapters/engine_api/CMakeFiles/qcae_engine_api.dir/src/solver_run_record.cpp.o
[36/113] Building CXX object adapters/engine_api/CMakeFiles/qcae_engine_api.dir/src/solver_contribution.cpp.o
[37/113] Building CXX object adapters/engine_api/CMakeFiles/qcae_engine_api.dir/src/solver_result_store.cpp.o
[38/113] Building CXX object adapters/engine_api/CMakeFiles/qcae_engine_api.dir/src/solver_validation_store.cpp.o
[39/113] Linking CXX static library adapters/engine_api/libqcae_engine_api.a
[40/113] Building CXX object CMakeFiles/qcae_record_application_tests.dir/tests/record_application_tests.cpp.o
[41/113] Building CXX object apps/engine/CMakeFiles/qcae_engine_host.dir/engine_host.cpp.o
[42/113] Building CXX object CMakeFiles/qcae_operation_registry_tests.dir/tests/operation_registry_tests.cpp.o
[43/113] Building CXX object CMakeFiles/qcae_model_operation_tests.dir/tests/model_operation_tests.cpp.o
[44/113] Building CXX object CMakeFiles/qcae_quantity_entry_consistency_tests.dir/tests/quantity_entry_consistency_tests.cpp.o
[45/113] Building CXX object CMakeFiles/qcae_model_tests.dir/tests/model_tests.cpp.o
[46/113] Building CXX object CMakeFiles/qcae_persistence_tests.dir/tests/persistence_tests.cpp.o
[47/113] Building CXX object CMakeFiles/qcae_query_tests.dir/tests/query_tests.cpp.o
[48/113] Building CXX object CMakeFiles/qcae_core_tests.dir/tests/core_tests.cpp.o
[49/113] Building CXX object CMakeFiles/qcae_contract_tests.dir/tests/contract_tests.cpp.o
[50/113] Building CXX object CMakeFiles/qcae_allocation_tests.dir/tests/allocation_tests.cpp.o
[51/113] Building CXX object CMakeFiles/qcae_geometry_mesh_sqlite_tests.dir/tests/geometry_mesh_tests.cpp.o
[52/113] Building CXX object CMakeFiles/qcae_nastran_package_tests.dir/tests/nastran_package_tests.cpp.o
[53/113] Building CXX object CMakeFiles/qcae_skeleton_fault_tests.dir/tests/skeleton_fault_tests.cpp.o
[54/113] Building CXX object CMakeFiles/qcae_skeleton_representative_tests.dir/tests/skeleton_representative_tests.cpp.o
[55/113] Building CXX object CMakeFiles/qcae_render_service_tests.dir/tests/render_service_tests.cpp.o
[56/113] Building CXX object CMakeFiles/qcae_legacy_migration_tests.dir/tests/legacy_migration_tests.cpp.o
[57/113] Building CXX object CMakeFiles/qcae_engine_assembly_tests.dir/tests/engine_assembly_tests.cpp.o
[58/113] Building CXX object CMakeFiles/qcae_change_event_tests.dir/tests/change_event_tests.cpp.o
[59/113] Building CXX object CMakeFiles/qcae_contributed_engine.dir/tests/contributed_engine_main.cpp.o
[60/113] Building CXX object CMakeFiles/qcae_event_stream_tests.dir/tests/event_stream_tests.cpp.o
[61/113] Building CXX object CMakeFiles/qcae_c3_locality_bench.dir/tests/c3_locality_bench.cpp.o
[62/113] Building CXX object CMakeFiles/qcae_c3_ledger_engine.dir/tests/c3_ledger_engine_main.cpp.o
[63/113] Building CXX object modules/runtime/CMakeFiles/qcae_runtime_tests.dir/__/__/tests/runtime_tests.cpp.o
[64/113] Building CXX object features/mesh_generation/CMakeFiles/qcae_geometry_mesh_tests.dir/__/__/tests/geometry_mesh_tests.cpp.o
[65/113] Building CXX object features/mesh_generation/CMakeFiles/qcae_line_mesh_regeneration_tests.dir/__/__/tests/line_mesh_regeneration_tests.cpp.o
[66/113] Building CXX object features/results/CMakeFiles/qcae_result_fixture_tests.dir/__/__/tests/result_fixture_tests.cpp.o
[67/113] Building CXX object features/analysis/CMakeFiles/qcae_analysis_check_tests.dir/__/__/tests/analysis_check_tests.cpp.o
[68/113] Building CXX object adapters/engine_api/CMakeFiles/qcae_solver_result_store_tests.dir/__/__/tests/solver_result_store_tests.cpp.o
[69/113] Building CXX object adapters/engine_api/CMakeFiles/qcae_typed_host_tests.dir/__/__/tests/typed_host_tests.cpp.o
[70/113] Linking CXX static library apps/engine/libqcae_engine_host.a
[71/113] Building CXX object apps/engine/CMakeFiles/qcae-engine.dir/main.cpp.o
[72/113] Linking CXX executable qcae_record_application_tests
[73/113] Linking CXX executable qcae_operation_registry_tests
[74/113] Linking CXX executable qcae_model_operation_tests
[75/113] Linking CXX executable qcae_quantity_entry_consistency_tests
[76/113] Linking CXX executable qcae_model_tests
[77/113] Linking CXX executable qcae_delta_tests
[78/113] Linking CXX executable qcae_persistence_tests
[79/113] Linking CXX executable qcae_query_tests
[80/113] Linking CXX executable qcae_core_tests
[81/113] Linking CXX executable qcae_contract_tests
[82/113] Linking CXX executable qcae_allocation_tests
[83/113] Linking CXX executable qcae_geometry_mesh_sqlite_tests
[84/113] Linking CXX executable qcae_nastran_package_tests
[85/113] Building CXX object adapters/engine_api/CMakeFiles/qcae_solver_numerical_validation_tests.dir/__/__/tests/solver_numerical_validation_tests.cpp.o
[86/113] Linking CXX executable qcae_skeleton_fault_tests
[87/113] Linking CXX executable qcae_skeleton_representative_tests
[88/113] Linking CXX executable qcae_legacy_migration_tests
[89/113] Linking CXX executable qcae_render_service_tests
[90/113] Linking CXX executable qcae_engine_assembly_tests
[91/113] Linking CXX executable qcae_contributed_engine
[92/113] Linking CXX executable qcae_desktop_selection_tests
[93/113] Linking CXX executable qcae_modeling_tools_tests
[94/113] Linking CXX executable qcae_change_event_tests
[95/113] Linking CXX executable qcae_c3_locality_bench
[96/113] Linking CXX executable qcae_event_stream_tests
[97/113] Linking CXX executable qcae_c3_ledger_engine
[98/113] Linking CXX executable qcae_c3_end_to_end_bench
[99/113] Linking CXX executable qcae_runtime_tests
[100/113] Linking CXX executable qcae_c3_tool_lifecycle_tests
[101/113] Linking CXX executable qcae_geometry_mesh_tests
[102/113] Linking CXX executable qcae_line_mesh_regeneration_tests
[103/113] Linking CXX executable qcae_analysis_check_tests
[104/113] Linking CXX executable qcae_result_fixture_tests
[105/113] Linking CXX executable qcae_static_validation_tests
[106/113] Linking CXX executable qcae_typed_host_tests
[107/113] Linking CXX executable qcae_resource_tests
[108/113] Linking CXX executable qcae_solver_version_probe_tests
[109/113] Linking CXX executable qcae_solver_result_store_tests
[110/113] Linking CXX executable qcae_solver_numerical_validation_tests
[111/113] Linking CXX executable qcae-engine
[112/113] Linking CXX executable qcae-desktop
