[0/2] Re-checking globbed directories...
[1/55] Generating ../../generated/qcae/operation_inputs.hpp
[2/55] Building CXX object modules/runtime/CMakeFiles/qcae_task_application.dir/record_application/src/task_application.cpp.o
[3/55] Building CXX object features/analysis/CMakeFiles/qcae_analysis_features.dir/src/analysis_operations.cpp.o
[4/55] Building CXX object features/analysis/CMakeFiles/qcae_analysis_features.dir/src/analysis_checks.cpp.o
[5/55] Building CXX object features/analysis/CMakeFiles/qcae_analysis_features.dir/src/cantilever_checks.cpp.o
[6/55] Building CXX object features/analysis/CMakeFiles/qcae_analysis_features.dir/src/check_report.cpp.o
[7/55] Building CXX object features/legacy_api/CMakeFiles/qcae_legacy_api.dir/src/core.cpp.o
[8/55] Building CXX object features/legacy_api/CMakeFiles/qcae_legacy_api.dir/src/legacy_state.cpp.o
[9/55] Linking CXX static library modules/runtime/libqcae_task_application.a
[10/55] Building CXX object features/geometry/CMakeFiles/qcae_geometry_features.dir/src/geometry_features.cpp.o
[11/55] Building CXX object features/legacy_api/CMakeFiles/qcae_legacy_api.dir/src/legacy_migration.cpp.o
[12/55] Building CXX object features/mesh_generation/CMakeFiles/qcae_mesh_generation.dir/src/line_mesh_task.cpp.o
[13/55] Building CXX object features/materials/CMakeFiles/qcae_material_features.dir/src/material_operations.cpp.o
[14/55] Linking CXX static library features/analysis/libqcae_analysis_features.a
[15/55] Building CXX object features/mesh_editing/CMakeFiles/qcae_mesh_editing.dir/src/mesh_editing_operations.cpp.o
[16/55] Building CXX object features/results/CMakeFiles/qcae_result_features.dir/src/result_service.cpp.o
[17/55] Building CXX object CMakeFiles/qcae_operation_registry_tests.dir/tests/operation_registry_tests.cpp.o
[18/55] Building CXX object CMakeFiles/qcae_model_operation_tests.dir/tests/model_operation_tests.cpp.o
[19/55] Building CXX object CMakeFiles/qcae_quantity_entry_consistency_tests.dir/tests/quantity_entry_consistency_tests.cpp.o
[20/55] Building CXX object CMakeFiles/qcae_persistence_tests.dir/tests/persistence_tests.cpp.o
[21/55] Building CXX object CMakeFiles/qcae_model_tests.dir/tests/model_tests.cpp.o
[22/55] Building CXX object CMakeFiles/qcae_core_tests.dir/tests/core_tests.cpp.o
[23/55] Building CXX object CMakeFiles/qcae_query_tests.dir/tests/query_tests.cpp.o
[24/55] Building CXX object CMakeFiles/qcae_contract_tests.dir/tests/contract_tests.cpp.o
[25/55] Building CXX object CMakeFiles/qcae_allocation_tests.dir/tests/allocation_tests.cpp.o
[26/55] Linking CXX static library features/legacy_api/libqcae_legacy_api.a
[27/55] Building CXX object CMakeFiles/qcae_change_event_tests.dir/tests/change_event_tests.cpp.o
[28/55] Linking CXX static library features/geometry/libqcae_geometry_features.a
[29/55] Linking CXX static library features/mesh_generation/libqcae_mesh_generation.a
[30/55] Building CXX object modules/runtime/CMakeFiles/qcae_runtime_tests.dir/__/__/tests/runtime_tests.cpp.o
[31/55] Building CXX object features/mesh_generation/CMakeFiles/qcae_geometry_mesh_tests.dir/__/__/tests/geometry_mesh_tests.cpp.o
[32/55] Linking CXX static library features/materials/libqcae_material_features.a
[33/55] Linking CXX static library features/mesh_editing/libqcae_mesh_editing.a
[34/55] Building CXX object features/mesh_generation/CMakeFiles/qcae_line_mesh_regeneration_tests.dir/__/__/tests/line_mesh_regeneration_tests.cpp.o
[35/55] Linking CXX static library features/results/libqcae_result_features.a
[36/55] Building CXX object features/analysis/CMakeFiles/qcae_analysis_check_tests.dir/__/__/tests/analysis_check_tests.cpp.o
[37/55] Linking CXX executable qcae_operation_registry_tests
[38/55] Linking CXX executable qcae_model_operation_tests
[39/55] Linking CXX executable qcae_quantity_entry_consistency_tests
[40/55] Building CXX object features/results/CMakeFiles/qcae_result_fixture_tests.dir/__/__/tests/result_fixture_tests.cpp.o
[41/55] Linking CXX executable qcae_model_tests
[42/55] Linking CXX executable qcae_delta_tests
[43/55] Linking CXX executable qcae_persistence_tests
[44/55] Linking CXX executable qcae_query_tests
[45/55] Linking CXX executable qcae_core_tests
[46/55] Linking CXX executable qcae_contract_tests
[47/55] Linking CXX executable qcae_allocation_tests
[48/55] Linking CXX executable qcae_change_event_tests
[49/55] Linking CXX executable qcae_runtime_tests
[50/55] Linking CXX executable qcae_geometry_mesh_tests
[51/55] Linking CXX executable qcae_line_mesh_regeneration_tests
[52/55] Linking CXX executable qcae_analysis_check_tests
[53/55] Linking CXX executable qcae_result_fixture_tests
[54/55] Linking CXX executable qcae_static_validation_tests
