********* Start testing of DesktopSelectionTests *********
Config: Using QtTest library 6.11.1, Qt 6.11.1 (arm64-little_endian-lp64 shared (dynamic) release build; by Apple LLVM 21.0.0 (clang-2100.0.123.102)), macos 26.6.2
PASS   : DesktopSelectionTests::initTestCase()
QINFO  : DesktopSelectionTests::continuousModelEditUsesSameVersionSummaryAndRows(nonempty-delta) initial organization identities QList("line-a", "line-b", "material-owner")
2026-10-01 01:36:12.783 qcae_desktop_selection_tests[56070:40458332] error messaging the mach port for IMKCFRunLoopWakeUpReliable
PASS   : DesktopSelectionTests::continuousModelEditUsesSameVersionSummaryAndRows(nonempty-delta)
QINFO  : DesktopSelectionTests::continuousModelEditUsesSameVersionSummaryAndRows(empty-inline-delta) initial organization identities QList("line-a", "line-b", "material-owner")
PASS   : DesktopSelectionTests::continuousModelEditUsesSameVersionSummaryAndRows(empty-inline-delta)
QINFO  : DesktopSelectionTests::continuousModelEditUsesSameVersionSummaryAndRows(legacy-fallback) initial organization identities QList("line-a", "line-b", "material-owner")
PASS   : DesktopSelectionTests::continuousModelEditUsesSameVersionSummaryAndRows(legacy-fallback)
QINFO  : DesktopSelectionTests::invalidChangedRowsCannotPublishPartialTreeState(complete) initial organization identities QList("line-a", "line-b", "material-owner")
PASS   : DesktopSelectionTests::invalidChangedRowsCannotPublishPartialTreeState(complete)
QINFO  : DesktopSelectionTests::invalidChangedRowsCannotPublishPartialTreeState(version) initial organization identities QList("line-a", "line-b", "material-owner")
PASS   : DesktopSelectionTests::invalidChangedRowsCannotPublishPartialTreeState(version)
QINFO  : DesktopSelectionTests::invalidChangedRowsCannotPublishPartialTreeState(fields) initial organization identities QList("line-a", "line-b", "material-owner")
PASS   : DesktopSelectionTests::invalidChangedRowsCannotPublishPartialTreeState(fields)
QINFO  : DesktopSelectionTests::invalidChangedRowsCannotPublishPartialTreeState(position) initial organization identities QList("line-a", "line-b", "material-owner")
PASS   : DesktopSelectionTests::invalidChangedRowsCannotPublishPartialTreeState(position)
QINFO  : DesktopSelectionTests::invalidChangedRowsCannotPublishPartialTreeState(id) initial organization identities QList("line-a", "line-b", "material-owner")
PASS   : DesktopSelectionTests::invalidChangedRowsCannotPublishPartialTreeState(id)
QINFO  : DesktopSelectionTests::invalidChangedRowsCannotPublishPartialTreeState(budget) initial organization identities QList("line-a", "line-b", "material-owner")
PASS   : DesktopSelectionTests::invalidChangedRowsCannotPublishPartialTreeState(budget)
QINFO  : DesktopSelectionTests::invalidChangedRowsCannotPublishPartialTreeState(duplicate) initial organization identities QList("line-a", "line-b", "material-owner")
PASS   : DesktopSelectionTests::invalidChangedRowsCannotPublishPartialTreeState(duplicate)
QINFO  : DesktopSelectionTests::invalidChangedRowsCannotPublishPartialTreeState(missing_rows) initial organization identities QList("line-a", "line-b", "material-owner")
PASS   : DesktopSelectionTests::invalidChangedRowsCannotPublishPartialTreeState(missing_rows)
QINFO  : DesktopSelectionTests::invalidChangedRowsCannotPublishPartialTreeState(missing_ids) initial organization identities QList("line-a", "line-b", "material-owner")
PASS   : DesktopSelectionTests::invalidChangedRowsCannotPublishPartialTreeState(missing_ids)
QINFO  : DesktopSelectionTests::invalidChangedRowsCannotPublishPartialTreeState(null_ids) initial organization identities QList("line-a", "line-b", "material-owner")
PASS   : DesktopSelectionTests::invalidChangedRowsCannotPublishPartialTreeState(null_ids)
QINFO  : DesktopSelectionTests::invalidChangedRowsCannotPublishPartialTreeState(string_ids) initial organization identities QList("line-a", "line-b", "material-owner")
PASS   : DesktopSelectionTests::invalidChangedRowsCannotPublishPartialTreeState(string_ids)
QINFO  : DesktopSelectionTests::invalidChangedRowsCannotPublishPartialTreeState(duplicate_ids) initial organization identities QList("line-a", "line-b", "material-owner")
PASS   : DesktopSelectionTests::invalidChangedRowsCannotPublishPartialTreeState(duplicate_ids)
QINFO  : DesktopSelectionTests::invalidChangedRowsCannotPublishPartialTreeState(invalid_id) initial organization identities QList("line-a", "line-b", "material-owner")
PASS   : DesktopSelectionTests::invalidChangedRowsCannotPublishPartialTreeState(invalid_id)
QINFO  : DesktopSelectionTests::unexpectedRebaseTargetRecreatesViewBeforePublishingRows() initial organization identities QList("line-a", "line-b", "material-owner")
PASS   : DesktopSelectionTests::unexpectedRebaseTargetRecreatesViewBeforePublishingRows()
QINFO  : DesktopSelectionTests::heldRecoveryCreateRetainsNewCameraUntilDisplaySynchronization(resources-camera) held create camera C0 "b6fb7a7613694274511179df03f06b87ba87f3964f4d190e5c79ee4aa1ccafd7" viewport C1 "07719e2ab93644d6a5a99cc1e11c3dd34df3a08f8a6ff1b997e4f4e6156f49e5"
PASS   : DesktopSelectionTests::heldRecoveryCreateRetainsNewCameraUntilDisplaySynchronization(resources-camera)
QINFO  : DesktopSelectionTests::heldRecoveryCreateRetainsNewCameraUntilDisplaySynchronization(legacy-camera) held create camera C0 "b6fb7a7613694274511179df03f06b87ba87f3964f4d190e5c79ee4aa1ccafd7" viewport C1 "07719e2ab93644d6a5a99cc1e11c3dd34df3a08f8a6ff1b997e4f4e6156f49e5"
PASS   : DesktopSelectionTests::heldRecoveryCreateRetainsNewCameraUntilDisplaySynchronization(legacy-camera)
QINFO  : DesktopSelectionTests::heldRecoveryCreateRetainsNewCameraUntilDisplaySynchronization(resources-camera-and-hidden) held create camera C0 "b6fb7a7613694274511179df03f06b87ba87f3964f4d190e5c79ee4aa1ccafd7" viewport C1 "07719e2ab93644d6a5a99cc1e11c3dd34df3a08f8a6ff1b997e4f4e6156f49e5"
PASS   : DesktopSelectionTests::heldRecoveryCreateRetainsNewCameraUntilDisplaySynchronization(resources-camera-and-hidden)
QINFO  : DesktopSelectionTests::heldRecoveryCreateRetainsNewCameraUntilDisplaySynchronization(legacy-camera-and-hidden) held create camera C0 "b6fb7a7613694274511179df03f06b87ba87f3964f4d190e5c79ee4aa1ccafd7" viewport C1 "07719e2ab93644d6a5a99cc1e11c3dd34df3a08f8a6ff1b997e4f4e6156f49e5"
PASS   : DesktopSelectionTests::heldRecoveryCreateRetainsNewCameraUntilDisplaySynchronization(legacy-camera-and-hidden)
PASS   : DesktopSelectionTests::cleanupTestCase()
Totals: 23 passed, 0 failed, 0 skipped, 0 blacklisted, 26789ms
********* Finished testing of DesktopSelectionTests *********
