[0/2] Re-checking globbed directories...
[1/41] Building CXX object modules/application/CMakeFiles/qcae_application.dir/src/application_state.cpp.o
[2/41] Building CXX object modules/application/CMakeFiles/qcae_application.dir/src/core.cpp.o
[3/41] Linking CXX static library modules/application/libqcae_application.a
[4/41] Building CXX object modules/runtime/CMakeFiles/qcae_task_application.dir/record_application/src/task_application.cpp.o
[5/41] Building CXX object features/analysis/CMakeFiles/qcae_analysis_features.dir/src/analysis_checks.cpp.o
[6/41] Building CXX object features/analysis/CMakeFiles/qcae_analysis_features.dir/src/analysis_operations.cpp.o
[7/41] Building CXX object features/analysis/CMakeFiles/qcae_analysis_features.dir/src/cantilever_checks.cpp.o
[8/41] Building CXX object features/analysis/CMakeFiles/qcae_analysis_features.dir/src/check_report.cpp.o
[9/41] Building CXX object features/legacy_api/CMakeFiles/qcae_legacy_api.dir/src/legacy_state.cpp.o
[10/41] Building CXX object features/legacy_api/CMakeFiles/qcae_legacy_api.dir/src/core.cpp.o
[11/41] Linking CXX static library modules/runtime/libqcae_task_application.a
[12/41] Building CXX object features/geometry/CMakeFiles/qcae_geometry_features.dir/src/geometry_features.cpp.o
[13/41] Building CXX object features/legacy_api/CMakeFiles/qcae_legacy_api.dir/src/legacy_migration.cpp.o
[14/41] Building CXX object features/mesh_generation/CMakeFiles/qcae_mesh_generation.dir/src/line_mesh_task.cpp.o
[15/41] Building CXX object features/materials/CMakeFiles/qcae_material_features.dir/src/material_operations.cpp.o
[16/41] Linking CXX static library features/analysis/libqcae_analysis_features.a
[17/41] Building CXX object features/results/CMakeFiles/qcae_result_features.dir/src/result_service.cpp.o
[18/41] Building CXX object features/mesh_editing/CMakeFiles/qcae_mesh_editing.dir/src/mesh_editing_operations.cpp.o
[19/41] Linking CXX static library features/geometry/libqcae_geometry_features.a
[20/41] Linking CXX static library features/legacy_api/libqcae_legacy_api.a
[21/41] Linking CXX static library features/materials/libqcae_material_features.a
[22/41] Linking CXX static library features/mesh_generation/libqcae_mesh_generation.a
[23/41] Linking CXX static library features/mesh_editing/libqcae_mesh_editing.a
[24/41] Linking CXX static library features/results/libqcae_result_features.a
[25/41] Building CXX object adapters/engine_api/CMakeFiles/qcae_engine_api.dir/src/ipc_api.cpp.o
[26/41] Building CXX object adapters/engine_api/CMakeFiles/qcae_engine_api.dir/src/ipc_model.cpp.o
[27/41] Building CXX object adapters/engine_api/CMakeFiles/qcae_engine_api.dir/src/ipc_selection.cpp.o
[28/41] Building CXX object adapters/engine_api/CMakeFiles/qcae_engine_api.dir/src/typed_host.cpp.o
[29/41] Building CXX object adapters/engine_api/CMakeFiles/qcae_engine_api.dir/src/event_stream.cpp.o
[30/41] Building CXX object adapters/engine_api/CMakeFiles/qcae_engine_api.dir/src/engine_contributions.cpp.o
[31/41] Building CXX object adapters/engine_api/CMakeFiles/qcae_engine_api.dir/src/render_service.cpp.o
[32/41] Building CXX object adapters/engine_api/CMakeFiles/qcae_engine_api.dir/src/result_api.cpp.o
[33/41] Building CXX object apps/engine/CMakeFiles/qcae_engine_host.dir/engine_host.cpp.o
[34/41] Building CXX object adapters/engine_api/CMakeFiles/qcae_engine_api.dir/src/nastran_contribution.cpp.o
[35/41] Linking CXX static library adapters/engine_api/libqcae_engine_api.a
[36/41] Linking CXX static library apps/engine/libqcae_engine_host.a
[37/41] Building CXX object apps/engine/CMakeFiles/qcae-engine.dir/main.cpp.o
[38/41] Linking CXX executable qcae-engine
[39/41] Building CXX object adapters/engine_api/CMakeFiles/qcae_typed_host_tests.dir/__/__/tests/typed_host_tests.cpp.o
[40/41] Linking CXX executable qcae_typed_host_tests
