base ok=1 displacement=2 reaction=1 SPC[91]=1
MPC-leaks-as-SPC ok=1 displacement=2 reaction=2 SPC[91]=1 SPC[7]=99
MPC-satisfies-empty-SPC ok=1 displacement=2 reaction=1 SPC[91]=1
signed-unknown-NaN-row-ignored ok=1 displacement=2 reaction=1 SPC[91]=1
negative-unknown-NaN-row-ignored ok=1 displacement=2 reaction=1 SPC[91]=1
echo-subcase-retained-after-page ok=1 displacement=2 reaction=1 SPC[91]=1
result-after-end-of-job ok=1 displacement=2 reaction=1 SPC[91]=1
unknown-NaN-tail-after-page ok=1 displacement=2 reaction=1 SPC[91]=1
frozen-bdf candidate=0 complete=0 issues=21
unsupported_control cantilever.bdf:4 unexpected or repeated executive/case control statement
unsupported_orientation beams.bdf:1 CBAR X1 must use floating spelling to distinguish vector from G0
unsupported_orientation beams.bdf:2 CBAR X1 must use floating spelling to distinguish vector from G0
unsupported_orientation beams.bdf:3 CBAR X1 must use floating spelling to distinguish vector from G0
unsupported_orientation beams.bdf:4 CBAR X1 must use floating spelling to distinguish vector from G0
unsupported_orientation beams.bdf:5 CBAR X1 must use floating spelling to distinguish vector from G0
unsupported_orientation beams.bdf:6 CBAR X1 must use floating spelling to distinguish vector from G0
unsupported_orientation beams.bdf:7 CBAR X1 must use floating spelling to distinguish vector from G0
unsupported_orientation beams.bdf:8 CBAR X1 must use floating spelling to distinguish vector from G0
unsupported_orientation beams.bdf:9 CBAR X1 must use floating spelling to distinguish vector from G0
unsupported_orientation beams.bdf:10 CBAR X1 must use floating spelling to distinguish vector from G0
unsupported_orientation beams.bdf:11 CBAR X1 must use floating spelling to distinguish vector from G0
unsupported_orientation beams.bdf:12 CBAR X1 must use floating spelling to distinguish vector from G0
unsupported_orientation beams.bdf:13 CBAR X1 must use floating spelling to distinguish vector from G0
unsupported_orientation beams.bdf:14 CBAR X1 must use floating spelling to distinguish vector from G0
unsupported_orientation beams.bdf:15 CBAR X1 must use floating spelling to distinguish vector from G0
unsupported_orientation beams.bdf:16 CBAR X1 must use floating spelling to distinguish vector from G0
unsupported_orientation beams.bdf:17 CBAR X1 must use floating spelling to distinguish vector from G0
unsupported_orientation beams.bdf:18 CBAR X1 must use floating spelling to distinguish vector from G0
unsupported_orientation beams.bdf:19 CBAR X1 must use floating spelling to distinguish vector from G0
unsupported_orientation beams.bdf:20 CBAR X1 must use floating spelling to distinguish vector from G0
float-vector-only-bdf candidate=0 complete=0 issues=1
unsupported_control unexpected or repeated executive/case control statement
