[0/2] Re-checking globbed directories...
[1/212] Building CXX object qcae/modules/document/CMakeFiles/qcae_document.dir/src/edit_session.cpp.o
[2/212] Building CXX object qcae/modules/document/CMakeFiles/qcae_document.dir/src/document_view.cpp.o
[3/212] Building CXX object qcae/modules/document/CMakeFiles/qcae_document.dir/src/record_model_bridge.cpp.o
[4/212] Generating ../../generated/qcae/operation_inputs.hpp
[5/212] Building CXX object qcae/modules/document/CMakeFiles/qcae_document.dir/src/records_rules.cpp.o
[6/212] Linking CXX static library qcae/modules/document/libqcae_document.a
[7/212] Building CXX object qcae/modules/application/CMakeFiles/qcae_application.dir/src/core.cpp.o
[8/212] Building CXX object qcae/modules/application/CMakeFiles/qcae_application.dir/src/application_state.cpp.o
[9/212] Linking CXX static library qcae/modules/application/libqcae_application.a
[10/212] Building CXX object qcae/modules/operations/CMakeFiles/qcae_operations.dir/src/operation_registry.cpp.o
[11/212] Linking CXX static library qcae/modules/operations/libqcae_operations.a
[12/212] Building CXX object qcae/modules/runtime/CMakeFiles/qcae_task_application.dir/record_application/src/task_application.cpp.o
[13/212] Building CXX object qcae/features/analysis/CMakeFiles/qcae_analysis_features.dir/src/analysis_checks.cpp.o
[14/212] Building CXX object qcae/features/analysis/CMakeFiles/qcae_analysis_features.dir/src/analysis_operations.cpp.o
[15/212] Building CXX object qcae/features/analysis/CMakeFiles/qcae_analysis_features.dir/src/cantilever_checks.cpp.o
[16/212] Building CXX object qcae/features/analysis/CMakeFiles/qcae_analysis_features.dir/src/check_report.cpp.o
[17/212] Building CXX object qcae/features/analysis/CMakeFiles/qcae_analysis_features.dir/src/analysis_input.cpp.o
[18/212] Building CXX object qcae/features/analysis/CMakeFiles/qcae_analysis_features.dir/src/analysis_input_codec.cpp.o
[19/212] Building CXX object qcae/features/legacy_api/CMakeFiles/qcae_legacy_api.dir/src/legacy_state.cpp.o
[20/212] Building CXX object qcae/features/legacy_api/CMakeFiles/qcae_legacy_api.dir/src/core.cpp.o
[21/212] Linking CXX static library qcae/modules/runtime/libqcae_task_application.a
[22/212] Building CXX object qcae/features/geometry/CMakeFiles/qcae_geometry_features.dir/src/geometry_features.cpp.o
[23/212] Building CXX object qcae/features/legacy_api/CMakeFiles/qcae_legacy_api.dir/src/legacy_migration.cpp.o
[24/212] Building CXX object qcae/features/mesh_generation/CMakeFiles/qcae_mesh_generation.dir/src/line_mesh_task.cpp.o
[25/212] Building CXX object qcae/features/materials/CMakeFiles/qcae_material_features.dir/src/material_operations.cpp.o
[26/212] Linking CXX static library qcae/features/analysis/libqcae_analysis_features.a
[27/212] Building CXX object qcae/features/results/CMakeFiles/qcae_result_features.dir/src/result_fixture.cpp.o
[28/212] Building CXX object qcae/features/mesh_editing/CMakeFiles/qcae_mesh_editing.dir/src/mesh_editing_operations.cpp.o
[29/212] Building CXX object qcae/features/results/CMakeFiles/qcae_result_features.dir/src/result_codec.cpp.o
[30/212] Building CXX object qcae/features/results/CMakeFiles/qcae_result_features.dir/src/result_service.cpp.o
[31/212] Building CXX object qcae/features/results/CMakeFiles/qcae_result_features.dir/src/static_validation.cpp.o
[32/212] Building CXX object qcae/modules/query/CMakeFiles/qcae_query.dir/src/query_legacy.cpp.o
[33/212] Building CXX object qcae/modules/query/CMakeFiles/qcae_query.dir/src/query.cpp.o
[34/212] Building CXX object qcae/modules/query/CMakeFiles/qcae_query.dir/src/entity_queries.cpp.o
[35/212] Building CXX object qcae/modules/query/CMakeFiles/qcae_query.dir/src/render_projector.cpp.o
[36/212] Linking CXX static library qcae/features/legacy_api/libqcae_legacy_api.a
[37/212] Building CXX object qcae/profiles/nastran/CMakeFiles/qcae_nastran.dir/src/nastran_package.cpp.o
[38/212] Linking CXX static library qcae/features/geometry/libqcae_geometry_features.a
[39/212] Linking CXX static library qcae/features/mesh_generation/libqcae_mesh_generation.a
[40/212] Linking CXX static library qcae/features/materials/libqcae_material_features.a
[41/212] Linking CXX static library qcae/features/mesh_editing/libqcae_mesh_editing.a
[42/212] Linking CXX static library qcae/features/results/libqcae_result_features.a
[43/212] Linking CXX static library qcae/modules/query/libqcae_query.a
[44/212] Linking CXX static library qcae/profiles/nastran/libqcae_nastran.a
[45/212] Building CXX object qcae/adapters/engine_api/CMakeFiles/qcae_engine_api.dir/src/ipc_api.cpp.o
[46/212] Building CXX object qcae/adapters/engine_api/CMakeFiles/qcae_engine_api.dir/src/ipc_model.cpp.o
[47/212] Building CXX object qcae/adapters/engine_api/CMakeFiles/qcae_engine_api.dir/src/ipc_selection.cpp.o
[48/212] Building CXX object qcae/adapters/engine_api/CMakeFiles/qcae_engine_api.dir/src/typed_host.cpp.o
[49/212] Building CXX object qcae/adapters/engine_api/CMakeFiles/qcae_engine_api.dir/src/event_stream.cpp.o
[50/212] Building CXX object qcae/adapters/engine_api/CMakeFiles/qcae_engine_api.dir/src/engine_contributions.cpp.o
[51/212] Building CXX object qcae/adapters/engine_api/CMakeFiles/qcae_engine_api.dir/src/render_service.cpp.o
[52/212] Building CXX object qcae/adapters/engine_api/CMakeFiles/qcae_engine_api.dir/src/result_api.cpp.o
[53/212] Building CXX object qcae/adapters/engine_api/CMakeFiles/qcae_engine_api.dir/src/nastran_contribution.cpp.o
[54/212] Building CXX object qcae/adapters/engine_api/CMakeFiles/qcae_engine_api.dir/src/solver_run_record.cpp.o
[55/212] Building CXX object qcae/adapters/engine_api/CMakeFiles/qcae_engine_api.dir/src/solver_contribution.cpp.o
[56/212] Building CXX object qcae/adapters/engine_api/CMakeFiles/qcae_engine_api.dir/src/solver_version_probe.cpp.o
[57/212] Building CXX object qcae/adapters/engine_api/CMakeFiles/qcae_engine_api.dir/src/solver_validation_store.cpp.o
[58/212] Automatic MOC for target qcae_desktop_ui
[59/211] Building CXX object qcae/adapters/engine_api/CMakeFiles/qcae_engine_api.dir/src/solver_result_store.cpp.o
[60/211] Linking CXX static library qcae/adapters/engine_api/libqcae_engine_api.a
[61/211] Building CXX object qcae/ui/desktop/CMakeFiles/qcae_desktop_ui.dir/src/analysis_tools.cpp.o
[62/211] Building CXX object qcae/apps/engine/CMakeFiles/qcae_engine_host.dir/engine_host.cpp.o
[63/211] Building CXX object CMakeFiles/consumer_qcae_foundation_qcae_types_hpp.dir/consumer_qcae_foundation_qcae_types_hpp.cpp.o
[64/211] Building CXX object CMakeFiles/consumer_qcae_foundation_qcae_operation_ledger_hpp.dir/consumer_qcae_foundation_qcae_operation_ledger_hpp.cpp.o
[65/211] Building CXX object CMakeFiles/consumer_qcae_contracts_qcae_application_types_hpp.dir/consumer_qcae_contracts_qcae_application_types_hpp.cpp.o
[66/211] Building CXX object CMakeFiles/consumer_qcae_contracts_qcae_profile_provider_hpp.dir/consumer_qcae_contracts_qcae_profile_provider_hpp.cpp.o
[67/211] Building CXX object CMakeFiles/consumer_qcae_contracts_qcae_document_info_hpp.dir/consumer_qcae_contracts_qcae_document_info_hpp.cpp.o
[68/211] Building CXX object CMakeFiles/consumer_qcae_contracts_qcae_workspace_store_hpp.dir/consumer_qcae_contracts_qcae_workspace_store_hpp.cpp.o
[69/211] Building CXX object CMakeFiles/consumer_qcae_contracts_qcae_render_packet_hpp.dir/consumer_qcae_contracts_qcae_render_packet_hpp.cpp.o
[70/211] Building CXX object CMakeFiles/consumer_qcae_contracts_qcae_record_store_hpp.dir/consumer_qcae_contracts_qcae_record_store_hpp.cpp.o
[71/211] Building CXX object CMakeFiles/consumer_qcae_contracts_qcae_view_session_hpp.dir/consumer_qcae_contracts_qcae_view_session_hpp.cpp.o
[72/211] Building CXX object CMakeFiles/consumer_qcae_contracts_qcae_resource_hpp.dir/consumer_qcae_contracts_qcae_resource_hpp.cpp.o
[73/211] Building CXX object CMakeFiles/consumer_qcae_contracts_qcae_solver_runner_hpp.dir/consumer_qcae_contracts_qcae_solver_runner_hpp.cpp.o
[74/211] Building CXX object CMakeFiles/consumer_qcae_document_qcae_model_hpp.dir/consumer_qcae_document_qcae_model_hpp.cpp.o
[75/211] Building CXX object CMakeFiles/consumer_qcae_document_qcae_model_codec_hpp.dir/consumer_qcae_document_qcae_model_codec_hpp.cpp.o
[76/211] Building CXX object CMakeFiles/consumer_qcae_document_qcae_model_delta_hpp.dir/consumer_qcae_document_qcae_model_delta_hpp.cpp.o
[77/211] Building CXX object CMakeFiles/consumer_qcae_document_qcae_state_codec_hpp.dir/consumer_qcae_document_qcae_state_codec_hpp.cpp.o
[78/211] Building CXX object CMakeFiles/consumer_qcae_document_qcae_read_view_hpp.dir/consumer_qcae_document_qcae_read_view_hpp.cpp.o
[79/211] Building CXX object CMakeFiles/consumer_qcae_document_qcae_record_registry_hpp.dir/consumer_qcae_document_qcae_record_registry_hpp.cpp.o
[80/211] Building CXX object CMakeFiles/consumer_qcae_document_qcae_document_view_hpp.dir/consumer_qcae_document_qcae_document_view_hpp.cpp.o
[81/211] Building CXX object CMakeFiles/consumer_qcae_document_qcae_edit_session_hpp.dir/consumer_qcae_document_qcae_edit_session_hpp.cpp.o
[82/211] Building CXX object CMakeFiles/consumer_qcae_document_qcae_records_hpp.dir/consumer_qcae_document_qcae_records_hpp.cpp.o
[83/211] Building CXX object CMakeFiles/consumer_qcae_document_qcae_records_model_bridge_hpp.dir/consumer_qcae_document_qcae_records_model_bridge_hpp.cpp.o
[84/211] Building CXX object CMakeFiles/consumer_qcae_application_qcae_immutable_fact_map_hpp.dir/consumer_qcae_application_qcae_immutable_fact_map_hpp.cpp.o
[85/211] Building CXX object CMakeFiles/consumer_qcae_application_qcae_record_application_hpp.dir/consumer_qcae_application_qcae_record_application_hpp.cpp.o
[86/211] Building CXX object CMakeFiles/consumer_qcae_query_qcae_render_projector_hpp.dir/consumer_qcae_query_qcae_render_projector_hpp.cpp.o
[87/211] Building CXX object CMakeFiles/consumer_qcae_query_qcae_query_hpp.dir/consumer_qcae_query_qcae_query_hpp.cpp.o
[88/211] Building CXX object CMakeFiles/consumer_qcae_nastran_qcae_nastran_codec_hpp.dir/consumer_qcae_nastran_qcae_nastran_codec_hpp.cpp.o
[89/211] Building CXX object CMakeFiles/consumer_qcae_nastran_qcae_nastran_package_hpp.dir/consumer_qcae_nastran_qcae_nastran_package_hpp.cpp.o
[90/211] Building CXX object CMakeFiles/consumer_qcae_nastran_qcae_nastran_static_result_hpp.dir/consumer_qcae_nastran_qcae_nastran_static_result_hpp.cpp.o
[91/211] Building CXX object CMakeFiles/consumer_qcae_sqlite_qcae_sqlite_store_hpp.dir/consumer_qcae_sqlite_qcae_sqlite_store_hpp.cpp.o
[92/211] Building CXX object CMakeFiles/consumer_qcae_transport_local_qcae_render_wire_hpp.dir/consumer_qcae_transport_local_qcae_render_wire_hpp.cpp.o
[93/211] Building CXX object CMakeFiles/consumer_qcae_transport_local_qcae_local_endpoint_hpp.dir/consumer_qcae_transport_local_qcae_local_endpoint_hpp.cpp.o
[94/211] Building CXX object CMakeFiles/consumer_qcae_transport_local_qcae_json_ledger_hpp.dir/consumer_qcae_transport_local_qcae_json_ledger_hpp.cpp.o
[95/211] Building CXX object CMakeFiles/consumer_qcae_engine_api_qcae_ipc_api_hpp.dir/consumer_qcae_engine_api_qcae_ipc_api_hpp.cpp.o
[96/211] Building CXX object CMakeFiles/consumer_qcae_engine_api_qcae_ipc_model_hpp.dir/consumer_qcae_engine_api_qcae_ipc_model_hpp.cpp.o
[97/211] Building CXX object CMakeFiles/consumer_qcae_engine_api_qcae_ipc_selection_hpp.dir/consumer_qcae_engine_api_qcae_ipc_selection_hpp.cpp.o
[98/211] Building CXX object CMakeFiles/consumer_qcae_engine_api_qcae_typed_host_hpp.dir/consumer_qcae_engine_api_qcae_typed_host_hpp.cpp.o
[99/211] Building CXX object CMakeFiles/consumer_qcae_engine_api_qcae_engine_contributions_hpp.dir/consumer_qcae_engine_api_qcae_engine_contributions_hpp.cpp.o
[100/211] Building CXX object CMakeFiles/consumer_qcae_engine_api_qcae_resource_store_hpp.dir/consumer_qcae_engine_api_qcae_resource_store_hpp.cpp.o
[101/211] Building CXX object CMakeFiles/consumer_qcae_engine_api_qcae_event_stream_hpp.dir/consumer_qcae_engine_api_qcae_event_stream_hpp.cpp.o
[102/211] Building CXX object CMakeFiles/consumer_qcae_engine_api_qcae_result_api_hpp.dir/consumer_qcae_engine_api_qcae_result_api_hpp.cpp.o
[103/211] Building CXX object CMakeFiles/consumer_qcae_engine_api_qcae_render_service_hpp.dir/consumer_qcae_engine_api_qcae_render_service_hpp.cpp.o
[104/211] Building CXX object CMakeFiles/consumer_qcae_engine_api_qcae_nastran_contribution_hpp.dir/consumer_qcae_engine_api_qcae_nastran_contribution_hpp.cpp.o
[105/211] Building CXX object CMakeFiles/consumer_qcae_engine_api_qcae_solver_contribution_hpp.dir/consumer_qcae_engine_api_qcae_solver_contribution_hpp.cpp.o
[106/211] Building CXX object CMakeFiles/consumer_qcae_engine_api_qcae_solver_version_hpp.dir/consumer_qcae_engine_api_qcae_solver_version_hpp.cpp.o
[107/211] Building CXX object CMakeFiles/consumer_qcae_engine_api_qcae_solver_run_record_hpp.dir/consumer_qcae_engine_api_qcae_solver_run_record_hpp.cpp.o
[108/211] Building CXX object CMakeFiles/consumer_qcae_engine_api_qcae_solver_result_reader_hpp.dir/consumer_qcae_engine_api_qcae_solver_result_reader_hpp.cpp.o
[109/211] Building CXX object CMakeFiles/consumer_qcae_engine_api_qcae_solver_result_hpp.dir/consumer_qcae_engine_api_qcae_solver_result_hpp.cpp.o
[110/211] Building CXX object CMakeFiles/consumer_qcae_desktop_client_qcae_desktop_client_hpp.dir/consumer_qcae_desktop_client_qcae_desktop_client_hpp.cpp.o
[111/211] Building CXX object CMakeFiles/consumer_qcae_desktop_client_qcae_resource_client_hpp.dir/consumer_qcae_desktop_client_qcae_resource_client_hpp.cpp.o
[112/211] Building CXX object CMakeFiles/consumer_qcae_vtk_view_qcae_sdk_copy_observation_hpp.dir/consumer_qcae_vtk_view_qcae_sdk_copy_observation_hpp.cpp.o
[113/211] Building CXX object CMakeFiles/consumer_qcae_vtk_view_qcae_vtk_view_hpp.dir/consumer_qcae_vtk_view_qcae_vtk_view_hpp.cpp.o
[114/211] Building CXX object CMakeFiles/consumer_qcae_vtk_view_qcae_sdk_copy_tracker_hpp.dir/consumer_qcae_vtk_view_qcae_sdk_copy_tracker_hpp.cpp.o
[115/211] Building CXX object CMakeFiles/consumer_qcae_legacy_api_qcae_core_hpp.dir/consumer_qcae_legacy_api_qcae_core_hpp.cpp.o
[116/211] Building CXX object CMakeFiles/consumer_qcae_desktop_ui_qcae_desktop_hpp.dir/consumer_qcae_desktop_ui_qcae_desktop_hpp.cpp.o
[117/211] Building CXX object CMakeFiles/consumer_qcae_legacy_api_qcae_legacy_migration_hpp.dir/consumer_qcae_legacy_api_qcae_legacy_migration_hpp.cpp.o
[118/211] Building CXX object CMakeFiles/consumer_qcae_parameters_qcae_quantities_hpp.dir/consumer_qcae_parameters_qcae_quantities_hpp.cpp.o
[119/211] Building CXX object CMakeFiles/consumer_qcae_operations_qcae_operation_registry_hpp.dir/consumer_qcae_operations_qcae_operation_registry_hpp.cpp.o
[120/211] Building CXX object CMakeFiles/consumer_qcae_runtime_qcae_task_service_hpp.dir/consumer_qcae_runtime_qcae_task_service_hpp.cpp.o
[121/211] Building CXX object CMakeFiles/consumer_qcae_task_application_qcae_task_application_hpp.dir/consumer_qcae_task_application_qcae_task_application_hpp.cpp.o
[122/211] Building CXX object CMakeFiles/consumer_qcae_geometry_features_qcae_geometry_features_hpp.dir/consumer_qcae_geometry_features_qcae_geometry_features_hpp.cpp.o
[123/211] Building CXX object CMakeFiles/consumer_qcae_mesh_generation_qcae_line_mesh_task_hpp.dir/consumer_qcae_mesh_generation_qcae_line_mesh_task_hpp.cpp.o
[124/211] Building CXX object CMakeFiles/consumer_qcae_material_features_qcae_material_operations_hpp.dir/consumer_qcae_material_features_qcae_material_operations_hpp.cpp.o
[125/211] Building CXX object CMakeFiles/consumer_qcae_mesh_editing_qcae_mesh_editing_operations_hpp.dir/consumer_qcae_mesh_editing_qcae_mesh_editing_operations_hpp.cpp.o
[126/211] Building CXX object CMakeFiles/consumer_qcae_analysis_features_qcae_analysis_features_hpp.dir/consumer_qcae_analysis_features_qcae_analysis_features_hpp.cpp.o
[127/211] Building CXX object CMakeFiles/consumer_qcae_engine_host_qcae_engine_host_hpp.dir/consumer_qcae_engine_host_qcae_engine_host_hpp.cpp.o
[128/211] Building CXX object CMakeFiles/consumer_qcae_analysis_features_qcae_analysis_input_hpp.dir/consumer_qcae_analysis_features_qcae_analysis_input_hpp.cpp.o
[129/211] Building CXX object CMakeFiles/consumer_qcae_artifacts_local_qcae_artifacts_local_hpp.dir/consumer_qcae_artifacts_local_qcae_artifacts_local_hpp.cpp.o
[130/211] Building CXX object CMakeFiles/consumer_qcae_result_features_qcae_result_fixture_hpp.dir/consumer_qcae_result_features_qcae_result_fixture_hpp.cpp.o
[131/211] Building CXX object CMakeFiles/consumer_qcae_result_features_qcae_result_service_hpp.dir/consumer_qcae_result_features_qcae_result_service_hpp.cpp.o
[132/211] Building CXX object CMakeFiles/consumer_qcae_result_features_qcae_static_validation_hpp.dir/consumer_qcae_result_features_qcae_static_validation_hpp.cpp.o
[133/211] Building CXX object CMakeFiles/consumer_generated_operations.dir/consumer_generated_operations.cpp.o
[134/211] Building CXX object CMakeFiles/consumer_qcae_solver_local_qcae_solver_local_hpp.dir/consumer_qcae_solver_local_qcae_solver_local_hpp.cpp.o
[135/211] Linking CXX static library qcae/apps/engine/libqcae_engine_host.a
[136/211] Linking CXX static library qcae/ui/desktop/libqcae_desktop_ui.a
[137/211] Linking CXX executable consumer_qcae_foundation_qcae_types_hpp
[138/211] Linking CXX executable consumer_qcae_foundation_qcae_operation_ledger_hpp
[139/211] Linking CXX executable consumer_qcae_contracts_qcae_application_types_hpp
[140/211] Linking CXX executable consumer_qcae_contracts_qcae_document_info_hpp
[141/211] Linking CXX executable consumer_qcae_contracts_qcae_profile_provider_hpp
[142/211] Linking CXX executable consumer_qcae_contracts_qcae_render_packet_hpp
[143/211] Linking CXX executable consumer_qcae_contracts_qcae_workspace_store_hpp
[144/211] Linking CXX executable consumer_qcae_contracts_qcae_record_store_hpp
[145/211] Linking CXX executable consumer_qcae_contracts_qcae_view_session_hpp
[146/211] Building CXX object CMakeFiles/consumer_operation_contracts.dir/consumer_operation_contracts.cpp.o
[147/211] Linking CXX executable consumer_qcae_contracts_qcae_resource_hpp
[148/211] Linking CXX executable consumer_qcae_contracts_qcae_solver_runner_hpp
[149/211] Linking CXX executable consumer_qcae_document_qcae_model_hpp
[150/211] Linking CXX executable consumer_qcae_document_qcae_model_codec_hpp
[151/211] Linking CXX executable consumer_qcae_document_qcae_model_delta_hpp
[152/211] Linking CXX executable consumer_qcae_document_qcae_state_codec_hpp
[153/211] Linking CXX executable consumer_qcae_document_qcae_read_view_hpp
[154/211] Linking CXX executable consumer_qcae_document_qcae_document_view_hpp
[155/211] Linking CXX executable consumer_qcae_document_qcae_record_registry_hpp
[156/211] Linking CXX executable consumer_qcae_document_qcae_edit_session_hpp
[157/211] Linking CXX executable consumer_qcae_document_qcae_records_hpp
[158/211] Linking CXX executable consumer_qcae_application_qcae_record_application_hpp
[159/211] Linking CXX executable consumer_qcae_document_qcae_records_model_bridge_hpp
[160/211] Linking CXX executable consumer_qcae_application_qcae_immutable_fact_map_hpp
[161/211] Linking CXX executable consumer_qcae_query_qcae_query_hpp
[162/211] Linking CXX executable consumer_qcae_query_qcae_render_projector_hpp
[163/211] Linking CXX executable consumer_qcae_nastran_qcae_nastran_codec_hpp
[164/211] Linking CXX executable consumer_qcae_nastran_qcae_nastran_static_result_hpp
[165/211] Linking CXX executable consumer_qcae_nastran_qcae_nastran_package_hpp
[166/211] Linking CXX executable consumer_qcae_sqlite_qcae_sqlite_store_hpp
[167/211] Linking CXX executable consumer_qcae_transport_local_qcae_local_endpoint_hpp
[168/211] Linking CXX executable consumer_qcae_transport_local_qcae_json_ledger_hpp
[169/211] Linking CXX executable consumer_qcae_transport_local_qcae_render_wire_hpp
[170/211] Linking CXX executable consumer_qcae_engine_api_qcae_ipc_model_hpp
[171/211] Linking CXX executable consumer_qcae_engine_api_qcae_ipc_api_hpp
[172/211] Linking CXX executable consumer_qcae_engine_api_qcae_ipc_selection_hpp
[173/211] Linking CXX executable consumer_qcae_engine_api_qcae_typed_host_hpp
[174/211] Linking CXX executable consumer_qcae_engine_api_qcae_engine_contributions_hpp
[175/211] Linking CXX executable consumer_qcae_engine_api_qcae_resource_store_hpp
[176/211] Linking CXX executable consumer_qcae_engine_api_qcae_event_stream_hpp
[177/211] Linking CXX executable consumer_qcae_engine_api_qcae_render_service_hpp
[178/211] Linking CXX executable consumer_qcae_engine_api_qcae_result_api_hpp
[179/211] Linking CXX executable consumer_qcae_engine_api_qcae_nastran_contribution_hpp
[180/211] Linking CXX executable consumer_qcae_engine_api_qcae_solver_contribution_hpp
[181/211] Linking CXX executable consumer_qcae_engine_api_qcae_solver_run_record_hpp
[182/211] Linking CXX executable consumer_qcae_engine_api_qcae_solver_version_hpp
[183/211] Linking CXX executable consumer_qcae_engine_api_qcae_solver_result_hpp
[184/211] Linking CXX executable consumer_qcae_engine_api_qcae_solver_result_reader_hpp
[185/211] Linking CXX executable consumer_qcae_desktop_client_qcae_desktop_client_hpp
[186/211] Linking CXX executable consumer_qcae_desktop_client_qcae_resource_client_hpp
[187/211] Linking CXX executable consumer_qcae_vtk_view_qcae_vtk_view_hpp
[188/211] Linking CXX executable consumer_qcae_vtk_view_qcae_sdk_copy_observation_hpp
[189/211] Linking CXX executable consumer_qcae_vtk_view_qcae_sdk_copy_tracker_hpp
[190/211] Linking CXX executable consumer_qcae_desktop_ui_qcae_desktop_hpp
[191/211] Linking CXX executable consumer_qcae_legacy_api_qcae_core_hpp
[192/211] Linking CXX executable consumer_qcae_parameters_qcae_quantities_hpp
[193/211] Linking CXX executable consumer_qcae_legacy_api_qcae_legacy_migration_hpp
[194/211] Linking CXX executable consumer_qcae_runtime_qcae_task_service_hpp
[195/211] Linking CXX executable consumer_qcae_operations_qcae_operation_registry_hpp
[196/211] Linking CXX executable consumer_qcae_geometry_features_qcae_geometry_features_hpp
[197/211] Linking CXX executable consumer_qcae_task_application_qcae_task_application_hpp
[198/211] Linking CXX executable consumer_qcae_mesh_generation_qcae_line_mesh_task_hpp
[199/211] Linking CXX executable consumer_qcae_material_features_qcae_material_operations_hpp
[200/211] Linking CXX executable consumer_qcae_mesh_editing_qcae_mesh_editing_operations_hpp
[201/211] Linking CXX executable consumer_qcae_engine_host_qcae_engine_host_hpp
[202/211] Linking CXX executable consumer_qcae_analysis_features_qcae_analysis_features_hpp
[203/211] Linking CXX executable consumer_qcae_analysis_features_qcae_analysis_input_hpp
[204/211] Linking CXX executable consumer_qcae_artifacts_local_qcae_artifacts_local_hpp
[205/211] Linking CXX executable consumer_qcae_result_features_qcae_result_fixture_hpp
[206/211] Linking CXX executable consumer_qcae_result_features_qcae_static_validation_hpp
[207/211] Linking CXX executable consumer_qcae_result_features_qcae_result_service_hpp
[208/211] Linking CXX executable consumer_generated_operations
[209/211] Linking CXX executable consumer_qcae_solver_local_qcae_solver_local_hpp
[210/211] Linking CXX executable consumer_operation_contracts
