[0/2] Re-checking globbed directories...
[1/112] Generating ../../generated/qcae/operations.hpp
[2/112] Generating ../../generated/qcae/operation_inputs.hpp
[3/112] Building CXX object modules/document/CMakeFiles/qcae_document.dir/src/model.cpp.o
[4/112] Building CXX object modules/document/CMakeFiles/qcae_document.dir/src/model_delta.cpp.o
[5/112] Building CXX object modules/document/CMakeFiles/qcae_document.dir/src/state_codec.cpp.o
[6/112] Building CXX object modules/document/CMakeFiles/qcae_document.dir/src/record_registry.cpp.o
[7/112] Building CXX object modules/document/CMakeFiles/qcae_document.dir/src/edit_session.cpp.o
[8/112] Building CXX object modules/document/CMakeFiles/qcae_document.dir/src/document_view.cpp.o
[9/112] Building CXX object modules/document/CMakeFiles/qcae_document.dir/src/record_model_bridge.cpp.o
[10/112] Building CXX object modules/document/CMakeFiles/qcae_document.dir/src/records_rules.cpp.o
[11/112] Linking CXX static library modules/document/libqcae_document.a
[12/112] Building CXX object modules/application/CMakeFiles/qcae_application.dir/src/core.cpp.o
[13/112] Building CXX object modules/parameters/CMakeFiles/qcae_parameters.dir/src/quantities.cpp.o
[14/112] Building CXX object modules/application/CMakeFiles/qcae_application.dir/src/application_state.cpp.o
[15/112] Building CXX object modules/operations/CMakeFiles/qcae_operations.dir/src/canonical_value.cpp.o
[16/112] Building CXX object modules/operations/CMakeFiles/qcae_operations.dir/src/change_receipt_value.cpp.o
[17/112] Building CXX object modules/operations/CMakeFiles/qcae_operations.dir/src/operation_registry.cpp.o
[18/112] Building CXX object modules/runtime/CMakeFiles/qcae_runtime.dir/src/task_record.cpp.o
[19/112] Automatic MOC for target qcae_desktop_client
[20/112] Building CXX object modules/runtime/CMakeFiles/qcae_runtime.dir/src/task_service.cpp.o
[21/112] Linking CXX static library modules/application/libqcae_application.a
[22/112] Automatic MOC for target qcae_vtk_view
[23/112] Linking CXX static library modules/parameters/libqcae_parameters.a
[24/112] Linking CXX static library modules/operations/libqcae_operations.a
[25/112] Linking CXX static library modules/runtime/libqcae_runtime.a
[26/112] Building CXX object modules/runtime/CMakeFiles/qcae_task_application.dir/record_application/src/task_application.cpp.o
[27/112] Building CXX object features/analysis/CMakeFiles/qcae_analysis_features.dir/src/analysis_operations.cpp.o
[28/112] Building CXX object features/analysis/CMakeFiles/qcae_analysis_features.dir/src/analysis_checks.cpp.o
[29/112] Building CXX object features/analysis/CMakeFiles/qcae_analysis_features.dir/src/check_report.cpp.o
[30/112] Building CXX object features/analysis/CMakeFiles/qcae_analysis_features.dir/src/analysis_input.cpp.o
[31/112] Generating generated/qcae/nastran_digest.hpp
[32/112] Building CXX object features/analysis/CMakeFiles/qcae_analysis_features.dir/src/analysis_input_codec.cpp.o
[33/112] Building CXX object adapters/artifacts_local/CMakeFiles/qcae_artifacts_local.dir/src/artifacts_local.cpp.o
[34/112] Building CXX object modules/clients/CMakeFiles/qcae_desktop_client.dir/qcae_desktop_client_autogen/mocs_compilation.cpp.o
[35/112] Building CXX object modules/clients/CMakeFiles/qcae_desktop_client.dir/src/desktop_client.cpp.o
[36/112] Building CXX object modules/clients/CMakeFiles/qcae_desktop_client.dir/src/resource_client.cpp.o
[37/112] Building CXX object adapters/rendering_vtk/CMakeFiles/qcae_vtk_view.dir/qcae_vtk_view_autogen/mocs_compilation.cpp.o
[38/112] Building CXX object CMakeFiles/qcae_c3_sqlite_observed.dir/tests/c3_sqlite_copy_bridge.cpp.o
[39/112] Building CXX object features/legacy_api/CMakeFiles/qcae_legacy_api.dir/src/core.cpp.o
[40/112] Building CXX object adapters/rendering_vtk/CMakeFiles/qcae_vtk_view.dir/src/vtk_view.cpp.o
[41/112] Building CXX object features/legacy_api/CMakeFiles/qcae_legacy_api.dir/src/legacy_state.cpp.o
[42/112] Linking CXX static library modules/runtime/libqcae_task_application.a
[43/112] Building CXX object features/legacy_api/CMakeFiles/qcae_legacy_api.dir/src/legacy_migration.cpp.o
[44/112] Building CXX object features/geometry/CMakeFiles/qcae_geometry_features.dir/src/geometry_features.cpp.o
[45/112] Building CXX object features/mesh_generation/CMakeFiles/qcae_mesh_generation.dir/src/line_mesh_task.cpp.o
[46/112] Building CXX object features/materials/CMakeFiles/qcae_material_features.dir/src/material_operations.cpp.o
[47/112] Linking CXX static library features/analysis/libqcae_analysis_features.a
[48/112] Building CXX object features/mesh_editing/CMakeFiles/qcae_mesh_editing.dir/src/mesh_editing_operations.cpp.o
[49/112] Building CXX object features/results/CMakeFiles/qcae_result_features.dir/src/result_fixture.cpp.o
[50/112] Building CXX object features/results/CMakeFiles/qcae_result_features.dir/src/result_codec.cpp.o
[51/112] Building CXX object features/results/CMakeFiles/qcae_result_features.dir/src/result_service.cpp.o
[52/112] Building CXX object modules/query/CMakeFiles/qcae_query.dir/src/query_legacy.cpp.o
[53/112] Building CXX object modules/query/CMakeFiles/qcae_query.dir/src/query.cpp.o
[54/112] Building CXX object modules/query/CMakeFiles/qcae_query.dir/src/entity_queries.cpp.o
[55/112] Building CXX object modules/query/CMakeFiles/qcae_query.dir/src/render_projector.cpp.o
[56/112] Building CXX object profiles/nastran/CMakeFiles/qcae_nastran.dir/src/nastran_codec.cpp.o
[57/112] Building CXX object profiles/nastran/CMakeFiles/qcae_nastran.dir/src/nastran_package.cpp.o
[58/112] Linking CXX static library adapters/artifacts_local/libqcae_artifacts_local.a
[59/112] Building CXX object profiles/nastran/CMakeFiles/qcae_nastran.dir/src/nastran_static_result.cpp.o
[60/112] Linking CXX static library modules/clients/libqcae_desktop_client.a
[61/112] Linking CXX static library adapters/rendering_vtk/libqcae_vtk_view.a
[62/112] Linking CXX static library libqcae_c3_sqlite_observed.a
[63/112] Linking CXX static library features/legacy_api/libqcae_legacy_api.a
[64/112] Linking CXX static library features/geometry/libqcae_geometry_features.a
[65/112] Linking CXX static library features/mesh_generation/libqcae_mesh_generation.a
[66/112] Linking CXX static library features/materials/libqcae_material_features.a
[67/112] Linking CXX static library features/mesh_editing/libqcae_mesh_editing.a
[68/112] Linking CXX static library features/results/libqcae_result_features.a
[69/112] Linking CXX static library modules/query/libqcae_query.a
[70/112] Linking CXX static library profiles/nastran/libqcae_nastran.a
[71/112] Building CXX object adapters/solver_local/CMakeFiles/qcae_solver_local.dir/src/solver_local.cpp.o
[72/112] Linking CXX static library adapters/solver_local/libqcae_solver_local.a
[73/112] Building CXX object adapters/storage_sqlite/CMakeFiles/qcae_sqlite.dir/src/sqlite_store.cpp.o
[74/112] Building CXX object adapters/engine_api/CMakeFiles/qcae_engine_api.dir/src/ipc_api.cpp.o
[75/112] Building CXX object adapters/engine_api/CMakeFiles/qcae_engine_api.dir/src/ipc_model.cpp.o
[76/112] Building CXX object adapters/engine_api/CMakeFiles/qcae_engine_api.dir/src/ipc_selection.cpp.o
[77/112] Building CXX object adapters/engine_api/CMakeFiles/qcae_engine_api.dir/src/typed_host.cpp.o
[78/112] Building CXX object adapters/engine_api/CMakeFiles/qcae_engine_api.dir/src/resource_store.cpp.o
[79/112] Building CXX object adapters/engine_api/CMakeFiles/qcae_engine_api.dir/src/engine_contributions.cpp.o
[80/112] Building CXX object adapters/engine_api/CMakeFiles/qcae_engine_api.dir/src/event_stream.cpp.o
[81/112] Building CXX object adapters/engine_api/CMakeFiles/qcae_engine_api.dir/src/render_service.cpp.o
[82/112] Building CXX object adapters/engine_api/CMakeFiles/qcae_engine_api.dir/src/result_api.cpp.o
[83/112] Building CXX object adapters/engine_api/CMakeFiles/qcae_engine_api.dir/src/solver_contribution.cpp.o
[84/112] Building CXX object adapters/engine_api/CMakeFiles/qcae_engine_api.dir/src/nastran_contribution.cpp.o
[85/112] Building CXX object adapters/engine_api/CMakeFiles/qcae_engine_api.dir/src/solver_run_record.cpp.o
[86/112] Building CXX object adapters/engine_api/CMakeFiles/qcae_engine_api.dir/src/solver_version_probe.cpp.o
[87/112] Automatic MOC for target qcae_desktop_ui
[88/112] Linking CXX static library adapters/storage_sqlite/libqcae_sqlite.a
[89/112] Linking CXX static library adapters/engine_api/libqcae_engine_api.a
[90/112] Building CXX object ui/desktop/CMakeFiles/qcae_desktop_ui.dir/qcae_desktop_ui_autogen/mocs_compilation.cpp.o
[91/112] Building CXX object apps/engine/CMakeFiles/qcae_engine_host.dir/engine_host.cpp.o
[92/112] Building CXX object ui/desktop/CMakeFiles/qcae_desktop_ui.dir/src/modeling_tools.cpp.o
[93/112] Building CXX object ui/desktop/CMakeFiles/qcae_desktop_ui.dir/src/desktop.cpp.o
[94/112] Building CXX object ui/desktop/CMakeFiles/qcae_desktop_ui.dir/src/analysis_tools.cpp.o
[95/112] Building CXX object ui/desktop/CMakeFiles/qcae_desktop_ui.dir/src/shortcut_preferences.cpp.o
[96/112] Building CXX object CMakeFiles/qcae_qt_widget_copy_probe.dir/tests/qt_widget_copy_probe.cpp.o
[97/112] Building CXX object CMakeFiles/qcae_vtk_coordinate_range_tests.dir/tests/vtk_coordinate_range_tests.cpp.o
[98/112] Building CXX object CMakeFiles/qcae_vtk_shift_scale_copy_tests.dir/tests/vtk_shift_scale_copy_tests.cpp.o
[99/112] Building CXX object CMakeFiles/qcae_qt_source_copy_probe.dir/tests/qt_source_copy_probe.cpp.o
[100/112] Building CXX object CMakeFiles/qcae_c3_qt_source_bridge_tests.dir/tests/c3_qt_source_bridge_tests.cpp.o
[101/112] Building CXX object CMakeFiles/qcae_c3_ledger_engine.dir/tests/c3_ledger_engine_main.cpp.o
[102/112] Linking CXX static library apps/engine/libqcae_engine_host.a
[103/112] Linking CXX static library ui/desktop/libqcae_desktop_ui.a
[104/112] Linking CXX executable qcae_qt_widget_copy_probe
[105/112] Linking CXX executable qcae_vtk_coordinate_range_tests
[106/112] Linking CXX executable qcae_vtk_shift_scale_copy_tests
[107/112] Linking CXX executable qcae_qt_source_copy_probe
[108/112] Linking CXX executable qcae_c3_qt_source_bridge_tests
[109/112] Linking CXX executable qcae_c3_ledger_engine
[110/112] Building CXX object CMakeFiles/qcae_c3_end_to_end_bench.dir/tests/c3_end_to_end_bench.cpp.o
[111/112] Linking CXX executable qcae_c3_end_to_end_bench
