{
  "passed": true,
  "scenarios": [
    {
      "mode": "success",
      "execution": "exited",
      "task_state": "failed",
      "cross_row_negative_cases": 8
    },
    {
      "mode": "corrupt",
      "execution": "exited",
      "task_state": "failed",
      "cross_row_negative_cases": 0
    },
    {
      "mode": "missing",
      "execution": "exited",
      "task_state": "failed",
      "cross_row_negative_cases": 0
    },
    {
      "mode": "slow",
      "execution": "exited",
      "task_state": "failed",
      "cross_row_negative_cases": 0
    },
    {
      "mode": "ignore-term",
      "execution": "cancelled",
      "task_state": "cancelled",
      "cross_row_negative_cases": 0
    },
    {
      "mode": "restart",
      "unknown_recovery": true,
      "rerun": false
    }
  ],
  "parsed_test_process_scenarios": [
    {
      "mode": "parsed-success",
      "task_state": "succeeded",
      "parsing": "parsed",
      "fields": 2,
      "numerical_validation": "not_run",
      "cross_row_negative_cases": 5,
      "published_recovery": true
    },
    {
      "mode": "parsed-wrongcase",
      "task_state": "failed",
      "parsing": "failed",
      "zero_partial_publication": true,
      "numerical_validation": "not_run"
    },
    {
      "mode": "parsed-damaged",
      "task_state": "failed",
      "parsing": "failed",
      "zero_partial_publication": true,
      "numerical_validation": "not_run"
    },
    {
      "mode": "parsed-wrongphysics",
      "task_state": "succeeded",
      "parsing": "parsed",
      "fields": 2,
      "numerical_validation": "not_run",
      "cross_row_negative_cases": 0,
      "published_recovery": false
    },
    {
      "mode": "parsed-stale",
      "task_state": "succeeded",
      "parsing": "parsed",
      "fields": 2,
      "numerical_validation": "not_run",
      "cross_row_negative_cases": 0,
      "published_recovery": false
    }
  ],
  "real_solver": false,
  "parsing_acceptance": false,
  "numerical_acceptance": false
}
