Strict fresh Release probe.cpp
Strict fresh Release static_validation.cpp
Link/run independent mathematical probe
decimal_components=132 max_expected_ulp=0 max_tolerance_ulp=1 matched=1
row_order ok=1 matched=1 as_expected=1
result-negative-0 ok=0 matched=-1 as_expected=1
result-negative-1 ok=0 matched=-1 as_expected=1
result-negative-2 ok=0 matched=-1 as_expected=1
result-negative-3 ok=0 matched=-1 as_expected=1
result-negative-4 ok=0 matched=-1 as_expected=1
result-negative-5 ok=0 matched=-1 as_expected=1
result-negative-6 ok=0 matched=-1 as_expected=1
result-negative-7 ok=0 matched=-1 as_expected=1
result-negative-8 ok=0 matched=-1 as_expected=1
result-negative-9 ok=0 matched=-1 as_expected=1
result-negative-10 ok=0 matched=-1 as_expected=1
result-negative-11 ok=0 matched=-1 as_expected=1
result-negative-12 ok=0 matched=-1 as_expected=1
result-negative-13 ok=0 matched=-1 as_expected=1
result-negative-14 ok=0 matched=-1 as_expected=1
finite-huge-mismatch ok=1 matched=0 as_expected=1
finite-huge-mismatch ok=1 matched=0 as_expected=1
finite-huge-mismatch ok=1 matched=0 as_expected=1
tip-direction ok=1 matched=0 as_expected=1
internal-rotation-direction ok=1 matched=0 as_expected=1
reaction-moment-direction ok=1 matched=0 as_expected=1
outside-nodal-tolerance ok=1 matched=0 as_expected=1
outside-reaction-tolerance ok=1 matched=0 as_expected=1
outside-nodal-tolerance ok=1 matched=0 as_expected=1
outside-reaction-tolerance ok=1 matched=0 as_expected=1
outside-nodal-tolerance ok=1 matched=0 as_expected=1
outside-reaction-tolerance ok=1 matched=0 as_expected=1
outside-nodal-tolerance ok=1 matched=0 as_expected=1
outside-reaction-tolerance ok=1 matched=0 as_expected=1
outside-nodal-tolerance ok=1 matched=0 as_expected=1
outside-reaction-tolerance ok=1 matched=0 as_expected=1
outside-nodal-tolerance ok=1 matched=0 as_expected=1
outside-reaction-tolerance ok=1 matched=0 as_expected=1
inside-nodal-tolerance ok=1 matched=1 as_expected=1
inside-nodal-tolerance ok=1 matched=1 as_expected=1
inside-nodal-tolerance ok=1 matched=1 as_expected=1
inside-nodal-tolerance ok=1 matched=1 as_expected=1
inside-nodal-tolerance ok=1 matched=1 as_expected=1
inside-nodal-tolerance ok=1 matched=1 as_expected=1
wrong-modulus ok=0 matched=-1 as_expected=1
wrong-poisson ok=0 matched=-1 as_expected=1
wrong-section ok=0 matched=-1 as_expected=1
wrong-section ok=0 matched=-1 as_expected=1
wrong-section ok=0 matched=-1 as_expected=1
wrong-section ok=0 matched=-1 as_expected=1
wrong-load-direction ok=0 matched=-1 as_expected=1
wrong-load-magnitude ok=0 matched=-1 as_expected=1
reversed-span ok=0 matched=-1 as_expected=1
wrong-section-direction ok=0 matched=-1 as_expected=1
wrong-coordinate ok=0 matched=-1 as_expected=1
off-lattice-coordinate ok=0 matched=-1 as_expected=1
wrong-basis-shape ok=0 matched=-1 as_expected=1
incomplete-fixity ok=0 matched=-1 as_expected=1
wrong-loadcase-label ok=0 matched=-1 as_expected=1
wrong-loadcase-source ok=0 matched=-1 as_expected=1
wrong-source-units ok=0 matched=-1 as_expected=1
zero-map-number ok=0 matched=-1 as_expected=1
duplicate-identity-map ok=0 matched=-1 as_expected=1
malformed-frozen-encoding ok=0 matched=-1 as_expected=1
oversized-frozen-signature ok=0 matched=-1 as_expected=1
coherent-frozen-renumbering ok=1 matched=1 as_expected=1
wrong-map-original-numbers ok=0 matched=-1 as_expected=1
all-zero-nodal-inclusive-boundary ok=1 matched=1 as_expected=1
all-zero-nodal-nextafter-reject ok=1 matched=0 as_expected=1
all-zero-nodal-inclusive-boundary ok=1 matched=1 as_expected=1
all-zero-nodal-nextafter-reject ok=1 matched=0 as_expected=1
all-zero-nodal-inclusive-boundary ok=1 matched=1 as_expected=1
all-zero-nodal-nextafter-reject ok=1 matched=0 as_expected=1
all-zero-nodal-inclusive-boundary ok=1 matched=1 as_expected=1
all-zero-nodal-nextafter-reject ok=1 matched=0 as_expected=1
all-zero-nodal-inclusive-boundary ok=1 matched=1 as_expected=1
all-zero-nodal-nextafter-reject ok=1 matched=0 as_expected=1
all-zero-nodal-inclusive-boundary ok=1 matched=1 as_expected=1
all-zero-nodal-nextafter-reject ok=1 matched=0 as_expected=1
all-zero-nodal-inclusive-boundary ok=1 matched=1 as_expected=1
all-zero-nodal-nextafter-reject ok=1 matched=0 as_expected=1
all-zero-nodal-inclusive-boundary ok=1 matched=1 as_expected=1
all-zero-nodal-nextafter-reject ok=1 matched=0 as_expected=1
all-zero-nodal-inclusive-boundary ok=1 matched=1 as_expected=1
all-zero-nodal-nextafter-reject ok=1 matched=0 as_expected=1
all-zero-nodal-inclusive-boundary ok=1 matched=1 as_expected=1
all-zero-nodal-nextafter-reject ok=1 matched=0 as_expected=1
all-zero-nodal-inclusive-boundary ok=1 matched=1 as_expected=1
all-zero-nodal-nextafter-reject ok=1 matched=0 as_expected=1
all-zero-nodal-inclusive-boundary ok=1 matched=1 as_expected=1
all-zero-nodal-nextafter-reject ok=1 matched=0 as_expected=1
all-zero-nodal-inclusive-boundary ok=1 matched=1 as_expected=1
all-zero-nodal-nextafter-reject ok=1 matched=0 as_expected=1
all-zero-nodal-inclusive-boundary ok=1 matched=1 as_expected=1
all-zero-nodal-nextafter-reject ok=1 matched=0 as_expected=1
all-nonzero-nodal-inside-relative ok=1 matched=1 as_expected=1
all-nonzero-nodal-outside-relative ok=1 matched=0 as_expected=1
all-zero-nodal-inclusive-boundary ok=1 matched=1 as_expected=1
all-zero-nodal-nextafter-reject ok=1 matched=0 as_expected=1
all-zero-nodal-inclusive-boundary ok=1 matched=1 as_expected=1
all-zero-nodal-nextafter-reject ok=1 matched=0 as_expected=1
all-zero-nodal-inclusive-boundary ok=1 matched=1 as_expected=1
all-zero-nodal-nextafter-reject ok=1 matched=0 as_expected=1
all-zero-nodal-inclusive-boundary ok=1 matched=1 as_expected=1
all-zero-nodal-nextafter-reject ok=1 matched=0 as_expected=1
all-zero-nodal-inclusive-boundary ok=1 matched=1 as_expected=1
all-zero-nodal-nextafter-reject ok=1 matched=0 as_expected=1
all-zero-nodal-inclusive-boundary ok=1 matched=1 as_expected=1
all-zero-nodal-nextafter-reject ok=1 matched=0 as_expected=1
all-nonzero-nodal-inside-relative ok=1 matched=1 as_expected=1
all-nonzero-nodal-outside-relative ok=1 matched=0 as_expected=1
all-zero-nodal-inclusive-boundary ok=1 matched=1 as_expected=1
all-zero-nodal-nextafter-reject ok=1 matched=0 as_expected=1
all-zero-nodal-inclusive-boundary ok=1 matched=1 as_expected=1
all-zero-nodal-nextafter-reject ok=1 matched=0 as_expected=1
all-nonzero-nodal-inside-relative ok=1 matched=1 as_expected=1
all-nonzero-nodal-outside-relative ok=1 matched=0 as_expected=1
all-zero-nodal-inclusive-boundary ok=1 matched=1 as_expected=1
all-zero-nodal-nextafter-reject ok=1 matched=0 as_expected=1
all-zero-nodal-inclusive-boundary ok=1 matched=1 as_expected=1
all-zero-nodal-nextafter-reject ok=1 matched=0 as_expected=1
all-zero-nodal-inclusive-boundary ok=1 matched=1 as_expected=1
all-zero-nodal-nextafter-reject ok=1 matched=0 as_expected=1
all-zero-nodal-inclusive-boundary ok=1 matched=1 as_expected=1
all-zero-nodal-nextafter-reject ok=1 matched=0 as_expected=1
all-zero-nodal-inclusive-boundary ok=1 matched=1 as_expected=1
all-zero-nodal-nextafter-reject ok=1 matched=0 as_expected=1
all-zero-nodal-inclusive-boundary ok=1 matched=1 as_expected=1
all-zero-nodal-nextafter-reject ok=1 matched=0 as_expected=1
all-nonzero-nodal-inside-relative ok=1 matched=1 as_expected=1
all-nonzero-nodal-outside-relative ok=1 matched=0 as_expected=1
all-zero-nodal-inclusive-boundary ok=1 matched=1 as_expected=1
all-zero-nodal-nextafter-reject ok=1 matched=0 as_expected=1
all-zero-nodal-inclusive-boundary ok=1 matched=1 as_expected=1
all-zero-nodal-nextafter-reject ok=1 matched=0 as_expected=1
all-nonzero-nodal-inside-relative ok=1 matched=1 as_expected=1
all-nonzero-nodal-outside-relative ok=1 matched=0 as_expected=1
all-zero-nodal-inclusive-boundary ok=1 matched=1 as_expected=1
all-zero-nodal-nextafter-reject ok=1 matched=0 as_expected=1
all-zero-nodal-inclusive-boundary ok=1 matched=1 as_expected=1
all-zero-nodal-nextafter-reject ok=1 matched=0 as_expected=1
all-zero-nodal-inclusive-boundary ok=1 matched=1 as_expected=1
all-zero-nodal-nextafter-reject ok=1 matched=0 as_expected=1
all-zero-nodal-inclusive-boundary ok=1 matched=1 as_expected=1
all-zero-nodal-nextafter-reject ok=1 matched=0 as_expected=1
all-zero-nodal-inclusive-boundary ok=1 matched=1 as_expected=1
all-zero-nodal-nextafter-reject ok=1 matched=0 as_expected=1
all-zero-nodal-inclusive-boundary ok=1 matched=1 as_expected=1
all-zero-nodal-nextafter-reject ok=1 matched=0 as_expected=1
all-nonzero-nodal-inside-relative ok=1 matched=1 as_expected=1
all-nonzero-nodal-outside-relative ok=1 matched=0 as_expected=1
all-zero-nodal-inclusive-boundary ok=1 matched=1 as_expected=1
all-zero-nodal-nextafter-reject ok=1 matched=0 as_expected=1
all-zero-nodal-inclusive-boundary ok=1 matched=1 as_expected=1
all-zero-nodal-nextafter-reject ok=1 matched=0 as_expected=1
all-nonzero-nodal-inside-relative ok=1 matched=1 as_expected=1
all-nonzero-nodal-outside-relative ok=1 matched=0 as_expected=1
all-zero-nodal-inclusive-boundary ok=1 matched=1 as_expected=1
all-zero-nodal-nextafter-reject ok=1 matched=0 as_expected=1
all-zero-nodal-inclusive-boundary ok=1 matched=1 as_expected=1
all-zero-nodal-nextafter-reject ok=1 matched=0 as_expected=1
all-zero-nodal-inclusive-boundary ok=1 matched=1 as_expected=1
all-zero-nodal-nextafter-reject ok=1 matched=0 as_expected=1
all-zero-nodal-inclusive-boundary ok=1 matched=1 as_expected=1
all-zero-nodal-nextafter-reject ok=1 matched=0 as_expected=1
all-zero-nodal-inclusive-boundary ok=1 matched=1 as_expected=1
all-zero-nodal-nextafter-reject ok=1 matched=0 as_expected=1
all-zero-nodal-inclusive-boundary ok=1 matched=1 as_expected=1
all-zero-nodal-nextafter-reject ok=1 matched=0 as_expected=1
all-nonzero-nodal-inside-relative ok=1 matched=1 as_expected=1
all-nonzero-nodal-outside-relative ok=1 matched=0 as_expected=1
all-zero-nodal-inclusive-boundary ok=1 matched=1 as_expected=1
all-zero-nodal-nextafter-reject ok=1 matched=0 as_expected=1
all-zero-nodal-inclusive-boundary ok=1 matched=1 as_expected=1
all-zero-nodal-nextafter-reject ok=1 matched=0 as_expected=1
all-nonzero-nodal-inside-relative ok=1 matched=1 as_expected=1
all-nonzero-nodal-outside-relative ok=1 matched=0 as_expected=1
all-zero-nodal-inclusive-boundary ok=1 matched=1 as_expected=1
all-zero-nodal-nextafter-reject ok=1 matched=0 as_expected=1
all-zero-nodal-inclusive-boundary ok=1 matched=1 as_expected=1
all-zero-nodal-nextafter-reject ok=1 matched=0 as_expected=1
all-zero-nodal-inclusive-boundary ok=1 matched=1 as_expected=1
all-zero-nodal-nextafter-reject ok=1 matched=0 as_expected=1
all-zero-nodal-inclusive-boundary ok=1 matched=1 as_expected=1
all-zero-nodal-nextafter-reject ok=1 matched=0 as_expected=1
all-zero-nodal-inclusive-boundary ok=1 matched=1 as_expected=1
all-zero-nodal-nextafter-reject ok=1 matched=0 as_expected=1
all-zero-nodal-inclusive-boundary ok=1 matched=1 as_expected=1
all-zero-nodal-nextafter-reject ok=1 matched=0 as_expected=1
all-nonzero-nodal-inside-relative ok=1 matched=1 as_expected=1
all-nonzero-nodal-outside-relative ok=1 matched=0 as_expected=1
all-zero-nodal-inclusive-boundary ok=1 matched=1 as_expected=1
all-zero-nodal-nextafter-reject ok=1 matched=0 as_expected=1
all-zero-nodal-inclusive-boundary ok=1 matched=1 as_expected=1
all-zero-nodal-nextafter-reject ok=1 matched=0 as_expected=1
all-nonzero-nodal-inside-relative ok=1 matched=1 as_expected=1
all-nonzero-nodal-outside-relative ok=1 matched=0 as_expected=1
all-zero-nodal-inclusive-boundary ok=1 matched=1 as_expected=1
all-zero-nodal-nextafter-reject ok=1 matched=0 as_expected=1
all-zero-nodal-inclusive-boundary ok=1 matched=1 as_expected=1
all-zero-nodal-nextafter-reject ok=1 matched=0 as_expected=1
all-zero-nodal-inclusive-boundary ok=1 matched=1 as_expected=1
all-zero-nodal-nextafter-reject ok=1 matched=0 as_expected=1
all-zero-nodal-inclusive-boundary ok=1 matched=1 as_expected=1
all-zero-nodal-nextafter-reject ok=1 matched=0 as_expected=1
all-zero-nodal-inclusive-boundary ok=1 matched=1 as_expected=1
all-zero-nodal-nextafter-reject ok=1 matched=0 as_expected=1
all-zero-nodal-inclusive-boundary ok=1 matched=1 as_expected=1
all-zero-nodal-nextafter-reject ok=1 matched=0 as_expected=1
all-nonzero-nodal-inside-relative ok=1 matched=1 as_expected=1
all-nonzero-nodal-outside-relative ok=1 matched=0 as_expected=1
all-zero-nodal-inclusive-boundary ok=1 matched=1 as_expected=1
all-zero-nodal-nextafter-reject ok=1 matched=0 as_expected=1
all-zero-nodal-inclusive-boundary ok=1 matched=1 as_expected=1
all-zero-nodal-nextafter-reject ok=1 matched=0 as_expected=1
all-nonzero-nodal-inside-relative ok=1 matched=1 as_expected=1
all-nonzero-nodal-outside-relative ok=1 matched=0 as_expected=1
all-zero-nodal-inclusive-boundary ok=1 matched=1 as_expected=1
all-zero-nodal-nextafter-reject ok=1 matched=0 as_expected=1
all-zero-nodal-inclusive-boundary ok=1 matched=1 as_expected=1
all-zero-nodal-nextafter-reject ok=1 matched=0 as_expected=1
all-zero-nodal-inclusive-boundary ok=1 matched=1 as_expected=1
all-zero-nodal-nextafter-reject ok=1 matched=0 as_expected=1
all-zero-nodal-inclusive-boundary ok=1 matched=1 as_expected=1
all-zero-nodal-nextafter-reject ok=1 matched=0 as_expected=1
all-zero-nodal-inclusive-boundary ok=1 matched=1 as_expected=1
all-zero-nodal-nextafter-reject ok=1 matched=0 as_expected=1
all-zero-nodal-inclusive-boundary ok=1 matched=1 as_expected=1
all-zero-nodal-nextafter-reject ok=1 matched=0 as_expected=1
all-nonzero-nodal-inside-relative ok=1 matched=1 as_expected=1
all-nonzero-nodal-outside-relative ok=1 matched=0 as_expected=1
all-zero-nodal-inclusive-boundary ok=1 matched=1 as_expected=1
all-zero-nodal-nextafter-reject ok=1 matched=0 as_expected=1
all-zero-nodal-inclusive-boundary ok=1 matched=1 as_expected=1
all-zero-nodal-nextafter-reject ok=1 matched=0 as_expected=1
all-nonzero-nodal-inside-relative ok=1 matched=1 as_expected=1
all-nonzero-nodal-outside-relative ok=1 matched=0 as_expected=1
all-zero-nodal-inclusive-boundary ok=1 matched=1 as_expected=1
all-zero-nodal-nextafter-reject ok=1 matched=0 as_expected=1
all-zero-nodal-inclusive-boundary ok=1 matched=1 as_expected=1
all-zero-nodal-nextafter-reject ok=1 matched=0 as_expected=1
all-zero-nodal-inclusive-boundary ok=1 matched=1 as_expected=1
all-zero-nodal-nextafter-reject ok=1 matched=0 as_expected=1
all-zero-nodal-inclusive-boundary ok=1 matched=1 as_expected=1
all-zero-nodal-nextafter-reject ok=1 matched=0 as_expected=1
all-zero-nodal-inclusive-boundary ok=1 matched=1 as_expected=1
all-zero-nodal-nextafter-reject ok=1 matched=0 as_expected=1
all-zero-nodal-inclusive-boundary ok=1 matched=1 as_expected=1
all-zero-nodal-nextafter-reject ok=1 matched=0 as_expected=1
all-nonzero-nodal-inside-relative ok=1 matched=1 as_expected=1
all-nonzero-nodal-outside-relative ok=1 matched=0 as_expected=1
all-zero-nodal-inclusive-boundary ok=1 matched=1 as_expected=1
all-zero-nodal-nextafter-reject ok=1 matched=0 as_expected=1
all-zero-nodal-inclusive-boundary ok=1 matched=1 as_expected=1
all-zero-nodal-nextafter-reject ok=1 matched=0 as_expected=1
all-nonzero-nodal-inside-relative ok=1 matched=1 as_expected=1
all-nonzero-nodal-outside-relative ok=1 matched=0 as_expected=1
all-zero-nodal-inclusive-boundary ok=1 matched=1 as_expected=1
all-zero-nodal-nextafter-reject ok=1 matched=0 as_expected=1
all-zero-nodal-inclusive-boundary ok=1 matched=1 as_expected=1
all-zero-nodal-nextafter-reject ok=1 matched=0 as_expected=1
all-zero-nodal-inclusive-boundary ok=1 matched=1 as_expected=1
all-zero-nodal-nextafter-reject ok=1 matched=0 as_expected=1
all-zero-nodal-inclusive-boundary ok=1 matched=1 as_expected=1
all-zero-nodal-nextafter-reject ok=1 matched=0 as_expected=1
all-zero-nodal-inclusive-boundary ok=1 matched=1 as_expected=1
all-zero-nodal-nextafter-reject ok=1 matched=0 as_expected=1
all-zero-nodal-inclusive-boundary ok=1 matched=1 as_expected=1
all-zero-nodal-nextafter-reject ok=1 matched=0 as_expected=1
all-nonzero-nodal-inside-relative ok=1 matched=1 as_expected=1
all-nonzero-nodal-outside-relative ok=1 matched=0 as_expected=1
all-zero-nodal-inclusive-boundary ok=1 matched=1 as_expected=1
all-zero-nodal-nextafter-reject ok=1 matched=0 as_expected=1
all-zero-nodal-inclusive-boundary ok=1 matched=1 as_expected=1
all-zero-nodal-nextafter-reject ok=1 matched=0 as_expected=1
all-nonzero-nodal-inside-relative ok=1 matched=1 as_expected=1
all-nonzero-nodal-outside-relative ok=1 matched=0 as_expected=1
all-zero-nodal-inclusive-boundary ok=1 matched=1 as_expected=1
all-zero-nodal-nextafter-reject ok=1 matched=0 as_expected=1
all-zero-nodal-inclusive-boundary ok=1 matched=1 as_expected=1
all-zero-nodal-nextafter-reject ok=1 matched=0 as_expected=1
all-zero-nodal-inclusive-boundary ok=1 matched=1 as_expected=1
all-zero-nodal-nextafter-reject ok=1 matched=0 as_expected=1
all-zero-nodal-inclusive-boundary ok=1 matched=1 as_expected=1
all-zero-nodal-nextafter-reject ok=1 matched=0 as_expected=1
all-zero-nodal-inclusive-boundary ok=1 matched=1 as_expected=1
all-zero-nodal-nextafter-reject ok=1 matched=0 as_expected=1
all-zero-nodal-inclusive-boundary ok=1 matched=1 as_expected=1
all-zero-nodal-nextafter-reject ok=1 matched=0 as_expected=1
all-nonzero-nodal-inside-relative ok=1 matched=1 as_expected=1
all-nonzero-nodal-outside-relative ok=1 matched=0 as_expected=1
all-zero-nodal-inclusive-boundary ok=1 matched=1 as_expected=1
all-zero-nodal-nextafter-reject ok=1 matched=0 as_expected=1
all-zero-nodal-inclusive-boundary ok=1 matched=1 as_expected=1
all-zero-nodal-nextafter-reject ok=1 matched=0 as_expected=1
all-nonzero-nodal-inside-relative ok=1 matched=1 as_expected=1
all-nonzero-nodal-outside-relative ok=1 matched=0 as_expected=1
all-zero-nodal-inclusive-boundary ok=1 matched=1 as_expected=1
all-zero-nodal-nextafter-reject ok=1 matched=0 as_expected=1
all-zero-nodal-inclusive-boundary ok=1 matched=1 as_expected=1
all-zero-nodal-nextafter-reject ok=1 matched=0 as_expected=1
all-zero-nodal-inclusive-boundary ok=1 matched=1 as_expected=1
all-zero-nodal-nextafter-reject ok=1 matched=0 as_expected=1
all-zero-nodal-inclusive-boundary ok=1 matched=1 as_expected=1
all-zero-nodal-nextafter-reject ok=1 matched=0 as_expected=1
all-zero-nodal-inclusive-boundary ok=1 matched=1 as_expected=1
all-zero-nodal-nextafter-reject ok=1 matched=0 as_expected=1
all-zero-nodal-inclusive-boundary ok=1 matched=1 as_expected=1
all-zero-nodal-nextafter-reject ok=1 matched=0 as_expected=1
all-nonzero-nodal-inside-relative ok=1 matched=1 as_expected=1
all-nonzero-nodal-outside-relative ok=1 matched=0 as_expected=1
all-zero-nodal-inclusive-boundary ok=1 matched=1 as_expected=1
all-zero-nodal-nextafter-reject ok=1 matched=0 as_expected=1
all-zero-nodal-inclusive-boundary ok=1 matched=1 as_expected=1
all-zero-nodal-nextafter-reject ok=1 matched=0 as_expected=1
all-nonzero-nodal-inside-relative ok=1 matched=1 as_expected=1
all-nonzero-nodal-outside-relative ok=1 matched=0 as_expected=1
all-zero-nodal-inclusive-boundary ok=1 matched=1 as_expected=1
all-zero-nodal-nextafter-reject ok=1 matched=0 as_expected=1
all-zero-nodal-inclusive-boundary ok=1 matched=1 as_expected=1
all-zero-nodal-nextafter-reject ok=1 matched=0 as_expected=1
all-zero-nodal-inclusive-boundary ok=1 matched=1 as_expected=1
all-zero-nodal-nextafter-reject ok=1 matched=0 as_expected=1
all-zero-nodal-inclusive-boundary ok=1 matched=1 as_expected=1
all-zero-nodal-nextafter-reject ok=1 matched=0 as_expected=1
all-zero-nodal-inclusive-boundary ok=1 matched=1 as_expected=1
all-zero-nodal-nextafter-reject ok=1 matched=0 as_expected=1
all-zero-nodal-inclusive-boundary ok=1 matched=1 as_expected=1
all-zero-nodal-nextafter-reject ok=1 matched=0 as_expected=1
all-nonzero-nodal-inside-relative ok=1 matched=1 as_expected=1
all-nonzero-nodal-outside-relative ok=1 matched=0 as_expected=1
all-zero-nodal-inclusive-boundary ok=1 matched=1 as_expected=1
all-zero-nodal-nextafter-reject ok=1 matched=0 as_expected=1
all-zero-nodal-inclusive-boundary ok=1 matched=1 as_expected=1
all-zero-nodal-nextafter-reject ok=1 matched=0 as_expected=1
all-nonzero-nodal-inside-relative ok=1 matched=1 as_expected=1
all-nonzero-nodal-outside-relative ok=1 matched=0 as_expected=1
all-zero-nodal-inclusive-boundary ok=1 matched=1 as_expected=1
all-zero-nodal-nextafter-reject ok=1 matched=0 as_expected=1
all-zero-nodal-inclusive-boundary ok=1 matched=1 as_expected=1
all-zero-nodal-nextafter-reject ok=1 matched=0 as_expected=1
all-zero-nodal-inclusive-boundary ok=1 matched=1 as_expected=1
all-zero-nodal-nextafter-reject ok=1 matched=0 as_expected=1
all-zero-nodal-inclusive-boundary ok=1 matched=1 as_expected=1
all-zero-nodal-nextafter-reject ok=1 matched=0 as_expected=1
all-zero-nodal-inclusive-boundary ok=1 matched=1 as_expected=1
all-zero-nodal-nextafter-reject ok=1 matched=0 as_expected=1
all-zero-nodal-inclusive-boundary ok=1 matched=1 as_expected=1
all-zero-nodal-nextafter-reject ok=1 matched=0 as_expected=1
all-nonzero-nodal-inside-relative ok=1 matched=1 as_expected=1
all-nonzero-nodal-outside-relative ok=1 matched=0 as_expected=1
all-zero-nodal-inclusive-boundary ok=1 matched=1 as_expected=1
all-zero-nodal-nextafter-reject ok=1 matched=0 as_expected=1
all-zero-nodal-inclusive-boundary ok=1 matched=1 as_expected=1
all-zero-nodal-nextafter-reject ok=1 matched=0 as_expected=1
all-nonzero-nodal-inside-relative ok=1 matched=1 as_expected=1
all-nonzero-nodal-outside-relative ok=1 matched=0 as_expected=1
all-zero-nodal-inclusive-boundary ok=1 matched=1 as_expected=1
all-zero-nodal-nextafter-reject ok=1 matched=0 as_expected=1
all-zero-nodal-inclusive-boundary ok=1 matched=1 as_expected=1
all-zero-nodal-nextafter-reject ok=1 matched=0 as_expected=1
all-zero-nodal-inclusive-boundary ok=1 matched=1 as_expected=1
all-zero-nodal-nextafter-reject ok=1 matched=0 as_expected=1
all-zero-nodal-inclusive-boundary ok=1 matched=1 as_expected=1
all-zero-nodal-nextafter-reject ok=1 matched=0 as_expected=1
all-zero-nodal-inclusive-boundary ok=1 matched=1 as_expected=1
all-zero-nodal-nextafter-reject ok=1 matched=0 as_expected=1
all-zero-nodal-inclusive-boundary ok=1 matched=1 as_expected=1
all-zero-nodal-nextafter-reject ok=1 matched=0 as_expected=1
all-nonzero-nodal-inside-relative ok=1 matched=1 as_expected=1
all-nonzero-nodal-outside-relative ok=1 matched=0 as_expected=1
all-zero-nodal-inclusive-boundary ok=1 matched=1 as_expected=1
all-zero-nodal-nextafter-reject ok=1 matched=0 as_expected=1
all-zero-nodal-inclusive-boundary ok=1 matched=1 as_expected=1
all-zero-nodal-nextafter-reject ok=1 matched=0 as_expected=1
all-nonzero-nodal-inside-relative ok=1 matched=1 as_expected=1
all-nonzero-nodal-outside-relative ok=1 matched=0 as_expected=1
all-zero-nodal-inclusive-boundary ok=1 matched=1 as_expected=1
all-zero-nodal-nextafter-reject ok=1 matched=0 as_expected=1
all-zero-nodal-inclusive-boundary ok=1 matched=1 as_expected=1
all-zero-nodal-nextafter-reject ok=1 matched=0 as_expected=1
all-zero-nodal-inclusive-boundary ok=1 matched=1 as_expected=1
all-zero-nodal-nextafter-reject ok=1 matched=0 as_expected=1
all-zero-nodal-inclusive-boundary ok=1 matched=1 as_expected=1
all-zero-nodal-nextafter-reject ok=1 matched=0 as_expected=1
all-zero-nodal-inclusive-boundary ok=1 matched=1 as_expected=1
all-zero-nodal-nextafter-reject ok=1 matched=0 as_expected=1
all-zero-nodal-inclusive-boundary ok=1 matched=1 as_expected=1
all-zero-nodal-nextafter-reject ok=1 matched=0 as_expected=1
all-nonzero-nodal-inside-relative ok=1 matched=1 as_expected=1
all-nonzero-nodal-outside-relative ok=1 matched=0 as_expected=1
all-zero-nodal-inclusive-boundary ok=1 matched=1 as_expected=1
all-zero-nodal-nextafter-reject ok=1 matched=0 as_expected=1
all-zero-nodal-inclusive-boundary ok=1 matched=1 as_expected=1
all-zero-nodal-nextafter-reject ok=1 matched=0 as_expected=1
all-nonzero-nodal-inside-relative ok=1 matched=1 as_expected=1
all-nonzero-nodal-outside-relative ok=1 matched=0 as_expected=1
all-zero-nodal-inclusive-boundary ok=1 matched=1 as_expected=1
all-zero-nodal-nextafter-reject ok=1 matched=0 as_expected=1
all-zero-nodal-inclusive-boundary ok=1 matched=1 as_expected=1
all-zero-nodal-nextafter-reject ok=1 matched=0 as_expected=1
all-zero-nodal-inclusive-boundary ok=1 matched=1 as_expected=1
all-zero-nodal-nextafter-reject ok=1 matched=0 as_expected=1
all-zero-nodal-inclusive-boundary ok=1 matched=1 as_expected=1
all-zero-nodal-nextafter-reject ok=1 matched=0 as_expected=1
all-zero-nodal-inclusive-boundary ok=1 matched=1 as_expected=1
all-zero-nodal-nextafter-reject ok=1 matched=0 as_expected=1
all-zero-nodal-inclusive-boundary ok=1 matched=1 as_expected=1
all-zero-nodal-nextafter-reject ok=1 matched=0 as_expected=1
all-nonzero-nodal-inside-relative ok=1 matched=1 as_expected=1
all-nonzero-nodal-outside-relative ok=1 matched=0 as_expected=1
all-zero-nodal-inclusive-boundary ok=1 matched=1 as_expected=1
all-zero-nodal-nextafter-reject ok=1 matched=0 as_expected=1
all-zero-nodal-inclusive-boundary ok=1 matched=1 as_expected=1
all-zero-nodal-nextafter-reject ok=1 matched=0 as_expected=1
all-nonzero-nodal-inside-relative ok=1 matched=1 as_expected=1
all-nonzero-nodal-outside-relative ok=1 matched=0 as_expected=1
all-zero-nodal-inclusive-boundary ok=1 matched=1 as_expected=1
all-zero-nodal-nextafter-reject ok=1 matched=0 as_expected=1
all-zero-nodal-inclusive-boundary ok=1 matched=1 as_expected=1
all-zero-nodal-nextafter-reject ok=1 matched=0 as_expected=1
all-zero-nodal-inclusive-boundary ok=1 matched=1 as_expected=1
all-zero-nodal-nextafter-reject ok=1 matched=0 as_expected=1
all-zero-nodal-inclusive-boundary ok=1 matched=1 as_expected=1
all-zero-nodal-nextafter-reject ok=1 matched=0 as_expected=1
all-zero-nodal-inclusive-boundary ok=1 matched=1 as_expected=1
all-zero-nodal-nextafter-reject ok=1 matched=0 as_expected=1
all-zero-nodal-inclusive-boundary ok=1 matched=1 as_expected=1
all-zero-nodal-nextafter-reject ok=1 matched=0 as_expected=1
all-nonzero-nodal-inside-relative ok=1 matched=1 as_expected=1
all-nonzero-nodal-outside-relative ok=1 matched=0 as_expected=1
all-zero-nodal-inclusive-boundary ok=1 matched=1 as_expected=1
all-zero-nodal-nextafter-reject ok=1 matched=0 as_expected=1
all-zero-nodal-inclusive-boundary ok=1 matched=1 as_expected=1
all-zero-nodal-nextafter-reject ok=1 matched=0 as_expected=1
all-nonzero-nodal-inside-relative ok=1 matched=1 as_expected=1
all-nonzero-nodal-outside-relative ok=1 matched=0 as_expected=1
all-zero-nodal-inclusive-boundary ok=1 matched=1 as_expected=1
all-zero-nodal-nextafter-reject ok=1 matched=0 as_expected=1
all-zero-nodal-inclusive-boundary ok=1 matched=1 as_expected=1
all-zero-nodal-nextafter-reject ok=1 matched=0 as_expected=1
all-zero-nodal-inclusive-boundary ok=1 matched=1 as_expected=1
all-zero-nodal-nextafter-reject ok=1 matched=0 as_expected=1
all-zero-nodal-inclusive-boundary ok=1 matched=1 as_expected=1
all-zero-nodal-nextafter-reject ok=1 matched=0 as_expected=1
all-zero-nodal-inclusive-boundary ok=1 matched=1 as_expected=1
all-zero-nodal-nextafter-reject ok=1 matched=0 as_expected=1
all-zero-nodal-inclusive-boundary ok=1 matched=1 as_expected=1
all-zero-nodal-nextafter-reject ok=1 matched=0 as_expected=1
all-nonzero-nodal-inside-relative ok=1 matched=1 as_expected=1
all-nonzero-nodal-outside-relative ok=1 matched=0 as_expected=1
all-zero-nodal-inclusive-boundary ok=1 matched=1 as_expected=1
all-zero-nodal-nextafter-reject ok=1 matched=0 as_expected=1
all-zero-nodal-inclusive-boundary ok=1 matched=1 as_expected=1
all-zero-nodal-nextafter-reject ok=1 matched=0 as_expected=1
all-nonzero-nodal-inside-relative ok=1 matched=1 as_expected=1
all-nonzero-nodal-outside-relative ok=1 matched=0 as_expected=1
all-zero-nodal-inclusive-boundary ok=1 matched=1 as_expected=1
all-zero-nodal-nextafter-reject ok=1 matched=0 as_expected=1
all-zero-nodal-inclusive-boundary ok=1 matched=1 as_expected=1
all-zero-nodal-nextafter-reject ok=1 matched=0 as_expected=1
all-zero-nodal-inclusive-boundary ok=1 matched=1 as_expected=1
all-zero-nodal-nextafter-reject ok=1 matched=0 as_expected=1
all-zero-nodal-inclusive-boundary ok=1 matched=1 as_expected=1
all-zero-nodal-nextafter-reject ok=1 matched=0 as_expected=1
all-zero-nodal-inclusive-boundary ok=1 matched=1 as_expected=1
all-zero-nodal-nextafter-reject ok=1 matched=0 as_expected=1
all-zero-nodal-inclusive-boundary ok=1 matched=1 as_expected=1
all-zero-nodal-nextafter-reject ok=1 matched=0 as_expected=1
all-nonzero-nodal-inside-relative ok=1 matched=1 as_expected=1
all-nonzero-nodal-outside-relative ok=1 matched=0 as_expected=1
all-zero-nodal-inclusive-boundary ok=1 matched=1 as_expected=1
all-zero-nodal-nextafter-reject ok=1 matched=0 as_expected=1
all-zero-nodal-inclusive-boundary ok=1 matched=1 as_expected=1
all-zero-nodal-nextafter-reject ok=1 matched=0 as_expected=1
all-nonzero-nodal-inside-relative ok=1 matched=1 as_expected=1
all-nonzero-nodal-outside-relative ok=1 matched=0 as_expected=1
all-zero-nodal-inclusive-boundary ok=1 matched=1 as_expected=1
all-zero-nodal-nextafter-reject ok=1 matched=0 as_expected=1
all-zero-nodal-inclusive-boundary ok=1 matched=1 as_expected=1
all-zero-nodal-nextafter-reject ok=1 matched=0 as_expected=1
all-zero-nodal-inclusive-boundary ok=1 matched=1 as_expected=1
all-zero-nodal-nextafter-reject ok=1 matched=0 as_expected=1
all-zero-nodal-inclusive-boundary ok=1 matched=1 as_expected=1
all-zero-nodal-nextafter-reject ok=1 matched=0 as_expected=1
all-zero-nodal-inclusive-boundary ok=1 matched=1 as_expected=1
all-zero-nodal-nextafter-reject ok=1 matched=0 as_expected=1
all-zero-nodal-inclusive-boundary ok=1 matched=1 as_expected=1
all-zero-nodal-nextafter-reject ok=1 matched=0 as_expected=1
all-nonzero-nodal-inside-relative ok=1 matched=1 as_expected=1
all-nonzero-nodal-outside-relative ok=1 matched=0 as_expected=1
all-zero-reaction-inclusive-boundary ok=1 matched=1 as_expected=1
all-zero-reaction-nextafter-reject ok=1 matched=0 as_expected=1
all-zero-reaction-inclusive-boundary ok=1 matched=1 as_expected=1
all-zero-reaction-nextafter-reject ok=1 matched=0 as_expected=1
all-nonzero-reaction-inside-relative ok=1 matched=1 as_expected=1
all-nonzero-reaction-outside-relative ok=1 matched=0 as_expected=1
all-zero-reaction-inclusive-boundary ok=1 matched=1 as_expected=1
all-zero-reaction-nextafter-reject ok=1 matched=0 as_expected=1
all-zero-reaction-inclusive-boundary ok=1 matched=1 as_expected=1
all-zero-reaction-nextafter-reject ok=1 matched=0 as_expected=1
all-zero-reaction-inclusive-boundary ok=1 matched=1 as_expected=1
all-zero-reaction-nextafter-reject ok=1 matched=0 as_expected=1
all-zero-reaction-inclusive-boundary ok=1 matched=1 as_expected=1
all-zero-reaction-nextafter-reject ok=1 matched=0 as_expected=1
all-zero-reaction-inclusive-boundary ok=1 matched=1 as_expected=1
all-zero-reaction-nextafter-reject ok=1 matched=0 as_expected=1
all-zero-reaction-inclusive-boundary ok=1 matched=1 as_expected=1
all-zero-reaction-nextafter-reject ok=1 matched=0 as_expected=1
all-nonzero-reaction-inside-relative ok=1 matched=1 as_expected=1
all-nonzero-reaction-outside-relative ok=1 matched=0 as_expected=1
source-nonfinite-or-overflow ok=0 matched=-1 as_expected=1
source-nonfinite-or-overflow ok=0 matched=-1 as_expected=1
source-nonfinite-or-overflow ok=0 matched=-1 as_expected=1
source-nonfinite-or-overflow ok=0 matched=-1 as_expected=1
source-nonfinite-or-overflow ok=0 matched=-1 as_expected=1
source-nonfinite-or-overflow ok=0 matched=-1 as_expected=1
tolerance-partition zero_components=90 nonzero_components=42
changed-digest-consistent-signature ok=0 matched=-1 as_expected=1
version-independent-pure-math ok=1 matched=1 as_expected=1
PASS independent-checks=517 Decimal90, original fixture codec/import/export/freeze, real helper fresh TU; no solver execution
