[0/2] Re-checking globbed directories...
[1/77] Automatic MOC for target qcae_vtk_view
[2/76] Automatic MOC for target qcae_desktop_client
[3/76] Building CXX object modules/clients/CMakeFiles/qcae_desktop_client.dir/qcae_desktop_client_autogen/mocs_compilation.cpp.o
[4/76] Building CXX object adapters/engine_api/CMakeFiles/qcae_engine_api.dir/src/ipc_api.cpp.o
[5/76] Building CXX object adapters/rendering_vtk/CMakeFiles/qcae_vtk_view.dir/src/vtk_view.cpp.o
[6/76] Linking CXX static library adapters/rendering_vtk/libqcae_vtk_view.a
[7/76] Building CXX object modules/clients/CMakeFiles/qcae_desktop_client.dir/src/desktop_client.cpp.o
[8/76] Building CXX object modules/clients/CMakeFiles/qcae_desktop_client.dir/src/resource_client.cpp.o
[9/76] Linking CXX static library modules/clients/libqcae_desktop_client.a
[10/76] Automatic MOC for target qcae_desktop_ui
[11/75] Building CXX object adapters/engine_api/CMakeFiles/qcae_engine_api.dir/src/ipc_selection.cpp.o
[12/75] Building CXX object adapters/engine_api/CMakeFiles/qcae_engine_api.dir/src/ipc_model.cpp.o
[13/75] Building CXX object ui/desktop/CMakeFiles/qcae_desktop_ui.dir/src/modeling_tools.cpp.o
[14/75] Building CXX object ui/desktop/CMakeFiles/qcae_desktop_ui.dir/src/analysis_tools.cpp.o
[15/75] Building CXX object adapters/engine_api/CMakeFiles/qcae_engine_api.dir/src/resource_store.cpp.o
[16/75] Building CXX object ui/desktop/CMakeFiles/qcae_desktop_ui.dir/src/desktop.cpp.o
[17/75] Building CXX object adapters/engine_api/CMakeFiles/qcae_engine_api.dir/src/typed_host.cpp.o
[18/75] Building CXX object adapters/engine_api/CMakeFiles/qcae_engine_api.dir/src/event_stream.cpp.o
[19/75] Linking CXX static library ui/desktop/libqcae_desktop_ui.a
[20/75] Building CXX object adapters/engine_api/CMakeFiles/qcae_engine_api.dir/src/render_service.cpp.o
[21/75] Automatic MOC for target qcae_desktop_tests
[22/74] Automatic MOC for target qcae_desktop_selection_tests
[23/73] Automatic MOC for target qcae_c3_desktop_workflow_tests
[24/72] Automatic MOC for target qcae_event_client_tests
[25/71] Automatic MOC for target qcae_modeling_tools_tests
[26/70] Building CXX object adapters/engine_api/CMakeFiles/qcae_engine_api.dir/src/nastran_contribution.cpp.o
[27/70] Automatic MOC for target qcae_c3_tool_lifecycle_tests
[28/69] Linking CXX static library adapters/engine_api/libqcae_engine_api.a
[29/69] Building CXX object CMakeFiles/qcae_json_ledger_tests.dir/tests/json_ledger_tests.cpp.o
[30/69] Building CXX object CMakeFiles/qcae_nastran_package_tests.dir/tests/nastran_package_tests.cpp.o
[31/69] Building CXX object apps/engine/CMakeFiles/qcae_engine_host.dir/engine_host.cpp.o
[32/69] Building CXX object CMakeFiles/qcae_skeleton_fault_client_tests.dir/tests/skeleton_fault_client_tests.cpp.o
[33/69] Building CXX object CMakeFiles/qcae_render_service_tests.dir/tests/render_service_tests.cpp.o
[34/69] Building CXX object CMakeFiles/qcae_event_stream_tests.dir/tests/event_stream_tests.cpp.o
[35/69] Building CXX object CMakeFiles/qcae_c3_end_to_end_bench.dir/tests/c3_end_to_end_bench.cpp.o
[36/69] Building CXX object CMakeFiles/qcae_desktop_tests.dir/tests/desktop_tests.cpp.o
[37/69] Building CXX object CMakeFiles/qcae_desktop_selection_tests.dir/tests/desktop_selection_tests.cpp.o
[38/69] Building CXX object CMakeFiles/qcae_event_client_tests.dir/tests/event_client_tests.cpp.o
[39/69] Building CXX object CMakeFiles/qcae_c3_desktop_workflow_tests.dir/tests/c3_desktop_workflow_tests.cpp.o
[40/69] Building CXX object CMakeFiles/qcae_modeling_tools_tests.dir/tests/modeling_tools_tests.cpp.o
[41/69] Building CXX object adapters/engine_api/CMakeFiles/qcae_resource_tests.dir/__/__/tests/resource_tests.cpp.o
[42/69] Linking CXX static library apps/engine/libqcae_engine_host.a
[43/69] Building CXX object CMakeFiles/qcae_c3_tool_lifecycle_tests.dir/tests/c3_tool_lifecycle_tests.cpp.o
[44/69] Linking CXX executable qcae_nastran_tests
[45/69] Linking CXX executable qcae_nastran_package_tests
[46/69] Linking CXX executable qcae_skeleton_representative_tests
[47/69] Linking CXX executable qcae_json_ledger_tests
[48/69] Linking CXX executable qcae_render_service_tests
[49/69] Linking CXX executable qcae_engine_assembly_tests
[50/69] Linking CXX executable qcae_skeleton_fault_client_tests
[51/69] Linking CXX executable qcae_contributed_engine
[52/69] Linking CXX executable qcae_desktop_tests
[53/69] Linking CXX executable qcae_desktop_selection_tests
[54/69] Building CXX object adapters/engine_api/CMakeFiles/qcae_typed_host_tests.dir/__/__/tests/typed_host_tests.cpp.o
[55/69] Linking CXX executable qcae_c3_desktop_workflow_tests
[56/69] Linking CXX executable qcae_modeling_tools_tests
[57/69] Linking CXX executable qcae_event_stream_tests
[58/69] Linking CXX executable qcae_c3_locality_bench
[59/69] Linking CXX executable qcae_c3_ledger_engine
[60/69] Building CXX object apps/desktop/CMakeFiles/qcae-desktop.dir/main.cpp.o
[61/69] Linking CXX executable qcae_c3_end_to_end_bench
[62/69] Linking CXX executable qcae_event_client_tests
[63/69] Linking CXX executable qcae_c3_tool_lifecycle_tests
[64/69] Linking CXX executable qcae_typed_host_tests
[65/69] Linking CXX executable qcae_c3_graphics_bench
[66/69] Linking CXX executable qcae_resource_tests
[67/69] Linking CXX executable qcae-engine
[68/69] Linking CXX executable qcae-desktop
