[0/2] Re-checking globbed directories...
[1/159] Automatic MOC for target qcae_desktop_client
[2/158] Automatic MOC for target qcae_vtk_view
[3/158] Building CXX object modules/document/CMakeFiles/qcae_document.dir/src/record_registry.cpp.o
[4/158] Building CXX object modules/document/CMakeFiles/qcae_document.dir/src/edit_session.cpp.o
[5/158] Building CXX object modules/document/CMakeFiles/qcae_document.dir/src/document_view.cpp.o
[6/158] Building CXX object adapters/rendering_vtk/CMakeFiles/qcae_vtk_view.dir/qcae_vtk_view_autogen/mocs_compilation.cpp.o
[7/158] Building CXX object modules/clients/CMakeFiles/qcae_desktop_client.dir/src/resource_client.cpp.o
[8/158] Linking CXX static library modules/document/libqcae_document.a
[9/158] Building CXX object modules/clients/CMakeFiles/qcae_desktop_client.dir/src/desktop_client.cpp.o
[10/158] Building CXX object modules/application/CMakeFiles/qcae_application.dir/src/application_state.cpp.o
[11/158] Linking CXX static library modules/clients/libqcae_desktop_client.a
[12/158] Building CXX object modules/application/CMakeFiles/qcae_application.dir/src/core.cpp.o
[13/158] Linking CXX static library modules/application/libqcae_application.a
[14/158] Building CXX object adapters/rendering_vtk/CMakeFiles/qcae_vtk_view.dir/src/vtk_view.cpp.o
[15/158] Linking CXX static library adapters/rendering_vtk/libqcae_vtk_view.a
[16/158] Building CXX object modules/runtime/CMakeFiles/qcae_task_application.dir/record_application/src/task_application.cpp.o
[17/158] Building CXX object features/analysis/CMakeFiles/qcae_analysis_features.dir/src/analysis_checks.cpp.o
[18/158] Automatic MOC for target qcae_desktop_ui
[19/157] Building CXX object features/analysis/CMakeFiles/qcae_analysis_features.dir/src/analysis_operations.cpp.o
[20/157] Building CXX object features/analysis/CMakeFiles/qcae_analysis_features.dir/src/check_report.cpp.o
[21/157] Building CXX object features/legacy_api/CMakeFiles/qcae_legacy_api.dir/src/core.cpp.o
[22/157] Linking CXX static library modules/runtime/libqcae_task_application.a
[23/157] Building CXX object features/legacy_api/CMakeFiles/qcae_legacy_api.dir/src/legacy_migration.cpp.o
[24/157] Building CXX object features/legacy_api/CMakeFiles/qcae_legacy_api.dir/src/legacy_state.cpp.o
[25/157] Building CXX object features/geometry/CMakeFiles/qcae_geometry_features.dir/src/geometry_features.cpp.o
[26/157] Building CXX object features/mesh_generation/CMakeFiles/qcae_mesh_generation.dir/src/line_mesh_task.cpp.o
[27/157] Linking CXX static library features/analysis/libqcae_analysis_features.a
[28/157] Building CXX object features/materials/CMakeFiles/qcae_material_features.dir/src/material_operations.cpp.o
[29/157] Building CXX object features/mesh_editing/CMakeFiles/qcae_mesh_editing.dir/src/mesh_editing_operations.cpp.o
[30/157] Building CXX object features/results/CMakeFiles/qcae_result_features.dir/src/result_service.cpp.o
[31/157] Building CXX object modules/query/CMakeFiles/qcae_query.dir/src/query_legacy.cpp.o
[32/157] Building CXX object modules/query/CMakeFiles/qcae_query.dir/src/query.cpp.o
[33/157] Building CXX object modules/query/CMakeFiles/qcae_query.dir/src/entity_queries.cpp.o
[34/157] Building CXX object modules/query/CMakeFiles/qcae_query.dir/src/render_projector.cpp.o
[35/157] Building CXX object profiles/nastran/CMakeFiles/qcae_nastran.dir/src/nastran_package.cpp.o
[36/157] Linking CXX static library features/legacy_api/libqcae_legacy_api.a
[37/157] Linking CXX static library features/geometry/libqcae_geometry_features.a
[38/157] Linking CXX static library features/mesh_generation/libqcae_mesh_generation.a
[39/157] Linking CXX static library features/materials/libqcae_material_features.a
[40/157] Linking CXX static library features/mesh_editing/libqcae_mesh_editing.a
[41/157] Linking CXX static library features/results/libqcae_result_features.a
[42/157] Linking CXX static library modules/query/libqcae_query.a
[43/157] Linking CXX static library profiles/nastran/libqcae_nastran.a
[44/157] Building CXX object ui/desktop/CMakeFiles/qcae_desktop_ui.dir/src/modeling_tools.cpp.o
[45/157] Building CXX object adapters/storage_sqlite/CMakeFiles/qcae_sqlite.dir/src/sqlite_store.cpp.o
[46/157] Building CXX object adapters/engine_api/CMakeFiles/qcae_engine_api.dir/src/ipc_api.cpp.o
[47/157] Building CXX object ui/desktop/CMakeFiles/qcae_desktop_ui.dir/src/desktop.cpp.o
[48/157] Building CXX object adapters/engine_api/CMakeFiles/qcae_engine_api.dir/src/ipc_model.cpp.o
[49/157] Building CXX object adapters/engine_api/CMakeFiles/qcae_engine_api.dir/src/ipc_selection.cpp.o
[50/157] Building CXX object adapters/engine_api/CMakeFiles/qcae_engine_api.dir/src/typed_host.cpp.o
[51/157] Building CXX object adapters/engine_api/CMakeFiles/qcae_engine_api.dir/src/resource_store.cpp.o
[52/157] Building CXX object adapters/engine_api/CMakeFiles/qcae_engine_api.dir/src/event_stream.cpp.o
[53/157] Building CXX object adapters/engine_api/CMakeFiles/qcae_engine_api.dir/src/engine_contributions.cpp.o
[54/157] Building CXX object adapters/engine_api/CMakeFiles/qcae_engine_api.dir/src/render_service.cpp.o
[55/157] Linking CXX static library ui/desktop/libqcae_desktop_ui.a
[56/157] Automatic MOC for target qcae_desktop_tests
[57/156] Building CXX object adapters/engine_api/CMakeFiles/qcae_engine_api.dir/src/result_api.cpp.o
[58/156] Automatic MOC for target qcae_desktop_selection_tests
[59/155] Automatic MOC for target qcae_c3_desktop_workflow_tests
[60/154] Linking CXX static library adapters/storage_sqlite/libqcae_sqlite.a
[61/154] Automatic MOC for target qcae_modeling_tools_tests
[62/153] Building CXX object adapters/engine_api/CMakeFiles/qcae_engine_api.dir/src/nastran_contribution.cpp.o
[63/153] Linking CXX static library adapters/engine_api/libqcae_engine_api.a
[64/153] Building CXX object CMakeFiles/qcae_record_application_tests.dir/tests/record_application_tests.cpp.o
[65/153] Building CXX object apps/engine/CMakeFiles/qcae_engine_host.dir/engine_host.cpp.o
[66/153] Building CXX object CMakeFiles/qcae_quantity_entry_consistency_tests.dir/tests/quantity_entry_consistency_tests.cpp.o
[67/153] Building CXX object CMakeFiles/qcae_model_operation_tests.dir/tests/model_operation_tests.cpp.o
[68/153] Building CXX object CMakeFiles/qcae_model_tests.dir/tests/model_tests.cpp.o
[69/153] Building CXX object CMakeFiles/qcae_persistence_tests.dir/tests/persistence_tests.cpp.o
[70/153] Building CXX object CMakeFiles/qcae_record_query_tests.dir/tests/record_query_tests.cpp.o
[71/153] Building CXX object CMakeFiles/qcae_query_tests.dir/tests/query_tests.cpp.o
[72/153] Building CXX object CMakeFiles/qcae_contract_tests.dir/tests/contract_tests.cpp.o
[73/153] Building CXX object CMakeFiles/qcae_core_tests.dir/tests/core_tests.cpp.o
[74/153] Building CXX object CMakeFiles/qcae_allocation_tests.dir/tests/allocation_tests.cpp.o
[75/153] Building CXX object CMakeFiles/qcae_record_store_tests.dir/tests/record_store_tests.cpp.o
[76/153] Building CXX object CMakeFiles/qcae_geometry_mesh_sqlite_tests.dir/tests/geometry_mesh_tests.cpp.o
[77/153] Building CXX object CMakeFiles/qcae_nastran_package_tests.dir/tests/nastran_package_tests.cpp.o
[78/153] Building CXX object CMakeFiles/qcae_skeleton_fault_tests.dir/tests/skeleton_fault_tests.cpp.o
[79/153] Building CXX object CMakeFiles/qcae_skeleton_representative_tests.dir/tests/skeleton_representative_tests.cpp.o
[80/153] Building CXX object CMakeFiles/qcae_json_ledger_tests.dir/tests/json_ledger_tests.cpp.o
[81/153] Building CXX object CMakeFiles/qcae_legacy_migration_tests.dir/tests/legacy_migration_tests.cpp.o
[82/153] Building CXX object CMakeFiles/qcae_engine_assembly_tests.dir/tests/engine_assembly_tests.cpp.o
[83/153] Building CXX object CMakeFiles/qcae_contributed_engine.dir/tests/contributed_engine_main.cpp.o
[84/153] Building CXX object CMakeFiles/qcae_render_projector_tests.dir/tests/render_projector_tests.cpp.o
[85/153] Building CXX object CMakeFiles/qcae_change_event_tests.dir/tests/change_event_tests.cpp.o
[86/153] Building CXX object CMakeFiles/qcae_render_wire_tests.dir/tests/render_wire_tests.cpp.o
[87/153] Building CXX object CMakeFiles/qcae_event_stream_tests.dir/tests/event_stream_tests.cpp.o
[88/153] Building CXX object CMakeFiles/qcae_c3_locality_bench.dir/tests/c3_locality_bench.cpp.o
[89/153] Building CXX object CMakeFiles/qcae_c3_ledger_engine.dir/tests/c3_ledger_engine_main.cpp.o
[90/153] Building CXX object CMakeFiles/qcae_c3_end_to_end_bench.dir/tests/c3_end_to_end_bench.cpp.o
[91/153] Building CXX object CMakeFiles/qcae_c3_graphics_bench.dir/tests/c3_graphics_bench.cpp.o
[92/153] Building CXX object CMakeFiles/qcae_desktop_tests.dir/tests/desktop_tests.cpp.o
[93/153] Building CXX object CMakeFiles/qcae_desktop_selection_tests.dir/tests/desktop_selection_tests.cpp.o
[94/153] Building CXX object CMakeFiles/qcae_c3_desktop_workflow_tests.dir/tests/c3_desktop_workflow_tests.cpp.o
[95/153] Building CXX object CMakeFiles/qcae_modeling_tools_tests.dir/tests/modeling_tools_tests.cpp.o
[96/153] Building CXX object modules/runtime/CMakeFiles/qcae_runtime_tests.dir/__/__/tests/runtime_tests.cpp.o
[97/153] Building CXX object modules/document/CMakeFiles/qcae_record_document_tests.dir/__/__/tests/record_document_tests.cpp.o
[98/153] Building CXX object features/mesh_generation/CMakeFiles/qcae_geometry_mesh_tests.dir/__/__/tests/geometry_mesh_tests.cpp.o
[99/153] Building CXX object features/mesh_generation/CMakeFiles/qcae_line_mesh_regeneration_tests.dir/__/__/tests/line_mesh_regeneration_tests.cpp.o
[100/153] Building CXX object features/analysis/CMakeFiles/qcae_analysis_check_tests.dir/__/__/tests/analysis_check_tests.cpp.o
[101/153] Linking CXX static library apps/engine/libqcae_engine_host.a
[102/153] Building CXX object apps/engine/CMakeFiles/qcae-engine.dir/main.cpp.o
[103/153] Linking CXX executable qcae_record_application_tests
[104/153] Linking CXX executable qcae_model_operation_tests
[105/153] Linking CXX executable qcae_quantity_entry_consistency_tests
[106/153] Building CXX object features/results/CMakeFiles/qcae_result_fixture_tests.dir/__/__/tests/result_fixture_tests.cpp.o
[107/153] Linking CXX executable qcae_record_query_tests
[108/153] Linking CXX executable qcae_model_tests
[109/153] Linking CXX executable qcae_nastran_tests
[110/153] Linking CXX executable qcae_delta_tests
[111/153] Linking CXX executable qcae_persistence_tests
[112/153] Linking CXX executable qcae_query_tests
[113/153] Linking CXX executable qcae_core_tests
[114/153] Linking CXX executable qcae_contract_tests
[115/153] Linking CXX executable qcae_allocation_tests
[116/153] Linking CXX executable qcae_sqlite_tests
[117/153] Linking CXX executable qcae_record_store_tests
[118/153] Linking CXX executable qcae_geometry_mesh_sqlite_tests
[119/153] Linking CXX executable qcae_nastran_package_tests
[120/153] Linking CXX executable qcae_skeleton_fault_tests
[121/153] Linking CXX executable qcae_skeleton_representative_tests
[122/153] Linking CXX executable qcae_legacy_migration_tests
[123/153] Linking CXX executable qcae_json_ledger_tests
[124/153] Linking CXX executable qcae_engine_assembly_tests
[125/153] Linking CXX executable qcae_contributed_engine
[126/153] Linking CXX executable qcae_skeleton_fault_client_tests
[127/153] Linking CXX executable qcae_desktop_tests
[128/153] Linking CXX executable qcae_desktop_selection_tests
[129/153] Linking CXX executable qcae_c3_desktop_workflow_tests
[130/153] Linking CXX executable qcae_modeling_tools_tests
[131/153] Linking CXX executable qcae_change_event_tests
[132/153] Linking CXX executable qcae_render_projector_tests
[133/153] Linking CXX executable qcae_event_stream_tests
[134/153] Linking CXX executable qcae_render_wire_tests
[135/153] Linking CXX executable qcae_c3_locality_bench
[136/153] Linking CXX executable qcae_c3_ledger_engine
[137/153] Linking CXX executable qcae_c3_end_to_end_bench
[138/153] Linking CXX executable qcae_event_client_tests
[139/153] Linking CXX executable qcae_c3_tool_lifecycle_tests
[140/153] Linking CXX executable qcae_c3_graphics_bench
[141/153] Linking CXX executable qcae_record_document_tests
[142/153] Linking CXX executable qcae_runtime_tests
[143/153] Linking CXX executable qcae_line_mesh_regeneration_tests
[144/153] Linking CXX executable qcae_geometry_mesh_tests
[145/153] Linking CXX executable qcae_result_fixture_tests
[146/153] Linking CXX executable qcae_analysis_check_tests
[147/153] Linking CXX executable qcae_artifacts_local_tests
[148/153] Linking CXX executable qcae_resource_tests
[149/153] Linking CXX executable qcae-engine
[150/153] Linking CXX executable qcae-desktop
[151/153] Building CXX object adapters/engine_api/CMakeFiles/qcae_typed_host_tests.dir/__/__/tests/typed_host_tests.cpp.o
[152/153] Linking CXX executable qcae_typed_host_tests
