[0/2] Re-checking globbed directories...
[1/155] Automatic MOC for target qcae_vtk_view
[2/155] Building CXX object modules/document/CMakeFiles/qcae_document.dir/src/record_registry.cpp.o
[3/155] Building CXX object modules/document/CMakeFiles/qcae_document.dir/src/edit_session.cpp.o
[4/155] Building CXX object modules/document/CMakeFiles/qcae_document.dir/src/document_view.cpp.o
[5/155] Building CXX object adapters/rendering_vtk/CMakeFiles/qcae_vtk_view.dir/qcae_vtk_view_autogen/mocs_compilation.cpp.o
[6/155] Building CXX object modules/clients/CMakeFiles/qcae_desktop_client.dir/src/resource_client.cpp.o
[7/155] Linking CXX static library modules/document/libqcae_document.a
[8/155] Building CXX object modules/clients/CMakeFiles/qcae_desktop_client.dir/src/desktop_client.cpp.o
[9/155] Building CXX object modules/application/CMakeFiles/qcae_application.dir/src/application_state.cpp.o
[10/155] Linking CXX static library modules/clients/libqcae_desktop_client.a
[11/155] Building CXX object modules/application/CMakeFiles/qcae_application.dir/src/core.cpp.o
[12/155] Linking CXX static library modules/application/libqcae_application.a
[13/155] Building CXX object adapters/rendering_vtk/CMakeFiles/qcae_vtk_view.dir/src/vtk_view.cpp.o
[14/155] Linking CXX static library adapters/rendering_vtk/libqcae_vtk_view.a
[15/155] Building CXX object modules/runtime/CMakeFiles/qcae_task_application.dir/record_application/src/task_application.cpp.o
[16/155] Building CXX object features/analysis/CMakeFiles/qcae_analysis_features.dir/src/analysis_checks.cpp.o
[17/155] Automatic MOC for target qcae_desktop_ui
[18/154] Building CXX object features/analysis/CMakeFiles/qcae_analysis_features.dir/src/analysis_operations.cpp.o
[19/154] Building CXX object features/analysis/CMakeFiles/qcae_analysis_features.dir/src/check_report.cpp.o
[20/154] Building CXX object features/legacy_api/CMakeFiles/qcae_legacy_api.dir/src/legacy_migration.cpp.o
[21/154] Linking CXX static library modules/runtime/libqcae_task_application.a
[22/154] Building CXX object features/legacy_api/CMakeFiles/qcae_legacy_api.dir/src/core.cpp.o
[23/154] Building CXX object features/legacy_api/CMakeFiles/qcae_legacy_api.dir/src/legacy_state.cpp.o
[24/154] Building CXX object features/geometry/CMakeFiles/qcae_geometry_features.dir/src/geometry_features.cpp.o
[25/154] Building CXX object features/mesh_generation/CMakeFiles/qcae_mesh_generation.dir/src/line_mesh_task.cpp.o
[26/154] Linking CXX static library features/analysis/libqcae_analysis_features.a
[27/154] Building CXX object features/materials/CMakeFiles/qcae_material_features.dir/src/material_operations.cpp.o
[28/154] Building CXX object features/mesh_editing/CMakeFiles/qcae_mesh_editing.dir/src/mesh_editing_operations.cpp.o
[29/154] Building CXX object features/results/CMakeFiles/qcae_result_features.dir/src/result_service.cpp.o
[30/154] Building CXX object modules/query/CMakeFiles/qcae_query.dir/src/render_projector.cpp.o
[31/154] Linking CXX static library features/legacy_api/libqcae_legacy_api.a
[32/154] Linking CXX static library features/geometry/libqcae_geometry_features.a
[33/154] Linking CXX static library features/mesh_generation/libqcae_mesh_generation.a
[34/154] Linking CXX static library features/materials/libqcae_material_features.a
[35/154] Linking CXX static library features/mesh_editing/libqcae_mesh_editing.a
[36/154] Linking CXX static library features/results/libqcae_result_features.a
[37/154] Linking CXX static library modules/query/libqcae_query.a
[38/154] Building CXX object profiles/nastran/CMakeFiles/qcae_nastran.dir/src/nastran_package.cpp.o
[39/154] Linking CXX static library profiles/nastran/libqcae_nastran.a
[40/154] Building CXX object adapters/storage_sqlite/CMakeFiles/qcae_sqlite.dir/src/sqlite_store.cpp.o
[41/154] Building CXX object adapters/engine_api/CMakeFiles/qcae_engine_api.dir/src/ipc_api.cpp.o
[42/154] Building CXX object adapters/engine_api/CMakeFiles/qcae_engine_api.dir/src/ipc_model.cpp.o
[43/154] Building CXX object ui/desktop/CMakeFiles/qcae_desktop_ui.dir/src/desktop.cpp.o
[44/154] Building CXX object adapters/engine_api/CMakeFiles/qcae_engine_api.dir/src/ipc_selection.cpp.o
[45/154] Building CXX object adapters/engine_api/CMakeFiles/qcae_engine_api.dir/src/resource_store.cpp.o
[46/154] Building CXX object adapters/engine_api/CMakeFiles/qcae_engine_api.dir/src/typed_host.cpp.o
[47/154] Building CXX object adapters/engine_api/CMakeFiles/qcae_engine_api.dir/src/event_stream.cpp.o
[48/154] Building CXX object adapters/engine_api/CMakeFiles/qcae_engine_api.dir/src/engine_contributions.cpp.o
[49/154] Building CXX object adapters/engine_api/CMakeFiles/qcae_engine_api.dir/src/render_service.cpp.o
[50/154] Linking CXX static library ui/desktop/libqcae_desktop_ui.a
[51/154] Automatic MOC for target qcae_desktop_tests
[52/153] Automatic MOC for target qcae_desktop_selection_tests
[53/152] Building CXX object adapters/engine_api/CMakeFiles/qcae_engine_api.dir/src/result_api.cpp.o
[54/152] Automatic MOC for target qcae_c3_desktop_workflow_tests
[55/151] Linking CXX static library adapters/storage_sqlite/libqcae_sqlite.a
[56/151] Automatic MOC for target qcae_c3_tool_lifecycle_tests
[57/150] Building CXX object CMakeFiles/qcae_record_application_tests.dir/tests/record_application_tests.cpp.o
[58/150] Building CXX object adapters/engine_api/CMakeFiles/qcae_engine_api.dir/src/nastran_contribution.cpp.o
[59/150] Linking CXX static library adapters/engine_api/libqcae_engine_api.a
[60/150] Building CXX object apps/engine/CMakeFiles/qcae_engine_host.dir/engine_host.cpp.o
[61/150] Building CXX object CMakeFiles/qcae_quantity_entry_consistency_tests.dir/tests/quantity_entry_consistency_tests.cpp.o
[62/150] Building CXX object CMakeFiles/qcae_model_operation_tests.dir/tests/model_operation_tests.cpp.o
[63/150] Building CXX object CMakeFiles/qcae_model_tests.dir/tests/model_tests.cpp.o
[64/150] Building CXX object CMakeFiles/qcae_persistence_tests.dir/tests/persistence_tests.cpp.o
[65/150] Building CXX object CMakeFiles/qcae_record_query_tests.dir/tests/record_query_tests.cpp.o
[66/150] Building CXX object CMakeFiles/qcae_query_tests.dir/tests/query_tests.cpp.o
[67/150] Building CXX object CMakeFiles/qcae_contract_tests.dir/tests/contract_tests.cpp.o
[68/150] Building CXX object CMakeFiles/qcae_core_tests.dir/tests/core_tests.cpp.o
[69/150] Building CXX object CMakeFiles/qcae_allocation_tests.dir/tests/allocation_tests.cpp.o
[70/150] Building CXX object CMakeFiles/qcae_geometry_mesh_sqlite_tests.dir/tests/geometry_mesh_tests.cpp.o
[71/150] Building CXX object CMakeFiles/qcae_nastran_package_tests.dir/tests/nastran_package_tests.cpp.o
[72/150] Building CXX object CMakeFiles/qcae_skeleton_fault_tests.dir/tests/skeleton_fault_tests.cpp.o
[73/150] Building CXX object CMakeFiles/qcae_skeleton_representative_tests.dir/tests/skeleton_representative_tests.cpp.o
[74/150] Building CXX object CMakeFiles/qcae_json_ledger_tests.dir/tests/json_ledger_tests.cpp.o
[75/150] Building CXX object CMakeFiles/qcae_legacy_migration_tests.dir/tests/legacy_migration_tests.cpp.o
[76/150] Building CXX object CMakeFiles/qcae_render_service_tests.dir/tests/render_service_tests.cpp.o
[77/150] Building CXX object CMakeFiles/qcae_engine_assembly_tests.dir/tests/engine_assembly_tests.cpp.o
[78/150] Building CXX object CMakeFiles/qcae_contributed_engine.dir/tests/contributed_engine_main.cpp.o
[79/150] Building CXX object CMakeFiles/qcae_change_event_tests.dir/tests/change_event_tests.cpp.o
[80/150] Building CXX object CMakeFiles/qcae_render_projector_tests.dir/tests/render_projector_tests.cpp.o
[81/150] Building CXX object CMakeFiles/qcae_render_wire_tests.dir/tests/render_wire_tests.cpp.o
[82/150] Building CXX object CMakeFiles/qcae_event_stream_tests.dir/tests/event_stream_tests.cpp.o
[83/150] Building CXX object CMakeFiles/qcae_c3_locality_bench.dir/tests/c3_locality_bench.cpp.o
[84/150] Building CXX object CMakeFiles/qcae_c3_ledger_engine.dir/tests/c3_ledger_engine_main.cpp.o
[85/150] Building CXX object CMakeFiles/qcae_c3_end_to_end_bench.dir/tests/c3_end_to_end_bench.cpp.o
[86/150] Building CXX object CMakeFiles/qcae_c3_graphics_bench.dir/tests/c3_graphics_bench.cpp.o
[87/150] Building CXX object CMakeFiles/qcae_desktop_tests.dir/tests/desktop_tests.cpp.o
[88/150] Building CXX object CMakeFiles/qcae_desktop_selection_tests.dir/tests/desktop_selection_tests.cpp.o
[89/150] Building CXX object CMakeFiles/qcae_c3_desktop_workflow_tests.dir/tests/c3_desktop_workflow_tests.cpp.o
[90/150] Building CXX object CMakeFiles/qcae_c3_tool_lifecycle_tests.dir/tests/c3_tool_lifecycle_tests.cpp.o
[91/150] Building CXX object features/mesh_generation/CMakeFiles/qcae_geometry_mesh_tests.dir/__/__/tests/geometry_mesh_tests.cpp.o
[92/150] Building CXX object modules/document/CMakeFiles/qcae_record_document_tests.dir/__/__/tests/record_document_tests.cpp.o
[93/150] Building CXX object modules/runtime/CMakeFiles/qcae_runtime_tests.dir/__/__/tests/runtime_tests.cpp.o
[94/150] Building CXX object features/mesh_generation/CMakeFiles/qcae_line_mesh_regeneration_tests.dir/__/__/tests/line_mesh_regeneration_tests.cpp.o
[95/150] Building CXX object features/analysis/CMakeFiles/qcae_analysis_check_tests.dir/__/__/tests/analysis_check_tests.cpp.o
[96/150] Linking CXX static library apps/engine/libqcae_engine_host.a
[97/150] Building CXX object features/results/CMakeFiles/qcae_result_fixture_tests.dir/__/__/tests/result_fixture_tests.cpp.o
[98/150] Building CXX object apps/engine/CMakeFiles/qcae-engine.dir/main.cpp.o
[99/150] Linking CXX executable qcae_record_application_tests
[100/150] Linking CXX executable qcae_model_operation_tests
[101/150] Linking CXX executable qcae_quantity_entry_consistency_tests
[102/150] Linking CXX executable qcae_record_query_tests
[103/150] Linking CXX executable qcae_model_tests
[104/150] Linking CXX executable qcae_nastran_tests
[105/150] Linking CXX executable qcae_delta_tests
[106/150] Linking CXX executable qcae_persistence_tests
[107/150] Linking CXX executable qcae_query_tests
[108/150] Linking CXX executable qcae_core_tests
[109/150] Building CXX object apps/desktop/CMakeFiles/qcae-desktop.dir/main.cpp.o
[110/150] Linking CXX executable qcae_contract_tests
[111/150] Linking CXX executable qcae_allocation_tests
[112/150] Linking CXX executable qcae_sqlite_tests
[113/150] Linking CXX executable qcae_record_store_tests
[114/150] Linking CXX executable qcae_geometry_mesh_sqlite_tests
[115/150] Linking CXX executable qcae_nastran_package_tests
[116/150] Linking CXX executable qcae_skeleton_fault_tests
[117/150] Linking CXX executable qcae_skeleton_representative_tests
[118/150] Linking CXX executable qcae_legacy_migration_tests
[119/150] Linking CXX executable qcae_json_ledger_tests
[120/150] Linking CXX executable qcae_render_service_tests
[121/150] Linking CXX executable qcae_engine_assembly_tests
[122/150] Linking CXX executable qcae_contributed_engine
[123/150] Linking CXX executable qcae_skeleton_fault_client_tests
[124/150] Linking CXX executable qcae_desktop_tests
[125/150] Linking CXX executable qcae_desktop_selection_tests
[126/150] Linking CXX executable qcae_modeling_tools_tests
[127/150] Linking CXX executable qcae_c3_desktop_workflow_tests
[128/150] Linking CXX executable qcae_render_projector_tests
[129/150] Linking CXX executable qcae_change_event_tests
[130/150] Linking CXX executable qcae_render_wire_tests
[131/150] Linking CXX executable qcae_event_stream_tests
[132/150] Linking CXX executable qcae_c3_locality_bench
[133/150] Linking CXX executable qcae_c3_ledger_engine
[134/150] Linking CXX executable qcae_event_client_tests
[135/150] Linking CXX executable qcae_c3_end_to_end_bench
[136/150] Linking CXX executable qcae_c3_graphics_bench
[137/150] Linking CXX executable qcae_c3_tool_lifecycle_tests
[138/150] Building CXX object adapters/engine_api/CMakeFiles/qcae_typed_host_tests.dir/__/__/tests/typed_host_tests.cpp.o
[139/150] Linking CXX executable qcae_record_document_tests
[140/150] Linking CXX executable qcae_runtime_tests
[141/150] Linking CXX executable qcae_geometry_mesh_tests
[142/150] Linking CXX executable qcae_line_mesh_regeneration_tests
[143/150] Linking CXX executable qcae_result_fixture_tests
[144/150] Linking CXX executable qcae_analysis_check_tests
[145/150] Linking CXX executable qcae_artifacts_local_tests
[146/150] Linking CXX executable qcae_resource_tests
[147/150] Linking CXX executable qcae_typed_host_tests
[148/150] Linking CXX executable qcae-engine
[149/150] Linking CXX executable qcae-desktop
