[0/2] Re-checking globbed directories...
[1/31] Automatic MOC for target qcae_desktop_ui
[2/30] Automatic MOC for target qcae_desktop_tests
[3/29] Building CXX object CMakeFiles/qcae_c3_end_to_end_bench.dir/tests/c3_end_to_end_bench.cpp.o
[4/29] Linking CXX executable qcae_engine_assembly_tests
[5/29] Linking CXX executable qcae_skeleton_fault_client_tests
[6/29] Linking CXX executable qcae_contributed_engine
[7/29] Linking CXX executable qcae_desktop_tests
[8/29] Linking CXX executable qcae_c3_locality_bench
[9/29] Linking CXX executable qcae_c3_ledger_engine
[10/29] Linking CXX executable qcae_typed_host_tests
[11/29] Linking CXX executable qcae_resource_tests
[12/29] Building CXX object ui/desktop/CMakeFiles/qcae_desktop_ui.dir/src/desktop.cpp.o
[13/29] Linking CXX static library ui/desktop/libqcae_desktop_ui.a
[14/29] Automatic MOC for target qcae_c3_desktop_workflow_tests
[15/28] Automatic MOC for target qcae_modeling_tools_tests
[16/27] Automatic MOC for target qcae_c3_tool_lifecycle_tests
[17/26] Linking CXX executable qcae_c3_desktop_workflow_tests
[18/26] Linking CXX executable qcae_modeling_tools_tests
[19/26] Linking CXX executable qcae_c3_end_to_end_bench
[20/26] Linking CXX executable qcae_c3_tool_lifecycle_tests
[21/26] Automatic MOC for target qcae_desktop_selection_tests
[22/25] Linking CXX executable qcae-desktop
[23/25] Building CXX object CMakeFiles/qcae_desktop_selection_tests.dir/tests/desktop_selection_tests.cpp.o
[24/25] Linking CXX executable qcae_desktop_selection_tests
