[0/2] Re-checking globbed directories...
[1/96] Building CXX object modules/document/CMakeFiles/qcae_document.dir/src/edit_session.cpp.o
[2/96] Building CXX object modules/document/CMakeFiles/qcae_document.dir/src/document_view.cpp.o
[3/96] Building CXX object modules/document/CMakeFiles/qcae_document.dir/src/record_model_bridge.cpp.o
[4/96] Generating ../../generated/qcae/operation_inputs.hpp
[5/96] Building CXX object modules/document/CMakeFiles/qcae_document.dir/src/records_rules.cpp.o
[6/96] Linking CXX static library modules/document/libqcae_document.a
[7/96] Building CXX object modules/application/CMakeFiles/qcae_application.dir/src/core.cpp.o
[8/96] Building CXX object modules/application/CMakeFiles/qcae_application.dir/src/application_state.cpp.o
[9/96] Building CXX object modules/operations/CMakeFiles/qcae_operations.dir/src/operation_registry.cpp.o
[10/96] Building CXX object modules/operations/CMakeFiles/qcae_operations.dir/src/canonical_value.cpp.o
[11/96] Building CXX object modules/operations/CMakeFiles/qcae_operations.dir/src/change_receipt_value.cpp.o
[12/96] Building CXX object modules/runtime/CMakeFiles/qcae_runtime.dir/src/task_record.cpp.o
[13/96] Linking CXX static library modules/application/libqcae_application.a
[14/96] Linking CXX static library modules/operations/libqcae_operations.a
[15/96] Building CXX object modules/runtime/CMakeFiles/qcae_task_application.dir/record_application/src/task_application.cpp.o
[16/96] Building CXX object modules/runtime/CMakeFiles/qcae_runtime.dir/src/task_service.cpp.o
[17/96] Linking CXX static library modules/runtime/libqcae_runtime.a
[18/96] Building CXX object features/analysis/CMakeFiles/qcae_analysis_features.dir/src/analysis_checks.cpp.o
[19/96] Building CXX object features/analysis/CMakeFiles/qcae_analysis_features.dir/src/analysis_operations.cpp.o
[20/96] Building CXX object features/analysis/CMakeFiles/qcae_analysis_features.dir/src/check_report.cpp.o
[21/96] Building CXX object features/analysis/CMakeFiles/qcae_analysis_features.dir/src/analysis_input.cpp.o
[22/96] Building CXX object features/analysis/CMakeFiles/qcae_analysis_features.dir/src/analysis_input_codec.cpp.o
[23/96] Building CXX object features/legacy_api/CMakeFiles/qcae_legacy_api.dir/src/legacy_state.cpp.o
[24/96] Building CXX object features/legacy_api/CMakeFiles/qcae_legacy_api.dir/src/core.cpp.o
[25/96] Linking CXX static library modules/runtime/libqcae_task_application.a
[26/96] Building CXX object features/legacy_api/CMakeFiles/qcae_legacy_api.dir/src/legacy_migration.cpp.o
[27/96] Building CXX object features/geometry/CMakeFiles/qcae_geometry_features.dir/src/geometry_features.cpp.o
[28/96] Building CXX object features/mesh_generation/CMakeFiles/qcae_mesh_generation.dir/src/line_mesh_task.cpp.o
[29/96] Building CXX object features/materials/CMakeFiles/qcae_material_features.dir/src/material_operations.cpp.o
[30/96] Linking CXX static library features/analysis/libqcae_analysis_features.a
[31/96] Building CXX object features/results/CMakeFiles/qcae_result_features.dir/src/result_fixture.cpp.o
[32/96] Building CXX object features/mesh_editing/CMakeFiles/qcae_mesh_editing.dir/src/mesh_editing_operations.cpp.o
[33/96] Building CXX object features/results/CMakeFiles/qcae_result_features.dir/src/result_codec.cpp.o
[34/96] Building CXX object features/results/CMakeFiles/qcae_result_features.dir/src/result_service.cpp.o
[35/96] Building CXX object modules/query/CMakeFiles/qcae_query.dir/src/query_legacy.cpp.o
[36/96] Building CXX object modules/query/CMakeFiles/qcae_query.dir/src/query.cpp.o
[37/96] Building CXX object modules/query/CMakeFiles/qcae_query.dir/src/entity_queries.cpp.o
[38/96] Building CXX object modules/query/CMakeFiles/qcae_query.dir/src/render_projector.cpp.o
[39/96] Building CXX object profiles/nastran/CMakeFiles/qcae_nastran.dir/src/nastran_package.cpp.o
[40/96] Building CXX object profiles/nastran/CMakeFiles/qcae_nastran.dir/src/nastran_static_result.cpp.o
[41/96] Building CXX object adapters/solver_local/CMakeFiles/qcae_solver_local.dir/src/solver_local.cpp.o
[42/96] Building CXX object CMakeFiles/qcae_record_application_tests.dir/tests/record_application_tests.cpp.o
[43/96] Building CXX object CMakeFiles/qcae_operation_registry_tests.dir/tests/operation_registry_tests.cpp.o
[44/96] Building CXX object CMakeFiles/qcae_model_operation_tests.dir/tests/model_operation_tests.cpp.o
[45/96] Building CXX object CMakeFiles/qcae_quantity_entry_consistency_tests.dir/tests/quantity_entry_consistency_tests.cpp.o
[46/96] Building CXX object CMakeFiles/qcae_model_tests.dir/tests/model_tests.cpp.o
[47/96] Building CXX object CMakeFiles/qcae_record_query_tests.dir/tests/record_query_tests.cpp.o
[48/96] Building CXX object CMakeFiles/qcae_persistence_tests.dir/tests/persistence_tests.cpp.o
[49/96] Building CXX object CMakeFiles/qcae_core_tests.dir/tests/core_tests.cpp.o
[50/96] Building CXX object CMakeFiles/qcae_query_tests.dir/tests/query_tests.cpp.o
[51/96] Building CXX object CMakeFiles/qcae_contract_tests.dir/tests/contract_tests.cpp.o
[52/96] Building CXX object CMakeFiles/qcae_allocation_tests.dir/tests/allocation_tests.cpp.o
[53/96] Building CXX object CMakeFiles/qcae_change_event_tests.dir/tests/change_event_tests.cpp.o
[54/96] Building CXX object CMakeFiles/qcae_render_projector_tests.dir/tests/render_projector_tests.cpp.o
[55/96] Linking CXX static library features/legacy_api/libqcae_legacy_api.a
[56/96] Building CXX object modules/runtime/CMakeFiles/qcae_runtime_tests.dir/__/__/tests/runtime_tests.cpp.o
[57/96] Linking CXX static library features/geometry/libqcae_geometry_features.a
[58/96] Linking CXX static library features/mesh_generation/libqcae_mesh_generation.a
[59/96] Building CXX object modules/document/CMakeFiles/qcae_record_document_tests.dir/__/__/tests/record_document_tests.cpp.o
[60/96] Building CXX object features/mesh_generation/CMakeFiles/qcae_geometry_mesh_tests.dir/__/__/tests/geometry_mesh_tests.cpp.o
[61/96] Linking CXX static library features/materials/libqcae_material_features.a
[62/96] Linking CXX static library features/mesh_editing/libqcae_mesh_editing.a
[63/96] Building CXX object features/mesh_generation/CMakeFiles/qcae_line_mesh_regeneration_tests.dir/__/__/tests/line_mesh_regeneration_tests.cpp.o
[64/96] Linking CXX static library features/results/libqcae_result_features.a
[65/96] Building CXX object features/analysis/CMakeFiles/qcae_analysis_check_tests.dir/__/__/tests/analysis_check_tests.cpp.o
[66/96] Linking CXX static library modules/query/libqcae_query.a
[67/96] Linking CXX static library profiles/nastran/libqcae_nastran.a
[68/96] Building CXX object profiles/nastran/CMakeFiles/qcae_nastran_static_result_tests.dir/__/__/tests/nastran_static_result_tests.cpp.o
[69/96] Linking CXX static library adapters/solver_local/libqcae_solver_local.a
[70/96] Building CXX object features/results/CMakeFiles/qcae_result_fixture_tests.dir/__/__/tests/result_fixture_tests.cpp.o
[71/96] Linking CXX executable qcae_record_application_tests
[72/96] Linking CXX executable qcae_operation_registry_tests
[73/96] Linking CXX executable qcae_model_operation_tests
[74/96] Linking CXX executable qcae_quantity_entry_consistency_tests
[75/96] Linking CXX executable qcae_record_query_tests
[76/96] Linking CXX executable qcae_model_tests
[77/96] Linking CXX executable qcae_nastran_tests
[78/96] Linking CXX executable qcae_delta_tests
[79/96] Linking CXX executable qcae_persistence_tests
[80/96] Linking CXX executable qcae_query_tests
[81/96] Linking CXX executable qcae_core_tests
[82/96] Linking CXX executable qcae_contract_tests
[83/96] Linking CXX executable qcae_allocation_tests
[84/96] Linking CXX executable qcae_change_event_tests
[85/96] Linking CXX executable qcae_render_projector_tests
[86/96] Linking CXX executable qcae_record_document_tests
[87/96] Linking CXX executable qcae_runtime_tests
[88/96] Linking CXX executable qcae_geometry_mesh_tests
[89/96] Linking CXX executable qcae_line_mesh_regeneration_tests
[90/96] Linking CXX executable qcae_analysis_check_tests
[91/96] Linking CXX executable qcae_result_fixture_tests
[92/96] Linking CXX executable qcae_nastran_static_result_tests
[93/96] Linking CXX executable qcae_artifacts_local_tests
[94/96] Building CXX object adapters/solver_local/CMakeFiles/qcae_solver_local_tests.dir/__/__/tests/solver_local_tests.cpp.o
[95/96] Linking CXX executable qcae_solver_local_tests
