Preparing actual desktop/SQLite fixture N=1000
e2e-1000-node-0 begin
e2e-1000-node-0 collected; copy=83537; metadata=42489; missing=2; violations=0
e2e-1000-node-1 begin
e2e-1000-node-1 collected; copy=87242; metadata=42773; missing=2; violations=0
e2e-1000-node-2 begin
e2e-1000-node-2 collected; copy=86089; metadata=42974; missing=2; violations=0
e2e-1000-node-3 begin
e2e-1000-node-3 collected; copy=87131; metadata=42114; missing=2; violations=0
e2e-1000-node-4 begin
e2e-1000-node-4 collected; copy=90435; metadata=43169; missing=2; violations=0
e2e-1000-node-5 begin
e2e-1000-node-5 collected; copy=88466; metadata=43207; missing=2; violations=0
e2e-1000-node-6 begin
e2e-1000-node-6 collected; copy=93730; metadata=43239; missing=2; violations=0
e2e-1000-node-7 begin
e2e-1000-node-7 collected; copy=86609; metadata=43215; missing=2; violations=0
e2e-1000-node-8 begin
e2e-1000-node-8 collected; copy=84718; metadata=42579; missing=2; violations=0
e2e-1000-node-9 begin
e2e-1000-node-9 collected; copy=84775; metadata=42627; missing=2; violations=0
e2e-1000-material-0 begin
e2e-1000-material-0 collected; copy=50487; metadata=20084; missing=1; violations=1
e2e-1000-material-1 begin
e2e-1000-material-1 collected; copy=50584; metadata=20284; missing=1; violations=1
e2e-1000-material-2 begin
e2e-1000-material-2 collected; copy=50612; metadata=21152; missing=1; violations=1
e2e-1000-material-3 begin
e2e-1000-material-3 collected; copy=50602; metadata=20292; missing=1; violations=1
e2e-1000-material-4 begin
e2e-1000-material-4 collected; copy=50616; metadata=20492; missing=1; violations=1
e2e-1000-material-5 begin
e2e-1000-material-5 collected; copy=51753; metadata=21360; missing=1; violations=1
e2e-1000-material-6 begin
e2e-1000-material-6 collected; copy=50632; metadata=20556; missing=1; violations=1
e2e-1000-material-7 begin
e2e-1000-material-7 collected; copy=50668; metadata=20700; missing=1; violations=1
e2e-1000-material-8 begin
e2e-1000-material-8 collected; copy=50674; metadata=21456; missing=1; violations=1
e2e-1000-material-9 begin
e2e-1000-material-9 collected; copy=50662; metadata=20652; missing=1; violations=1
2026-10-01 04:58:13.097 qcae_c3_end_to_end_bench[78257:41045709] error messaging the mach port for IMKCFRunLoopWakeUpReliable
20 same-run samples recorded; complete SK-12 coverage remains unverified
