Preparing actual desktop/SQLite fixture N=1000
e2e-1000-node-0 begin
e2e-1000-node-0 collected; copy=202472; metadata=34997; missing=0; violations=0
e2e-1000-node-1 begin
e2e-1000-node-1 collected; copy=206368; metadata=34433; missing=0; violations=0
e2e-1000-node-2 begin
e2e-1000-node-2 collected; copy=205462; metadata=35470; missing=0; violations=0
e2e-1000-node-3 begin
e2e-1000-node-3 collected; copy=206684; metadata=35446; missing=0; violations=0
e2e-1000-node-4 begin
e2e-1000-node-4 collected; copy=210138; metadata=34823; missing=0; violations=0
e2e-1000-node-5 begin
e2e-1000-node-5 collected; copy=208520; metadata=35693; missing=0; violations=0
e2e-1000-node-6 begin
e2e-1000-node-6 collected; copy=213712; metadata=34889; missing=0; violations=0
e2e-1000-node-7 begin
e2e-1000-node-7 collected; copy=206719; metadata=34865; missing=0; violations=0
e2e-1000-node-8 begin
e2e-1000-node-8 collected; copy=205272; metadata=35901; missing=0; violations=0
e2e-1000-node-9 begin
e2e-1000-node-9 collected; copy=205160; metadata=35109; missing=0; violations=0
e2e-1000-material-0 begin
e2e-1000-material-0 collected; copy=81620; metadata=12550; missing=0; violations=1
e2e-1000-material-1 begin
e2e-1000-material-1 collected; copy=82173; metadata=13586; missing=0; violations=1
e2e-1000-material-2 begin
e2e-1000-material-2 collected; copy=82277; metadata=13618; missing=0; violations=1
e2e-1000-material-3 begin
e2e-1000-material-3 collected; copy=81927; metadata=12758; missing=0; violations=1
e2e-1000-material-4 begin
e2e-1000-material-4 collected; copy=82493; metadata=13794; missing=0; violations=1
e2e-1000-material-5 begin
e2e-1000-material-5 collected; copy=83706; metadata=13826; missing=0; violations=1
e2e-1000-material-6 begin
e2e-1000-material-6 collected; copy=82149; metadata=13022; missing=0; violations=1
e2e-1000-material-7 begin
e2e-1000-material-7 collected; copy=82833; metadata=14002; missing=0; violations=1
e2e-1000-material-8 begin
e2e-1000-material-8 collected; copy=82915; metadata=13922; missing=0; violations=1
e2e-1000-material-9 begin
e2e-1000-material-9 collected; copy=82371; metadata=13118; missing=0; violations=1
2026-10-01 00:07:46.108 qcae_c3_end_to_end_bench[38046:40338262] error messaging the mach port for IMKCFRunLoopWakeUpReliable
20 same-run samples recorded; complete SK-12 coverage remains unverified
