Preparing actual desktop/SQLite fixture N=1000
e2e-1000-node-0 begin
e2e-1000-node-0 collected; copy=187110; metadata=35281; missing=0; violations=0
e2e-1000-node-1 begin
e2e-1000-node-1 collected; copy=191174; metadata=36387; missing=0; violations=0
e2e-1000-node-2 begin
e2e-1000-node-2 collected; copy=190266; metadata=36588; missing=0; violations=0
e2e-1000-node-3 begin
e2e-1000-node-3 collected; copy=191548; metadata=35728; missing=0; violations=0
e2e-1000-node-4 begin
e2e-1000-node-4 collected; copy=195214; metadata=36777; missing=0; violations=0
e2e-1000-node-5 begin
e2e-1000-node-5 collected; copy=193508; metadata=36811; missing=0; violations=0
e2e-1000-node-6 begin
e2e-1000-node-6 collected; copy=199020; metadata=36843; missing=0; violations=0
e2e-1000-node-7 begin
e2e-1000-node-7 collected; copy=192147; metadata=36819; missing=0; violations=0
e2e-1000-node-8 begin
e2e-1000-node-8 collected; copy=190504; metadata=36183; missing=0; violations=0
e2e-1000-node-9 begin
e2e-1000-node-9 collected; copy=190826; metadata=37063; missing=0; violations=0
e2e-1000-material-0 begin
e2e-1000-material-0 collected; copy=71381; metadata=13338; missing=0; violations=1
e2e-1000-material-1 begin
e2e-1000-material-1 collected; copy=71726; metadata=13538; missing=0; violations=1
e2e-1000-material-2 begin
e2e-1000-material-2 collected; copy=72002; metadata=14406; missing=0; violations=1
e2e-1000-material-3 begin
e2e-1000-material-3 collected; copy=72240; metadata=13546; missing=0; violations=1
e2e-1000-material-4 begin
e2e-1000-material-4 collected; copy=72502; metadata=13746; missing=0; violations=1
e2e-1000-material-5 begin
e2e-1000-material-5 collected; copy=73887; metadata=14614; missing=0; violations=1
e2e-1000-material-6 begin
e2e-1000-material-6 collected; copy=73014; metadata=13810; missing=0; violations=1
e2e-1000-material-7 begin
e2e-1000-material-7 collected; copy=73298; metadata=13954; missing=0; violations=1
e2e-1000-material-8 begin
e2e-1000-material-8 collected; copy=73552; metadata=14710; missing=0; violations=1
e2e-1000-material-9 begin
e2e-1000-material-9 collected; copy=73788; metadata=13906; missing=0; violations=1
2026-10-01 01:47:57.106 qcae_c3_end_to_end_bench[58436:40480788] error messaging the mach port for IMKCFRunLoopWakeUpReliable
20 same-run samples recorded; complete SK-12 coverage remains unverified
