Preparing actual desktop/SQLite fixture N=1000
e2e-1000-node-0 begin
e2e-1000-node-0 collected; copy=83112; metadata=38237; missing=2; violations=0
e2e-1000-node-1 begin
e2e-1000-node-1 collected; copy=86796; metadata=37673; missing=2; violations=0
e2e-1000-node-2 begin
e2e-1000-node-2 collected; copy=85663; metadata=38710; missing=2; violations=0
e2e-1000-node-3 begin
e2e-1000-node-3 collected; copy=86705; metadata=37850; missing=2; violations=0
e2e-1000-node-4 begin
e2e-1000-node-4 collected; copy=90007; metadata=38899; missing=2; violations=0
e2e-1000-node-5 begin
e2e-1000-node-5 collected; copy=88038; metadata=38933; missing=2; violations=0
e2e-1000-node-6 begin
e2e-1000-node-6 collected; copy=93282; metadata=38129; missing=2; violations=0
e2e-1000-node-7 begin
e2e-1000-node-7 collected; copy=86181; metadata=38941; missing=2; violations=0
e2e-1000-node-8 begin
e2e-1000-node-8 collected; copy=84310; metadata=39141; missing=2; violations=0
e2e-1000-node-9 begin
e2e-1000-node-9 collected; copy=84347; metadata=38349; missing=2; violations=0
e2e-1000-material-0 begin
e2e-1000-material-0 collected; copy=49840; metadata=15058; missing=1; violations=0
e2e-1000-material-1 begin
e2e-1000-material-1 collected; copy=49957; metadata=16094; missing=1; violations=0
e2e-1000-material-2 begin
e2e-1000-material-2 collected; copy=49945; metadata=15290; missing=1; violations=0
e2e-1000-material-3 begin
e2e-1000-material-3 collected; copy=49955; metadata=15266; missing=1; violations=0
e2e-1000-material-4 begin
e2e-1000-material-4 collected; copy=49989; metadata=16302; missing=1; violations=0
e2e-1000-material-5 begin
e2e-1000-material-5 collected; copy=51086; metadata=15498; missing=1; violations=0
e2e-1000-material-6 begin
e2e-1000-material-6 collected; copy=49985; metadata=15530; missing=1; violations=0
e2e-1000-material-7 begin
e2e-1000-material-7 collected; copy=50041; metadata=16510; missing=1; violations=0
e2e-1000-material-8 begin
e2e-1000-material-8 collected; copy=50007; metadata=15594; missing=1; violations=0
e2e-1000-material-9 begin
e2e-1000-material-9 collected; copy=50015; metadata=15626; missing=1; violations=0
2026-10-01 02:43:31.645 qcae_c3_end_to_end_bench[73733:40566337] error messaging the mach port for IMKCFRunLoopWakeUpReliable
20 same-run samples recorded; complete SK-12 coverage remains unverified
