Preparing actual desktop/SQLite fixture N=1000
e2e-1000-node-0 begin
e2e-1000-node-0 collected; copy=219482; metadata=38355; missing=0; violations=0
e2e-1000-node-1 begin
e2e-1000-node-1 collected; copy=223532; metadata=38636; missing=0; violations=0
e2e-1000-node-2 begin
e2e-1000-node-2 collected; copy=222546; metadata=38001; missing=0; violations=0
e2e-1000-node-3 begin
e2e-1000-node-3 collected; copy=223832; metadata=37977; missing=0; violations=0
e2e-1000-node-4 begin
e2e-1000-node-4 collected; copy=227565; metadata=38190; missing=0; violations=0
e2e-1000-node-5 begin
e2e-1000-node-5 collected; copy=226067; metadata=39060; missing=0; violations=0
e2e-1000-node-6 begin
e2e-1000-node-6 collected; copy=231587; metadata=39092; missing=0; violations=0
e2e-1000-node-7 begin
e2e-1000-node-7 collected; copy=224458; metadata=38232; missing=0; violations=0
e2e-1000-node-8 begin
e2e-1000-node-8 collected; copy=223107; metadata=39268; missing=0; violations=0
e2e-1000-node-9 begin
e2e-1000-node-9 collected; copy=223413; metadata=39312; missing=0; violations=0
e2e-1000-material-0 begin
e2e-1000-material-0 collected; copy=98457; metadata=15917; missing=0; violations=1
e2e-1000-material-1 begin
e2e-1000-material-1 collected; copy=99106; metadata=16953; missing=0; violations=1
e2e-1000-material-2 begin
e2e-1000-material-2 collected; copy=99306; metadata=16985; missing=0; violations=1
e2e-1000-material-3 begin
e2e-1000-material-3 collected; copy=99052; metadata=16125; missing=0; violations=1
e2e-1000-material-4 begin
e2e-1000-material-4 collected; copy=99714; metadata=17161; missing=0; violations=1
e2e-1000-material-5 begin
e2e-1000-material-5 collected; copy=101023; metadata=17193; missing=0; violations=1
e2e-1000-material-6 begin
e2e-1000-material-6 collected; copy=99562; metadata=16389; missing=0; violations=1
e2e-1000-material-7 begin
e2e-1000-material-7 collected; copy=100342; metadata=17369; missing=0; violations=1
e2e-1000-material-8 begin
e2e-1000-material-8 collected; copy=100520; metadata=17289; missing=0; violations=1
e2e-1000-material-9 begin
e2e-1000-material-9 collected; copy=100072; metadata=16485; missing=0; violations=1
2026-09-30 23:27:29.767 qcae_c3_end_to_end_bench[30285:40284955] error messaging the mach port for IMKCFRunLoopWakeUpReliable
20 same-run samples recorded; complete SK-12 coverage remains unverified
