Preparing actual desktop/SQLite fixture N=1000
e2e-1000-node-0 begin
e2e-1000-node-0 collected; copy=407841; metadata=39300; missing=1; violations=0
e2e-1000-node-1 begin
e2e-1000-node-1 collected; copy=411546; metadata=39523; missing=1; violations=0
e2e-1000-node-2 begin
e2e-1000-node-2 collected; copy=410393; metadata=39724; missing=1; violations=0
e2e-1000-node-3 begin
e2e-1000-node-3 collected; copy=411455; metadata=39644; missing=1; violations=0
e2e-1000-node-4 begin
e2e-1000-node-4 collected; copy=414739; metadata=39863; missing=1; violations=0
e2e-1000-node-5 begin
e2e-1000-node-5 collected; copy=412770; metadata=39900; missing=1; violations=0
e2e-1000-node-6 begin
e2e-1000-node-6 collected; copy=418034; metadata=39932; missing=1; violations=0
e2e-1000-node-7 begin
e2e-1000-node-7 collected; copy=410893; metadata=39016; missing=1; violations=0
e2e-1000-node-8 begin
e2e-1000-node-8 collected; copy=409022; metadata=39216; missing=1; violations=0
e2e-1000-node-9 begin
e2e-1000-node-9 collected; copy=409079; metadata=39254; missing=1; violations=0
e2e-1000-material-0 begin
e2e-1000-material-0 collected; copy=51255; metadata=16579; missing=1; violations=0
e2e-1000-material-1 begin
e2e-1000-material-1 collected; copy=51372; metadata=17615; missing=1; violations=0
e2e-1000-material-2 begin
e2e-1000-material-2 collected; copy=51380; metadata=17647; missing=1; violations=0
e2e-1000-material-3 begin
e2e-1000-material-3 collected; copy=51370; metadata=16731; missing=1; violations=0
e2e-1000-material-4 begin
e2e-1000-material-4 collected; copy=51384; metadata=16931; missing=1; violations=0
e2e-1000-material-5 begin
e2e-1000-material-5 collected; copy=52501; metadata=16963; missing=1; violations=0
e2e-1000-material-6 begin
e2e-1000-material-6 collected; copy=51400; metadata=16995; missing=1; violations=0
e2e-1000-material-7 begin
e2e-1000-material-7 collected; copy=51436; metadata=17139; missing=1; violations=0
e2e-1000-material-8 begin
e2e-1000-material-8 collected; copy=51422; metadata=17059; missing=1; violations=0
e2e-1000-material-9 begin
e2e-1000-material-9 collected; copy=51430; metadata=17091; missing=1; violations=0
2026-10-01 06:22:54.672 qcae_c3_end_to_end_bench[16336:41222015] error messaging the mach port for IMKCFRunLoopWakeUpReliable
20 same-run samples recorded; complete SK-12 coverage remains unverified
