Preparing actual desktop/SQLite fixture N=1000
e2e-1000-node-0 begin
e2e-1000-node-0 collected; copy=219482; metadata=38355; missing=0; violations=0
e2e-1000-node-1 begin
e2e-1000-node-1 collected; copy=223460; metadata=37800; missing=0; violations=0
e2e-1000-node-2 begin
e2e-1000-node-2 collected; copy=222650; metadata=38837; missing=0; violations=0
e2e-1000-node-3 begin
e2e-1000-node-3 collected; copy=243707; metadata=40689; missing=0; violations=1
e2e-1000-node-4 begin
e2e-1000-node-4 collected; copy=227702; metadata=39026; missing=0; violations=0
e2e-1000-node-5 begin
e2e-1000-node-5 collected; copy=225867; metadata=38224; missing=0; violations=0
e2e-1000-node-6 begin
e2e-1000-node-6 collected; copy=231355; metadata=38256; missing=0; violations=0
e2e-1000-node-7 begin
e2e-1000-node-7 collected; copy=224458; metadata=38232; missing=0; violations=0
e2e-1000-node-8 begin
e2e-1000-node-8 collected; copy=222811; metadata=38432; missing=0; violations=0
e2e-1000-node-9 begin
e2e-1000-node-9 collected; copy=223413; metadata=39312; missing=0; violations=0
e2e-1000-material-0 begin
e2e-1000-material-0 collected; copy=98817; metadata=16753; missing=0; violations=1
e2e-1000-material-1 begin
e2e-1000-material-1 collected; copy=98714; metadata=16117; missing=0; violations=1
e2e-1000-material-2 begin
e2e-1000-material-2 collected; copy=99306; metadata=16985; missing=0; violations=1
e2e-1000-material-3 begin
e2e-1000-material-3 collected; copy=99508; metadata=16961; missing=0; violations=1
e2e-1000-material-4 begin
e2e-1000-material-4 collected; copy=99226; metadata=16325; missing=0; violations=1
e2e-1000-material-5 begin
e2e-1000-material-5 collected; copy=101023; metadata=17193; missing=0; violations=1
e2e-1000-material-6 begin
e2e-1000-material-6 collected; copy=99562; metadata=16389; missing=0; violations=1
e2e-1000-material-7 begin
e2e-1000-material-7 collected; copy=99758; metadata=16533; missing=0; violations=1
e2e-1000-material-8 begin
e2e-1000-material-8 collected; copy=100520; metadata=17289; missing=0; violations=1
e2e-1000-material-9 begin
e2e-1000-material-9 collected; copy=100072; metadata=16485; missing=0; violations=1
2026-09-30 22:53:42.413 qcae_c3_end_to_end_bench[19058:40229906] error messaging the mach port for IMKCFRunLoopWakeUpReliable
20 same-run samples recorded; complete SK-12 coverage remains unverified
