[0/2] Re-checking globbed directories...
[1/66] Building CXX object modules/document/CMakeFiles/qcae_document.dir/src/record_registry.cpp.o
[2/66] Building CXX object modules/document/CMakeFiles/qcae_document.dir/src/document_view.cpp.o
[3/66] Building CXX object modules/document/CMakeFiles/qcae_document.dir/src/edit_session.cpp.o
[4/66] Linking CXX static library modules/document/libqcae_document.a
[5/66] Building CXX object modules/application/CMakeFiles/qcae_application.dir/src/core.cpp.o
[6/66] Building CXX object modules/application/CMakeFiles/qcae_application.dir/src/application_state.cpp.o
[7/66] Linking CXX static library modules/application/libqcae_application.a
[8/66] Automatic MOC for target qcae_vtk_view
[9/66] Building CXX object modules/runtime/CMakeFiles/qcae_task_application.dir/record_application/src/task_application.cpp.o
[10/66] Building CXX object features/analysis/CMakeFiles/qcae_analysis_features.dir/src/analysis_operations.cpp.o
[11/66] Building CXX object features/analysis/CMakeFiles/qcae_analysis_features.dir/src/analysis_checks.cpp.o
[12/66] Building CXX object features/analysis/CMakeFiles/qcae_analysis_features.dir/src/check_report.cpp.o
[13/66] Building CXX object modules/clients/CMakeFiles/qcae_desktop_client.dir/src/desktop_client.cpp.o
[14/66] Building CXX object modules/clients/CMakeFiles/qcae_desktop_client.dir/src/resource_client.cpp.o
[15/66] Building CXX object adapters/rendering_vtk/CMakeFiles/qcae_vtk_view.dir/qcae_vtk_view_autogen/mocs_compilation.cpp.o
[16/66] Building CXX object CMakeFiles/qcae_c3_sqlite_observed.dir/tests/c3_sqlite_copy_bridge.cpp.o
[17/66] Building CXX object features/legacy_api/CMakeFiles/qcae_legacy_api.dir/src/core.cpp.o
[18/66] Building CXX object adapters/rendering_vtk/CMakeFiles/qcae_vtk_view.dir/src/vtk_view.cpp.o
[19/66] Building CXX object features/legacy_api/CMakeFiles/qcae_legacy_api.dir/src/legacy_state.cpp.o
[20/66] Linking CXX static library modules/runtime/libqcae_task_application.a
[21/66] Building CXX object features/legacy_api/CMakeFiles/qcae_legacy_api.dir/src/legacy_migration.cpp.o
[22/66] Building CXX object features/geometry/CMakeFiles/qcae_geometry_features.dir/src/geometry_features.cpp.o
[23/66] Building CXX object features/mesh_generation/CMakeFiles/qcae_mesh_generation.dir/src/line_mesh_task.cpp.o
[24/66] Building CXX object features/materials/CMakeFiles/qcae_material_features.dir/src/material_operations.cpp.o
[25/66] Linking CXX static library features/analysis/libqcae_analysis_features.a
[26/66] Building CXX object features/mesh_editing/CMakeFiles/qcae_mesh_editing.dir/src/mesh_editing_operations.cpp.o
[27/66] Building CXX object features/results/CMakeFiles/qcae_result_features.dir/src/result_service.cpp.o
[28/66] Building CXX object modules/query/CMakeFiles/qcae_query.dir/src/render_projector.cpp.o
[29/66] Linking CXX static library modules/clients/libqcae_desktop_client.a
[30/66] Linking CXX static library adapters/rendering_vtk/libqcae_vtk_view.a
[31/66] Linking CXX static library libqcae_c3_sqlite_observed.a
[32/66] Linking CXX static library features/legacy_api/libqcae_legacy_api.a
[33/66] Linking CXX static library features/geometry/libqcae_geometry_features.a
[34/66] Linking CXX static library features/mesh_generation/libqcae_mesh_generation.a
[35/66] Linking CXX static library features/materials/libqcae_material_features.a
[36/66] Linking CXX static library features/mesh_editing/libqcae_mesh_editing.a
[37/66] Linking CXX static library features/results/libqcae_result_features.a
[38/66] Linking CXX static library modules/query/libqcae_query.a
[39/66] Building CXX object profiles/nastran/CMakeFiles/qcae_nastran.dir/src/nastran_package.cpp.o
[40/66] Linking CXX static library profiles/nastran/libqcae_nastran.a
[41/66] Building CXX object adapters/storage_sqlite/CMakeFiles/qcae_sqlite.dir/src/sqlite_store.cpp.o
[42/66] Building CXX object adapters/engine_api/CMakeFiles/qcae_engine_api.dir/src/ipc_api.cpp.o
[43/66] Building CXX object adapters/engine_api/CMakeFiles/qcae_engine_api.dir/src/ipc_model.cpp.o
[44/66] Building CXX object adapters/engine_api/CMakeFiles/qcae_engine_api.dir/src/ipc_selection.cpp.o
[45/66] Building CXX object adapters/engine_api/CMakeFiles/qcae_engine_api.dir/src/typed_host.cpp.o
[46/66] Building CXX object adapters/engine_api/CMakeFiles/qcae_engine_api.dir/src/resource_store.cpp.o
[47/66] Building CXX object adapters/engine_api/CMakeFiles/qcae_engine_api.dir/src/engine_contributions.cpp.o
[48/66] Building CXX object adapters/engine_api/CMakeFiles/qcae_engine_api.dir/src/event_stream.cpp.o
[49/66] Building CXX object adapters/engine_api/CMakeFiles/qcae_engine_api.dir/src/render_service.cpp.o
[50/66] Building CXX object adapters/engine_api/CMakeFiles/qcae_engine_api.dir/src/result_api.cpp.o
[51/66] Automatic MOC for target qcae_desktop_ui
[52/65] Linking CXX static library adapters/storage_sqlite/libqcae_sqlite.a
[53/65] Building CXX object apps/engine/CMakeFiles/qcae_engine_host.dir/engine_host.cpp.o
[54/65] Building CXX object adapters/engine_api/CMakeFiles/qcae_engine_api.dir/src/nastran_contribution.cpp.o
[55/65] Linking CXX static library adapters/engine_api/libqcae_engine_api.a
[56/65] Building CXX object CMakeFiles/qcae_json_ledger_tests.dir/tests/json_ledger_tests.cpp.o
[57/65] Building CXX object CMakeFiles/qcae_c3_ledger_engine.dir/tests/c3_ledger_engine_main.cpp.o
[58/65] Building CXX object ui/desktop/CMakeFiles/qcae_desktop_ui.dir/src/desktop.cpp.o
[59/65] Linking CXX static library apps/engine/libqcae_engine_host.a
[60/65] Linking CXX static library ui/desktop/libqcae_desktop_ui.a
[61/65] Linking CXX executable qcae_json_ledger_tests
[62/65] Linking CXX executable qcae_c3_ledger_engine
[63/65] Building CXX object CMakeFiles/qcae_c3_end_to_end_bench.dir/tests/c3_end_to_end_bench.cpp.o
[64/65] Linking CXX executable qcae_c3_end_to_end_bench
