[0/2] Re-checking globbed directories...
[1/233] Generating ../../generated/qcae/operations.hpp
[2/233] Generating ../../generated/qcae/operation_inputs.hpp
[3/233] Building CXX object qcae/modules/document/CMakeFiles/qcae_document.dir/src/model.cpp.o
[4/233] Building CXX object qcae/modules/document/CMakeFiles/qcae_document.dir/src/model_delta.cpp.o
[5/233] Building CXX object qcae/modules/document/CMakeFiles/qcae_document.dir/src/state_codec.cpp.o
[6/233] Building CXX object qcae/modules/document/CMakeFiles/qcae_document.dir/src/record_registry.cpp.o
[7/233] Building CXX object qcae/modules/document/CMakeFiles/qcae_document.dir/src/edit_session.cpp.o
[8/233] Building CXX object qcae/modules/document/CMakeFiles/qcae_document.dir/src/document_view.cpp.o
[9/233] Building CXX object qcae/modules/document/CMakeFiles/qcae_document.dir/src/record_model_bridge.cpp.o
[10/233] Building CXX object qcae/modules/document/CMakeFiles/qcae_document.dir/src/records_rules.cpp.o
[11/233] Linking CXX static library qcae/modules/document/libqcae_document.a
[12/233] Building CXX object qcae/modules/application/CMakeFiles/qcae_application.dir/src/core.cpp.o
[13/233] Building CXX object qcae/modules/parameters/CMakeFiles/qcae_parameters.dir/src/quantities.cpp.o
[14/233] Building CXX object qcae/modules/application/CMakeFiles/qcae_application.dir/src/application_state.cpp.o
[15/233] Building CXX object qcae/modules/operations/CMakeFiles/qcae_operations.dir/src/canonical_value.cpp.o
[16/233] Building CXX object qcae/modules/operations/CMakeFiles/qcae_operations.dir/src/change_receipt_value.cpp.o
[17/233] Building CXX object qcae/modules/operations/CMakeFiles/qcae_operations.dir/src/operation_registry.cpp.o
[18/233] Building CXX object qcae/modules/runtime/CMakeFiles/qcae_runtime.dir/src/task_record.cpp.o
[19/233] Automatic MOC for target qcae_desktop_client
[20/233] Building CXX object qcae/modules/runtime/CMakeFiles/qcae_runtime.dir/src/task_service.cpp.o
[21/233] Linking CXX static library qcae/modules/application/libqcae_application.a
[22/233] Linking CXX static library qcae/modules/parameters/libqcae_parameters.a
[23/233] Linking CXX static library qcae/modules/operations/libqcae_operations.a
[24/233] Linking CXX static library qcae/modules/runtime/libqcae_runtime.a
[25/233] Automatic MOC for target qcae_vtk_view
[26/233] Building CXX object qcae/modules/runtime/CMakeFiles/qcae_task_application.dir/record_application/src/task_application.cpp.o
[27/233] Building CXX object qcae/features/analysis/CMakeFiles/qcae_analysis_features.dir/src/analysis_operations.cpp.o
[28/233] Building CXX object qcae/features/analysis/CMakeFiles/qcae_analysis_features.dir/src/analysis_checks.cpp.o
[29/233] Building CXX object qcae/features/analysis/CMakeFiles/qcae_analysis_features.dir/src/check_report.cpp.o
[30/233] Building CXX object qcae/features/analysis/CMakeFiles/qcae_analysis_features.dir/src/analysis_input.cpp.o
[31/233] Generating generated/qcae/nastran_digest.hpp
[32/233] Building CXX object qcae/features/analysis/CMakeFiles/qcae_analysis_features.dir/src/analysis_input_codec.cpp.o
[33/233] Building CXX object qcae/adapters/artifacts_local/CMakeFiles/qcae_artifacts_local.dir/src/artifacts_local.cpp.o
[34/233] Building CXX object qcae/modules/clients/CMakeFiles/qcae_desktop_client.dir/qcae_desktop_client_autogen/mocs_compilation.cpp.o
[35/233] Building CXX object qcae/modules/clients/CMakeFiles/qcae_desktop_client.dir/src/desktop_client.cpp.o
[36/233] Building CXX object qcae/modules/clients/CMakeFiles/qcae_desktop_client.dir/src/resource_client.cpp.o
[37/233] Building CXX object qcae/adapters/rendering_vtk/CMakeFiles/qcae_vtk_view.dir/qcae_vtk_view_autogen/mocs_compilation.cpp.o
[38/233] Building CXX object qcae/features/legacy_api/CMakeFiles/qcae_legacy_api.dir/src/core.cpp.o
[39/233] Building CXX object qcae/adapters/rendering_vtk/CMakeFiles/qcae_vtk_view.dir/src/vtk_view.cpp.o
[40/233] Building CXX object qcae/features/legacy_api/CMakeFiles/qcae_legacy_api.dir/src/legacy_state.cpp.o
[41/233] Linking CXX static library qcae/modules/runtime/libqcae_task_application.a
[42/233] Building CXX object qcae/features/legacy_api/CMakeFiles/qcae_legacy_api.dir/src/legacy_migration.cpp.o
[43/233] Building CXX object qcae/features/geometry/CMakeFiles/qcae_geometry_features.dir/src/geometry_features.cpp.o
[44/233] Building CXX object qcae/features/mesh_generation/CMakeFiles/qcae_mesh_generation.dir/src/line_mesh_task.cpp.o
[45/233] Building CXX object qcae/features/materials/CMakeFiles/qcae_material_features.dir/src/material_operations.cpp.o
[46/233] Linking CXX static library qcae/features/analysis/libqcae_analysis_features.a
[47/233] Building CXX object qcae/features/results/CMakeFiles/qcae_result_features.dir/src/result_fixture.cpp.o
[48/233] Building CXX object qcae/features/mesh_editing/CMakeFiles/qcae_mesh_editing.dir/src/mesh_editing_operations.cpp.o
[49/233] Building CXX object qcae/features/results/CMakeFiles/qcae_result_features.dir/src/result_codec.cpp.o
[50/233] Building CXX object qcae/features/results/CMakeFiles/qcae_result_features.dir/src/result_service.cpp.o
[51/233] Building CXX object qcae/modules/query/CMakeFiles/qcae_query.dir/src/query_legacy.cpp.o
[52/233] Building CXX object qcae/modules/query/CMakeFiles/qcae_query.dir/src/query.cpp.o
[53/233] Building CXX object qcae/modules/query/CMakeFiles/qcae_query.dir/src/entity_queries.cpp.o
[54/233] Building CXX object qcae/modules/query/CMakeFiles/qcae_query.dir/src/render_projector.cpp.o
[55/233] Building CXX object qcae/profiles/nastran/CMakeFiles/qcae_nastran.dir/src/nastran_codec.cpp.o
[56/233] Building CXX object qcae/profiles/nastran/CMakeFiles/qcae_nastran.dir/src/nastran_package.cpp.o
[57/233] Linking CXX static library qcae/adapters/artifacts_local/libqcae_artifacts_local.a
[58/233] Building CXX object qcae/profiles/nastran/CMakeFiles/qcae_nastran.dir/src/nastran_static_result.cpp.o
[59/233] Linking CXX static library qcae/modules/clients/libqcae_desktop_client.a
[60/233] Linking CXX static library qcae/adapters/rendering_vtk/libqcae_vtk_view.a
[61/233] Linking CXX static library qcae/features/legacy_api/libqcae_legacy_api.a
[62/233] Linking CXX static library qcae/features/geometry/libqcae_geometry_features.a
[63/233] Linking CXX static library qcae/features/mesh_generation/libqcae_mesh_generation.a
[64/233] Linking CXX static library qcae/features/materials/libqcae_material_features.a
[65/233] Linking CXX static library qcae/features/mesh_editing/libqcae_mesh_editing.a
[66/233] Linking CXX static library qcae/features/results/libqcae_result_features.a
[67/233] Linking CXX static library qcae/modules/query/libqcae_query.a
[68/233] Linking CXX static library qcae/profiles/nastran/libqcae_nastran.a
[69/233] Building CXX object qcae/adapters/solver_local/CMakeFiles/qcae_solver_local.dir/src/solver_local.cpp.o
[70/233] Linking CXX static library qcae/adapters/solver_local/libqcae_solver_local.a
[71/233] Building CXX object qcae/adapters/storage_sqlite/CMakeFiles/qcae_sqlite.dir/src/sqlite_store.cpp.o
[72/233] Building CXX object qcae/adapters/engine_api/CMakeFiles/qcae_engine_api.dir/src/ipc_api.cpp.o
[73/233] Building CXX object qcae/adapters/engine_api/CMakeFiles/qcae_engine_api.dir/src/ipc_model.cpp.o
[74/233] Building CXX object qcae/adapters/engine_api/CMakeFiles/qcae_engine_api.dir/src/ipc_selection.cpp.o
[75/233] Building CXX object qcae/adapters/engine_api/CMakeFiles/qcae_engine_api.dir/src/typed_host.cpp.o
[76/233] Building CXX object qcae/adapters/engine_api/CMakeFiles/qcae_engine_api.dir/src/resource_store.cpp.o
[77/233] Building CXX object qcae/adapters/engine_api/CMakeFiles/qcae_engine_api.dir/src/engine_contributions.cpp.o
[78/233] Building CXX object qcae/adapters/engine_api/CMakeFiles/qcae_engine_api.dir/src/event_stream.cpp.o
[79/233] Building CXX object qcae/adapters/engine_api/CMakeFiles/qcae_engine_api.dir/src/render_service.cpp.o
[80/233] Building CXX object qcae/adapters/engine_api/CMakeFiles/qcae_engine_api.dir/src/result_api.cpp.o
[81/233] Building CXX object qcae/adapters/engine_api/CMakeFiles/qcae_engine_api.dir/src/solver_contribution.cpp.o
[82/233] Building CXX object qcae/adapters/engine_api/CMakeFiles/qcae_engine_api.dir/src/nastran_contribution.cpp.o
[83/233] Automatic MOC for target qcae_desktop_ui
[84/233] Linking CXX static library qcae/adapters/storage_sqlite/libqcae_sqlite.a
[85/233] Building CXX object qcae/adapters/engine_api/CMakeFiles/qcae_engine_api.dir/src/solver_run_record.cpp.o
[86/233] Linking CXX static library qcae/adapters/engine_api/libqcae_engine_api.a
[87/233] Building CXX object qcae/ui/desktop/CMakeFiles/qcae_desktop_ui.dir/qcae_desktop_ui_autogen/mocs_compilation.cpp.o
[88/233] Building CXX object qcae/apps/engine/CMakeFiles/qcae_engine_host.dir/engine_host.cpp.o
[89/233] Building CXX object qcae/ui/desktop/CMakeFiles/qcae_desktop_ui.dir/src/modeling_tools.cpp.o
[90/233] Building CXX object qcae/ui/desktop/CMakeFiles/qcae_desktop_ui.dir/src/analysis_tools.cpp.o
[91/233] Building CXX object qcae/ui/desktop/CMakeFiles/qcae_desktop_ui.dir/src/desktop.cpp.o
[92/233] Building CXX object CMakeFiles/consumer_qcae_foundation_qcae_types_hpp.dir/consumer_qcae_foundation_qcae_types_hpp.cpp.o
[93/233] Building CXX object CMakeFiles/consumer_qcae_foundation_qcae_operation_ledger_hpp.dir/consumer_qcae_foundation_qcae_operation_ledger_hpp.cpp.o
[94/233] Building CXX object qcae/ui/desktop/CMakeFiles/qcae_desktop_ui.dir/src/shortcut_preferences.cpp.o
[95/233] Building CXX object CMakeFiles/consumer_qcae_contracts_qcae_application_types_hpp.dir/consumer_qcae_contracts_qcae_application_types_hpp.cpp.o
[96/233] Building CXX object CMakeFiles/consumer_qcae_contracts_qcae_document_info_hpp.dir/consumer_qcae_contracts_qcae_document_info_hpp.cpp.o
[97/233] Building CXX object CMakeFiles/consumer_qcae_contracts_qcae_profile_provider_hpp.dir/consumer_qcae_contracts_qcae_profile_provider_hpp.cpp.o
[98/233] Building CXX object CMakeFiles/consumer_qcae_contracts_qcae_render_packet_hpp.dir/consumer_qcae_contracts_qcae_render_packet_hpp.cpp.o
[99/233] Building CXX object CMakeFiles/consumer_qcae_contracts_qcae_workspace_store_hpp.dir/consumer_qcae_contracts_qcae_workspace_store_hpp.cpp.o
[100/233] Building CXX object CMakeFiles/consumer_qcae_contracts_qcae_record_store_hpp.dir/consumer_qcae_contracts_qcae_record_store_hpp.cpp.o
[101/233] Building CXX object CMakeFiles/consumer_qcae_contracts_qcae_view_session_hpp.dir/consumer_qcae_contracts_qcae_view_session_hpp.cpp.o
[102/233] Building CXX object CMakeFiles/consumer_qcae_contracts_qcae_resource_hpp.dir/consumer_qcae_contracts_qcae_resource_hpp.cpp.o
[103/233] Building CXX object CMakeFiles/consumer_qcae_contracts_qcae_solver_runner_hpp.dir/consumer_qcae_contracts_qcae_solver_runner_hpp.cpp.o
[104/233] Building CXX object CMakeFiles/consumer_qcae_document_qcae_model_hpp.dir/consumer_qcae_document_qcae_model_hpp.cpp.o
[105/233] Building CXX object CMakeFiles/consumer_qcae_document_qcae_model_codec_hpp.dir/consumer_qcae_document_qcae_model_codec_hpp.cpp.o
[106/233] Building CXX object CMakeFiles/consumer_qcae_document_qcae_model_delta_hpp.dir/consumer_qcae_document_qcae_model_delta_hpp.cpp.o
[107/233] Building CXX object CMakeFiles/consumer_qcae_document_qcae_state_codec_hpp.dir/consumer_qcae_document_qcae_state_codec_hpp.cpp.o
[108/233] Building CXX object CMakeFiles/consumer_qcae_document_qcae_read_view_hpp.dir/consumer_qcae_document_qcae_read_view_hpp.cpp.o
[109/233] Building CXX object CMakeFiles/consumer_qcae_document_qcae_record_registry_hpp.dir/consumer_qcae_document_qcae_record_registry_hpp.cpp.o
[110/233] Building CXX object CMakeFiles/consumer_qcae_document_qcae_document_view_hpp.dir/consumer_qcae_document_qcae_document_view_hpp.cpp.o
[111/233] Building CXX object CMakeFiles/consumer_qcae_document_qcae_edit_session_hpp.dir/consumer_qcae_document_qcae_edit_session_hpp.cpp.o
[112/233] Building CXX object CMakeFiles/consumer_qcae_document_qcae_records_hpp.dir/consumer_qcae_document_qcae_records_hpp.cpp.o
[113/233] Building CXX object CMakeFiles/consumer_qcae_document_qcae_records_model_bridge_hpp.dir/consumer_qcae_document_qcae_records_model_bridge_hpp.cpp.o
[114/233] Building CXX object CMakeFiles/consumer_qcae_application_qcae_record_application_hpp.dir/consumer_qcae_application_qcae_record_application_hpp.cpp.o
[115/233] Building CXX object CMakeFiles/consumer_qcae_application_qcae_immutable_fact_map_hpp.dir/consumer_qcae_application_qcae_immutable_fact_map_hpp.cpp.o
[116/233] Building CXX object CMakeFiles/consumer_qcae_query_qcae_render_projector_hpp.dir/consumer_qcae_query_qcae_render_projector_hpp.cpp.o
[117/233] Building CXX object CMakeFiles/consumer_qcae_query_qcae_query_hpp.dir/consumer_qcae_query_qcae_query_hpp.cpp.o
[118/233] Building CXX object CMakeFiles/consumer_qcae_nastran_qcae_nastran_codec_hpp.dir/consumer_qcae_nastran_qcae_nastran_codec_hpp.cpp.o
[119/233] Building CXX object CMakeFiles/consumer_qcae_nastran_qcae_nastran_package_hpp.dir/consumer_qcae_nastran_qcae_nastran_package_hpp.cpp.o
[120/233] Building CXX object CMakeFiles/consumer_qcae_nastran_qcae_nastran_static_result_hpp.dir/consumer_qcae_nastran_qcae_nastran_static_result_hpp.cpp.o
[121/233] Building CXX object CMakeFiles/consumer_qcae_sqlite_qcae_sqlite_store_hpp.dir/consumer_qcae_sqlite_qcae_sqlite_store_hpp.cpp.o
[122/233] Building CXX object CMakeFiles/consumer_qcae_transport_local_qcae_render_wire_hpp.dir/consumer_qcae_transport_local_qcae_render_wire_hpp.cpp.o
[123/233] Building CXX object CMakeFiles/consumer_qcae_transport_local_qcae_local_endpoint_hpp.dir/consumer_qcae_transport_local_qcae_local_endpoint_hpp.cpp.o
[124/233] Building CXX object CMakeFiles/consumer_qcae_transport_local_qcae_json_ledger_hpp.dir/consumer_qcae_transport_local_qcae_json_ledger_hpp.cpp.o
[125/233] Building CXX object CMakeFiles/consumer_qcae_engine_api_qcae_ipc_api_hpp.dir/consumer_qcae_engine_api_qcae_ipc_api_hpp.cpp.o
[126/233] Building CXX object CMakeFiles/consumer_qcae_engine_api_qcae_ipc_model_hpp.dir/consumer_qcae_engine_api_qcae_ipc_model_hpp.cpp.o
[127/233] Building CXX object CMakeFiles/consumer_qcae_engine_api_qcae_ipc_selection_hpp.dir/consumer_qcae_engine_api_qcae_ipc_selection_hpp.cpp.o
[128/233] Building CXX object CMakeFiles/consumer_qcae_engine_api_qcae_typed_host_hpp.dir/consumer_qcae_engine_api_qcae_typed_host_hpp.cpp.o
[129/233] Building CXX object CMakeFiles/consumer_qcae_engine_api_qcae_engine_contributions_hpp.dir/consumer_qcae_engine_api_qcae_engine_contributions_hpp.cpp.o
[130/233] Building CXX object CMakeFiles/consumer_qcae_engine_api_qcae_resource_store_hpp.dir/consumer_qcae_engine_api_qcae_resource_store_hpp.cpp.o
[131/233] Building CXX object CMakeFiles/consumer_qcae_engine_api_qcae_event_stream_hpp.dir/consumer_qcae_engine_api_qcae_event_stream_hpp.cpp.o
[132/233] Building CXX object CMakeFiles/consumer_qcae_engine_api_qcae_result_api_hpp.dir/consumer_qcae_engine_api_qcae_result_api_hpp.cpp.o
[133/233] Building CXX object CMakeFiles/consumer_qcae_engine_api_qcae_render_service_hpp.dir/consumer_qcae_engine_api_qcae_render_service_hpp.cpp.o
[134/233] Building CXX object CMakeFiles/consumer_qcae_engine_api_qcae_nastran_contribution_hpp.dir/consumer_qcae_engine_api_qcae_nastran_contribution_hpp.cpp.o
[135/233] Building CXX object CMakeFiles/consumer_qcae_engine_api_qcae_solver_contribution_hpp.dir/consumer_qcae_engine_api_qcae_solver_contribution_hpp.cpp.o
[136/233] Building CXX object CMakeFiles/consumer_qcae_engine_api_qcae_solver_run_record_hpp.dir/consumer_qcae_engine_api_qcae_solver_run_record_hpp.cpp.o
[137/233] Building CXX object CMakeFiles/consumer_qcae_desktop_client_qcae_desktop_client_hpp.dir/consumer_qcae_desktop_client_qcae_desktop_client_hpp.cpp.o
[138/233] Building CXX object CMakeFiles/consumer_qcae_desktop_client_qcae_resource_client_hpp.dir/consumer_qcae_desktop_client_qcae_resource_client_hpp.cpp.o
[139/233] Building CXX object CMakeFiles/consumer_qcae_vtk_view_qcae_sdk_copy_observation_hpp.dir/consumer_qcae_vtk_view_qcae_sdk_copy_observation_hpp.cpp.o
[140/233] Building CXX object CMakeFiles/consumer_qcae_vtk_view_qcae_vtk_view_hpp.dir/consumer_qcae_vtk_view_qcae_vtk_view_hpp.cpp.o
[141/233] Building CXX object CMakeFiles/consumer_qcae_vtk_view_qcae_sdk_copy_tracker_hpp.dir/consumer_qcae_vtk_view_qcae_sdk_copy_tracker_hpp.cpp.o
[142/233] Building CXX object CMakeFiles/consumer_qcae_legacy_api_qcae_core_hpp.dir/consumer_qcae_legacy_api_qcae_core_hpp.cpp.o
[143/233] Building CXX object CMakeFiles/consumer_qcae_desktop_ui_qcae_desktop_hpp.dir/consumer_qcae_desktop_ui_qcae_desktop_hpp.cpp.o
[144/233] Building CXX object CMakeFiles/consumer_qcae_legacy_api_qcae_legacy_migration_hpp.dir/consumer_qcae_legacy_api_qcae_legacy_migration_hpp.cpp.o
[145/233] Building CXX object CMakeFiles/consumer_qcae_parameters_qcae_quantities_hpp.dir/consumer_qcae_parameters_qcae_quantities_hpp.cpp.o
[146/233] Building CXX object CMakeFiles/consumer_qcae_runtime_qcae_task_service_hpp.dir/consumer_qcae_runtime_qcae_task_service_hpp.cpp.o
[147/233] Building CXX object CMakeFiles/consumer_qcae_operations_qcae_operation_registry_hpp.dir/consumer_qcae_operations_qcae_operation_registry_hpp.cpp.o
[148/233] Building CXX object CMakeFiles/consumer_qcae_task_application_qcae_task_application_hpp.dir/consumer_qcae_task_application_qcae_task_application_hpp.cpp.o
[149/233] Building CXX object CMakeFiles/consumer_qcae_geometry_features_qcae_geometry_features_hpp.dir/consumer_qcae_geometry_features_qcae_geometry_features_hpp.cpp.o
[150/233] Building CXX object CMakeFiles/consumer_qcae_mesh_generation_qcae_line_mesh_task_hpp.dir/consumer_qcae_mesh_generation_qcae_line_mesh_task_hpp.cpp.o
[151/233] Building CXX object CMakeFiles/consumer_qcae_material_features_qcae_material_operations_hpp.dir/consumer_qcae_material_features_qcae_material_operations_hpp.cpp.o
[152/233] Building CXX object CMakeFiles/consumer_qcae_mesh_editing_qcae_mesh_editing_operations_hpp.dir/consumer_qcae_mesh_editing_qcae_mesh_editing_operations_hpp.cpp.o
[153/233] Building CXX object CMakeFiles/consumer_qcae_engine_host_qcae_engine_host_hpp.dir/consumer_qcae_engine_host_qcae_engine_host_hpp.cpp.o
[154/233] Building CXX object CMakeFiles/consumer_qcae_analysis_features_qcae_analysis_features_hpp.dir/consumer_qcae_analysis_features_qcae_analysis_features_hpp.cpp.o
[155/233] Building CXX object CMakeFiles/consumer_qcae_analysis_features_qcae_analysis_input_hpp.dir/consumer_qcae_analysis_features_qcae_analysis_input_hpp.cpp.o
[156/233] Building CXX object CMakeFiles/consumer_qcae_artifacts_local_qcae_artifacts_local_hpp.dir/consumer_qcae_artifacts_local_qcae_artifacts_local_hpp.cpp.o
[157/233] Building CXX object CMakeFiles/consumer_qcae_result_features_qcae_result_fixture_hpp.dir/consumer_qcae_result_features_qcae_result_fixture_hpp.cpp.o
[158/233] Building CXX object CMakeFiles/consumer_qcae_result_features_qcae_result_service_hpp.dir/consumer_qcae_result_features_qcae_result_service_hpp.cpp.o
[159/233] Building CXX object CMakeFiles/consumer_qcae_solver_local_qcae_solver_local_hpp.dir/consumer_qcae_solver_local_qcae_solver_local_hpp.cpp.o
[160/233] Building CXX object CMakeFiles/consumer_generated_operations.dir/consumer_generated_operations.cpp.o
[161/233] Linking CXX static library qcae/apps/engine/libqcae_engine_host.a
[162/233] Linking CXX static library qcae/ui/desktop/libqcae_desktop_ui.a
[163/233] Linking CXX executable consumer_qcae_foundation_qcae_types_hpp
[164/233] Linking CXX executable consumer_qcae_foundation_qcae_operation_ledger_hpp
[165/233] Linking CXX executable consumer_qcae_contracts_qcae_application_types_hpp
[166/233] Linking CXX executable consumer_qcae_contracts_qcae_document_info_hpp
[167/233] Linking CXX executable consumer_qcae_contracts_qcae_profile_provider_hpp
[168/233] Linking CXX executable consumer_qcae_contracts_qcae_render_packet_hpp
[169/233] Linking CXX executable consumer_qcae_contracts_qcae_workspace_store_hpp
[170/233] Linking CXX executable consumer_qcae_contracts_qcae_record_store_hpp
[171/233] Building CXX object CMakeFiles/consumer_operation_contracts.dir/consumer_operation_contracts.cpp.o
[172/233] Linking CXX executable consumer_qcae_contracts_qcae_view_session_hpp
[173/233] Linking CXX executable consumer_qcae_contracts_qcae_resource_hpp
[174/233] Linking CXX executable consumer_qcae_contracts_qcae_solver_runner_hpp
[175/233] Linking CXX executable consumer_qcae_document_qcae_model_hpp
[176/233] Linking CXX executable consumer_qcae_document_qcae_model_codec_hpp
[177/233] Linking CXX executable consumer_qcae_document_qcae_model_delta_hpp
[178/233] Linking CXX executable consumer_qcae_document_qcae_state_codec_hpp
[179/233] Linking CXX executable consumer_qcae_document_qcae_read_view_hpp
[180/233] Linking CXX executable consumer_qcae_document_qcae_record_registry_hpp
[181/233] Linking CXX executable consumer_qcae_document_qcae_document_view_hpp
[182/233] Linking CXX executable consumer_qcae_document_qcae_edit_session_hpp
[183/233] Linking CXX executable consumer_qcae_document_qcae_records_hpp
[184/233] Linking CXX executable consumer_qcae_document_qcae_records_model_bridge_hpp
[185/233] Linking CXX executable consumer_qcae_application_qcae_record_application_hpp
[186/233] Linking CXX executable consumer_qcae_application_qcae_immutable_fact_map_hpp
[187/233] Linking CXX executable consumer_qcae_query_qcae_query_hpp
[188/233] Linking CXX executable consumer_qcae_query_qcae_render_projector_hpp
[189/233] Linking CXX executable consumer_qcae_nastran_qcae_nastran_codec_hpp
[190/233] Linking CXX executable consumer_qcae_nastran_qcae_nastran_package_hpp
[191/233] Linking CXX executable consumer_qcae_nastran_qcae_nastran_static_result_hpp
[192/233] Linking CXX executable consumer_qcae_sqlite_qcae_sqlite_store_hpp
[193/233] Linking CXX executable consumer_qcae_transport_local_qcae_local_endpoint_hpp
[194/233] Linking CXX executable consumer_qcae_transport_local_qcae_render_wire_hpp
[195/233] Linking CXX executable consumer_qcae_transport_local_qcae_json_ledger_hpp
[196/233] Linking CXX executable consumer_qcae_engine_api_qcae_ipc_api_hpp
[197/233] Linking CXX executable consumer_qcae_engine_api_qcae_ipc_model_hpp
[198/233] Linking CXX executable consumer_qcae_engine_api_qcae_ipc_selection_hpp
[199/233] Linking CXX executable consumer_qcae_engine_api_qcae_typed_host_hpp
[200/233] Linking CXX executable consumer_qcae_engine_api_qcae_engine_contributions_hpp
[201/233] Linking CXX executable consumer_qcae_engine_api_qcae_resource_store_hpp
[202/233] Linking CXX executable consumer_qcae_engine_api_qcae_event_stream_hpp
[203/233] Linking CXX executable consumer_qcae_engine_api_qcae_render_service_hpp
[204/233] Linking CXX executable consumer_qcae_engine_api_qcae_result_api_hpp
[205/233] Linking CXX executable consumer_qcae_engine_api_qcae_nastran_contribution_hpp
[206/233] Linking CXX executable consumer_qcae_engine_api_qcae_solver_contribution_hpp
[207/233] Linking CXX executable consumer_qcae_engine_api_qcae_solver_run_record_hpp
[208/233] Linking CXX executable consumer_qcae_desktop_client_qcae_desktop_client_hpp
[209/233] Linking CXX executable consumer_qcae_desktop_client_qcae_resource_client_hpp
[210/233] Linking CXX executable consumer_qcae_vtk_view_qcae_vtk_view_hpp
[211/233] Linking CXX executable consumer_qcae_vtk_view_qcae_sdk_copy_observation_hpp
[212/233] Linking CXX executable consumer_qcae_vtk_view_qcae_sdk_copy_tracker_hpp
[213/233] Linking CXX executable consumer_qcae_desktop_ui_qcae_desktop_hpp
[214/233] Linking CXX executable consumer_qcae_legacy_api_qcae_core_hpp
[215/233] Linking CXX executable consumer_qcae_legacy_api_qcae_legacy_migration_hpp
[216/233] Linking CXX executable consumer_qcae_parameters_qcae_quantities_hpp
[217/233] Linking CXX executable consumer_qcae_operations_qcae_operation_registry_hpp
[218/233] Linking CXX executable consumer_qcae_runtime_qcae_task_service_hpp
[219/233] Linking CXX executable consumer_qcae_task_application_qcae_task_application_hpp
[220/233] Linking CXX executable consumer_qcae_geometry_features_qcae_geometry_features_hpp
[221/233] Linking CXX executable consumer_qcae_mesh_generation_qcae_line_mesh_task_hpp
[222/233] Linking CXX executable consumer_qcae_material_features_qcae_material_operations_hpp
[223/233] Linking CXX executable consumer_qcae_mesh_editing_qcae_mesh_editing_operations_hpp
[224/233] Linking CXX executable consumer_qcae_engine_host_qcae_engine_host_hpp
[225/233] Linking CXX executable consumer_qcae_analysis_features_qcae_analysis_features_hpp
[226/233] Linking CXX executable consumer_qcae_analysis_features_qcae_analysis_input_hpp
[227/233] Linking CXX executable consumer_qcae_artifacts_local_qcae_artifacts_local_hpp
[228/233] Linking CXX executable consumer_qcae_result_features_qcae_result_service_hpp
[229/233] Linking CXX executable consumer_qcae_result_features_qcae_result_fixture_hpp
[230/233] Linking CXX executable consumer_qcae_solver_local_qcae_solver_local_hpp
[231/233] Linking CXX executable consumer_generated_operations
[232/233] Linking CXX executable consumer_operation_contracts
