[  0%] Generating ../../generated/qcae/operations.hpp
[  0%] Built target qcae_generated_contract
[  0%] Built target qcae_vtk_view_autogen_timestamp_deps
[  0%] Built target qcae_desktop_client_autogen_timestamp_deps
[ 12%] Automatic MOC for target qcae_desktop_client
[ 12%] Automatic MOC for target qcae_vtk_view
[ 12%] Built target qcae_desktop_client_autogen
[ 12%] Built target qcae_vtk_view_autogen
[ 25%] Building CXX object modules/clients/CMakeFiles/qcae_desktop_client.dir/qcae_desktop_client_autogen/mocs_compilation.cpp.o
[ 25%] Building CXX object adapters/rendering_vtk/CMakeFiles/qcae_vtk_view.dir/qcae_vtk_view_autogen/mocs_compilation.cpp.o
[ 25%] Building CXX object modules/clients/CMakeFiles/qcae_desktop_client.dir/src/desktop_client.cpp.o
[ 37%] Building CXX object adapters/rendering_vtk/CMakeFiles/qcae_vtk_view.dir/src/vtk_view.cpp.o
[ 50%] Building CXX object modules/clients/CMakeFiles/qcae_desktop_client.dir/src/resource_client.cpp.o
[ 50%] Linking CXX static library libqcae_vtk_view.a
[ 50%] Built target qcae_vtk_view
[ 50%] Linking CXX static library libqcae_desktop_client.a
[ 50%] Built target qcae_desktop_client
[ 50%] Built target qcae_desktop_ui_autogen_timestamp_deps
[ 50%] Automatic MOC for target qcae_desktop_ui
[ 50%] Built target qcae_desktop_ui_autogen
[ 62%] Building CXX object ui/desktop/CMakeFiles/qcae_desktop_ui.dir/qcae_desktop_ui_autogen/mocs_compilation.cpp.o
[ 62%] Building CXX object ui/desktop/CMakeFiles/qcae_desktop_ui.dir/src/desktop.cpp.o
[ 62%] Building CXX object ui/desktop/CMakeFiles/qcae_desktop_ui.dir/src/modeling_tools.cpp.o
[ 75%] Building CXX object ui/desktop/CMakeFiles/qcae_desktop_ui.dir/src/analysis_tools.cpp.o
[ 75%] Building CXX object ui/desktop/CMakeFiles/qcae_desktop_ui.dir/src/shortcut_preferences.cpp.o
[ 87%] Linking CXX static library libqcae_desktop_ui.a
[ 87%] Built target qcae_desktop_ui
[100%] Building CXX object CMakeFiles/qcae_c3_end_to_end_bench.dir/tests/c3_end_to_end_bench.cpp.o
[100%] Linking CXX executable qcae_c3_end_to_end_bench
[100%] Built target qcae_c3_end_to_end_bench
[  0%] Built target qcae_generated_contract
[  2%] Generating ../../generated/qcae/operation_inputs.hpp
[  5%] Building CXX object CMakeFiles/qcae_c3_sqlite_observed.dir/tests/c3_sqlite_copy_bridge.cpp.o
[  5%] Built target qcae_generated_operation_inputs
[  5%] Building CXX object modules/document/CMakeFiles/qcae_document.dir/src/model.cpp.o
[  5%] Linking CXX static library libqcae_c3_sqlite_observed.a
[  5%] Built target qcae_c3_sqlite_observed
[  8%] Building CXX object modules/parameters/CMakeFiles/qcae_parameters.dir/src/quantities.cpp.o
[  8%] Linking CXX static library libqcae_parameters.a
[  8%] Built target qcae_parameters
[ 10%] Building CXX object modules/document/CMakeFiles/qcae_document.dir/src/model_delta.cpp.o
[ 13%] Building CXX object modules/operations/CMakeFiles/qcae_operations.dir/src/operation_registry.cpp.o
[ 13%] Building CXX object modules/operations/CMakeFiles/qcae_operations.dir/src/canonical_value.cpp.o
[ 13%] Building CXX object modules/document/CMakeFiles/qcae_document.dir/src/state_codec.cpp.o
[ 16%] Building CXX object modules/operations/CMakeFiles/qcae_operations.dir/src/change_receipt_value.cpp.o
[ 16%] Linking CXX static library libqcae_operations.a
[ 16%] Built target qcae_operations
[ 18%] Building CXX object modules/document/CMakeFiles/qcae_document.dir/src/record_registry.cpp.o
[ 18%] Building CXX object modules/document/CMakeFiles/qcae_document.dir/src/document_view.cpp.o
[ 18%] Building CXX object modules/runtime/CMakeFiles/qcae_runtime.dir/src/task_record.cpp.o
[ 21%] Building CXX object modules/document/CMakeFiles/qcae_document.dir/src/edit_session.cpp.o
[ 24%] Building CXX object modules/runtime/CMakeFiles/qcae_runtime.dir/src/task_service.cpp.o
[ 24%] Building CXX object modules/document/CMakeFiles/qcae_document.dir/src/record_model_bridge.cpp.o
[ 24%] Linking CXX static library libqcae_runtime.a
[ 24%] Built target qcae_runtime
[ 24%] Building CXX object modules/document/CMakeFiles/qcae_document.dir/src/records_rules.cpp.o
[ 27%] Building CXX object adapters/storage_sqlite/CMakeFiles/qcae_sqlite.dir/src/sqlite_store.cpp.o
[ 27%] Linking CXX static library libqcae_sqlite.a
[ 29%] Linking CXX static library libqcae_document.a
[ 29%] Built target qcae_sqlite
[ 29%] Built target qcae_document
[ 32%] Building CXX object modules/application/CMakeFiles/qcae_application.dir/src/core.cpp.o
[ 32%] Building CXX object adapters/artifacts_local/CMakeFiles/qcae_artifacts_local.dir/src/artifacts_local.cpp.o
[ 35%] Linking CXX static library libqcae_artifacts_local.a
[ 35%] Built target qcae_artifacts_local
[ 37%] Building CXX object modules/query/CMakeFiles/qcae_query.dir/src/query.cpp.o
[ 37%] Building CXX object modules/application/CMakeFiles/qcae_application.dir/src/application_state.cpp.o
[ 37%] Building CXX object modules/query/CMakeFiles/qcae_query.dir/src/query_legacy.cpp.o
[ 40%] Building CXX object modules/query/CMakeFiles/qcae_query.dir/src/entity_queries.cpp.o
[ 43%] Linking CXX static library libqcae_application.a
[ 43%] Built target qcae_application
[ 43%] Building CXX object modules/query/CMakeFiles/qcae_query.dir/src/render_projector.cpp.o
[ 43%] Generating generated/qcae/nastran_digest.hpp
[ 45%] Building CXX object profiles/nastran/CMakeFiles/qcae_nastran.dir/src/nastran_codec.cpp.o
[ 45%] Linking CXX static library libqcae_query.a
[ 45%] Built target qcae_query
[ 45%] Building CXX object profiles/nastran/CMakeFiles/qcae_nastran.dir/src/nastran_package.cpp.o
[ 45%] Building CXX object adapters/solver_local/CMakeFiles/qcae_solver_local.dir/src/solver_local.cpp.o
[ 48%] Building CXX object profiles/nastran/CMakeFiles/qcae_nastran.dir/src/nastran_static_result.cpp.o
[ 48%] Linking CXX static library libqcae_nastran.a
[ 48%] Built target qcae_nastran
[ 51%] Building CXX object features/legacy_api/CMakeFiles/qcae_legacy_api.dir/src/core.cpp.o
[ 54%] Linking CXX static library libqcae_solver_local.a
[ 54%] Built target qcae_solver_local
[ 54%] Building CXX object features/legacy_api/CMakeFiles/qcae_legacy_api.dir/src/legacy_state.cpp.o
[ 56%] Building CXX object features/legacy_api/CMakeFiles/qcae_legacy_api.dir/src/legacy_migration.cpp.o
[ 59%] Building CXX object modules/runtime/CMakeFiles/qcae_task_application.dir/record_application/src/task_application.cpp.o
[ 59%] Linking CXX static library libqcae_legacy_api.a
[ 59%] Linking CXX static library libqcae_task_application.a
[ 59%] Built target qcae_legacy_api
[ 59%] Building CXX object features/geometry/CMakeFiles/qcae_geometry_features.dir/src/geometry_features.cpp.o
[ 59%] Built target qcae_task_application
[ 59%] Building CXX object features/materials/CMakeFiles/qcae_material_features.dir/src/material_operations.cpp.o
[ 62%] Linking CXX static library libqcae_geometry_features.a
[ 62%] Built target qcae_geometry_features
[ 62%] Building CXX object features/mesh_editing/CMakeFiles/qcae_mesh_editing.dir/src/mesh_editing_operations.cpp.o
[ 64%] Linking CXX static library libqcae_material_features.a
[ 64%] Built target qcae_material_features
[ 64%] Building CXX object features/analysis/CMakeFiles/qcae_analysis_features.dir/src/analysis_operations.cpp.o
[ 64%] Linking CXX static library libqcae_mesh_editing.a
[ 64%] Built target qcae_mesh_editing
[ 67%] Building CXX object features/analysis/CMakeFiles/qcae_analysis_features.dir/src/analysis_checks.cpp.o
[ 70%] Building CXX object features/mesh_generation/CMakeFiles/qcae_mesh_generation.dir/src/line_mesh_task.cpp.o
[ 70%] Building CXX object features/analysis/CMakeFiles/qcae_analysis_features.dir/src/check_report.cpp.o
[ 70%] Building CXX object features/analysis/CMakeFiles/qcae_analysis_features.dir/src/analysis_input.cpp.o
[ 70%] Linking CXX static library libqcae_mesh_generation.a
[ 70%] Built target qcae_mesh_generation
[ 72%] Building CXX object features/analysis/CMakeFiles/qcae_analysis_features.dir/src/analysis_input_codec.cpp.o
[ 72%] Linking CXX static library libqcae_analysis_features.a
[ 72%] Built target qcae_analysis_features
[ 72%] Building CXX object features/results/CMakeFiles/qcae_result_features.dir/src/result_codec.cpp.o
[ 75%] Building CXX object features/results/CMakeFiles/qcae_result_features.dir/src/result_fixture.cpp.o
[ 78%] Building CXX object features/results/CMakeFiles/qcae_result_features.dir/src/result_service.cpp.o
[ 78%] Linking CXX static library libqcae_result_features.a
[ 78%] Built target qcae_result_features
[ 78%] Building CXX object adapters/engine_api/CMakeFiles/qcae_engine_api.dir/src/ipc_api.cpp.o
[ 81%] Building CXX object adapters/engine_api/CMakeFiles/qcae_engine_api.dir/src/ipc_model.cpp.o
[ 81%] Building CXX object adapters/engine_api/CMakeFiles/qcae_engine_api.dir/src/ipc_selection.cpp.o
[ 83%] Building CXX object adapters/engine_api/CMakeFiles/qcae_engine_api.dir/src/typed_host.cpp.o
[ 83%] Building CXX object adapters/engine_api/CMakeFiles/qcae_engine_api.dir/src/engine_contributions.cpp.o
[ 86%] Building CXX object adapters/engine_api/CMakeFiles/qcae_engine_api.dir/src/resource_store.cpp.o
[ 86%] Building CXX object adapters/engine_api/CMakeFiles/qcae_engine_api.dir/src/event_stream.cpp.o
[ 86%] Building CXX object adapters/engine_api/CMakeFiles/qcae_engine_api.dir/src/render_service.cpp.o
[ 89%] Building CXX object adapters/engine_api/CMakeFiles/qcae_engine_api.dir/src/result_api.cpp.o
[ 89%] Building CXX object adapters/engine_api/CMakeFiles/qcae_engine_api.dir/src/nastran_contribution.cpp.o
[ 91%] Building CXX object adapters/engine_api/CMakeFiles/qcae_engine_api.dir/src/solver_contribution.cpp.o
[ 91%] Building CXX object adapters/engine_api/CMakeFiles/qcae_engine_api.dir/src/solver_run_record.cpp.o
[ 94%] Linking CXX static library libqcae_engine_api.a
[ 94%] Built target qcae_engine_api
[ 97%] Building CXX object apps/engine/CMakeFiles/qcae_engine_host.dir/engine_host.cpp.o
[ 97%] Linking CXX static library libqcae_engine_host.a
[ 97%] Built target qcae_engine_host
[ 97%] Building CXX object CMakeFiles/qcae_c3_ledger_engine.dir/tests/c3_ledger_engine_main.cpp.o
[100%] Linking CXX executable qcae_c3_ledger_engine
[100%] Built target qcae_c3_ledger_engine
