[0/2] Re-checking globbed directories...
[1/54] Generating ../../generated/qcae/operation_inputs.hpp
[2/54] Building CXX object modules/operations/CMakeFiles/qcae_operations.dir/src/operation_registry.cpp.o
[3/54] Building CXX object features/legacy_api/CMakeFiles/qcae_legacy_api.dir/src/core.cpp.o
[4/54] Building CXX object modules/operations/CMakeFiles/qcae_operations.dir/src/canonical_value.cpp.o
[5/54] Building CXX object modules/operations/CMakeFiles/qcae_operations.dir/src/change_receipt_value.cpp.o
[6/54] Linking CXX static library modules/operations/libqcae_operations.a
[7/54] Building CXX object features/analysis/CMakeFiles/qcae_analysis_features.dir/src/analysis_checks.cpp.o
[8/54] Building CXX object features/analysis/CMakeFiles/qcae_analysis_features.dir/src/analysis_operations.cpp.o
[9/54] Building CXX object features/analysis/CMakeFiles/qcae_analysis_features.dir/src/check_report.cpp.o
[10/54] Building CXX object features/analysis/CMakeFiles/qcae_analysis_features.dir/src/analysis_input.cpp.o
[11/54] Building CXX object features/analysis/CMakeFiles/qcae_analysis_features.dir/src/analysis_input_codec.cpp.o
[12/54] Building CXX object features/legacy_api/CMakeFiles/qcae_legacy_api.dir/src/legacy_state.cpp.o
[13/54] Building CXX object features/legacy_api/CMakeFiles/qcae_legacy_api.dir/src/legacy_migration.cpp.o
[14/54] Building CXX object features/geometry/CMakeFiles/qcae_geometry_features.dir/src/geometry_features.cpp.o
[15/54] Building CXX object features/mesh_generation/CMakeFiles/qcae_mesh_generation.dir/src/line_mesh_task.cpp.o
[16/54] Building CXX object features/materials/CMakeFiles/qcae_material_features.dir/src/material_operations.cpp.o
[17/54] Linking CXX static library features/analysis/libqcae_analysis_features.a
[18/54] Building CXX object features/mesh_editing/CMakeFiles/qcae_mesh_editing.dir/src/mesh_editing_operations.cpp.o
[19/54] Building CXX object features/results/CMakeFiles/qcae_result_features.dir/src/result_fixture.cpp.o
[20/54] Building CXX object features/results/CMakeFiles/qcae_result_features.dir/src/result_codec.cpp.o
[21/54] Building CXX object features/results/CMakeFiles/qcae_result_features.dir/src/result_service.cpp.o
[22/54] Building CXX object modules/query/CMakeFiles/qcae_query.dir/src/query_legacy.cpp.o
[23/54] Building CXX object modules/query/CMakeFiles/qcae_query.dir/src/query.cpp.o
[24/54] Building CXX object modules/query/CMakeFiles/qcae_query.dir/src/entity_queries.cpp.o
[25/54] Linking CXX static library features/legacy_api/libqcae_legacy_api.a
[26/54] Linking CXX static library features/geometry/libqcae_geometry_features.a
[27/54] Linking CXX static library features/mesh_generation/libqcae_mesh_generation.a
[28/54] Linking CXX static library features/materials/libqcae_material_features.a
[29/54] Linking CXX static library features/mesh_editing/libqcae_mesh_editing.a
[30/54] Linking CXX static library features/results/libqcae_result_features.a
[31/54] Linking CXX static library adapters/solver_local/libqcae_solver_local.a
[32/54] Building CXX object modules/query/CMakeFiles/qcae_query.dir/src/render_projector.cpp.o
[33/54] Linking CXX static library modules/query/libqcae_query.a
[34/54] Building CXX object adapters/engine_api/CMakeFiles/qcae_engine_api.dir/src/ipc_api.cpp.o
[35/54] Building CXX object adapters/engine_api/CMakeFiles/qcae_engine_api.dir/src/ipc_model.cpp.o
[36/54] Building CXX object adapters/engine_api/CMakeFiles/qcae_engine_api.dir/src/ipc_selection.cpp.o
[37/54] Building CXX object adapters/engine_api/CMakeFiles/qcae_engine_api.dir/src/typed_host.cpp.o
[38/54] Building CXX object adapters/engine_api/CMakeFiles/qcae_engine_api.dir/src/resource_store.cpp.o
[39/54] Building CXX object adapters/engine_api/CMakeFiles/qcae_engine_api.dir/src/engine_contributions.cpp.o
[40/54] Building CXX object adapters/engine_api/CMakeFiles/qcae_engine_api.dir/src/event_stream.cpp.o
[41/54] Building CXX object adapters/engine_api/CMakeFiles/qcae_engine_api.dir/src/render_service.cpp.o
[42/54] Building CXX object adapters/engine_api/CMakeFiles/qcae_engine_api.dir/src/result_api.cpp.o
[43/54] Building CXX object adapters/engine_api/CMakeFiles/qcae_engine_api.dir/src/nastran_contribution.cpp.o
[44/54] Building CXX object adapters/engine_api/CMakeFiles/qcae_engine_api.dir/src/solver_contribution.cpp.o
[45/54] Building CXX object adapters/engine_api/CMakeFiles/qcae_engine_api.dir/src/solver_run_record.cpp.o
[46/54] Linking CXX static library adapters/engine_api/libqcae_engine_api.a
[47/54] Building CXX object apps/engine/CMakeFiles/qcae_engine_host.dir/engine_host.cpp.o
[48/54] Linking CXX static library apps/engine/libqcae_engine_host.a
[49/54] Building CXX object adapters/solver_local/CMakeFiles/qcae_solver_local_tests.dir/__/__/tests/solver_local_tests.cpp.o
[50/54] Linking CXX executable qcae_runtime_tests
[51/54] Linking CXX executable qcae_solver_local_tests
[52/54] Building CXX object apps/engine/CMakeFiles/qcae-engine.dir/main.cpp.o
[53/54] Linking CXX executable qcae-engine
