context-files.jsonl 45
FIRST {'delivered_complete_file': True, 'delivered_utf8_bytes': 4138, 'path': 'AGENTS.md', 'phase': 'initial', 'sha256': '674fb4f1000279629979d95120d2fd0c9ecaa3365b56f83caf9198b68b4621b2', 'utf8_bytes': 4101}
LAST {'delivered_complete_file': True, 'delivered_utf8_bytes': 16913, 'path': 'docs/architecture/runtime-and-data.md', 'phase': 'subsequent', 'sha256': 'c7f87c76a786f4ed0930577a841a4c67ea714ab67d40d67c3827b31e53290a1a', 'utf8_bytes': 16847}
2 AGENTS.md
2 docs/engineering/c4-executor-task.md
2 schemas/entities/entities.json
2 schemas/operations/basic.json
2 features/mesh_editing/src/mesh_editing_operations.cpp
2 modules/document/include/qcae/edit_session.hpp
2 modules/contracts/include/qcae/render_packet.hpp
2 modules/query/include/qcae/render_projector.hpp
1 docs/architecture/README.md
1 docs/architecture/modules.md
1 docs/architecture/module-dependencies.json
2 docs/architecture/runtime-and-data.md
2 docs/implementation/m0.md
1 modules/document/src/records_rules.cpp
1 modules/document/include/qcae/records.hpp
2 modules/document/CMakeLists.txt
2 features/mesh_editing/include/qcae/mesh_editing_operations.hpp
2 modules/query/src/render_projector.cpp
1 tests/public_api_consumers/CMakeLists.txt
1 features/analysis/src/analysis_input.cpp
1 tests/desktop_selection_tests.cpp
1 tests/model_operation_tests.cpp
1 tests/record_store_tests.cpp
1 features/analysis/src/cantilever_checks.cpp
1 features/analysis/src/analysis_checks.cpp
1 profiles/nastran/src/nastran_package.cpp
1 tests/geometry_mesh_tests.cpp
1 features/materials/src/material_operations.cpp
1 tests/runtime_test_support.hpp
1 features/mesh_editing/CMakeLists.txt
1 profiles/nastran/CMakeLists.txt
1 features/analysis/CMakeLists.txt
context-commands.jsonl 77
FIRST {'command': "rg --files features modules tests profiles cmake | rg 'record|rules|render_project|selection|consumer|CMake|analysis'", 'name': 'locate', 'utf8_bytes': 1989, 'raw_log_bytes': 1989, 'complete': True, 'exit_code': 0, 'sha256': '806f4250a40fe1bc92575e3ecd50e8d67377462fd3b0c17c1737637c3f5e14e8', 'token_count': None}
LAST {'command': 'cat tests/tri3_ipc_tests.py', 'name': 'audit-ipc-test', 'utf8_bytes': 9178, 'raw_log_bytes': 9178, 'complete': True, 'exit_code': 0, 'sha256': 'e56528b26df5536c2e03d478b6e0fd0c09d41417df4c17a8c956a09a97b5a74e', 'token_count': None}
locate 1989 1989 True 0
manifest-summary 16010 16010 True 0
architecture 32043 56586 False 0
rules-read 45043 111451 False 0
projector-read 22989 22989 True 0
build-env 16043 56651 False 0
task-context 42043 105152 False 0
lookup 19043 21931 False 0
entry-locations 3862 3862 True 0
operations-test-read 701 701 True 1
operation-tests 36043 56108 False 0
view-tests 22745 22745 True 0
nastran-locate 2696 2696 True 0
checks-read 27043 29425 False 0
read-export 28043 38484 False 0
generate 480 480 True 0
test-support 688 688 True 1
core-config 712 712 True 0
test-support2 9789 9789 True 0
ipc-find 1353 1353 True 0
ipc-support 33043 33453 False 0
options-save 14043 17169 False 0
core-build1 10043 16549 False 1
hash-fixture 65 65 True 0
build-errors 5280 5280 True 0
core-build2 2197 2197 True 1
wire-lookup 2742 2742 True 0
core-build3 2585 2585 True 1
ipc-script-source 7254 7254 True 0
desktop-configure 1950 1950 True 0
core-build4 4429 4429 True 0
cmake-ipc 4043 4301 False 0
test-tri3-core1 111 111 True 0
desktop-configure2 1109 1109 True 0
format-version 7043 17165 False 1
final-requirements 20415 20415 True 0
design1 249 249 True 0
format-fix 55 55 True 0
freeze-verify 52 52 True 0
public-configure 968 968 True 0
source-inventory 1570 1570 True 0
export-paths 6635 6635 True 0
preview-export 4620 4620 True 0
legacy-preview 5052 5052 True 0
format-adapter 42 42 True 0
process-state 42 42 True 1
ctest-progress 85 85 True 1
core-tests-beforeformat-rebuild 4410 4410 True 8
build-progress 1708 1708 True 1
freeze-test-locate 2348 2348 True 0
format-tests2 0 0 True 0
desktop-build1 9043 22646 False 0
native-progress2 436 436 True 0
tri3-sqlite1 150 150 True 0
native-build2 3177 3177 True 0
core-freeze-contract-retry 333 333 True 8
freeze-test-diagnose 8477 8477 True 0
native-targeted-tests1 2108 2108 True 8
readability-diff 5717 5717 True 0
ipc-failure1 2283 2283 True 0
tri3-wire-read 2587 2587 True 0
tri3-ipc2 237 237 True 0
consumer-build1 8043 25138 False 0
environment-check 884 884 True 0
core-config-final 313 313 True 0
native-targeted-tests-final 1593 1593 True 0
core-build-final 6320 6320 True 0
generated-reproducibility 71 71 True 0
native-pick-arguments 2843 4124 False 0
final-static-gates 291 291 True 0
core-final-tests 4281 4281 True 0
audit-task 6730 6730 True 0
audit-ledger 5211 5211 True 0
audit-core-test 13996 13996 True 0
audit-gui-diff 9941 9941 True 0
audit-product-diff 12664 12664 True 0
audit-ipc-test 9178 9178 True 0
