total 3336
-rw-r--r--@ 1 qs  wheel   56586 Oct  1 10:46 architecture.log
-rw-r--r--@ 1 qs  wheel    6730 Oct  1 11:10 audit-task.log
-rw-r--r--@ 1 qs  wheel   56651 Oct  1 10:46 build-env.log
-rw-r--r--@ 1 qs  wheel    5280 Oct  1 10:53 build-errors.log
-rw-r--r--@ 1 qs  wheel    1708 Oct  1 11:01 build-progress.log
-rw-r--r--@ 1 qs  wheel   29425 Oct  1 10:47 checks-read.log
-rw-r--r--@ 1 qs  wheel    4301 Oct  1 10:56 cmake-ipc.log
-rw-r--r--@ 1 qs  wheel   25138 Oct  1 11:05 consumer-build1.log
-rw-r--r--@ 1 qs  wheel   30149 Oct  1 11:10 context-commands.jsonl
-rw-r--r--@ 1 qs  wheel   10500 Oct  1 10:57 context-files.jsonl
-rw-r--r--@ 1 qs  wheel    6320 Oct  1 11:06 core-build-final.log
-rw-r--r--@ 1 qs  wheel   16549 Oct  1 10:52 core-build1.log
-rw-r--r--@ 1 qs  wheel    2197 Oct  1 10:54 core-build2.log
-rw-r--r--@ 1 qs  wheel    2585 Oct  1 10:54 core-build3.log
-rw-r--r--@ 1 qs  wheel    4429 Oct  1 10:55 core-build4.log
-rw-r--r--@ 1 qs  wheel     313 Oct  1 11:05 core-config-final.log
-rw-r--r--@ 1 qs  wheel     712 Oct  1 10:49 core-config.log
-rw-r--r--@ 1 qs  wheel    4281 Oct  1 11:08 core-final-tests.log
-rw-r--r--@ 1 qs  wheel     333 Oct  1 11:03 core-freeze-contract-retry.log
-rw-r--r--@ 1 qs  wheel    4410 Oct  1 11:01 core-tests-beforeformat-rebuild.log
-rw-r--r--@ 1 qs  wheel      85 Oct  1 11:00 ctest-progress.log
-rw-r--r--@ 1 qs  wheel     249 Oct  1 10:57 design1.log
-rw-r--r--@ 1 qs  wheel   22646 Oct  1 11:02 desktop-build1.log
-rw-r--r--@ 1 qs  wheel    1950 Oct  1 10:54 desktop-configure.log
-rw-r--r--@ 1 qs  wheel    1109 Oct  1 10:56 desktop-configure2.log
-rw-r--r--@ 1 qs  wheel    3862 Oct  1 10:47 entry-locations.log
-rw-r--r--@ 1 qs  wheel     884 Oct  1 11:05 environment-check.log
-rw-r--r--@ 1 qs  wheel    6635 Oct  1 10:59 export-paths.log
-rw-r--r--@ 1 qs  wheel   20415 Oct  1 10:57 final-requirements.log
-rw-r--r--@ 1 qs  wheel     291 Oct  1 11:07 final-static-gates.log
-rw-r--r--@ 1 qs  wheel      42 Oct  1 11:00 format-adapter.log
-rw-r--r--@ 1 qs  wheel      55 Oct  1 10:57 format-fix.log
-rw-r--r--@ 1 qs  wheel       0 Oct  1 11:02 format-tests2.log
-rw-r--r--@ 1 qs  wheel   17165 Oct  1 10:56 format-version.log
-rw-r--r--@ 1 qs  wheel    8477 Oct  1 11:03 freeze-test-diagnose.log
-rw-r--r--@ 1 qs  wheel    2348 Oct  1 11:01 freeze-test-locate.log
-rw-r--r--@ 1 qs  wheel      52 Oct  1 10:57 freeze-verify.log
-rw-r--r--@ 1 qs  wheel     480 Oct  1 10:49 generate.log
-rw-r--r--@ 1 qs  wheel      71 Oct  1 11:07 generated-reproducibility.log
-rw-r--r--@ 1 qs  wheel      65 Oct  1 10:53 hash-fixture.log
-rw-r--r--@ 1 qs  wheel   42601 Oct  1 11:06 initial-context-complete.txt
-rw-r--r--@ 1 qs  wheel   42601 Oct  1 10:45 initial-context.txt
-rw-r--r--@ 1 qs  wheel  325201 Oct  1 11:04 ipc-failed1-transcript.json
-rw-r--r--@ 1 qs  wheel    2283 Oct  1 11:04 ipc-failure1.log
-rw-r--r--@ 1 qs  wheel    1353 Oct  1 10:49 ipc-find.log
-rw-r--r--@ 1 qs  wheel    7254 Oct  1 10:54 ipc-script-source.log
-rw-r--r--@ 1 qs  wheel   33453 Oct  1 10:50 ipc-support.log
-rw-r--r--@ 1 qs  wheel    5052 Oct  1 11:00 legacy-preview.log
-rw-r--r--@ 1 qs  wheel    1989 Oct  1 10:46 locate.log
-rw-r--r--@ 1 qs  wheel   21931 Oct  1 10:46 lookup.log
-rw-r--r--@ 1 qs  wheel   72110 Oct  1 11:06 manifest-read-returned.txt
-rw-r--r--@ 1 qs  wheel   16010 Oct  1 10:46 manifest-summary.log
-rw-r--r--@ 1 qs  wheel    2696 Oct  1 10:47 nastran-locate.log
-rw-r--r--@ 1 qs  wheel    3177 Oct  1 11:02 native-build2.log
-rw-r--r--@ 1 qs  wheel    4124 Oct  1 11:07 native-pick-arguments.log
-rw-r--r--@ 1 qs  wheel     436 Oct  1 11:02 native-progress2.log
-rw-r--r--@ 1 qs  wheel    1593 Oct  1 11:05 native-targeted-tests-final.log
-rw-r--r--@ 1 qs  wheel    2108 Oct  1 11:03 native-targeted-tests1.log
-rw-r--r--@ 1 qs  wheel   56108 Oct  1 10:47 operation-tests.log
-rw-r--r--@ 1 qs  wheel   75488 Oct  1 11:07 operation_inputs.generated.first.hpp
-rw-r--r--@ 1 qs  wheel   75488 Oct  1 11:07 operation_inputs.generated.second.hpp
-rw-r--r--@ 1 qs  wheel     701 Oct  1 10:47 operations-test-read.log
-rw-r--r--@ 1 qs  wheel   17169 Oct  1 10:50 options-save.log
-rw-r--r--@ 1 qs  wheel    4620 Oct  1 10:59 preview-export.log
-rw-r--r--@ 1 qs  wheel      42 Oct  1 11:00 process-state.log
-rw-r--r--@ 1 qs  wheel   22989 Oct  1 10:46 projector-read.log
-rw-r--r--@ 1 qs  wheel     968 Oct  1 10:58 public-configure.log
-rw-r--r--@ 1 qs  wheel   38484 Oct  1 10:48 read-export.log
-rw-r--r--@ 1 qs  wheel    5717 Oct  1 11:04 readability-diff.log
-rw-r--r--@ 1 qs  wheel  111451 Oct  1 10:46 rules-read.log
-rw-r--r--@ 1 qs  wheel    1570 Oct  1 10:58 source-inventory.log
-rw-r--r--@ 1 qs  wheel  105152 Oct  1 10:46 task-context.log
-rw-r--r--@ 1 qs  wheel     688 Oct  1 10:49 test-support.log
-rw-r--r--@ 1 qs  wheel    9789 Oct  1 10:49 test-support2.log
-rw-r--r--@ 1 qs  wheel     111 Oct  1 10:56 test-tri3-core1.log
-rw-r--r--@ 1 qs  wheel     237 Oct  1 11:04 tri3-ipc2.log
-rw-r--r--@ 1 qs  wheel     150 Oct  1 11:02 tri3-sqlite1.log
-rw-r--r--@ 1 qs  wheel    2587 Oct  1 11:04 tri3-wire-read.log
-rw-r--r--@ 1 qs  wheel   22745 Oct  1 10:47 view-tests.log
-rw-r--r--@ 1 qs  wheel    2742 Oct  1 10:54 wire-lookup.log
