diff --git a/modules/document/include/qcae/records.hpp b/modules/document/include/qcae/records.hpp
index 15c09bb..4a266bb 100644
--- a/modules/document/include/qcae/records.hpp
+++ b/modules/document/include/qcae/records.hpp
@@ -1,5 +1,5 @@
 // Generated by tools/generate_entities.py; do not edit.
-// Semantic schema SHA-256: f7c767ece357330c8aee791f5c4be41e4c18d7721b420dbfa562a15712dd4155
+// Semantic schema SHA-256: a33fd010321ab7fb92c822e5372c7a44d6c731df0fc2f225f7a96b96ef5e12d2
 #pragma once
 #include "qcae/document_view.hpp"
 #include <algorithm>
@@ -127,6 +127,13 @@ struct LoadCase {
     std::vector<EntityId> constraints{};
     bool operator==(const LoadCase&) const = default;
 };
+struct Tri3 {
+    EntityId id{};
+    std::array<EntityId, 3> nodes;
+    MeshId mesh{};
+    bool operator==(const Tri3&) const = default;
+};
+void validate_record(const Tri3&, const DocumentView&);
 void validate_relations(const DocumentView&);
 } // namespace records
 
@@ -1713,6 +1720,92 @@ template <> struct RecordTraits<records::LoadCase> {
         return result;
     }
 };
+template <> struct RecordTraits<records::Tri3> {
+    using Value = records::Tri3;
+    static constexpr RecordTypeId type_id{4112};
+    inline static const unsigned char token_value{};
+    static const void* token() noexcept {
+        return &token_value;
+    }
+    static const std::string& identity(const Value& value) noexcept {
+        return value.id.value;
+    }
+    static void validate_fields(const Value& value) {
+        records_detail::check_text(value.id.value, true, "id");
+        records_detail::check_references(value.nodes, "nodes");
+        records_detail::check_text((value.mesh).value, true, "mesh");
+    }
+    static RecordDescriptor descriptor() {
+        RecordDescriptor result;
+        result.type = type_id;
+        result.name = "Tri3";
+        result.query_kind = "tri3";
+        result.display_name = [](const void*) -> std::string_view { return {}; };
+        result.current_version = 1;
+        result.cpp_type_token = token();
+        result.maximum_encoded_bytes = 4096;
+        result.fields = {
+            {RecordFieldId{2},
+             "nodes",
+             RecordFieldKind::references,
+             false,
+             "",
+             {RecordTypeId{4098}},
+             1},
+            {RecordFieldId{3},
+             "mesh",
+             RecordFieldKind::reference,
+             false,
+             "",
+             {RecordTypeId{4110}},
+             1},
+        };
+        result.encode = [](const void* object) {
+            const auto& value = *static_cast<const Value*>(object);
+            validate_fields(value);
+            RecordInput input{{type_id, value.id.value}, 1, {}};
+            input.fields.push_back({RecordFieldId{2},
+                                    RecordFieldKind::references,
+                                    "",
+                                    records_detail::pack_references(value.nodes)});
+            input.fields.push_back({RecordFieldId{3},
+                                    RecordFieldKind::reference,
+                                    "",
+                                    record_wire::text((value.mesh).value)});
+            return input;
+        };
+        result.decode = [](const RecordInput& input) -> std::shared_ptr<const void> {
+            Value value;
+            value.id = decltype(value.id)(input.key.identity);
+            value.nodes = records_detail::unpack_references<std::array<EntityId, 3>>(
+                record_wire::require(input, RecordFieldId{2}).payload);
+            value.mesh = records::MeshId(
+                record_wire::read_text(record_wire::require(input, RecordFieldId{3}).payload));
+            validate_fields(value);
+            return std::make_shared<const Value>(std::move(value));
+        };
+        result.owned_bytes = [](const void* object) {
+            const auto& value = *static_cast<const Value*>(object);
+            return sizeof(Value) + records_detail::dynamic_bytes(value.id) +
+                   records_detail::dynamic_bytes(value.nodes) +
+                   records_detail::dynamic_bytes(value.mesh);
+        };
+        result.references = [](const void* object, const RecordReferenceVisitor& visitor) {
+            const auto& value = *static_cast<const Value*>(object);
+            static constexpr std::array targets_2{RecordTypeId{4098}};
+            for (const auto& item : value.nodes)
+                visitor(RecordFieldId{2}, item.value, targets_2);
+            static constexpr std::array targets_3{RecordTypeId{4110}};
+            visitor(RecordFieldId{3}, value.mesh.value, targets_3);
+        };
+        result.validate = [](const void* object, const DocumentView& view) {
+            const auto& value = *static_cast<const Value*>(object);
+            validate_fields(value);
+            records::validate_record(value, view);
+        };
+        return result;
+    }
+};
 inline std::vector<RecordDescriptor> generated_record_descriptors() {
     return {
         RecordTraits<records::Material>::descriptor(),
@@ -1730,6 +1823,7 @@ inline std::vector<RecordDescriptor> generated_record_descriptors() {
         RecordTraits<records::GeometryLine>::descriptor(),
         RecordTraits<records::Mesh>::descriptor(),
         RecordTraits<records::LoadCase>::descriptor(),
+        RecordTraits<records::Tri3>::descriptor(),
     };
 }
 std::shared_ptr<const RecordRegistry> make_record_registry();
