build-ext03-core/Testing/Temporary/LastTest.log
build-ext03-core/Testing/Temporary/CTestCostData.txt
build-ext03-core/Testing/Temporary/LastTestsFailed.log
build-ext03-desktop/CMakeFiles/qcae_tri3_tests.dir/tests/tri3_tests.cpp.o
build-ext03-desktop/CMakeFiles/qcae_model_operation_tests.dir/tests/model_operation_tests.cpp.o
build-ext03-desktop/CMakeFiles/qcae_desktop_tests_autogen.dir/AutogenInfo.json
build-ext03-desktop/CMakeFiles/qcae_desktop_tests_autogen.dir/ParseCache.txt
build-ext03-desktop/CMakeFiles/qcae_desktop_tests_autogen.dir/AutogenUsed.txt
build-ext03-desktop/CMakeFiles/qcae_c3_desktop_workflow_tests.dir/qcae_c3_desktop_workflow_tests_autogen/mocs_compilation.cpp.o
build-ext03-desktop/CMakeFiles/qcae_c3_desktop_workflow_tests.dir/tests/c3_desktop_workflow_tests.cpp-69274189.o.tmp
build-ext03-desktop/CMakeFiles/qcae_nastran_tests.dir/tests/nastran_tests.cpp.o
build-ext03-desktop/CMakeFiles/qcae_qt_text_ledger_probe.dir/tests/qt_text_ledger_probe.cpp.o
build-ext03-desktop/CMakeFiles/cmake.check_cache
build-ext03-desktop/CMakeFiles/vtkModuleAutoInit_ca879269feee2d31c86e4e856f638983.h
build-ext03-desktop/CMakeFiles/qcae_c3_end_to_end_bench.dir/tests/c3_end_to_end_bench.cpp.o
build-ext03-desktop/CMakeFiles/InstallScripts.json
build-ext03-desktop/CMakeFiles/cmake.verify_globs
build-ext03-desktop/CMakeFiles/qcae_delta_tests.dir/tests/delta_tests.cpp.o
build-ext03-desktop/CMakeFiles/qcae_engine_assembly_tests.dir/tests/engine_assembly_tests.cpp.o
build-ext03-desktop/CMakeFiles/qcae_vtk_shift_scale_copy_tests.dir/tests/vtk_shift_scale_copy_tests.cpp.o
ls: build-ext03-desktop/qcae-engine: No such file or directory
ls: build-ext03-desktop/qcae_tri3*: No such file or directory
