[0/2] Re-checking globbed directories...
[1/76] Generating ../../generated/qcae/operations.hpp
[2/76] Generating ../../generated/qcae/operation_inputs.hpp
[3/76] Building CXX object modules/document/CMakeFiles/qcae_document.dir/src/record_model_bridge.cpp.o
[4/76] Building CXX object modules/document/CMakeFiles/qcae_document.dir/src/records_rules.cpp.o
[5/76] Linking CXX static library modules/document/libqcae_document.a
[6/76] Building CXX object features/analysis/CMakeFiles/qcae_analysis_features.dir/src/analysis_checks.cpp.o
[7/76] Building CXX object features/analysis/CMakeFiles/qcae_analysis_features.dir/src/analysis_operations.cpp.o
[8/76] Building CXX object features/analysis/CMakeFiles/qcae_analysis_features.dir/src/cantilever_checks.cpp.o
[9/76] Building CXX object features/analysis/CMakeFiles/qcae_analysis_features.dir/src/check_report.cpp.o
[10/76] Building CXX object features/analysis/CMakeFiles/qcae_analysis_features.dir/src/analysis_input.cpp.o
[11/76] Generating generated/qcae/nastran_digest.hpp
[12/76] Building CXX object features/analysis/CMakeFiles/qcae_analysis_features.dir/src/analysis_input_codec.cpp.o
[13/76] Building CXX object features/geometry/CMakeFiles/qcae_geometry_features.dir/src/geometry_features.cpp.o
[14/76] Building CXX object features/legacy_api/CMakeFiles/qcae_legacy_api.dir/src/core.cpp.o
[15/76] Building CXX object features/mesh_generation/CMakeFiles/qcae_mesh_generation.dir/src/line_mesh_task.cpp.o
[16/76] Building CXX object features/materials/CMakeFiles/qcae_material_features.dir/src/material_operations.cpp.o
[17/76] Linking CXX static library features/analysis/libqcae_analysis_features.a
[18/76] Building CXX object features/mesh_editing/CMakeFiles/qcae_mesh_editing.dir/src/mesh_editing_operations.cpp.o
[19/76] Building CXX object features/results/CMakeFiles/qcae_result_features.dir/src/result_codec.cpp.o
[20/76] Building CXX object features/results/CMakeFiles/qcae_result_features.dir/src/result_service.cpp.o
[21/76] Building CXX object features/results/CMakeFiles/qcae_result_features.dir/src/static_validation.cpp.o
[22/76] Building CXX object modules/query/CMakeFiles/qcae_query.dir/src/entity_queries.cpp.o
[23/76] Building CXX object modules/query/CMakeFiles/qcae_query.dir/src/query.cpp.o
[24/76] Building CXX object modules/query/CMakeFiles/qcae_query.dir/src/render_projector.cpp.o
[25/76] Building CXX object profiles/nastran/CMakeFiles/qcae_nastran.dir/src/nastran_package.cpp.o
[26/76] Building CXX object profiles/nastran/CMakeFiles/qcae_nastran.dir/src/nastran_codec.cpp.o
[27/76] Building CXX object CMakeFiles/qcae_record_application_tests.dir/tests/record_application_tests.cpp.o
[28/76] Building CXX object CMakeFiles/qcae_operation_registry_tests.dir/tests/operation_registry_tests.cpp.o
[29/76] Building CXX object CMakeFiles/qcae_tri3_tests.dir/tests/tri3_tests.cpp.o
[30/76] Building CXX object CMakeFiles/qcae_model_operation_tests.dir/tests/model_operation_tests.cpp.o
[31/76] Building CXX object CMakeFiles/qcae_contract_tests.dir/tests/contract_tests.cpp.o
[32/76] Building CXX object CMakeFiles/qcae_change_event_tests.dir/tests/change_event_tests.cpp.o
[33/76] Building CXX object CMakeFiles/qcae_record_query_tests.dir/tests/record_query_tests.cpp.o
[34/76] Building CXX object CMakeFiles/qcae_render_projector_tests.dir/tests/render_projector_tests.cpp.o
[35/76] Linking CXX static library features/legacy_api/libqcae_legacy_api.a
[36/76] Building CXX object modules/runtime/CMakeFiles/qcae_runtime_tests.dir/__/__/tests/runtime_tests.cpp.o
[37/76] Linking CXX static library features/geometry/libqcae_geometry_features.a
[38/76] Linking CXX static library features/mesh_generation/libqcae_mesh_generation.a
[39/76] Building CXX object modules/document/CMakeFiles/qcae_record_document_tests.dir/__/__/tests/record_document_tests.cpp.o
[40/76] Building CXX object features/mesh_generation/CMakeFiles/qcae_geometry_mesh_tests.dir/__/__/tests/geometry_mesh_tests.cpp.o
[41/76] Linking CXX static library features/materials/libqcae_material_features.a
[42/76] Linking CXX static library features/mesh_editing/libqcae_mesh_editing.a
[43/76] Building CXX object features/mesh_generation/CMakeFiles/qcae_line_mesh_regeneration_tests.dir/__/__/tests/line_mesh_regeneration_tests.cpp.o
[44/76] Linking CXX static library features/results/libqcae_result_features.a
[45/76] Building CXX object features/results/CMakeFiles/qcae_result_fixture_tests.dir/__/__/tests/result_fixture_tests.cpp.o
[46/76] Building CXX object features/analysis/CMakeFiles/qcae_analysis_check_tests.dir/__/__/tests/analysis_check_tests.cpp.o
[47/76] Linking CXX static library modules/query/libqcae_query.a
[48/76] Linking CXX static library profiles/nastran/libqcae_nastran.a
[49/76] Linking CXX executable qcae_record_application_tests
[50/76] Linking CXX executable qcae_operation_registry_tests
[51/76] Linking CXX executable qcae_model_operation_tests
[52/76] Linking CXX executable qcae_tri3_tests
[53/76] Linking CXX executable qcae_quantity_entry_consistency_tests
[54/76] Linking CXX executable qcae_record_query_tests
[55/76] Linking CXX executable qcae_model_tests
[56/76] Linking CXX executable qcae_nastran_tests
[57/76] Linking CXX executable qcae_delta_tests
[58/76] Linking CXX executable qcae_persistence_tests
[59/76] Linking CXX executable qcae_query_tests
[60/76] Linking CXX executable qcae_core_tests
[61/76] Linking CXX executable qcae_contract_tests
[62/76] Linking CXX executable qcae_allocation_tests
[63/76] Linking CXX executable qcae_change_event_tests
[64/76] Linking CXX executable qcae_render_projector_tests
[65/76] Linking CXX executable qcae_record_document_tests
[66/76] Linking CXX executable qcae_runtime_tests
[67/76] Linking CXX executable qcae_geometry_mesh_tests
[68/76] Linking CXX executable qcae_line_mesh_regeneration_tests
[69/76] Linking CXX executable qcae_analysis_check_tests
[70/76] Linking CXX executable qcae_result_fixture_tests
[71/76] Linking CXX executable qcae_nastran_static_result_tests
[72/76] Linking CXX executable qcae_artifacts_local_tests
[73/76] Linking CXX executable qcae_solver_local_tests
[74/76] Building CXX object features/results/CMakeFiles/qcae_static_validation_tests.dir/__/__/tests/static_validation_tests.cpp.o
[75/76] Linking CXX executable qcae_static_validation_tests
