[0/2] Re-checking globbed directories...
[1/2] Re-running CMake...
-- Configuring done (0.2s)
-- Generating done (0.0s)
-- Build files have been written to: /private/tmp/qcae-c4-ext03-41/build-ext03-core
[0/4] Re-checking globbed directories...
[1/120] Generating ../../generated/qcae/operations.hpp
[2/120] Generating ../../generated/qcae/operation_inputs.hpp
[3/120] Building CXX object modules/document/CMakeFiles/qcae_document.dir/src/model.cpp.o
[4/120] Building CXX object modules/document/CMakeFiles/qcae_document.dir/src/model_delta.cpp.o
[5/120] Building CXX object modules/document/CMakeFiles/qcae_document.dir/src/state_codec.cpp.o
[6/120] Building CXX object modules/document/CMakeFiles/qcae_document.dir/src/record_registry.cpp.o
[7/120] Building CXX object modules/document/CMakeFiles/qcae_document.dir/src/edit_session.cpp.o
[8/120] Building CXX object modules/document/CMakeFiles/qcae_document.dir/src/document_view.cpp.o
[9/120] Building CXX object modules/document/CMakeFiles/qcae_document.dir/src/record_model_bridge.cpp.o
[10/120] Building CXX object modules/document/CMakeFiles/qcae_document.dir/src/records_rules.cpp.o
[11/120] Linking CXX static library modules/document/libqcae_document.a
[12/120] Building CXX object modules/application/CMakeFiles/qcae_application.dir/src/core.cpp.o
[13/120] Building CXX object modules/parameters/CMakeFiles/qcae_parameters.dir/src/quantities.cpp.o
[14/120] Building CXX object modules/application/CMakeFiles/qcae_application.dir/src/application_state.cpp.o
[15/120] Building CXX object modules/operations/CMakeFiles/qcae_operations.dir/src/canonical_value.cpp.o
[16/120] Building CXX object modules/operations/CMakeFiles/qcae_operations.dir/src/change_receipt_value.cpp.o
[17/120] Building CXX object modules/operations/CMakeFiles/qcae_operations.dir/src/operation_registry.cpp.o
[18/120] Building CXX object modules/runtime/CMakeFiles/qcae_runtime.dir/src/task_record.cpp.o
[19/120] Linking CXX static library modules/application/libqcae_application.a
[20/120] Linking CXX static library modules/parameters/libqcae_parameters.a
[21/120] Linking CXX static library modules/operations/libqcae_operations.a
[22/120] Building CXX object modules/runtime/CMakeFiles/qcae_runtime.dir/src/task_service.cpp.o
[23/120] Linking CXX static library modules/runtime/libqcae_runtime.a
[24/120] Building CXX object modules/runtime/CMakeFiles/qcae_task_application.dir/record_application/src/task_application.cpp.o
[25/120] Building CXX object features/analysis/CMakeFiles/qcae_analysis_features.dir/src/analysis_checks.cpp.o
[26/120] Building CXX object features/analysis/CMakeFiles/qcae_analysis_features.dir/src/analysis_operations.cpp.o
[27/120] Building CXX object features/analysis/CMakeFiles/qcae_analysis_features.dir/src/cantilever_checks.cpp.o
[28/120] Building CXX object features/analysis/CMakeFiles/qcae_analysis_features.dir/src/check_report.cpp.o
[29/120] Building CXX object features/analysis/CMakeFiles/qcae_analysis_features.dir/src/analysis_input.cpp.o
[30/120] Generating generated/qcae/nastran_digest.hpp
[31/120] Building CXX object features/analysis/CMakeFiles/qcae_analysis_features.dir/src/analysis_input_codec.cpp.o
[32/120] Building CXX object adapters/artifacts_local/CMakeFiles/qcae_artifacts_local.dir/src/artifacts_local.cpp.o
[33/120] Building CXX object features/legacy_api/CMakeFiles/qcae_legacy_api.dir/src/legacy_state.cpp.o
[34/120] Building CXX object features/legacy_api/CMakeFiles/qcae_legacy_api.dir/src/core.cpp.o
[35/120] Linking CXX static library modules/runtime/libqcae_task_application.a
[36/120] Building CXX object features/geometry/CMakeFiles/qcae_geometry_features.dir/src/geometry_features.cpp.o
[37/120] Building CXX object features/legacy_api/CMakeFiles/qcae_legacy_api.dir/src/legacy_migration.cpp.o
[38/120] Building CXX object features/mesh_generation/CMakeFiles/qcae_mesh_generation.dir/src/line_mesh_task.cpp.o
[39/120] Building CXX object features/materials/CMakeFiles/qcae_material_features.dir/src/material_operations.cpp.o
[40/120] Linking CXX static library features/analysis/libqcae_analysis_features.a
[41/120] Building CXX object features/results/CMakeFiles/qcae_result_features.dir/src/result_fixture.cpp.o
[42/120] Building CXX object features/mesh_editing/CMakeFiles/qcae_mesh_editing.dir/src/mesh_editing_operations.cpp.o
[43/120] Building CXX object features/results/CMakeFiles/qcae_result_features.dir/src/result_codec.cpp.o
[44/120] Building CXX object features/results/CMakeFiles/qcae_result_features.dir/src/result_service.cpp.o
[45/120] Building CXX object features/results/CMakeFiles/qcae_result_features.dir/src/static_validation.cpp.o
[46/120] Building CXX object modules/query/CMakeFiles/qcae_query.dir/src/query_legacy.cpp.o
[47/120] Building CXX object modules/query/CMakeFiles/qcae_query.dir/src/query.cpp.o
[48/120] Building CXX object modules/query/CMakeFiles/qcae_query.dir/src/entity_queries.cpp.o
[49/120] Building CXX object modules/query/CMakeFiles/qcae_query.dir/src/render_projector.cpp.o
[50/120] Building CXX object profiles/nastran/CMakeFiles/qcae_nastran.dir/src/nastran_codec.cpp.o
[51/120] Building CXX object profiles/nastran/CMakeFiles/qcae_nastran.dir/src/nastran_package.cpp.o
[52/120] Linking CXX static library adapters/artifacts_local/libqcae_artifacts_local.a
[53/120] Building CXX object profiles/nastran/CMakeFiles/qcae_nastran.dir/src/nastran_static_result.cpp.o
[54/120] Building CXX object adapters/solver_local/CMakeFiles/qcae_solver_local.dir/src/solver_local.cpp.o
[55/120] Building CXX object CMakeFiles/qcae_record_application_tests.dir/tests/record_application_tests.cpp.o
[56/120] Building CXX object CMakeFiles/qcae_parameter_tests.dir/tests/parameter_tests.cpp.o
[57/120] Building CXX object CMakeFiles/qcae_operation_registry_tests.dir/tests/operation_registry_tests.cpp.o
[58/120] Building CXX object CMakeFiles/qcae_tri3_tests.dir/tests/tri3_tests.cpp.o
FAILED: [code=1] CMakeFiles/qcae_tri3_tests.dir/tests/tri3_tests.cpp.o 
/usr/bin/c++  -I/private/tmp/qcae-c4-ext03-41/features/mesh_editing/include -I/private/tmp/qcae-c4-ext03-41/modules/application/include -I/private/tmp/qcae-c4-ext03-41/modules/document/include -I/private/tmp/qcae-c4-ext03-41/modules/foundation/include -I/private/tmp/qcae-c4-ext03-41/modules/contracts/include -I/private/tmp/qcae-c4-ext03-41/build-ext03-core/generated -I/private/tmp/qcae-c4-ext03-41/modules/operations/include -I/private/tmp/qcae-c4-ext03-41/modules/parameters/include -I/private/tmp/qcae-c4-ext03-41/modules/query/include -I/private/tmp/qcae-c4-ext03-41/profiles/nastran/include -I/private/tmp/qcae-c4-ext03-41/features/analysis/include -O3 -DNDEBUG -std=c++20 -Wall -Wextra -Wpedantic -Werror -MD -MT CMakeFiles/qcae_tri3_tests.dir/tests/tri3_tests.cpp.o -MF CMakeFiles/qcae_tri3_tests.dir/tests/tri3_tests.cpp.o.d -o CMakeFiles/qcae_tri3_tests.dir/tests/tri3_tests.cpp.o -c /private/tmp/qcae-c4-ext03-41/tests/tri3_tests.cpp
/private/tmp/qcae-c4-ext03-41/tests/tri3_tests.cpp:73:78: error: chosen constructor is explicit in copy-initialization
   73 |             Status::success, RecordPreparedOperation{edit.prepare(), "Seed", {}, "seed", 0, true}, {}};
      |                                                                              ^~
/private/tmp/qcae-c4-ext03-41/modules/foundation/include/qcae/types.hpp:11:14: note: explicit constructor declared here
   11 |     explicit Id(std::string text = {}) : value(std::move(text)) {}
      |              ^
/private/tmp/qcae-c4-ext03-41/tests/tri3_tests.cpp:61:12: error: no viable conversion from returned value of type '(lambda at /private/tmp/qcae-c4-ext03-41/tests/tri3_tests.cpp:61:12)' to function return type 'RecordPrepare' (aka 'function<Result<RecordPreparedOperation> (const qcae::DocumentView &, const function<Id<EntityTag> ()> &)>')
   61 |     return [](const DocumentView& view, const RecordIdentityAllocator&) {
      |            ^~~~~~~~~~~~~~~~~~~~~~~~~~~~~~~~~~~~~~~~~~~~~~~~~~~~~~~~~~~~~~
   62 |         EditSession edit(view);
      |         ~~~~~~~~~~~~~~~~~~~~~~~
   63 |         edit.put(records::Mesh{records::MeshId("mesh"), "Surface", "manual", {}, 0, false});
      |         ~~~~~~~~~~~~~~~~~~~~~~~~~~~~~~~~~~~~~~~~~~~~~~~~~~~~~~~~~~~~~~~~~~~~~~~~~~~~~~~~~~~~
   64 |         edit.put(records::Mesh{records::MeshId("other"), "Other", "manual", {}, 0, false});
      |         ~~~~~~~~~~~~~~~~~~~~~~~~~~~~~~~~~~~~~~~~~~~~~~~~~~~~~~~~~~~~~~~~~~~~~~~~~~~~~~~~~~~
   65 |         const records::MeshId mesh("mesh");
      |         ~~~~~~~~~~~~~~~~~~~~~~~~~~~~~~~~~~~
   66 |         edit.put(records::Node{EntityId("a"), {0, 0, 0}, mesh});
      |         ~~~~~~~~~~~~~~~~~~~~~~~~~~~~~~~~~~~~~~~~~~~~~~~~~~~~~~~~
   67 |         edit.put(records::Node{EntityId("b"), {2, 0, 0}, mesh});
      |         ~~~~~~~~~~~~~~~~~~~~~~~~~~~~~~~~~~~~~~~~~~~~~~~~~~~~~~~~
   68 |         edit.put(records::Node{EntityId("c"), {0, 2, 0}, mesh});
      |         ~~~~~~~~~~~~~~~~~~~~~~~~~~~~~~~~~~~~~~~~~~~~~~~~~~~~~~~~
   69 |         edit.put(records::Node{EntityId("d"), {4, 0, 0}, mesh});
      |         ~~~~~~~~~~~~~~~~~~~~~~~~~~~~~~~~~~~~~~~~~~~~~~~~~~~~~~~~
   70 |         edit.put(records::Node{EntityId("foreign"), {0, 0, 2}, records::MeshId("other")});
      |         ~~~~~~~~~~~~~~~~~~~~~~~~~~~~~~~~~~~~~~~~~~~~~~~~~~~~~~~~~~~~~~~~~~~~~~~~~~~~~~~~~~
   71 |         edit.put(records::Material{EntityId("material"), "Steel", 210000, .3});
      |         ~~~~~~~~~~~~~~~~~~~~~~~~~~~~~~~~~~~~~~~~~~~~~~~~~~~~~~~~~~~~~~~~~~~~~~~
   72 |         return Result<RecordPreparedOperation>{
      |         ~~~~~~~~~~~~~~~~~~~~~~~~~~~~~~~~~~~~~~~
   73 |             Status::success, RecordPreparedOperation{edit.prepare(), "Seed", {}, "seed", 0, true}, {}};
      |             ~~~~~~~~~~~~~~~~~~~~~~~~~~~~~~~~~~~~~~~~~~~~~~~~~~~~~~~~~~~~~~~~~~~~~~~~~~~~~~~~~~~~~~~~~~~
   74 |     };
      |     ~
/Library/Developer/CommandLineTools/SDKs/MacOSX.sdk/usr/include/c++/v1/__functional/function.h:639:25: note: candidate constructor not viable: no known conversion from '(lambda at /private/tmp/qcae-c4-ext03-41/tests/tri3_tests.cpp:61:12)' to 'nullptr_t' (aka 'std::nullptr_t') for 1st argument
  639 |   _LIBCPP_HIDE_FROM_ABI function(nullptr_t) _NOEXCEPT {}
      |                         ^        ~~~~~~~~~
/Library/Developer/CommandLineTools/SDKs/MacOSX.sdk/usr/include/c++/v1/__functional/function.h:640:25: note: candidate constructor not viable: no known conversion from '(lambda at /private/tmp/qcae-c4-ext03-41/tests/tri3_tests.cpp:61:12)' to 'const function<qcae::Result<qcae::RecordPreparedOperation> (const qcae::DocumentView &, const std::function<qcae::Id<qcae::EntityTag> ()> &)> &' for 1st argument
  640 |   _LIBCPP_HIDE_FROM_ABI function(const function&);
      |                         ^        ~~~~~~~~~~~~~~~
/Library/Developer/CommandLineTools/SDKs/MacOSX.sdk/usr/include/c++/v1/__functional/function.h:641:25: note: candidate constructor not viable: no known conversion from '(lambda at /private/tmp/qcae-c4-ext03-41/tests/tri3_tests.cpp:61:12)' to 'function<qcae::Result<qcae::RecordPreparedOperation> (const qcae::DocumentView &, const std::function<qcae::Id<qcae::EntityTag> ()> &)> &&' for 1st argument
  641 |   _LIBCPP_HIDE_FROM_ABI function(function&&) _NOEXCEPT;
      |                         ^        ~~~~~~~~~~
/Library/Developer/CommandLineTools/SDKs/MacOSX.sdk/usr/include/c++/v1/__functional/function.h:643:25: note: candidate template ignored: requirement '__callable<(lambda at /private/tmp/qcae-c4-ext03-41/tests/tri3_tests.cpp:61:12) &, false>::value' was not satisfied [with _Fp = (lambda at /private/tmp/qcae-c4-ext03-41/tests/tri3_tests.cpp:61:12)]
  643 |   _LIBCPP_HIDE_FROM_ABI function(_Fp);
      |                         ^
/private/tmp/qcae-c4-ext03-41/tests/tri3_tests.cpp:140:17: error: no member named 'version' in 'std::string'
  140 |         encoded.version = 2;
      |         ~~~~~~~ ^
/private/tmp/qcae-c4-ext03-41/tests/tri3_tests.cpp:174:74: error: chosen constructor is explicit in copy-initialization
  174 |                         RecordPreparedOperation{edit.prepare(), "Erase", {}, key.identity, 0, false}, {}};
      |                                                                          ^~
/private/tmp/qcae-c4-ext03-41/modules/foundation/include/qcae/types.hpp:11:14: note: explicit constructor declared here
   11 |     explicit Id(std::string text = {}) : value(std::move(text)) {}
      |              ^
/private/tmp/qcae-c4-ext03-41/tests/tri3_tests.cpp:170:17: error: no viable conversion from '(lambda at /private/tmp/qcae-c4-ext03-41/tests/tri3_tests.cpp:170:17)' to 'const RecordPrepare' (aka 'const function<Result<RecordPreparedOperation> (const qcae::DocumentView &, const function<Id<EntityTag> ()> &)>')
  170 |                 [key](const DocumentView& view, const RecordIdentityAllocator&) {
      |                 ^~~~~~~~~~~~~~~~~~~~~~~~~~~~~~~~~~~~~~~~~~~~~~~~~~~~~~~~~~~~~~~~~
  171 |                     EditSession edit(view);
      |                     ~~~~~~~~~~~~~~~~~~~~~~~
  172 |                     edit.erase(key);
      |                     ~~~~~~~~~~~~~~~~
  173 |                     return Result<RecordPreparedOperation>{Status::success,
      |                     ~~~~~~~~~~~~~~~~~~~~~~~~~~~~~~~~~~~~~~~~~~~~~~~~~~~~~~~
  174 |                         RecordPreparedOperation{edit.prepare(), "Erase", {}, key.identity, 0, false}, {}};
      |                         ~~~~~~~~~~~~~~~~~~~~~~~~~~~~~~~~~~~~~~~~~~~~~~~~~~~~~~~~~~~~~~~~~~~~~~~~~~~~~~~~~~
  175 |                 }, "erase-" + key.identity);
      |                 ~
/Library/Developer/CommandLineTools/SDKs/MacOSX.sdk/usr/include/c++/v1/__functional/function.h:639:25: note: candidate constructor not viable: no known conversion from '(lambda at /private/tmp/qcae-c4-ext03-41/tests/tri3_tests.cpp:170:17)' to 'nullptr_t' (aka 'std::nullptr_t') for 1st argument
  639 |   _LIBCPP_HIDE_FROM_ABI function(nullptr_t) _NOEXCEPT {}
      |                         ^        ~~~~~~~~~
/Library/Developer/CommandLineTools/SDKs/MacOSX.sdk/usr/include/c++/v1/__functional/function.h:640:25: note: candidate constructor not viable: no known conversion from '(lambda at /private/tmp/qcae-c4-ext03-41/tests/tri3_tests.cpp:170:17)' to 'const function<qcae::Result<qcae::RecordPreparedOperation> (const qcae::DocumentView &, const std::function<qcae::Id<qcae::EntityTag> ()> &)> &' for 1st argument
  640 |   _LIBCPP_HIDE_FROM_ABI function(const function&);
      |                         ^        ~~~~~~~~~~~~~~~
/Library/Developer/CommandLineTools/SDKs/MacOSX.sdk/usr/include/c++/v1/__functional/function.h:641:25: note: candidate constructor not viable: no known conversion from '(lambda at /private/tmp/qcae-c4-ext03-41/tests/tri3_tests.cpp:170:17)' to 'function<qcae::Result<qcae::RecordPreparedOperation> (const qcae::DocumentView &, const std::function<qcae::Id<qcae::EntityTag> ()> &)> &&' for 1st argument
  641 |   _LIBCPP_HIDE_FROM_ABI function(function&&) _NOEXCEPT;
      |                         ^        ~~~~~~~~~~
/Library/Developer/CommandLineTools/SDKs/MacOSX.sdk/usr/include/c++/v1/__functional/function.h:643:25: note: candidate template ignored: requirement '__callable<(lambda at /private/tmp/qcae-c4-ext03-41/tests/tri3_tests.cpp:170:17) &, false>::value' was not satisfied [with _Fp = (lambda at /private/tmp/qcae-c4-ext03-41/tests/tri3_tests.cpp:170:17)]
  643 |   _LIBCPP_HIDE_FROM_ABI function(_Fp);
      |                         ^
/private/tmp/qcae-c4-ext03-41/modules/application/include/qcae/record_application.hpp:181:55: note: passing argument to parameter here
  181 |                                   const RecordPrepare&,
      |                                                       ^
/private/tmp/qcae-c4-ext03-41/tests/tri3_tests.cpp:167:30: error: loop variable 'key' creates a copy from type 'const RecordKey' [-Werror,-Wrange-loop-construct]
  167 |         for (const RecordKey key : {RecordKey{RecordTraits<records::Node>::type_id, "a"},
      |                              ^
/private/tmp/qcae-c4-ext03-41/tests/tri3_tests.cpp:167:14: note: use reference type 'const RecordKey &' to prevent copying
  167 |         for (const RecordKey key : {RecordKey{RecordTraits<records::Node>::type_id, "a"},
      |              ^~~~~~~~~~~~~~~~~~~~~
      |                              &
6 errors generated.
[59/120] Building CXX object CMakeFiles/qcae_model_operation_tests.dir/tests/model_operation_tests.cpp.o
ninja: build stopped: subcommand failed.
