[0/2] Re-checking globbed directories...
[1/57] Building CXX object CMakeFiles/qcae_nastran_tests.dir/tests/nastran_tests.cpp.o
[2/57] Building CXX object CMakeFiles/qcae_tri3_tests.dir/tests/tri3_tests.cpp.o
[3/57] Building CXX object CMakeFiles/qcae_delta_tests.dir/tests/delta_tests.cpp.o
[4/57] Building CXX object CMakeFiles/qcae_persistence_tests.dir/tests/persistence_tests.cpp.o
[5/57] Building CXX object CMakeFiles/qcae_query_tests.dir/tests/query_tests.cpp.o
[6/57] Building CXX object CMakeFiles/qcae_contract_tests.dir/tests/contract_tests.cpp.o
[7/57] Building CXX object CMakeFiles/qcae_core_tests.dir/tests/core_tests.cpp.o
[8/57] Building CXX object CMakeFiles/qcae_allocation_tests.dir/tests/allocation_tests.cpp.o
[9/57] Building CXX object CMakeFiles/qcae_change_event_tests.dir/tests/change_event_tests.cpp.o
[10/57] Building CXX object CMakeFiles/qcae_render_projector_tests.dir/tests/render_projector_tests.cpp.o
[11/57] Linking CXX static library features/legacy_api/libqcae_legacy_api.a
[12/57] Building CXX object modules/runtime/CMakeFiles/qcae_runtime_tests.dir/__/__/tests/runtime_tests.cpp.o
[13/57] Linking CXX static library features/geometry/libqcae_geometry_features.a
[14/57] Linking CXX static library features/mesh_generation/libqcae_mesh_generation.a
[15/57] Building CXX object modules/document/CMakeFiles/qcae_record_document_tests.dir/__/__/tests/record_document_tests.cpp.o
[16/57] Building CXX object features/mesh_generation/CMakeFiles/qcae_geometry_mesh_tests.dir/__/__/tests/geometry_mesh_tests.cpp.o
[17/57] Linking CXX static library features/materials/libqcae_material_features.a
[18/57] Linking CXX static library features/mesh_editing/libqcae_mesh_editing.a
[19/57] Building CXX object features/mesh_generation/CMakeFiles/qcae_line_mesh_regeneration_tests.dir/__/__/tests/line_mesh_regeneration_tests.cpp.o
[20/57] Linking CXX static library features/results/libqcae_result_features.a
[21/57] Building CXX object features/results/CMakeFiles/qcae_result_fixture_tests.dir/__/__/tests/result_fixture_tests.cpp.o
[22/57] Building CXX object features/analysis/CMakeFiles/qcae_analysis_check_tests.dir/__/__/tests/analysis_check_tests.cpp.o
[23/57] Linking CXX static library modules/query/libqcae_query.a
[24/57] Linking CXX static library profiles/nastran/libqcae_nastran.a
[25/57] Building CXX object features/results/CMakeFiles/qcae_static_validation_tests.dir/__/__/tests/static_validation_tests.cpp.o
[26/57] Building CXX object profiles/nastran/CMakeFiles/qcae_nastran_static_result_tests.dir/__/__/tests/nastran_static_result_tests.cpp.o
[27/57] Linking CXX static library adapters/solver_local/libqcae_solver_local.a
[28/57] Building CXX object adapters/artifacts_local/CMakeFiles/qcae_artifacts_local_tests.dir/__/__/tests/artifacts_local_tests.cpp.o
[29/57] Linking CXX executable qcae_record_application_tests
[30/57] Linking CXX executable qcae_operation_registry_tests
[31/57] Linking CXX executable qcae_parameter_tests
[32/57] Linking CXX executable qcae_model_operation_tests
[33/57] Linking CXX executable qcae_tri3_tests
[34/57] Linking CXX executable qcae_quantity_entry_consistency_tests
[35/57] Linking CXX executable qcae_record_query_tests
[36/57] Linking CXX executable qcae_model_tests
[37/57] Linking CXX executable qcae_nastran_tests
[38/57] Linking CXX executable qcae_delta_tests
[39/57] Linking CXX executable qcae_persistence_tests
[40/57] Linking CXX executable qcae_query_tests
[41/57] Linking CXX executable qcae_core_tests
[42/57] Linking CXX executable qcae_contract_tests
[43/57] Linking CXX executable qcae_allocation_tests
[44/57] Linking CXX executable qcae_change_event_tests
[45/57] Linking CXX executable qcae_render_projector_tests
[46/57] Linking CXX executable qcae_record_document_tests
[47/57] Linking CXX executable qcae_runtime_tests
[48/57] Linking CXX executable qcae_geometry_mesh_tests
[49/57] Linking CXX executable qcae_line_mesh_regeneration_tests
[50/57] Linking CXX executable qcae_analysis_check_tests
[51/57] Linking CXX executable qcae_result_fixture_tests
[52/57] Building CXX object adapters/solver_local/CMakeFiles/qcae_solver_local_tests.dir/__/__/tests/solver_local_tests.cpp.o
[53/57] Linking CXX executable qcae_static_validation_tests
[54/57] Linking CXX executable qcae_nastran_static_result_tests
[55/57] Linking CXX executable qcae_artifacts_local_tests
[56/57] Linking CXX executable qcae_solver_local_tests
