tests/persistence_tests.cpp
tests/skeleton_representative_ipc_tests.py
tests/entity_query_ipc_tests.py
tests/skeleton_fault_tests.cpp
tests/fixtures/legacy/saved-organization.ipc.json
tests/fixtures/legacy/saved-beam.ipc.json
tests/c3_sync_ipc_tests.py
tests/m1_ipc_tests.py
tests/fixtures/legacy/all-supported-entities.ipc.json
tests/fixtures/legacy/redo-workspace.ipc.json
tests/fixtures/legacy/saved-empty.ipc.json
tests/fixtures/legacy/unsaved-workspace.ipc.json
tests/solver_run_ipc_tests.py
tests/analysis_check_ipc_tests.py
tests/nastran_artifact_ipc_tests.py
tests/skeleton_fault_ipc_tests.py
tests/skeleton_fault_report.py
tests/m23_ipc_tests.py
tests/skeleton_representative_tests.cpp
tests/engine_contributions_ipc_tests.py
tests/c3_display_ipc_tests.py
tests/nastran_disabled_ipc_tests.py
tests/skeleton_workflow_ipc_tests.py
tests/skeleton_fault_client_tests.cpp
tests/result_fixture_ipc_tests.py
tests/ipc_tests.py
tests/force_vector_ipc_tests.py
tests/skeleton_workflow_compare.py
73:    bool save_as{};
154:    Result<DocumentInfo> open_document(const Caller&, const std::string&, const std::string&);
161:    save_document(const Caller&, const WriteContext&, const std::string&, bool, const std::string&);
203:    Result<HistorySnapshot> history(const DocumentRef&) const;
213:    Result<DocumentInfo> open_document_impl(const Caller&,
