rg: cmake: No such file or directory (os error 2)
profiles/nastran/CMakeLists.txt
features/geometry/CMakeLists.txt
modules/foundation/CMakeLists.txt
modules/query/src/render_projector.cpp
features/mesh_editing/CMakeLists.txt
modules/runtime/src/task_record.cpp
tests/record_document_tests.cpp
tests/analysis_check_tests.cpp
modules/runtime/record_application/src/task_application.cpp
features/legacy_api/CMakeLists.txt
modules/runtime/record_application/include/qcae/task_application.hpp
modules/query/include/qcae/render_projector.hpp
modules/query/CMakeLists.txt
features/results/CMakeLists.txt
features/analysis/src/analysis_input.cpp
features/analysis/src/analysis_input_codec.cpp
features/analysis/src/cantilever_checks.cpp
features/analysis/src/check_report.cpp
features/analysis/src/analysis_checks.cpp
features/analysis/src/cantilever_checks.hpp
features/analysis/src/analysis_operations.cpp
modules/runtime/CMakeLists.txt
tests/render_projector_tests.cpp
tests/analysis_check_ipc_tests.py
features/analysis/include/qcae/analysis_features.hpp
features/analysis/include/qcae/analysis_input.hpp
features/analysis/CMakeLists.txt
tests/public_api_consumers/README.md
tests/public_api_consumers/CMakeLists.txt
tests/desktop_selection_tests.cpp
tests/record_store_tests.cpp
tests/record_application_tests.cpp
modules/application/include/qcae/record_application.hpp
modules/application/CMakeLists.txt
tests/record_query_tests.cpp
modules/contracts/include/qcae/record_store.hpp
modules/contracts/CMakeLists.txt
features/mesh_generation/CMakeLists.txt
modules/clients/CMakeLists.txt
modules/parameters/CMakeLists.txt
features/materials/CMakeLists.txt
modules/document/src/record_registry.cpp
modules/document/src/records_rules.cpp
modules/document/src/record_model_bridge.cpp
modules/document/CMakeLists.txt
modules/operations/CMakeLists.txt
modules/document/include/qcae/records_model_bridge.hpp
modules/document/include/qcae/record_registry.hpp
modules/document/include/qcae/records.hpp
