['schema', 'mechanism_frozen', 'baseline_commit', 'baseline_git_tree_oid', 'source_tree_sha256', 'source_tree_hash_algorithm', 'source_tree_roots', 'committed_source_files', 'manifest_relationship', 'initial_context', 'protected_definition', 'protected_files', 'protected_file_count', 'generators', 'generator_count', 'generator_rule', 'immutable_fixtures', 'unchanged_copy_targets', 'environment_manifest', 'execution_spec_sha256', 'quality_gates', 'build_matrix', 'verified_evidence_artifacts', 'working_tree', 'complete_sk12_passed', 'complete_c3_passed', 'whole_pipeline_owned_copy_coverage', 'sk13_passed', 'extensions_executed_by_tool', 'p0_passed', 'validation_scope']
{
  "baseline_commit": "b740b374c934f3b4624a21247b9a5deeb2ca6bf4",
  "initial_context": {
    "files": [
      {
        "path": "AGENTS.md",
        "git_blob_oid": "254203af8a98e47ec9a38e468a146bf16e72bbd1",
        "mode": "100644",
        "bytes": 4101,
        "sha256": "674fb4f1000279629979d95120d2fd0c9ecaa3365b56f83caf9198b68b4621b2",
        "utf8_bytes": 4101,
        "delivered_utf8_bytes": 4138,
        "delivery_reads": 0,
        "source": "specified_commit_blob"
      },
      {
        "path": "docs/engineering/c4-executor-task.md",
        "git_blob_oid": "1045af0db388a7f01d8d33898e484e9deb854e8b",
        "mode": "100644",
        "bytes": 6730,
        "sha256": "4a10cf3480f9b6089b07c5a07b04a29b74b0d92daf4a6375bcecb5618399d9e3",
        "utf8_bytes": 6730,
        "delivered_utf8_bytes": 6794,
        "delivery_reads": 0,
        "source": "specified_commit_blob"
      },
      {
        "path": "schemas/entities/entities.json",
        "git_blob_oid": "90a3e0f97dd393b0b05d15c891624a6663ecef92",
        "mode": "100644",
        "bytes": 11727,
        "sha256": "46199749319ca49ae72397d13e1df951ec48d62e9e1c11bd725227cd905c9400",
        "utf8_bytes": 11727,
        "delivered_utf8_bytes": 11786,
        "delivery_reads": 0,
        "source": "specified_commit_blob"
      },
      {
        "path": "schemas/operations/basic.json",
        "git_blob_oid": "8f715dcb1b2add93931d4192250f2292d7cd736f",
        "mode": "100644",
        "bytes": 7535,
        "sha256": "ebce3dd2858bfebcd3929b3a4552578a3af434f1089ea4e64daaaaadeb320a12",
        "utf8_bytes": 7535,
        "delivered_utf8_bytes": 7592,
        "delivery_reads": 0,
        "source": "specified_commit_blob"
      },
      {
        "path": "features/mesh_editing/src/mesh_editing_operations.cpp",
        "git_blob_oid": "3e1ea2466face4559dd828aca67c7e0495ab4678",
        "mode": "100644",
        "bytes": 5475,
        "sha256": "0a75646d53ce8aedcf1f511bff2ef82792e8b8e2422c25be4879f32934bf26b2",
        "utf8_bytes": 5475,
        "delivered_utf8_bytes": 5556,
        "delivery_reads": 0,
        "source": "specified_commit_blob"
      },
      {
        "path": "modules/document/include/qcae/edit_session.hpp",
        "git_blob_oid": "3c62376ee56057d7e55ccc57443e81333fc1e1a0",
        "mode": "100644",
        "bytes": 1602,
        "sha256": "c36db4aa0ad2373b19972a22400372bb064809cdcc4f4e4d0a8398e0db1ecafd",
        "utf8_bytes": 1602,
        "delivered_utf8_bytes": 1676,
        "delivery_reads": 0,
        "source": "specified_commit_blob"
      },
      {
        "path": "modules/contracts/include/qcae/render_packet.hpp",
        "git_blob_oid": "f333eb10111cb3b55cd2aa9171218e42509af205",
        "mode": "100644",
        "bytes": 2287,
        "sha256": "03830948c5a2e117b6fbf016f0ca65e5e53a47161f20b275e66df7c95cf11137",
        "utf8_bytes": 2287,
        "delivered_utf8_bytes": 2363,
        "delivery_reads": 0,
        "source": "specified_commit_blob"
      },
      {
        "path": "modules/query/include/qcae/render_projector.hpp",
        "git_blob_oid": "e206699fadac53790b5332e38c4e91cdc9c60c99",
        "mode": "100644",
        "bytes": 2621,
        "sha256": "04b7a2f9fedb063be23850e5e1ccf05a79413dbecabebac671682849b18b76ad",
        "utf8_bytes": 2621,
        "delivered_utf8_bytes": 2696,
        "delivery_reads": 0,
        "source": "specified_commit_blob"
      }
    ],
    "file_count": 8,
    "content_utf8_bytes": 42078,
    "delivered_utf8_bytes": 42601,
    "delivery_encoding": "c4_context_read.py heading + exact UTF8 blob + optional trailing newline",
    "delivery_state": "planned bytes verified; no executor context has been delivered by this tool",
    "subsequent_read_bytes": null,
    "tokens": null
  },
  "protected_files": [
    {
      "path": "adapters/engine_api/include/qcae/typed_host.hpp",
      "git_blob_oid": "c13aaf3dc8fdbd380072e0164d65c977097c271f",
      "mode": "100644",
      "bytes": 1508,
      "sha256": "ab68bdb6efeb173412461442a838035bed6a31f96d905cc443ddcc5666184ddc"
    },
    {
      "path": "adapters/engine_api/src/typed_host.cpp",
      "git_blob_oid": "f5b95f771aaa06afe1f66cf6a31ca76333dfeae9",
      "mode": "100644",
      "bytes": 21130,
      "sha256": "39b7478957cd45f6f1d7593c0df83dda67a85f023eaaf445712a81ce32700c98"
    },
    {
      "path": "adapters/engine_api/src/typed_json.hpp",
      "git_blob_oid": "170952a008aa13a78fb6864668f687123ac5a50d",
      "mode": "100644",
      "bytes": 368,
      "sha256": "930745c4d8de8d6e76ddc1d8ab694a4602a676bd59f710dafb951c6e7f376769"
    },
    {
      "path": "adapters/storage_sqlite/include/qcae/sqlite_store.hpp",
      "git_blob_oid": "8deafc6db75fc9eb3dfe5d3209992f44f196e3d4",
      "mode": "100644",
      "bytes": 1795,
      "sha256": "e384f1e267d4c6386f176178f97b9ca5175a123b603b9283f6371df74badf84f"
    },
    {
      "path": "adapters/storage_sqlite/src/ledger_vfs.hpp",
      "git_blob_oid": "76563fdb3d9c999e8e92d9f31b83a43990bef142",
      "mode": "100644",
      "bytes": 11055,
      "sha256": "6f79bb370e7f6bd6b5297963ec7b90c0f08dfa4fe0c70b8a6c33656b22390370"
    },
    {
      "path": "adapters/storage_sqlite/src/sqlite_store.cpp",
      "git_blob_oid": "86d3eab8e82017a2507b50eb4f459f6e0ac1a818",
      "mode": "100644",
      "bytes": 45959,
      "sha256": "cb8ab1514f1cbcdf9d05c641a2ffc053b85b191fd039a5dd18eb17794fd2fadd"
    },
    {
      "path": "adapters/transport_local/include/qcae/json_ledger.hpp",
      "git_blob_oid": "47edd499cec9041c261a1831f05823403580f823",
      "mode": "100644",
      "bytes": 39682,
      "sha256": "1be8bb8aa463d4a6bef9addd5cddaeb69bf721c1e38dd712aefb823ec70161e9"
    },
    {
      "path": "adapters/transport_local/include/qcae/local_endpoint.hpp",
      "git_blob_oid": "0656798478687bb76fea46376946cf4510dbaf44",
      "mode": "100644",
      "bytes": 572,
      "sha256": "371489d1efc24b836ad8f379cc2a0fc4bc540f37296922ad4203013b014d4a75"
    },
    {
      "path": "adapters/transport_local/include/qcae/render_wire.hpp",
      "git_blob_oid": "99609f914265777d3db9c2703bd2a5c58f312054",
      "mode": "100644",
      "bytes": 19598,
      "sha256": "68c562d52e108e581a39016f31b57f76b88e13385dd4d8addf18d70c15b92a00"
    },
    {
      "path": "apps/engine/engine_host.cpp",
      "git_blob_oid": "54a5f311f8677974b7098b07cfcd919c781c1093",
      "mode": "100644",
      "bytes": 24159,
      "sha256": "d58f6b62822dc42448845409364c61416fa7022d8a03cc8b854fce07b2b32087"
    },
    {
      "path": "apps/engine/include/qcae/engine_host.hpp",
      "git_blob_oid": "6cc0673c9b31c26f29593fcccae9602ae3d46305",
      "mode": "100644",
      "bytes": 453,
      "sha256": "36c1601eb40f2d1dea3d219a691ed1daafb2a011aceeaf9c890a4eed47da8dec"
    },
    {
      "path": "modules/application/include/qcae/immutable_fact_map.hpp",
      "git_blob_oid": "bbbfa06e64d204252e7d5562189b1703be9602b7",
      "mode": "100644",
      "bytes": 6375,
      "sha256": "2b717b2d28a88d0835933963331c692d03aeba1a26a790f5a446eea735f0cba5"
    },
    {
      "path": "modules/application/include/qcae/record_application.hpp",
      "git_blob_oid": "a671e438846d248a1a2dd11c1f7d36d76e68dbdf",
      "mode": "100644",
      "bytes": 10170,
      "sha256": "0c1f61d99d8c2799a9b9efd9197386bfaed0afab002ddcf9bf46a4d8e5e117e3"
    },
    {
      "path": "modules/application/src/application_state.cpp",
      "git_blob_oid": "ba316a46dfe7fd7b42a5182f37a143e40469ad6a",
      "mode": "100644",
      "bytes": 37958,
      "sha256": "3e61c1aeaf0c98412d2967c485765e30157ec41f18bbcdfec6043e4e4a62b385"
    },
    {
      "path": "modules/application/src/application_state.hpp",
      "git_blob_oid": "1282d21b1af09fcbfce4cf129628038bd1a0951a",
      "mode": "100644",
      "bytes": 2132,
      "sha256": "6eeecb984f58fa77929c4a055c48b1f1f5979b1835babb9e6f9e4babb9d3216d"
    },
    {
      "path": "modules/application/src/core.cpp",
      "git_blob_oid": "9304927ffdfb04956ffccc3e6aaf70016a0b8035",
      "mode": "100644",
      "bytes": 72000,
      "sha256": "0247daf8e4b63822b9ed6e88f9fa84ccb2fc1a0f9d5878de5d7cb8f00525568c"
    },
    {
      "path": "modules/clients/include/qcae/desktop_client.hpp",
      "git_blob_oid": "7b043662531665b007d20b36b0545c379734db1d",
      "mode": "100644",
      "bytes": 3997,
      "sha256": "71a523643a8fb615be2d40a4ea3100122d4720fe17da615d8995df437ca3ae8f"
    },
    {
      "path": "modules/clients/include/qcae/resource_client.hpp",
      "git_blob_oid": "f7189c7926e4b6fd2679e454797bec4d75079824",
      "mode": "100644",
      "bytes": 1271,
      "sha256": "8e8d485b1ab28d1b1005013f3aa128f26ea5e4528a91cc98260d54cac8119c69"
    },
    {
      "path": "modules/clients/src/desktop_client.cpp",
      "git_blob_oid": "4dde773d23d8386cd907c112ab9fd1157dff1cd2",
      "mode": "100644",
      "bytes": 17871,
      "sha256": "801c804b3640027f96b3af0498f4b4f13098879717678cf3923c178917282913"
    },
    {
      "path": "modules/clients/src/resource_client.cpp",
      "git_blob_oid": "20e2b0273809ef12dd517baf13b427928542574a",
      "mode": "100644",
      "bytes": 16222,
      "sha256": "e4c75d98302126e4ee393efd6e97972e86011ae4a4327134db3fa1451956d287"
    },
    {
      "path": "modules/document/include/qcae/document_view.hpp",
      "git_blob_oid": "1033d47bde8440ff7ba14dc051d5e6fb1b6268c5",
      "mode": "100644",
      "bytes": 3157,
      "sha256": "bb4b22e51087bac536f546114b5ed3d79f5753504b71a2e7c7cc89592b2b4e7d"
    },
    {
      "path": "modules/document/include/qcae/edit_session.hpp",
      "git_blob_oid": "3c62376ee56057d7e55ccc57443e81333fc1e1a0",
      "mode": "100644",
      "bytes": 1602,
      "sha256": "c36db4aa0ad2373b19972a22400372bb064809cdcc4f4e4d0a8398e0db1ecafd"
    },
    {
      "path": "modules/document/include/qcae/record_registry.hpp",
      "git_blob_oid": "28b4fdf5ee9c2e5b259f5e43f7e6d6b87f6cd87b",
      "mode": "100644",
      "bytes": 6746,
      "sha256": "44b287892c8ed93e9782c6cad912dce5b436f4ca6fa9fa9203bf34949d5e662d"
    },
    {
      "path": "modules/document/src/document_view.cpp",
      "git_blob_oid": "3a3209b0edbc2b78aacdea26636dccb208a7c4d2",
      "mode": "100644",
      "bytes": 22716,
      "sha256": "b8aa6515197470cae324f4aff944e4f6450b4838e3e4f1d4425309b9e811e586"
    },
    {
      "path": "modules/document/src/edit_session.cpp",
      "git_blob_oid": "4390207cbe2e061699d6de59d1b4e3bc3bee501c",
      "mode": "100644",
      "bytes": 4439,
      "sha256": "833ac72ab87da72eaa76930afd25ea945ceda72867cf456d3934c1a45beb8133"
    },
    {
      "path": "modules/document/src/record_registry.cpp",
      "git_blob_oid": "5f6c200035b09e00ece81a8803eaf697042d2fb6",
      "mode": "100644",
      "bytes": 18686,
      "sha256": "5b8585e15559e6f0948201289db071fcb129d0f1ddf3a894af853217f67ddb8c"
    },
    {
      "path": "modules/operations/include/qcae/operation_registry.hpp",
      "git_blob_oid": "ed0f803d730db89492524929e1f5e68fef6d0118",
      "mode": "100644",
      "bytes": 9248,
      "sha256": "47ca5787a6d310d34661e6f2e91ade537e47ea809ca88c0c61bfd6baa9ebad09"
    },
    {
      "path": "modules/operations/src/canonical_value.cpp",
      "git_blob_oid": "031208d0e8c0a215b020804cd6543188289157bf",
      "mode": "100644",
      "bytes": 4264,
      "sha256": "a38ec047e9f9f3415bc9f43ccd98dac8df24be4ccd3930f575bac2a3090682fc"
    },
    {
      "path": "modules/operations/src/change_receipt_value.cpp",
      "git_blob_oid": "36d32cd49bc36a76eb92ccb72a65d24e4e270448",
      "mode": "100644",
      "bytes": 1122,
      "sha256": "9e11ed33d4e94272a37787cbccdd80ee9143c7faa72c6f26bc0fc9ac9e6a4d36"
    },
    {
      "path": "modules/operations/src/operation_registry.cpp",
      "git_blob_oid": "5b11660f5cd525dea2548219f60bba23b87ec46a",
      "mode": "100644",
      "bytes": 23262,
      "sha256": "f79d29f3f40a976d5b03743041fd23d1b062936cbabdc0dedd016dacf86f4b9c"
    },
    {
      "path": "modules/runtime/include/qcae/task_service.hpp",
      "git_blob_oid": "b0e426d39a5f77f6a094795a145628a13d91a392",
      "mode": "100644",
      "bytes": 4133,
      "sha256": "0c922d862b3e0fe4f325301a00137c3a1e7a6750f3e465dbb78ea6dde23379c1"
    },
    {
      "path": "modules/runtime/record_application/include/qcae/task_application.hpp",
      "git_blob_oid": "336218826088c67162c70498894abb43f0032e25",
      "mode": "100644",
      "bytes": 494,
      "sha256": "e7fb283c9ffabbab916b43a39bd7aeedbd9e68ddcba7782895a53719e056c5ae"
    },
    {
      "path": "modules/runtime/record_application/src/task_application.cpp",
      "git_blob_oid": "1e3eadcf91a5c9348e8f328bcd04c64b1196ae27",
      "mode": "100644",
      "bytes": 8349,
      "sha256": "76a70998c6ea91831c4f0ef5e1d4611e8c6e329bb65d52503f772667a8739e81"
    },
    {
      "path": "modules/runtime/src/task_record.cpp",
      "git_blob_oid": "77019102d074efc78d6956f80b50fb5cb6778b79",
      "mode": "100644",
      "bytes": 10297,
      "sha256": "7a1b4f20f5efe066352b2392ea033fdb43530169d89cfbfe3b80d7d0bc57d019"
    },
    {
      "path": "modules/runtime/src/task_service.cpp",
      "git_blob_oid": "60877cd845e4fb733b81270f1ed76eef177ab906",
      "mode": "100644",
      "bytes": 25399,
      "sha256": "fdab5461f46eb473797c5d7a3a90a6fcb0465da0281f0c4fb4a90e65ef30f58f"
    },
    {
      "path": "tools/generate_entities.py",
      "git_blob_oid": "0f665906765da4932552da9f5e44291ae77e0cb4",
      "mode": "100644",
      "bytes": 20283,
      "sha256": "a933e43099d3f192668afa744bb5417f6f6c1c5d9cf0289c247b0e7e87953831"
    },
    {
      "path": "tools/generate_operation_contracts.py",
      "git_blob_oid": "fe5a3dd120587b32001a7ab4bab3e89d63136c18",
      "mode": "100644",
      "bytes": 13706,
      "sha256": "7220e3bc61dfd9ad56de5346501f8d0cd159d868745913d926885001f0c5e228"
    },
    {
      "path": "tools/generate_operations.py",
      "git_blob_oid": "90fa73622f2f3c21e5fe6fb90113c2889e26fd8a",
      "mode": "100644",
      "bytes": 2800,
      "sha256": "792a7040f32d15221d8ccf5c2accc51a75be193cd088d4543c646413fc5081ae"
    },
    {
      "path": "tools/generate_profile.py",
      "git_blob_oid": "a9ae67751e5b3c525ef4cfc68ce5c23d1d5e2e3d",
      "mode": "100644",
      "bytes": 5795,
      "sha256": "9acd657fd0f21ec3de9e76910e62d2a3074e2774ad5b7df373410ab6f5aa1619"
    }
  ],
  "generators": [
    {
      "path": "tools/generate_entities.py",
      "git_blob_oid": "0f665906765da4932552da9f5e44291ae77e0cb4",
      "mode": "100644",
      "bytes": 20283,
      "sha256": "a933e43099d3f192668afa744bb5417f6f6c1c5d9cf0289c247b0e7e87953831"
    },
    {
      "path": "tools/generate_operation_contracts.py",
      "git_blob_oid": "fe5a3dd120587b32001a7ab4bab3e89d63136c18",
      "mode": "100644",
      "bytes": 13706,
      "sha256": "7220e3bc61dfd9ad56de5346501f8d0cd159d868745913d926885001f0c5e228"
    },
    {
      "path": "tools/generate_operations.py",
      "git_blob_oid": "90fa73622f2f3c21e5fe6fb90113c2889e26fd8a",
      "mode": "100644",
      "bytes": 2800,
      "sha256": "792a7040f32d15221d8ccf5c2accc51a75be193cd088d4543c646413fc5081ae"
    },
    {
      "path": "tools/generate_profile.py",
      "git_blob_oid": "a9ae67751e5b3c525ef4cfc68ce5c23d1d5e2e3d",
      "mode": "100644",
      "bytes": 5795,
      "sha256": "9acd657fd0f21ec3de9e76910e62d2a3074e2774ad5b7df373410ab6f5aa1619"
    }
  ]
}
