[0/2] Re-checking globbed directories...
[1/54] Building CXX object features/mesh_editing/CMakeFiles/qcae_mesh_editing.dir/src/mesh_editing_operations.cpp.o
[2/54] Building CXX object modules/document/CMakeFiles/qcae_document.dir/src/records_rules.cpp.o
[3/54] Linking CXX static library modules/document/libqcae_document.a
[4/54] Automatic MOC for target qcae_desktop_tests
[5/53] Linking CXX static library features/mesh_editing/libqcae_mesh_editing.a
[6/53] Building CXX object adapters/engine_api/CMakeFiles/qcae_engine_api.dir/src/ipc_model.cpp.o
[7/53] Linking CXX static library adapters/engine_api/libqcae_engine_api.a
[8/53] Linking CXX executable qcae_record_application_tests
[9/53] Linking CXX executable qcae_model_operation_tests
[10/53] Linking CXX executable qcae_tri3_tests
[11/53] Linking CXX executable qcae_quantity_entry_consistency_tests
[12/53] Linking CXX executable qcae_record_query_tests
[13/53] Linking CXX executable qcae_model_tests
[14/53] Linking CXX executable qcae_nastran_tests
[15/53] Linking CXX executable qcae_delta_tests
[16/53] Linking CXX executable qcae_persistence_tests
[17/53] Linking CXX executable qcae_query_tests
[18/53] Linking CXX executable qcae_core_tests
[19/53] Linking CXX executable qcae_contract_tests
[20/53] Linking CXX executable qcae_allocation_tests
[21/53] Linking CXX executable qcae_tri3_sqlite_tests
[22/53] Linking CXX executable qcae_geometry_mesh_sqlite_tests
[23/53] Linking CXX executable qcae_nastran_package_tests
[24/53] Linking CXX executable qcae_skeleton_fault_tests
[25/53] Linking CXX executable qcae_skeleton_representative_tests
[26/53] Linking CXX executable qcae_legacy_migration_tests
[27/53] Linking CXX executable qcae_render_service_tests
[28/53] Linking CXX executable qcae_engine_assembly_tests
[29/53] Linking CXX executable qcae_contributed_engine
[30/53] Linking CXX executable qcae_change_event_tests
[31/53] Linking CXX executable qcae_render_projector_tests
[32/53] Linking CXX executable qcae_event_stream_tests
[33/53] Linking CXX executable qcae_c3_locality_bench
[34/53] Linking CXX executable qcae_c3_ledger_engine
[35/53] Linking CXX executable qcae_record_document_tests
[36/53] Linking CXX executable qcae_runtime_tests
[37/53] Building CXX object CMakeFiles/qcae_desktop_tests.dir/tests/desktop_tests.cpp.o
[38/53] Linking CXX executable qcae_geometry_mesh_tests
[39/53] Linking CXX executable qcae_line_mesh_regeneration_tests
[40/53] Linking CXX executable qcae_analysis_check_tests
[41/53] Linking CXX executable qcae_desktop_tests
[42/53] Linking CXX executable qcae_result_fixture_tests
[43/53] Linking CXX executable qcae_static_validation_tests
[44/53] Linking CXX executable qcae_nastran_static_result_tests
[45/53] Linking CXX executable qcae_artifacts_local_tests
[46/53] Linking CXX executable qcae_solver_local_tests
[47/53] Linking CXX executable qcae_typed_host_tests
[48/53] Linking CXX executable qcae_resource_tests
[49/53] Linking CXX executable qcae_solver_version_probe_tests
[50/53] Linking CXX executable qcae_solver_result_store_tests
[51/53] Linking CXX executable qcae_solver_numerical_validation_tests
[52/53] Linking CXX executable qcae-engine
