Test time =   0.86 sec
----------------------------------------------------------
Test Passed.
"render_wire" end time: Oct 01 11:15 CST
"render_wire" time elapsed: 00:00:00
----------------------------------------------------------

85/89 Testing: typed_host
85/89 Test: typed_host
Command: "/private/tmp/qcae-c4-ext03-41/build-ext03-desktop/qcae_typed_host_tests"
Directory: /private/tmp/qcae-c4-ext03-41/build-ext03-desktop/adapters/engine_api
"typed_host" start time: Oct 01 11:15 CST
Output:
----------------------------------------------------------
PASS typed JSON transport, mesh idempotency and task fault recovery
<end of output>
Test time =   0.52 sec
----------------------------------------------------------
Test Passed.
"typed_host" end time: Oct 01 11:15 CST
"typed_host" time elapsed: 00:00:00
----------------------------------------------------------

End testing: Oct 01 11:15 CST
