--- profiles/nastran/src/nastran_package.cpp (6977 UTF-8 bytes) ---
#include "qcae/nastran_package.hpp"
#include "qcae/records.hpp"
#include "qcae/records_model_bridge.hpp"
#include <algorithm>
#include <set>
#include <sstream>

namespace qcae {
namespace {
template <class T> Result<T> good(T value) {
    return {Status::success, std::move(value), {}};
}
template <class T> Result<T> bad(ErrorCode code, std::string message) {
    return {Status::failed, {}, Diagnostic{code, std::move(message), "profile"}};
}
std::multiset<std::string> physical_cards(std::span<const TextResource> resources) {
    std::multiset<std::string> cards;
    for (const auto& resource : resources) {
        std::istringstream input(resource.text);
        std::string line;
        while (std::getline(input, line)) {
            if (!line.empty() && line.back() == '\r')
                line.pop_back();
            if (line.empty() || line.starts_with("$") || line.starts_with("INCLUDE"))
                continue;
            cards.insert(std::move(line));
        }
    }
    return cards;
}
} // namespace
NastranUiContribution nastran_ui_contribution(const NastranCodec& codec) {
    return {"nastran.export",
            "Export Nastran files…",
            "model.export",
            "mm-N-MPa",
            codec.definition().reference,
            {"analysis_id", "output_directory"}};
}
void register_nastran_core_rules(RecordRegistry& registry, const ProfileRef& installed) {
    registry.add_rule([installed](const DocumentView& view) {
        view.visit(RecordTraits<records::AnalysisDefinition>::type_id, [&](const Record& image) {
            const auto& analysis = image->get<records::AnalysisDefinition>();
            if (analysis.target.profile.profile_id == installed.profile_id &&
                analysis.target.analysis_kind != "linear_static")
                throw RecordError(ErrorCode::invalid_input,
                                  "Nastran controlled profile requires linear_static analysis",
                                  analysis.id.value);
        });
        view.visit(RecordTraits<records::SourceIdentifier>::type_id, [&](const Record& image) {
            const auto& source = image->get<records::SourceIdentifier>();
            if (source.profile.profile_id == installed.profile_id &&
                (source.number == 0 || source.number > 99999999))
                throw RecordError(
                    ErrorCode::invalid_input,
                    "Nastran source number is outside the supported eight-digit range",
                    source.id.value);
        });
    });
}
Result<ArtifactPlan> validate_nastran_export(const DocumentView& view,
                                             const EntityId& analysis,
                                             const NastranCodec& codec) {
    const auto exported =
        codec.encode(model_from_records(view), analysis, codec.definition().reference);
    if (!exported.report.complete || !exported.artifact) {
        std::string message = "Controlled Nastran export validation failed";
        for (const auto& issue : exported.report.issues)
            if (issue.blocking)
                message += "; " + issue.code + ": " + issue.message;
        return bad<ArtifactPlan>(ErrorCode::invalid_input, std::move(message));
    }
    return good(*exported.artifact);
}
Result<PreparedRecordChange> migrate_nastran_profile(const DocumentView& view,
                                                     const ProfileRef& old,
                                                     const ProfileRef& installed) {
    // Frozen engine-generated 0.1.0 identity: tests/fixtures/legacy/manifest.json.
    const ProfileRef legacy{
        "qcae.nastran.linear-static",
        "0.1.0",
        "sha256:bb856be32336514d1aebf67b524ed0403664291cb4ba9e473e922ae7bb71b662"};
    if (old != legacy || installed.profile_version != "0.2.0" ||
        installed != NastranCodec{}.definition().reference)
        return bad<PreparedRecordChange>(
            ErrorCode::schema_unsupported,
            "Only the frozen controlled 0.1.0 definition can migrate to the installed profile");
    try {
        EditSession edit(view);
        std::size_t count = 0;
        view.visit(RecordTraits<records::AnalysisDefinition>::type_id, [&](const Record& image) {
            const auto& value = image->get<records::AnalysisDefinition>();
            if (value.target.profile != old || value.target.analysis_kind != "linear_static")
                throw RecordError(ErrorCode::schema_unsupported,
                                  "Migration source analysis has an incompatible target",
                                  value.id.value);
            edit.update<records::AnalysisDefinition>(
                value.id, [&](auto& item) { item.target.profile = installed; });
            ++count;
        });
        view.visit(RecordTraits<records::SourceIdentifier>::type_id, [&](const Record& image) {
            const auto& value = image->get<records::SourceIdentifier>();
            if (value.profile != old)
                throw RecordError(ErrorCode::schema_unsupported,
                                  "Migration source numbering has an incompatible target",
                                  value.id.value);
            edit.update<records::SourceIdentifier>(value.id,
                                                   [&](auto& item) { item.profile = installed; });
            ++count;
        });
        if (!count)
            return bad<PreparedRecordChange>(ErrorCode::invalid_input,
                                             "No old profile bindings require migration");
        return good(edit.prepare());
    } catch (const RecordError& error) {
        return bad<PreparedRecordChange>(error.code(), error.what());
    }
}
void verify_nastran_readback(const ArtifactPlan& frozen,
                             std::span<const TextResource> disk_resources,
                             const NastranCodec& codec) {
    const auto imported = codec.decode({frozen.root_resource,
                                        {disk_resources.begin(), disk_resources.end()},
                                        frozen.profile,
                                        "artifact-independent-readback",
                                        "mm-N-MPa"});
    if (!imported.report.complete || !imported.candidate ||
        imported.candidate->analyses.size() != 1)
        throw RecordError(ErrorCode::invalid_input,
                          "Published BDF/INCLUDE failed independent semantic import");
    const auto rebuilt =
        codec.encode(*imported.candidate, imported.candidate->analyses.front().id, frozen.profile);
    if (!rebuilt.report.complete || !rebuilt.artifact ||
        physical_cards(rebuilt.artifact->resources) != physical_cards(frozen.resources))
        throw RecordError(
            ErrorCode::invalid_input,
            "Published engineering cards or export numbering differ after independent readback");
}
} // namespace qcae
--- tests/geometry_mesh_tests.cpp (17220 UTF-8 bytes) ---
#include "runtime_test_support.hpp"
#include "qcae/geometry_features.hpp"
#include "qcae/line_mesh_task.hpp"
#include "qcae/records_model_bridge.hpp"
#include <iostream>
#ifdef QCAE_TEST_SQLITE
#include "qcae/sqlite_store.hpp"
#include <filesystem>
#include <random>
#endif

using namespace runtime_test;
namespace {
#ifdef QCAE_TEST_SQLITE
constexpr const char* backend = "sqlite";
#else
constexpr const char* backend = "memory";
#endif
struct FixtureStore {
#ifdef QCAE_TEST_SQLITE
    std::filesystem::path directory;
    std::shared_ptr<IRecordStore> records;
    FixtureStore() {
        do {
            directory = std::filesystem::temp_directory_path() /
                        ("qcae-mesh-c2-" + std::to_string(std::random_device{}()));
        } while (!std::filesystem::create_directory(directory));
        records = std::make_shared<SqliteWorkspaceStore>((directory / "workspace.sqlite").string());
    }
    ~FixtureStore() {
        records.reset();
        std::filesystem::remove_all(directory);
    }
    void reopen() {
        records.reset();
        records = std::make_shared<SqliteWorkspaceStore>((directory / "workspace.sqlite").string());
    }
#else
    std::shared_ptr<IRecordStore> records = std::make_shared<Store>();
    void reopen() {}
#endif
};
void one_run(unsigned mode, unsigned repetition) {
    FixtureStore store;
    TaskRecord result;
    DocumentInfo final_info;
    Revision task_model_commits{};
    records::GeometryId geometry;
    const LineGeometryInput input{{0, 0, 0}, {1000, 0, 0}};
    {
        RecordApplication app(options(store.records));
        auto info = good(app.create_document(caller, "Line", "create"));
        const auto line_receipt = good(app.execute(caller,
                                                   at(info),
                                                   "geometry.create_line",
                                                   line_geometry_signature(input),
                                                   create_line_handler(input),
                                                   "line"));
        geometry = records::GeometryId(line_receipt.primary_entity.value);
        check(!geometry.value.empty(), "geometry operation returns a stable primary entity");
        info = good(app.current_document());
        const auto snapshot = good(app.snapshot(info.document));
        check(bool(snapshot.records.find<records::GeometryLine>(geometry)),
              "primary entity identifies the created geometry");
        TaskService service(publisher(app));
        auto request = line_mesh_task(snapshot, caller, {}, {geometry, 10, std::nullopt}, "mesh");
        auto gate = std::make_shared<Gate>();
        if (mode) {
            auto work = std::move(request.work);
            request.work = [gate, work](const TaskControl& control) {
                gate->arrive_and_wait();
                return work(control);
            };
        }
        const auto task = good(service.start(std::move(request)));
        if (mode)
            gate->wait_for();
        if (mode == 1)
            check(good(service.cancel(caller, task.id)).accepted,
                  "mesh cancellation accepted before publication");
        if (mode == 2) {
            const std::array<double, 3> endpoint{1200, 0, 0};
            good(app.execute(caller,
                             at(info),
                             "geometry.move_endpoint",
                             line_endpoint_signature(geometry, endpoint),
                             move_line_endpoint_handler(geometry, endpoint),
                             "move-before-task"));
        }
        if (mode)
            gate->release();
        result = good(service.wait(caller, task.id));
        info = good(app.current_document());
        const auto current = good(app.snapshot(info.document));
        if (!mode) {
            check(result.state == TaskState::succeeded && result.receipt,
                  "real line task committed");
            check(current.records.count(RecordTraits<records::Node>::type_id) == 11 &&
                      current.records.count(RecordTraits<records::Beam>::type_id) == 10,
                  "uniform mesher generated eleven nodes and ten line elements");
            const auto mesh = line_mesh_identity(task.id);
            check(result.receipt->primary_entity.value == mesh.value,
                  "task receipt retains primary MeshId");
            const auto generation = store.records->load_rows().generation;
            check(!good(service.cancel(caller, task.id)).accepted,
                  "post-commit cancellation returns committed fact");
            check(store.records->load_rows().generation == generation,
                  "post-commit cancellation adds no transaction");
            const auto binding = current.records.find<records::Mesh>(mesh);
            check(binding && binding->get<records::Mesh>().geometry == geometry &&
                      !binding->get<records::Mesh>().stale,
                  "mesh provenance and distinct geometry identity retained");
            for (unsigned index = 0; index <= 10; ++index) {
                const auto node = current.records.find<records::Node>(
                    EntityId("node-" + task.id + "-" + std::to_string(index)));
                check(node && node->get<records::Node>().position ==
                                  std::array<double, 3>{100.0 * index, 0, 0},
                      "node coordinate golden");
                check(node->get<records::Node>().mesh == mesh, "node mesh ownership");
                if (index < 10) {
                    const auto line = current.records.find<records::Beam>(
                        EntityId("line-" + task.id + "-" + std::to_string(index)));
                    check(line && !line->get<records::Beam>().section &&
                              line->get<records::Beam>().mesh == mesh,
                          "line topology exists before optional physics assignment");
                    check(line->get<records::Beam>().nodes[0] == node->get<records::Node>().id &&
                              line->get<records::Beam>().nodes[1] ==
                                  EntityId("node-" + task.id + "-" + std::to_string(index + 1)),
                          "line connection golden");
                }
            }
            check(info.revision == snapshot.info.revision + 1,
                  "meshing is exactly one model transaction");
            check(!validate_model(model_from_records(current.records)).empty(),
                  "legacy strict export validation rejects unassigned physics properties");
        } else {
            check(result.state == (mode == 1 ? TaskState::cancelled : TaskState::conflicted),
                  "cancelled/stale task terminal state");
            check(current.records.count(RecordTraits<records::Node>::type_id) == 0 &&
                      current.records.count(RecordTraits<records::Mesh>::type_id) == 0,
                  "cancelled/stale candidate does not publish any mesh records");
            check(info.revision == snapshot.info.revision + (mode == 2 ? 1 : 0),
                  "only the explicitly committed geometry edit advances revision");
        }
        final_info = info;
        task_model_commits = info.revision - snapshot.info.revision - (mode == 2 ? 1 : 0);
    }
    store.reopen();
    {
        RecordApplication app(options(store.records));
        const auto recovered = good(app.recover_document(caller, "recover"));
        check(recovered.document.id == final_info.document.id &&
                  recovered.document.epoch != final_info.document.epoch &&
                  recovered.revision == final_info.revision,
              "recovery retains document/revision and renews epoch");
        TaskService restored(publisher(app));
        const auto persisted = good(restored.query(caller, result.id));
        check(persisted.state == result.state && persisted.events.size() == result.events.size(),
              "terminal task facts survive a store reopen without rerun");
        const auto created =
            good(app.action_outcome(caller, recovered.document, "geometry.create_line", "line"));
        check(created.primary_entity.value == geometry.value,
              "geometry primary identity survives persisted operation replay");
        if (!mode) {
            const auto committed = good(app.action_outcome(
                caller, recovered.document, "mesh.generate_line", "task-publication:" + result.id));
            check(persisted.receipt &&
                      persisted.receipt->transaction == result.receipt->transaction &&
                      persisted.receipt->primary_entity == result.receipt->primary_entity &&
                      committed.replayed && committed.transaction == result.receipt->transaction &&
                      committed.primary_entity == result.receipt->primary_entity,
                  "task and operation primary identities survive persisted idempotency replay");
        }
    }
    std::cout << "{\"case\":\""
              << (mode == 0   ? "success"
                  : mode == 1 ? "cancel_before_commit"
                              : "stale_candidate")
              << "\",\"run_id\":\"" << backend << "-mesh-" << mode << '-' << repetition
              << "\",\"backend\":\"" << backend << "\",\"final_state\":\""
              << task_state_name(result.state) << "\",\"task_model_commits\":" << task_model_commits
              << "}\n";
}
void replay_after_source_undo() {
    FixtureStore store;
    RecordApplication app(options(store.records));
    auto info = good(app.create_document(caller, "Replay", "create-replay"));
    const records::GeometryId geometry("replay-geometry");
    const EntityId section("replay-section");
    good(app.execute(
        caller,
        at(info),
        "test.geometry_with_section",
        "replay-fixture",
        [geometry, section](const DocumentView& view,
                            const RecordIdentityAllocator&) -> Result<RecordPreparedOperation> {
            EditSession edit(view);
            edit.put(records::GeometryLine{geometry, {0, 0, 0}, {1000, 0, 0}, 1});
            edit.put(records::Material{EntityId("replay-material"), "Steel", 210000, .3});
            edit.put(records::BeamSection{
                section, "Section", EntityId("replay-material"), 100, 833.333, 833.333, 1400});
            return {Status::success,
                    RecordPreparedOperation{edit.prepare(),
                                            "Replay fixture",
                                            EntityId(geometry.value),
                                            "replay-fixture",
                                            0,
                                            true},
                    {}};
        },
        "replay-fixture"));
    info = good(app.current_document());
    TaskService service(publisher(app));
    const auto first = good(service.start(line_mesh_task(
        good(app.snapshot(info.document)), caller, {}, {geometry, 10, section}, "mesh-replay")));
    const auto complete = good(service.wait(caller, first.id));
    check(complete.state == TaskState::succeeded && complete.receipt,
          "replay fixture task committed before undo");
    good(app.undo(caller, at(good(app.current_document())), "undo-replay-mesh"));
    good(app.undo(caller, at(good(app.current_document())), "undo-replay-sources"));
    const auto undone = good(app.current_document());
    const auto snapshot = good(app.snapshot(undone.document));
    check(snapshot.records.size() == 0, "undo removed mesh, geometry and section");
    auto retry = line_mesh_task(snapshot, caller, {}, {geometry, 10, section}, "mesh-replay");
    retry.input.revision = first.input.revision;
    const auto generation = store.records->load_rows().generation;
    const auto replayed = good(service.start(std::move(retry)));
    check(replayed.id == first.id && replayed.receipt &&
              replayed.receipt->transaction == complete.receipt->transaction &&
              replayed.receipt->primary_entity == complete.receipt->primary_entity &&
              good(app.current_document()).revision == undone.revision &&
              store.records->load_rows().generation == generation,
          "task replay survives deleted source references without executing or committing");
    auto changed = line_mesh_task(snapshot, caller, {}, {geometry, 9, section}, "mesh-replay");
    changed.input.revision = first.input.revision;
    const auto conflict = service.start(std::move(changed));
    check(!conflict.ok() && conflict.error->code == ErrorCode::idempotency_key_conflict,
          "changed retry is rejected before source-reference lookup");
    const auto missing = good(service.start(
        line_mesh_task(snapshot, caller, {}, {geometry, 10, section}, "missing-sources")));
    check(good(service.wait(caller, missing.id)).state == TaskState::failed &&
              good(app.current_document()).revision == undone.revision &&
              good(app.snapshot(undone.document)).records.size() == 0,
          "new work with missing sources fails without a model transaction");
    std::cout << "PASS: task replay after undo removes geometry and section; new missing-source "
                 "work fails\n";
}
void history_roundtrip() {
    FixtureStore store;
    RecordApplication app(options(store.records));
    auto info = good(app.create_document(caller, "History", "create-history"));
    const LineGeometryInput input{{0, 0, 0}, {1000, 0, 0}};
    const auto line = good(app.execute(caller,
                                       at(info),
                                       "geometry.create_line",
                                       line_geometry_signature(input),
                                       create_line_handler(input),
                                       "history-line"));
    info = good(app.current_document());
    TaskService service(publisher(app));
    const auto started = good(service.start(
        line_mesh_task(good(app.snapshot(info.document)),
                       caller,
                       {},
                       {records::GeometryId(line.primary_entity.value), 10, std::nullopt},
                       "history-mesh")));
    const auto mesh_task = good(service.wait(caller, started.id));
    check(mesh_task.state == TaskState::succeeded, "history fixture mesh succeeded");
    info = good(app.current_document());
    const auto before = good(app.snapshot(info.document)).records;
    const auto start_revision = info.revision;
    const EntityId node("node-" + started.id + "-5");
    const auto moved = good(app.execute(
        caller,
        at(info),
        "test.move_node",
        "node5-y1",
        [node](const DocumentView& view,
               const RecordIdentityAllocator&) -> Result<RecordPreparedOperation> {
            EditSession edit(view);
            edit.update<records::Node>(node, [](auto& value) { value.position[1] = 1; });
            return {
                Status::success,
                RecordPreparedOperation{edit.prepare(), "Move node 5", node, "node5-y1", 0, false},
                {}};
        },
        "history-move"));
    const auto after = good(app.snapshot(info.document)).records;
    check(diff_record_views(before, after).records.size() == 1,
          "node movement changes exactly one record");
    for (unsigned run = 0; run < 100; ++run) {
        good(app.undo(
            caller, at(good(app.current_document())), "history-undo-" + std::to_string(run)));
        check(diff_record_views(before, good(app.snapshot(info.document)).records).empty(),
              "undo equals complete pre-move golden");
        good(app.redo(
            caller, at(good(app.current_document())), "history-redo-" + std::to_string(run)));
        check(diff_record_views(after, good(app.snapshot(info.document)).records).empty(),
              "redo equals complete post-move golden");
    }
    const auto final_info = good(app.current_document());
    check(final_info.revision == start_revision + 201,
          "one edit and 100 undo/redo rounds advance revision exactly 201");
    const auto generation = store.records->load_rows().generation;
    const auto replay =
        good(app.action_outcome(caller, final_info.document, "test.move_node", "history-move"));
    check(replay.primary_entity == node && replay.transaction == moved.transaction &&
              replay.replayed && generation == store.records->load_rows().generation,
          "history preserves the original primary entity and transaction fact");
    std::cout << "PASS: 100 undo/redo rounds; semantic differences=0; revision_delta=201\n";
}
} // namespace
int main() {
    try {
        for (unsigned mode = 0; mode < 3; ++mode)
            for (unsigned run = 0; run < 10; ++run)
                one_run(mode, run);
        replay_after_source_undo();
        history_roundtrip();
        std::cout << "PASS: 10 success + 10 cancellation + 10 stale real mesh tasks\n";
    } catch (const std::exception& error) {
        std::cerr << error.what() << '\n';
        return 1;
    }
}
--- features/materials/src/material_operations.cpp (14086 UTF-8 bytes) ---
#include "qcae/material_operations.hpp"
#include "qcae/quantities.hpp"
#include "qcae/records.hpp"

namespace qcae::features::materials {
namespace {
using namespace operations;

void observe_record_temporary(const records::Material& value) noexcept {
    ledger::add(ledger::Stage::application,
                ledger::Metric::model_copy_bytes,
                sizeof(value) + value.id.value.size() + value.name.size());
}
void observe_record_temporary(const records::BeamSection& value) noexcept {
    ledger::add(ledger::Stage::application,
                ledger::Metric::model_copy_bytes,
                sizeof(value) + value.id.value.size() + value.name.size() +
                    value.material.value.size());
}

std::size_t moved_string_bytes(const std::string& value) noexcept {
#if defined(_LIBCPP_VERSION)
    return value.capacity() <= std::string{}.capacity() ? value.size() : 0;
#else
    ledger::unknown(ledger::Stage::application, ledger::Metric::model_copy_bytes);
    return 0;
#endif
}
void observe_capture_move(const MaterialCreateInput& input) noexcept {
    ledger::add(ledger::Stage::application,
                ledger::Metric::model_copy_bytes,
                2 * (sizeof(input.young_modulus.value) + sizeof(input.poisson_ratio) +
                     moved_string_bytes(input.name) +
                     moved_string_bytes(input.young_modulus.unit)));
}
void observe_capture_move(const MaterialSetYoungModulusInput& input) noexcept {
    ledger::add(ledger::Stage::application,
                ledger::Metric::model_copy_bytes,
                2 * (sizeof(input.young_modulus.value) + moved_string_bytes(input.entity_id.value) +
                     moved_string_bytes(input.young_modulus.unit)));
}
void observe_capture_move(const SectionCreateInput& input) noexcept {
    ledger::add(ledger::Stage::application,
                ledger::Metric::model_copy_bytes,
                2 * (4 * sizeof(double) + moved_string_bytes(input.name) +
                     moved_string_bytes(input.material_id.value)));
}
void observe_signature_capture(const std::string& signature) noexcept {
    // One actual string clone into the lambda, then a possible short-rep move into std::function.
    ledger::add(ledger::Stage::application,
                ledger::Metric::metadata_copy_bytes,
                signature.size() + moved_string_bytes(signature));
}
Result<RecordPreparedOperation> prepared(PreparedRecordChange change,
                                         std::string_view label,
                                         const EntityId& entity,
                                         const std::string& signature,
                                         double value,
                                         bool creates) {
    RecordPreparedOperation result{
        std::move(change), std::string(label), entity, signature, value, creates};
    ledger::add(ledger::Stage::application,
                ledger::Metric::metadata_copy_bytes,
                3 * sizeof(std::string) + label.size() + entity.value.size() + signature.size() +
                    sizeof(creates));
    ledger::add(ledger::Stage::application, ledger::Metric::model_copy_bytes, sizeof(value));
    return {Status::success, std::move(result), std::nullopt};
}

template <class T> Result<T> success(T value) {
    return {Status::success, std::move(value), std::nullopt};
}

template <class T> Result<T> failed(const RecordError& error) {
    return {Status::failed, std::nullopt, Diagnostic{error.code(), error.what(), error.field()}};
}

Result<Quantity>
normalized(const Quantity& input, parameters::Dimension dimension, std::string_view field) {
    auto value = parameters::canonical_quantity(input, dimension);
    if (value.value)
        wire::observe_input_copy(*value.value, *value.value);
    if (value.error) {
        value.error->field = std::string(field) + "." + value.error->field;
    }
    return value;
}

template <class Input, class Factory>
Result<Value> execute(RecordApplication& app,
                      const OperationContext& context,
                      const Input& input,
                      Factory factory) {
    const auto plan = factory(input);
    if (!plan.ok()) {
        return {plan.status, std::nullopt, plan.error};
    }
    // Presence is validated by registry metadata; actual identity/revision/authorization stays in
    // app.
    WriteContext write{*context.document, *context.expected_revision};
    std::string operation(InputTraits<Input>::operation_id);
    ledger::add(ledger::Stage::application,
                ledger::Metric::metadata_copy_bytes,
                sizeof(WriteContext) + write.document.id.value.size() +
                    write.document.epoch.value.size() + operation.size());
    const auto receipt = app.execute(context.caller,
                                     write,
                                     operation,
                                     plan.value->signature,
                                     plan.value->prepare,
                                     context.idempotency_key);
    if (!receipt.ok()) {
        return {receipt.status, std::nullopt, receipt.error};
    }
    return success(change_receipt_value(*receipt.value));
}
} // namespace

Result<OperationPlan> prepare_create_material(const operations::MaterialCreateInput& input) {
    const auto young =
        normalized(input.young_modulus, parameters::Dimension::pressure, "young_modulus");
    if (!young.ok()) {
        return {young.status, std::nullopt, young.error};
    }
    auto canonical = input;
    wire::observe_input_copy(canonical, canonical.name, canonical.young_modulus);
    canonical.young_modulus = *young.value;
    wire::observe_input_copy(canonical.young_modulus, canonical.young_modulus);
    try {
        // Reuse authoritative generated field rules; this probe is never published or allocated.
        const records::Material probe{EntityId{"material-field-check"},
                                      canonical.name,
                                      young.value->value,
                                      canonical.poisson_ratio};
        observe_record_temporary(probe);
        RecordTraits<records::Material>::validate_fields(probe);
    } catch (const RecordError& error) {
        return failed<OperationPlan>(error);
    }
    auto signature = canonical_value(InputTraits<MaterialCreateInput>::to_value(canonical));
    if (!signature.ok()) {
        return {signature.status, std::nullopt, signature.error};
    }
    observe_capture_move(canonical);
    observe_signature_capture(*signature.value);
    RecordPrepare prepare = [canonical = std::move(canonical), signature = *signature.value](
                                const DocumentView& view, const RecordIdentityAllocator& allocate) {
        try {
            const auto identity = allocate();
            EditSession edit(view);
            records::Material material{
                identity, canonical.name, canonical.young_modulus.value, canonical.poisson_ratio};
            observe_record_temporary(material);
            edit.put(std::move(material));
            return prepared(edit.prepare(),
                            "Create material",
                            identity,
                            signature,
                            canonical.young_modulus.value,
                            true);
        } catch (const RecordError& error) {
            return failed<RecordPreparedOperation>(error);
        }
    };
    ledger::add(ledger::Stage::application,
                ledger::Metric::metadata_copy_bytes,
                moved_string_bytes(*signature.value));
    return success(OperationPlan{std::move(*signature.value), std::move(prepare)});
}

Result<OperationPlan>
prepare_set_young_modulus(const operations::MaterialSetYoungModulusInput& input) {
    const auto young =
        normalized(input.young_modulus, parameters::Dimension::pressure, "young_modulus");
    if (!young.ok()) {
        return {young.status, std::nullopt, young.error};
    }
    auto canonical = input;
    wire::observe_input_copy(canonical, canonical.entity_id, canonical.young_modulus);
    canonical.young_modulus = *young.value;
    wire::observe_input_copy(canonical.young_modulus, canonical.young_modulus);
    auto signature =
        canonical_value(InputTraits<MaterialSetYoungModulusInput>::to_value(canonical));
    if (!signature.ok()) {
        return {signature.status, std::nullopt, signature.error};
    }
    observe_capture_move(canonical);
    observe_signature_capture(*signature.value);
    RecordPrepare prepare = [canonical = std::move(canonical), signature = *signature.value](
                                const DocumentView& view, const RecordIdentityAllocator&) {
        try {
            EditSession edit(view);
            edit.update<records::Material>(canonical.entity_id, [&](auto& material) {
                material.young_modulus_mpa = canonical.young_modulus.value;
            });
            return prepared(edit.prepare(),
                            "Set Young modulus",
                            canonical.entity_id,
                            signature,
                            canonical.young_modulus.value,
                            false);
        } catch (const RecordError& error) {
            return failed<RecordPreparedOperation>(error);
        }
    };
    ledger::add(ledger::Stage::application,
                ledger::Metric::metadata_copy_bytes,
                moved_string_bytes(*signature.value));
    return success(OperationPlan{std::move(*signature.value), std::move(prepare)});
}

Result<OperationPlan> prepare_create_section(const operations::SectionCreateInput& input) {
    auto canonical = input;
    wire::observe_input_copy(canonical, canonical.name, canonical.material_id);
    const auto area = normalized({input.area_mm2, "mm2"}, parameters::Dimension::area, "area_mm2");
    const auto i1 = normalized({input.i1_mm4, "mm4"}, parameters::Dimension::inertia, "i1_mm4");
    const auto i2 = normalized({input.i2_mm4, "mm4"}, parameters::Dimension::inertia, "i2_mm4");
    const auto torsion =
        normalized({input.torsion_mm4, "mm4"}, parameters::Dimension::inertia, "torsion_mm4");
    for (const auto* field : {&area, &i1, &i2, &torsion}) {
        if (!field->ok()) {
            return {field->status, std::nullopt, field->error};
        }
    }
    canonical.area_mm2 = area.value->value;
    canonical.i1_mm4 = i1.value->value;
    canonical.i2_mm4 = i2.value->value;
    canonical.torsion_mm4 = torsion.value->value;
    ledger::add(ledger::Stage::application,
                ledger::Metric::model_copy_bytes,
                4 * (sizeof(Quantity) + 3) + 4 * sizeof(double));
    try {
        const records::BeamSection probe{EntityId{"section-field-check"},
                                         canonical.name,
                                         canonical.material_id,
                                         canonical.area_mm2,
                                         canonical.i1_mm4,
                                         canonical.i2_mm4,
                                         canonical.torsion_mm4};
        observe_record_temporary(probe);
        RecordTraits<records::BeamSection>::validate_fields(probe);
    } catch (const RecordError& error) {
        return failed<OperationPlan>(error);
    }
    auto signature = canonical_value(InputTraits<SectionCreateInput>::to_value(canonical));
    if (!signature.ok()) {
        return {signature.status, std::nullopt, signature.error};
    }
    observe_capture_move(canonical);
    observe_signature_capture(*signature.value);
    RecordPrepare prepare = [canonical = std::move(canonical), signature = *signature.value](
                                const DocumentView& view, const RecordIdentityAllocator& allocate) {
        try {
            const auto identity = allocate();
            EditSession edit(view);
            records::BeamSection section{identity,
                                         canonical.name,
                                         canonical.material_id,
                                         canonical.area_mm2,
                                         canonical.i1_mm4,
                                         canonical.i2_mm4,
                                         canonical.torsion_mm4};
            observe_record_temporary(section);
            edit.put(std::move(section));
            return prepared(edit.prepare(), "Create section", identity, signature, 0, true);
        } catch (const RecordError& error) {
            return failed<RecordPreparedOperation>(error);
        }
    };
    ledger::add(ledger::Stage::application,
                ledger::Metric::metadata_copy_bytes,
                moved_string_bytes(*signature.value));
    return success(OperationPlan{std::move(*signature.value), std::move(prepare)});
}

Result<bool> register_handlers(operations::OperationRegistry& registry, RecordApplication& app) {
    auto registered = registry.register_typed<MaterialCreateInput>(
        InputTraits<MaterialCreateInput>::definition(),
        [&app](const OperationContext& context, const MaterialCreateInput& input) {
            return execute(app, context, input, prepare_create_material);
        });
    if (!registered.ok())
        return registered;
    registered = registry.register_typed<MaterialSetYoungModulusInput>(
        InputTraits<MaterialSetYoungModulusInput>::definition(),
        [&app](const OperationContext& context, const MaterialSetYoungModulusInput& input) {
            return execute(app, context, input, prepare_set_young_modulus);
        });
    if (!registered.ok())
        return registered;
    return registry.register_typed<SectionCreateInput>(
        InputTraits<SectionCreateInput>::definition(),
        [&app](const OperationContext& context, const SectionCreateInput& input) {
            return execute(app, context, input, prepare_create_section);
        });
}
} // namespace qcae::features::materials
