{
  "status": "pending-native-GUI",
  "baseline": "b740b374c934f3b4624a21247b9a5deeb2ca6bf4",
  "executor": "/root/c4_ext03_frozen41",
  "diff_sha256": "d09626ebca8f9676d5e027364d4c04ccf72d4a587e004226a8b6ebbc8365e124",
  "diff_bytes": 52314,
  "paths": [
    "CMakeLists.txt",
    "adapters/engine_api/src/ipc_model.cpp",
    "features/analysis/src/analysis_checks.cpp",
    "features/analysis/src/analysis_input.cpp",
    "features/mesh_editing/include/qcae/mesh_editing_operations.hpp",
    "features/mesh_editing/src/mesh_editing_operations.cpp",
    "modules/document/include/qcae/records.hpp",
    "modules/document/src/records_rules.cpp",
    "modules/query/src/render_projector.cpp",
    "profiles/nastran/src/nastran_package.cpp",
    "schemas/entities/entities.json",
    "schemas/operations/basic.json",
    "tests/desktop_tests.cpp",
    "tests/fixtures/vtk-tri3-pick-matrix-v1.json",
    "tests/tri3_ipc_tests.py",
    "tests/tri3_tests.cpp"
  ],
  "handwritten_product_paths": [
    "adapters/engine_api/src/ipc_model.cpp",
    "features/analysis/src/analysis_checks.cpp",
    "features/analysis/src/analysis_input.cpp",
    "features/mesh_editing/include/qcae/mesh_editing_operations.hpp",
    "features/mesh_editing/src/mesh_editing_operations.cpp",
    "modules/document/src/records_rules.cpp",
    "modules/query/src/render_projector.cpp",
    "profiles/nastran/src/nastran_package.cpp",
    "schemas/entities/entities.json",
    "schemas/operations/basic.json"
  ],
  "handwritten_product_count": 10,
  "test_only_build_registration": [
    "CMakeLists.txt"
  ],
  "generated_paths": [
    "modules/document/include/qcae/records.hpp"
  ],
  "protected_touches": 0,
  "generator_touches": 0
}
