********* Start testing of ToolLifecycle *********
Config: Using QtTest library 6.11.1, Qt 6.11.1 (arm64-little_endian-lp64 shared (dynamic) release build; by Apple LLVM 21.0.0 (clang-2100.0.123.102)), macos 26.6.2
PASS   : ToolLifecycle::initTestCase()
QINFO  : ToolLifecycle::thirtyRealEngineLineToolRuns() a222b94a-60d6-4a82-be15-ec65d9860ad6-001 cancel_delta=0 commits=1 empty_golden=true revisions= 0 -> 2
QINFO  : ToolLifecycle::thirtyRealEngineLineToolRuns() a222b94a-60d6-4a82-be15-ec65d9860ad6-002 cancel_delta=0 commits=1 empty_golden=true revisions= 2 -> 4
QINFO  : ToolLifecycle::thirtyRealEngineLineToolRuns() a222b94a-60d6-4a82-be15-ec65d9860ad6-003 cancel_delta=0 commits=1 empty_golden=true revisions= 4 -> 6
QINFO  : ToolLifecycle::thirtyRealEngineLineToolRuns() a222b94a-60d6-4a82-be15-ec65d9860ad6-004 cancel_delta=0 commits=1 empty_golden=true revisions= 6 -> 8
QINFO  : ToolLifecycle::thirtyRealEngineLineToolRuns() a222b94a-60d6-4a82-be15-ec65d9860ad6-005 cancel_delta=0 commits=1 empty_golden=true revisions= 8 -> 10
QINFO  : ToolLifecycle::thirtyRealEngineLineToolRuns() a222b94a-60d6-4a82-be15-ec65d9860ad6-006 cancel_delta=0 commits=1 empty_golden=true revisions= 10 -> 12
QINFO  : ToolLifecycle::thirtyRealEngineLineToolRuns() a222b94a-60d6-4a82-be15-ec65d9860ad6-007 cancel_delta=0 commits=1 empty_golden=true revisions= 12 -> 14
QINFO  : ToolLifecycle::thirtyRealEngineLineToolRuns() a222b94a-60d6-4a82-be15-ec65d9860ad6-008 cancel_delta=0 commits=1 empty_golden=true revisions= 14 -> 16
QINFO  : ToolLifecycle::thirtyRealEngineLineToolRuns() a222b94a-60d6-4a82-be15-ec65d9860ad6-009 cancel_delta=0 commits=1 empty_golden=true revisions= 16 -> 18
QINFO  : ToolLifecycle::thirtyRealEngineLineToolRuns() a222b94a-60d6-4a82-be15-ec65d9860ad6-010 cancel_delta=0 commits=1 empty_golden=true revisions= 18 -> 20
QINFO  : ToolLifecycle::thirtyRealEngineLineToolRuns() a222b94a-60d6-4a82-be15-ec65d9860ad6-011 cancel_delta=0 commits=1 empty_golden=true revisions= 20 -> 22
QINFO  : ToolLifecycle::thirtyRealEngineLineToolRuns() a222b94a-60d6-4a82-be15-ec65d9860ad6-012 cancel_delta=0 commits=1 empty_golden=true revisions= 22 -> 24
QINFO  : ToolLifecycle::thirtyRealEngineLineToolRuns() a222b94a-60d6-4a82-be15-ec65d9860ad6-013 cancel_delta=0 commits=1 empty_golden=true revisions= 24 -> 26
QINFO  : ToolLifecycle::thirtyRealEngineLineToolRuns() a222b94a-60d6-4a82-be15-ec65d9860ad6-014 cancel_delta=0 commits=1 empty_golden=true revisions= 26 -> 28
QINFO  : ToolLifecycle::thirtyRealEngineLineToolRuns() a222b94a-60d6-4a82-be15-ec65d9860ad6-015 cancel_delta=0 commits=1 empty_golden=true revisions= 28 -> 30
QINFO  : ToolLifecycle::thirtyRealEngineLineToolRuns() a222b94a-60d6-4a82-be15-ec65d9860ad6-016 cancel_delta=0 commits=1 empty_golden=true revisions= 30 -> 32
QINFO  : ToolLifecycle::thirtyRealEngineLineToolRuns() a222b94a-60d6-4a82-be15-ec65d9860ad6-017 cancel_delta=0 commits=1 empty_golden=true revisions= 32 -> 34
QINFO  : ToolLifecycle::thirtyRealEngineLineToolRuns() a222b94a-60d6-4a82-be15-ec65d9860ad6-018 cancel_delta=0 commits=1 empty_golden=true revisions= 34 -> 36
QINFO  : ToolLifecycle::thirtyRealEngineLineToolRuns() a222b94a-60d6-4a82-be15-ec65d9860ad6-019 cancel_delta=0 commits=1 empty_golden=true revisions= 36 -> 38
QINFO  : ToolLifecycle::thirtyRealEngineLineToolRuns() a222b94a-60d6-4a82-be15-ec65d9860ad6-020 cancel_delta=0 commits=1 empty_golden=true revisions= 38 -> 40
QINFO  : ToolLifecycle::thirtyRealEngineLineToolRuns() a222b94a-60d6-4a82-be15-ec65d9860ad6-021 cancel_delta=0 commits=1 empty_golden=true revisions= 40 -> 42
QINFO  : ToolLifecycle::thirtyRealEngineLineToolRuns() a222b94a-60d6-4a82-be15-ec65d9860ad6-022 cancel_delta=0 commits=1 empty_golden=true revisions= 42 -> 44
QINFO  : ToolLifecycle::thirtyRealEngineLineToolRuns() a222b94a-60d6-4a82-be15-ec65d9860ad6-023 cancel_delta=0 commits=1 empty_golden=true revisions= 44 -> 46
QINFO  : ToolLifecycle::thirtyRealEngineLineToolRuns() a222b94a-60d6-4a82-be15-ec65d9860ad6-024 cancel_delta=0 commits=1 empty_golden=true revisions= 46 -> 48
QINFO  : ToolLifecycle::thirtyRealEngineLineToolRuns() a222b94a-60d6-4a82-be15-ec65d9860ad6-025 cancel_delta=0 commits=1 empty_golden=true revisions= 48 -> 50
QINFO  : ToolLifecycle::thirtyRealEngineLineToolRuns() a222b94a-60d6-4a82-be15-ec65d9860ad6-026 cancel_delta=0 commits=1 empty_golden=true revisions= 50 -> 52
QINFO  : ToolLifecycle::thirtyRealEngineLineToolRuns() a222b94a-60d6-4a82-be15-ec65d9860ad6-027 cancel_delta=0 commits=1 empty_golden=true revisions= 52 -> 54
QINFO  : ToolLifecycle::thirtyRealEngineLineToolRuns() a222b94a-60d6-4a82-be15-ec65d9860ad6-028 cancel_delta=0 commits=1 empty_golden=true revisions= 54 -> 56
QINFO  : ToolLifecycle::thirtyRealEngineLineToolRuns() a222b94a-60d6-4a82-be15-ec65d9860ad6-029 cancel_delta=0 commits=1 empty_golden=true revisions= 56 -> 58
QINFO  : ToolLifecycle::thirtyRealEngineLineToolRuns() a222b94a-60d6-4a82-be15-ec65d9860ad6-030 cancel_delta=0 commits=1 empty_golden=true revisions= 58 -> 60
2026-09-30 23:03:58.093 qcae_c3_tool_lifecycle_tests[21022:40244575] error messaging the mach port for IMKCFRunLoopWakeUpReliable
PASS   : ToolLifecycle::thirtyRealEngineLineToolRuns()
PASS   : ToolLifecycle::cleanupTestCase()
Totals: 3 passed, 0 failed, 0 skipped, 0 blacklisted, 18443ms
********* Finished testing of ToolLifecycle *********
